Starting (cbmc, jobs=8, runs=3, timeout=120s)...
# cbmc suite
  [5] cadical/shift-add+brent-kung/comm_9 = 2.28807
  [1] cadical/shift-add+ripple/comm_9 = 2.2876
  [4] minisat/shift-add+brent-kung/comm_9 = 6.60757
  [0] minisat/shift-add+ripple/comm_9 = 6.63539
  [3] mergesat/shift-add+ripple/comm_9 = 7.50075
  [7] mergesat/shift-add+brent-kung/comm_9 = 7.48604
  [2] cryptominisat/shift-add+ripple/comm_9 = 10.262
  [6] cryptominisat/shift-add+brent-kung/comm_9 = 10.1918
  [13] cadical/dadda+ripple/comm_9 = 0.65189
  [9] cadical/shift-add+g-only/comm_9 = 2.28701
  [15] mergesat/dadda+ripple/comm_9 = 3.20163
  [8] minisat/shift-add+g-only/comm_9 = 6.61728
  [11] mergesat/shift-add+g-only/comm_9 = 7.43774
  [14] cryptominisat/dadda+ripple/comm_9 = 9.10084
  [10] cryptominisat/shift-add+g-only/comm_9 = 10.176
  [12] minisat/dadda+ripple/comm_9 = 10.2038
  [21] cadical/dadda+g-only/comm_9 = 0.586471
  [19] mergesat/dadda+brent-kung/comm_9 = T/O
  [17] cadical/dadda+brent-kung/comm_9 = T/O
  [18] cryptominisat/dadda+brent-kung/comm_9 = T/O
  [16] minisat/dadda+brent-kung/comm_9 = T/O
  [23] mergesat/dadda+g-only/comm_9 = 7.23361
  [22] cryptominisat/dadda+g-only/comm_9 = 7.90165
  [20] minisat/dadda+g-only/comm_9 = 8.98664
  [29] cadical/comba+brent-kung/comm_9 = T/O
  [31] mergesat/comba+brent-kung/comm_9 = T/O
  [30] cryptominisat/comba+brent-kung/comm_9 = T/O
  [28] minisat/comba+brent-kung/comm_9 = T/O
  [25] cadical/comba+ripple/comm_9 = 0.356538
  [27] mergesat/comba+ripple/comm_9 = 3.04783
  [24] minisat/comba+ripple/comm_9 = 8.80288
  [26] cryptominisat/comba+ripple/comm_9 = 9.50538
  [37] cadical/comba-cs+ripple/comm_9 = 0.127768
  [33] cadical/comba+g-only/comm_9 = 0.318064
  [39] mergesat/comba-cs+ripple/comm_9 = 2.85754
  [35] mergesat/comba+g-only/comm_9 = 3.76263
  [36] minisat/comba-cs+ripple/comm_9 = 6.67723
  [38] cryptominisat/comba-cs+ripple/comm_9 = 9.24699
  [34] cryptominisat/comba+g-only/comm_9 = 10.1194
  [32] minisat/comba+g-only/comm_9 = 11.7075
  [45] cadical/comba-cs+g-only/comm_9 = 0.127616
  [41] cadical/comba-cs+brent-kung/comm_9 = 0.127935
  [47] mergesat/comba-cs+g-only/comm_9 = 2.85356
  [43] mergesat/comba-cs+brent-kung/comm_9 = 2.86374
  [44] minisat/comba-cs+g-only/comm_9 = 6.67382
  [40] minisat/comba-cs+brent-kung/comm_9 = 6.67228
  [42] cryptominisat/comba-cs+brent-kung/comm_9 = 9.17065
  [46] cryptominisat/comba-cs+g-only/comm_9 = 9.19367
  [49] cadical/shift-add+ripple/comm_11 = 68.8509
  [53] cadical/shift-add+brent-kung/comm_11 = 69.0199
  [54] cryptominisat/shift-add+brent-kung/comm_11 = T/O
  [48] minisat/shift-add+ripple/comm_11 = T/O
  [52] minisat/shift-add+brent-kung/comm_11 = T/O
  [50] cryptominisat/shift-add+ripple/comm_11 = T/O
  [51] mergesat/shift-add+ripple/comm_11 = T/O
  [55] mergesat/shift-add+brent-kung/comm_11 = T/O
  [61] cadical/dadda+ripple/comm_11 = 5.08588
  [63] mergesat/dadda+ripple/comm_11 = 60.7009
  [57] cadical/shift-add+g-only/comm_11 = 68.6217
  [62] cryptominisat/dadda+ripple/comm_11 = 81.547
  [58] cryptominisat/shift-add+g-only/comm_11 = T/O
  [56] minisat/shift-add+g-only/comm_11 = T/O
  [60] minisat/dadda+ripple/comm_11 = T/O
  [59] mergesat/shift-add+g-only/comm_11 = T/O
  [67] mergesat/dadda+brent-kung/comm_11 = T/O
  [64] minisat/dadda+brent-kung/comm_11 = T/O
  [69] cadical/dadda+g-only/comm_11 = 3.58528
  [66] cryptominisat/dadda+brent-kung/comm_11 = T/O
  [65] cadical/dadda+brent-kung/comm_11 = T/O
  [71] mergesat/dadda+g-only/comm_11 = 22.6953
  [70] cryptominisat/dadda+g-only/comm_11 = 101.808
  [68] minisat/dadda+g-only/comm_11 = T/O
  [78] cryptominisat/comba+brent-kung/comm_11 = T/O
  [79] mergesat/comba+brent-kung/comm_11 = T/O
  [77] cadical/comba+brent-kung/comm_11 = T/O
  [76] minisat/comba+brent-kung/comm_11 = T/O
  [73] cadical/comba+ripple/comm_11 = 3.86654
  [75] mergesat/comba+ripple/comm_11 = 31.1155
  [74] cryptominisat/comba+ripple/comm_11 = 65.3137
  [72] minisat/comba+ripple/comm_11 = T/O
  [85] cadical/comba-cs+ripple/comm_11 = 0.961212
  [81] cadical/comba+g-only/comm_11 = 1.80151
  [87] mergesat/comba-cs+ripple/comm_11 = 13.7963
  [83] mergesat/comba+g-only/comm_11 = 31.3205
  [86] cryptominisat/comba-cs+ripple/comm_11 = 62.4897
  [82] cryptominisat/comba+g-only/comm_11 = 66.6683
  [80] minisat/comba+g-only/comm_11 = T/O
  [84] minisat/comba-cs+ripple/comm_11 = T/O
  [93] cadical/comba-cs+g-only/comm_11 = 0.963899
  [89] cadical/comba-cs+brent-kung/comm_11 = 0.965181
  [95] mergesat/comba-cs+g-only/comm_11 = 14.0233
  [91] mergesat/comba-cs+brent-kung/comm_11 = 14.0699
  [90] cryptominisat/comba-cs+brent-kung/comm_11 = 62.2516
  [94] cryptominisat/comba-cs+g-only/comm_11 = 62.0012
  [88] minisat/comba-cs+brent-kung/comm_11 = T/O
  [92] minisat/comba-cs+g-only/comm_11 = T/O
  [97] cadical/shift-add+ripple/comm_13 = T/O
  [96] minisat/shift-add+ripple/comm_13 = T/O
  [100] minisat/shift-add+brent-kung/comm_13 = T/O
  [101] cadical/shift-add+brent-kung/comm_13 = T/O
  [98] cryptominisat/shift-add+ripple/comm_13 = T/O
  [102] cryptominisat/shift-add+brent-kung/comm_13 = T/O
  [99] mergesat/shift-add+ripple/comm_13 = T/O
  [103] mergesat/shift-add+brent-kung/comm_13 = T/O
  [109] cadical/dadda+ripple/comm_13 = 105.936
  [104] minisat/shift-add+g-only/comm_13 = T/O
  [108] minisat/dadda+ripple/comm_13 = T/O
  [105] cadical/shift-add+g-only/comm_13 = T/O
  [106] cryptominisat/shift-add+g-only/comm_13 = T/O
  [110] cryptominisat/dadda+ripple/comm_13 = T/O
  [107] mergesat/shift-add+g-only/comm_13 = T/O
  [111] mergesat/dadda+ripple/comm_13 = T/O
  [115] mergesat/dadda+brent-kung/comm_13 = T/O
  [112] minisat/dadda+brent-kung/comm_13 = T/O
  [113] cadical/dadda+brent-kung/comm_13 = T/O
  [114] cryptominisat/dadda+brent-kung/comm_13 = T/O
  [116] minisat/dadda+g-only/comm_13 = T/O
  [117] cadical/dadda+g-only/comm_13 = T/O
  [118] cryptominisat/dadda+g-only/comm_13 = T/O
  [119] mergesat/dadda+g-only/comm_13 = T/O
  [124] minisat/comba+brent-kung/comm_13 = T/O
  [125] cadical/comba+brent-kung/comm_13 = T/O
  [127] mergesat/comba+brent-kung/comm_13 = T/O
  [126] cryptominisat/comba+brent-kung/comm_13 = T/O
  [121] cadical/comba+ripple/comm_13 = 9.50264
  [123] mergesat/comba+ripple/comm_13 = 77.6436
  [120] minisat/comba+ripple/comm_13 = T/O
  [122] cryptominisat/comba+ripple/comm_13 = T/O
  [133] cadical/comba-cs+ripple/comm_13 = 3.39007
  [129] cadical/comba+g-only/comm_13 = 8.78837
  [135] mergesat/comba-cs+ripple/comm_13 = 16.4312
  [131] mergesat/comba+g-only/comm_13 = 65.8552
  [128] minisat/comba+g-only/comm_13 = T/O
  [132] minisat/comba-cs+ripple/comm_13 = T/O
  [130] cryptominisat/comba+g-only/comm_13 = T/O
  [134] cryptominisat/comba-cs+ripple/comm_13 = T/O
  [137] cadical/comba-cs+brent-kung/comm_13 = 3.39055
  [141] cadical/comba-cs+g-only/comm_13 = 3.39195
  [143] mergesat/comba-cs+g-only/comm_13 = 16.1881
  [139] mergesat/comba-cs+brent-kung/comm_13 = 16.3372
  [136] minisat/comba-cs+brent-kung/comm_13 = T/O
  [140] minisat/comba-cs+g-only/comm_13 = T/O
  [138] cryptominisat/comba-cs+brent-kung/comm_13 = T/O
  [142] cryptominisat/comba-cs+g-only/comm_13 = T/O
  [145] cadical/shift-add+ripple/matrix_trace = 43.2466
  [147] mergesat/shift-add+ripple/matrix_trace = 51.536
  [151] mergesat/shift-add+brent-kung/matrix_trace = 64.7316
  [144] minisat/shift-add+ripple/matrix_trace = T/O
  [149] cadical/shift-add+brent-kung/matrix_trace = T/O
  [148] minisat/shift-add+brent-kung/matrix_trace = T/O
  [146] cryptominisat/shift-add+ripple/matrix_trace = T/O
  [150] cryptominisat/shift-add+brent-kung/matrix_trace = T/O
  [157] cadical/dadda+ripple/matrix_trace = 3.42687
  [159] mergesat/dadda+ripple/matrix_trace = 12.2961
  [153] cadical/shift-add+g-only/matrix_trace = 34.4244
  [158] cryptominisat/dadda+ripple/matrix_trace = 40.3604
  [155] mergesat/shift-add+g-only/matrix_trace = 44.1178
  [156] minisat/dadda+ripple/matrix_trace = 57.8646
  [152] minisat/shift-add+g-only/matrix_trace = T/O
  [154] cryptominisat/shift-add+g-only/matrix_trace = T/O
  [165] cadical/dadda+g-only/matrix_trace = 3.16031
  [161] cadical/dadda+brent-kung/matrix_trace = 7.15807
  [167] mergesat/dadda+g-only/matrix_trace = 14.6052
  [163] mergesat/dadda+brent-kung/matrix_trace = 18.5901
  [166] cryptominisat/dadda+g-only/matrix_trace = 34.9967
  [160] minisat/dadda+brent-kung/matrix_trace = 58.7376
  [164] minisat/dadda+g-only/matrix_trace = 61.0627
  [162] cryptominisat/dadda+brent-kung/matrix_trace = T/O
  [175] mergesat/comba+brent-kung/matrix_trace = T/O
  [174] cryptominisat/comba+brent-kung/matrix_trace = T/O
  [173] cadical/comba+brent-kung/matrix_trace = T/O
  [172] minisat/comba+brent-kung/matrix_trace = T/O
  [169] cadical/comba+ripple/matrix_trace = 1.38037
  [171] mergesat/comba+ripple/matrix_trace = 4.71833
  [168] minisat/comba+ripple/matrix_trace = 5.23343
  [170] cryptominisat/comba+ripple/matrix_trace = 25.8245
  [177] cadical/comba+g-only/matrix_trace = 1.34327
  [181] cadical/comba-cs+ripple/matrix_trace = 1.78812
  [179] mergesat/comba+g-only/matrix_trace = 5.34818
  [176] minisat/comba+g-only/matrix_trace = 5.39272
  [180] minisat/comba-cs+ripple/matrix_trace = 12.1579
  [183] mergesat/comba-cs+ripple/matrix_trace = 14.0323
  [178] cryptominisat/comba+g-only/matrix_trace = 32.4822
  [182] cryptominisat/comba-cs+ripple/matrix_trace = 87.6734
  [189] cadical/comba-cs+g-only/matrix_trace = 1.92896
  [185] cadical/comba-cs+brent-kung/matrix_trace = 3.44483
  [191] mergesat/comba-cs+g-only/matrix_trace = 8.69714
  [187] mergesat/comba-cs+brent-kung/matrix_trace = 11.8204
  [188] minisat/comba-cs+g-only/matrix_trace = 17.2992
  [184] minisat/comba-cs+brent-kung/matrix_trace = 30.6367
  [190] cryptominisat/comba-cs+g-only/matrix_trace = 88.6633
  [186] cryptominisat/comba-cs+brent-kung/matrix_trace = T/O
  [199] cadical/comba+brent-kung/mac_comm = T/O
  [198] cadical/comba+ripple/mac_comm = 0.568644
  [197] cadical/dadda+g-only/mac_comm = 1.23535
  [195] cadical/dadda+ripple/mac_comm = 1.68745
  [196] cadical/dadda+brent-kung/mac_comm = 2.32365
  [192] cadical/shift-add+ripple/mac_comm = 11.8302
  [194] cadical/shift-add+g-only/mac_comm = 15.9347
  [193] cadical/shift-add+brent-kung/mac_comm = 40.5757
  [205] cadical/dadda+ripple/overflow_16 = 0.258501
  [200] cadical/comba+g-only/mac_comm = 0.648039
  [204] cadical/shift-add+ripple/overflow_16 = 0.733862
  [206] cadical/comba-cs+ripple/overflow_16 = 0.735255
  [201] cadical/comba-cs+ripple/mac_comm = 3.09781
  [203] cadical/comba-cs+g-only/mac_comm = 4.27329
  [202] cadical/comba-cs+brent-kung/mac_comm = 5.10354
  [207] cadical/shift-add+ripple/murmurhash3_fmix = 10.001
  [209] cadical/shift-add+ripple/keyed_hash = 1.33822
  [210] cadical/comba-cs+ripple/keyed_hash = 6.48669
  [208] cadical/comba-cs+ripple/murmurhash3_fmix = 7.2252
  [214] cadical/comba-cs+ripple/div_by_const = 9.67801
  [213] cadical/shift-add+ripple/div_by_const = 9.70566
  [212] cadical/comba-cs+ripple/fir_tap = T/O
  [211] cadical/shift-add+ripple/fir_tap = T/O
All 215 jobs complete.
