Starting (cbmc, jobs=8, runs=3, timeout=120s)...
# cbmc suite
  [4] minisat/shift-add+brent-kung/comm_9 = 0.000220631
  [5] cadical/shift-add+brent-kung/comm_9 = 0.000254743
  [1] cadical/shift-add+ripple/comm_9 = 0.000270739
  [0] minisat/shift-add+ripple/comm_9 = 0.000222989
  [7] mergesat/shift-add+brent-kung/comm_9 = 7.45471
  [3] mergesat/shift-add+ripple/comm_9 = 7.49944
  [2] cryptominisat/shift-add+ripple/comm_9 = 10.1811
  [6] cryptominisat/shift-add+brent-kung/comm_9 = 10.2034
  [8] minisat/shift-add+g-only/comm_9 = 0.000223866
  [9] cadical/shift-add+g-only/comm_9 = 0.000220348
  [13] cadical/dadda+ripple/comm_9 = 0.000219428
  [12] minisat/dadda+ripple/comm_9 = 0.000212786
  [15] mergesat/dadda+ripple/comm_9 = 3.19987
  [11] mergesat/shift-add+g-only/comm_9 = 7.46868
  [14] cryptominisat/dadda+ripple/comm_9 = 9.13106
  [10] cryptominisat/shift-add+g-only/comm_9 = 10.1153
  [20] minisat/dadda+g-only/comm_9 = 0.000222498
  [21] cadical/dadda+g-only/comm_9 = 0.000225255
  [18] cryptominisat/dadda+brent-kung/comm_9 = T/O
  [16] minisat/dadda+brent-kung/comm_9 = T/O
  [17] cadical/dadda+brent-kung/comm_9 = T/O
  [19] mergesat/dadda+brent-kung/comm_9 = T/O
  [23] mergesat/dadda+g-only/comm_9 = 7.27523
  [22] cryptominisat/dadda+g-only/comm_9 = 7.95722
  [31] mergesat/comba+brent-kung/comm_9 = T/O
  [29] cadical/comba+brent-kung/comm_9 = T/O
  [24] minisat/comba+ripple/comm_9 = 0.000220789
  [28] minisat/comba+brent-kung/comm_9 = T/O
  [25] cadical/comba+ripple/comm_9 = 0.000237549
  [30] cryptominisat/comba+brent-kung/comm_9 = T/O
  [27] mergesat/comba+ripple/comm_9 = 3.06282
  [26] cryptominisat/comba+ripple/comm_9 = 9.58049
  [33] cadical/comba+g-only/comm_9 = 0.000230042
  [37] cadical/comba-cs+ripple/comm_9 = 0.000249105
  [32] minisat/comba+g-only/comm_9 = 0.000223026
  [36] minisat/comba-cs+ripple/comm_9 = 0.000217686
  [39] mergesat/comba-cs+ripple/comm_9 = 2.85987
  [35] mergesat/comba+g-only/comm_9 = 3.7812
  [38] cryptominisat/comba-cs+ripple/comm_9 = 9.17608
  [34] cryptominisat/comba+g-only/comm_9 = 10.1085
  [41] cadical/comba-cs+brent-kung/comm_9 = 0.00022561
  [45] cadical/comba-cs+g-only/comm_9 = 0.000217445
  [44] minisat/comba-cs+g-only/comm_9 = 0.000341826
  [40] minisat/comba-cs+brent-kung/comm_9 = 0.000237292
  [47] mergesat/comba-cs+g-only/comm_9 = 2.85132
  [43] mergesat/comba-cs+brent-kung/comm_9 = 2.85268
  [42] cryptominisat/comba-cs+brent-kung/comm_9 = 9.19433
  [46] cryptominisat/comba-cs+g-only/comm_9 = 9.20212
  [48] minisat/shift-add+ripple/comm_11 = 0.000224968
  [53] cadical/shift-add+brent-kung/comm_11 = 0.00021845
  [52] minisat/shift-add+brent-kung/comm_11 = 0.000218001
  [49] cadical/shift-add+ripple/comm_11 = 0.000219187
  [50] cryptominisat/shift-add+ripple/comm_11 = T/O
  [54] cryptominisat/shift-add+brent-kung/comm_11 = T/O
  [51] mergesat/shift-add+ripple/comm_11 = T/O
  [55] mergesat/shift-add+brent-kung/comm_11 = T/O
  [61] cadical/dadda+ripple/comm_11 = 0.000222739
  [60] minisat/dadda+ripple/comm_11 = 0.000217847
  [56] minisat/shift-add+g-only/comm_11 = 0.00022405
  [57] cadical/shift-add+g-only/comm_11 = 0.000220189
  [63] mergesat/dadda+ripple/comm_11 = 59.2311
  [62] cryptominisat/dadda+ripple/comm_11 = 80.8281
  [58] cryptominisat/shift-add+g-only/comm_11 = 119.027
  [59] mergesat/shift-add+g-only/comm_11 = T/O
  [69] cadical/dadda+g-only/comm_11 = 0.000248192
  [68] minisat/dadda+g-only/comm_11 = 0.000252964
  [67] mergesat/dadda+brent-kung/comm_11 = T/O
  [65] cadical/dadda+brent-kung/comm_11 = T/O
  [66] cryptominisat/dadda+brent-kung/comm_11 = T/O
  [64] minisat/dadda+brent-kung/comm_11 = T/O
  [71] mergesat/dadda+g-only/comm_11 = 22.6973
  [70] cryptominisat/dadda+g-only/comm_11 = 101.93
  [77] cadical/comba+brent-kung/comm_11 = T/O
  [76] minisat/comba+brent-kung/comm_11 = T/O
  [79] mergesat/comba+brent-kung/comm_11 = T/O
  [78] cryptominisat/comba+brent-kung/comm_11 = T/O
  [73] cadical/comba+ripple/comm_11 = 0.00023911
  [72] minisat/comba+ripple/comm_11 = 0.000237417
  [75] mergesat/comba+ripple/comm_11 = 30.7016
  [74] cryptominisat/comba+ripple/comm_11 = 66.7971
  [84] minisat/comba-cs+ripple/comm_11 = 0.00021442
  [80] minisat/comba+g-only/comm_11 = 0.000241589
  [85] cadical/comba-cs+ripple/comm_11 = 0.000229838
  [81] cadical/comba+g-only/comm_11 = 0.000235935
  [87] mergesat/comba-cs+ripple/comm_11 = 13.754
  [83] mergesat/comba+g-only/comm_11 = 31.5068
  [86] cryptominisat/comba-cs+ripple/comm_11 = 60.8324
  [82] cryptominisat/comba+g-only/comm_11 = 64.7458
  [88] minisat/comba-cs+brent-kung/comm_11 = 0.000218971
  [92] minisat/comba-cs+g-only/comm_11 = 0.00021961
  [89] cadical/comba-cs+brent-kung/comm_11 = 0.000231865
  [93] cadical/comba-cs+g-only/comm_11 = 0.000227408
  [91] mergesat/comba-cs+brent-kung/comm_11 = 13.7721
  [95] mergesat/comba-cs+g-only/comm_11 = 13.8713
  [90] cryptominisat/comba-cs+brent-kung/comm_11 = 61.9916
  [94] cryptominisat/comba-cs+g-only/comm_11 = 61.7529
  [100] minisat/shift-add+brent-kung/comm_13 = 0.000246074
  [101] cadical/shift-add+brent-kung/comm_13 = 0.000260906
  [96] minisat/shift-add+ripple/comm_13 = 0.000217914
  [97] cadical/shift-add+ripple/comm_13 = 0.000239462
  [98] cryptominisat/shift-add+ripple/comm_13 = T/O
  [102] cryptominisat/shift-add+brent-kung/comm_13 = T/O
  [99] mergesat/shift-add+ripple/comm_13 = T/O
  [103] mergesat/shift-add+brent-kung/comm_13 = T/O
  [108] minisat/dadda+ripple/comm_13 = 0.000216934
  [104] minisat/shift-add+g-only/comm_13 = 0.000257486
  [109] cadical/dadda+ripple/comm_13 = 0.000240219
  [105] cadical/shift-add+g-only/comm_13 = 0.000247657
  [106] cryptominisat/shift-add+g-only/comm_13 = T/O
  [110] cryptominisat/dadda+ripple/comm_13 = T/O
  [107] mergesat/shift-add+g-only/comm_13 = T/O
  [111] mergesat/dadda+ripple/comm_13 = T/O
  [117] cadical/dadda+g-only/comm_13 = 0.000230698
  [116] minisat/dadda+g-only/comm_13 = 0.000239349
  [113] cadical/dadda+brent-kung/comm_13 = T/O
  [114] cryptominisat/dadda+brent-kung/comm_13 = T/O
  [112] minisat/dadda+brent-kung/comm_13 = T/O
  [115] mergesat/dadda+brent-kung/comm_13 = T/O
  [118] cryptominisat/dadda+g-only/comm_13 = T/O
  [119] mergesat/dadda+g-only/comm_13 = T/O
  [127] mergesat/comba+brent-kung/comm_13 = T/O
  [126] cryptominisat/comba+brent-kung/comm_13 = T/O
  [120] minisat/comba+ripple/comm_13 = 0.00022677
  [124] minisat/comba+brent-kung/comm_13 = T/O
  [125] cadical/comba+brent-kung/comm_13 = T/O
  [121] cadical/comba+ripple/comm_13 = 0.000267234
  [123] mergesat/comba+ripple/comm_13 = 76.3794
  [122] cryptominisat/comba+ripple/comm_13 = T/O
  [132] minisat/comba-cs+ripple/comm_13 = 0.000219693
  [129] cadical/comba+g-only/comm_13 = 0.000260845
  [128] minisat/comba+g-only/comm_13 = 0.000224948
  [133] cadical/comba-cs+ripple/comm_13 = 0.000330192
  [135] mergesat/comba-cs+ripple/comm_13 = 17.0607
  [131] mergesat/comba+g-only/comm_13 = 66.8991
  [130] cryptominisat/comba+g-only/comm_13 = T/O
  [134] cryptominisat/comba-cs+ripple/comm_13 = T/O
  [137] cadical/comba-cs+brent-kung/comm_13 = 0.000253119
  [141] cadical/comba-cs+g-only/comm_13 = 0.000269934
  [136] minisat/comba-cs+brent-kung/comm_13 = 0.000240685
  [140] minisat/comba-cs+g-only/comm_13 = 0.000219277
  [139] mergesat/comba-cs+brent-kung/comm_13 = 16.697
  [143] mergesat/comba-cs+g-only/comm_13 = 16.7865
  [138] cryptominisat/comba-cs+brent-kung/comm_13 = T/O
  [142] cryptominisat/comba-cs+g-only/comm_13 = T/O
  [145] cadical/shift-add+ripple/matrix_trace = 43.6078
  [147] mergesat/shift-add+ripple/matrix_trace = 51.7786
  [151] mergesat/shift-add+brent-kung/matrix_trace = 64.529
  [144] minisat/shift-add+ripple/matrix_trace = T/O
  [148] minisat/shift-add+brent-kung/matrix_trace = T/O
  [149] cadical/shift-add+brent-kung/matrix_trace = T/O
  [146] cryptominisat/shift-add+ripple/matrix_trace = T/O
  [150] cryptominisat/shift-add+brent-kung/matrix_trace = T/O
  [157] cadical/dadda+ripple/matrix_trace = 3.45689
  [159] mergesat/dadda+ripple/matrix_trace = 12.5368
  [153] cadical/shift-add+g-only/matrix_trace = 34.809
  [158] cryptominisat/dadda+ripple/matrix_trace = 43.1803
  [155] mergesat/shift-add+g-only/matrix_trace = 44.9437
  [156] minisat/dadda+ripple/matrix_trace = 57.8942
  [152] minisat/shift-add+g-only/matrix_trace = T/O
  [154] cryptominisat/shift-add+g-only/matrix_trace = T/O
  [165] cadical/dadda+g-only/matrix_trace = 3.1823
  [161] cadical/dadda+brent-kung/matrix_trace = 7.17397
  [167] mergesat/dadda+g-only/matrix_trace = 14.8178
  [163] mergesat/dadda+brent-kung/matrix_trace = 18.7051
  [166] cryptominisat/dadda+g-only/matrix_trace = 37.6249
  [160] minisat/dadda+brent-kung/matrix_trace = 59.0263
  [164] minisat/dadda+g-only/matrix_trace = 61.1509
  [162] cryptominisat/dadda+brent-kung/matrix_trace = T/O
  [172] minisat/comba+brent-kung/matrix_trace = T/O
  [175] mergesat/comba+brent-kung/matrix_trace = T/O
  [173] cadical/comba+brent-kung/matrix_trace = T/O
  [174] cryptominisat/comba+brent-kung/matrix_trace = T/O
  [169] cadical/comba+ripple/matrix_trace = 1.38812
  [171] mergesat/comba+ripple/matrix_trace = 4.74793
  [168] minisat/comba+ripple/matrix_trace = 5.25445
  [170] cryptominisat/comba+ripple/matrix_trace = 26.1143
  [177] cadical/comba+g-only/matrix_trace = 1.36351
  [181] cadical/comba-cs+ripple/matrix_trace = 1.80529
  [176] minisat/comba+g-only/matrix_trace = 5.46038
  [179] mergesat/comba+g-only/matrix_trace = 5.52515
  [180] minisat/comba-cs+ripple/matrix_trace = 12.2235
  [183] mergesat/comba-cs+ripple/matrix_trace = 14.4977
  [178] cryptominisat/comba+g-only/matrix_trace = 31.6529
  [182] cryptominisat/comba-cs+ripple/matrix_trace = 84.3687
  [189] cadical/comba-cs+g-only/matrix_trace = 1.95023
  [185] cadical/comba-cs+brent-kung/matrix_trace = 3.47551
  [191] mergesat/comba-cs+g-only/matrix_trace = 8.78045
  [187] mergesat/comba-cs+brent-kung/matrix_trace = 11.8753
  [188] minisat/comba-cs+g-only/matrix_trace = 17.3856
  [184] minisat/comba-cs+brent-kung/matrix_trace = 30.8798
  [190] cryptominisat/comba-cs+g-only/matrix_trace = 89.8711
  [186] cryptominisat/comba-cs+brent-kung/matrix_trace = T/O
  [199] cadical/comba+brent-kung/mac_comm = T/O
  [198] cadical/comba+ripple/mac_comm = 0.571874
  [197] cadical/dadda+g-only/mac_comm = 1.24373
  [195] cadical/dadda+ripple/mac_comm = 1.70125
  [196] cadical/dadda+brent-kung/mac_comm = 2.35089
  [192] cadical/shift-add+ripple/mac_comm = 11.9059
  [194] cadical/shift-add+g-only/mac_comm = 16.0625
  [193] cadical/shift-add+brent-kung/mac_comm = 40.9215
  [205] cadical/dadda+ripple/overflow_16 = 0.260645
  [200] cadical/comba+g-only/mac_comm = 0.647603
  [204] cadical/shift-add+ripple/overflow_16 = 0.738231
  [206] cadical/comba-cs+ripple/overflow_16 = 0.737363
  [201] cadical/comba-cs+ripple/mac_comm = 3.09478
  [203] cadical/comba-cs+g-only/mac_comm = 4.25572
  [202] cadical/comba-cs+brent-kung/mac_comm = 5.09656
  [207] cadical/shift-add+ripple/murmurhash3_fmix = 10.0351
  [209] cadical/shift-add+ripple/keyed_hash = 1.34762
  [210] cadical/comba-cs+ripple/keyed_hash = 6.51822
  [208] cadical/comba-cs+ripple/murmurhash3_fmix = 7.22473
  [213] cadical/shift-add+ripple/div_by_const = 9.59701
  [214] cadical/comba-cs+ripple/div_by_const = 9.63307
  [212] cadical/comba-cs+ripple/fir_tap = T/O
  [211] cadical/shift-add+ripple/fir_tap = T/O
All 215 jobs complete.
