Starting comparison...
  [2] bitwuzla/add_chain_16 = .004629
  [6] bitwuzla/add_chain_32 = .004686
  [3] cvc5/add_chain_16 = .005628
  [7] cvc5/add_chain_32 = .005689
  [0] cbmc-cadical/add_chain_16 = .185274
  [4] cbmc-cadical/add_chain_32 = .334904
  [1] cbmc-minisat/add_chain_16 = .356867
  [5] cbmc-minisat/add_chain_32 = 3.028070
  [10] bitwuzla/add_overflow_16 = .004817
  [14] bitwuzla/add_sub_cancel_16 = .004722
  [9] cbmc-minisat/add_overflow_16 = .006050
  [8] cbmc-cadical/add_overflow_16 = .006072
  [15] cvc5/add_sub_cancel_16 = .005694
  [11] cvc5/add_overflow_16 = .006646
  [13] cbmc-minisat/add_sub_cancel_16 = .007463
  [12] cbmc-cadical/add_sub_cancel_16 = .008179
  [18] bitwuzla/assoc_8 = .004945
  [19] cvc5/assoc_8 = .005898
  [21] cbmc-minisat/barrett_red_8 = .006677
  [22] bitwuzla/barrett_red_8 = .007005
  [17] cbmc-minisat/assoc_8 = .009690
  [16] cbmc-cadical/assoc_8 = .009989
  [23] cvc5/barrett_red_8 = .008997
  [20] cbmc-cadical/barrett_red_8 = .012317
  [26] bitwuzla/bf16_mul_comm = T/O
  [30] bitwuzla/bf16_mul_comm_v2 = T/O
  [24] cbmc-cadical/bf16_mul_comm = .008904
  [27] cvc5/bf16_mul_comm = T/O
  [31] cvc5/bf16_mul_comm_v2 = T/O
  [25] cbmc-minisat/bf16_mul_comm = .039726
  [28] cbmc-cadical/bf16_mul_comm_v2 = 11.585636
  [29] cbmc-minisat/bf16_mul_comm_v2 = T/O
  [34] bitwuzla/bf16_mul_const = T/O
  [38] bitwuzla/bf16_mul_mono = T/O
  [35] cvc5/bf16_mul_const = T/O
  [39] cvc5/bf16_mul_mono = T/O
  [33] cbmc-minisat/bf16_mul_const = .022140
  [32] cbmc-cadical/bf16_mul_const = .029024
  [36] cbmc-cadical/bf16_mul_mono = 30.392988
  [37] cbmc-minisat/bf16_mul_mono = T/O
  [42] bitwuzla/checked_mul_16 = .005024
  [46] bitwuzla/comm_16 = .004788
  [47] cvc5/comm_16 = .006113
  [41] cbmc-minisat/checked_mul_16 = .008403
  [40] cbmc-cadical/checked_mul_16 = .008999
  [45] cbmc-minisat/comm_16 = .008719
  [44] cbmc-cadical/comm_16 = .009453
  [43] cvc5/checked_mul_16 = .014784
  [50] bitwuzla/comm_20 = .005401
  [54] bitwuzla/comm_32 = .004736
  [51] cvc5/comm_20 = .006170
  [55] cvc5/comm_32 = .006004
  [49] cbmc-minisat/comm_20 = .010228
  [48] cbmc-cadical/comm_20 = .011210
  [53] cbmc-minisat/comm_32 = .011620
  [52] cbmc-cadical/comm_32 = .013458
  [58] bitwuzla/comm_8 = .004903
  [59] cvc5/comm_8 = .006029
  [57] cbmc-minisat/comm_8 = .006699
  [56] cbmc-cadical/comm_8 = .006725
  [62] bitwuzla/crypto_square_mod = .017149
  [60] cbmc-cadical/crypto_square_mod = .021060
  [61] cbmc-minisat/crypto_square_mod = .039490
  [63] cvc5/crypto_square_mod = .091912
  [66] bitwuzla/distrib_16 = .005245
  [70] bitwuzla/distrib_8 = .005038
  [67] cvc5/distrib_16 = .006068
  [71] cvc5/distrib_8 = .006037
  [69] cbmc-minisat/distrib_8 = .006938
  [68] cbmc-cadical/distrib_8 = .007304
  [65] cbmc-minisat/distrib_16 = .008693
  [64] cbmc-cadical/distrib_16 = .009582
  [78] bitwuzla/equiv_unsat_8add_16 = .005021
  [79] cvc5/equiv_unsat_8add_16 = .006329
  [77] cbmc-minisat/equiv_unsat_8add_16 = .007756
  [76] cbmc-cadical/equiv_unsat_8add_16 = .008109
  [72] cbmc-cadical/div_mul_roundtrip_12 = 4.134572
  [74] bitwuzla/div_mul_roundtrip_12 = 5.243839
  [75] cvc5/div_mul_roundtrip_12 = 6.257384
  [73] cbmc-minisat/div_mul_roundtrip_12 = 10.865908
  [82] bitwuzla/factor_12 = .006158
  [80] cbmc-cadical/factor_12 = .006918
  [86] bitwuzla/factor_16 = .006635
  [84] cbmc-cadical/factor_16 = .007592
  [83] cvc5/factor_12 = .008343
  [81] cbmc-minisat/factor_12 = .008368
  [87] cvc5/factor_16 = .010047
  [85] cbmc-minisat/factor_16 = .010303
  [90] bitwuzla/factor_20 = .007576
  [88] cbmc-cadical/factor_20 = .008931
  [93] cbmc-minisat/fixedpoint_mul_16 = .008315
  [94] bitwuzla/fixedpoint_mul_16 = .008174
  [92] cbmc-cadical/fixedpoint_mul_16 = .009115
  [91] cvc5/factor_20 = .012505
  [89] cbmc-minisat/factor_20 = .013189
  [95] cvc5/fixedpoint_mul_16 = .015012
  [102] bitwuzla/float_mul_comm_v2 = .004880
  [103] cvc5/float_mul_comm_v2 = .006171
  [98] bitwuzla/float_mul_comm = .007877
  [96] cbmc-cadical/float_mul_comm = .022291
  [99] cvc5/float_mul_comm = .049180
  [97] cbmc-minisat/float_mul_comm = .052045
  [100] cbmc-cadical/float_mul_comm_v2 = T/O
  [101] cbmc-minisat/float_mul_comm_v2 = T/O
  [110] bitwuzla/half_mul_comm = .007256
  [108] cbmc-cadical/half_mul_comm = .010074
  [111] cvc5/half_mul_comm = T/O
  [109] cbmc-minisat/half_mul_comm = .023810
  [106] bitwuzla/gf256_mul_assoc = .025380
  [105] cbmc-minisat/gf256_mul_assoc = .033415
  [107] cvc5/gf256_mul_assoc = .054282
  [104] cbmc-cadical/gf256_mul_assoc = .054737
  [114] bitwuzla/half_mul_comm_v2 = .004698
  [115] cvc5/half_mul_comm_v2 = T/O
  [113] cbmc-minisat/half_mul_comm_v2 = T/O
  [117] cbmc-minisat/hw_mul_equiv_12 = T/O
  [116] cbmc-cadical/hw_mul_equiv_12 = T/O
  [112] cbmc-cadical/half_mul_comm_v2 = T/O
  [119] cvc5/hw_mul_equiv_12 = T/O
  [118] bitwuzla/hw_mul_equiv_12 = T/O
  [122] bitwuzla/mixed_arith_8 = .005051
  [121] cbmc-minisat/mixed_arith_8 = .011167
  [120] cbmc-cadical/mixed_arith_8 = .011324
  [126] bitwuzla/mul_ineq_12 = 1.383562
  [124] cbmc-cadical/mul_ineq_12 = T/O
  [127] cvc5/mul_ineq_12 = 1.862665
  [125] cbmc-minisat/mul_ineq_12 = T/O
  [123] cvc5/mixed_arith_8 = T/O
  [134] bitwuzla/overflow_detect_16 = .005021
  [133] cbmc-minisat/overflow_detect_16 = .008365
  [132] cbmc-cadical/overflow_detect_16 = .008802
  [130] bitwuzla/mul_no_overflow_16 = .010003
  [128] cbmc-cadical/mul_no_overflow_16 = .011713
  [135] cvc5/overflow_detect_16 = .014838
  [129] cbmc-minisat/mul_no_overflow_16 = .017283
  [131] cvc5/mul_no_overflow_16 = .030237
  [138] bitwuzla/strength_chain_16 = .005326
  [142] bitwuzla/strength_red_16 = .005371
  [139] cvc5/strength_chain_16 = .007793
  [143] cvc5/strength_red_16 = .007426
  [141] cbmc-minisat/strength_red_16 = .012707
  [140] cbmc-cadical/strength_red_16 = .016935
  [136] cbmc-cadical/strength_chain_16 = 1.511553
  [137] cbmc-minisat/strength_chain_16 = 3.129290
All 144 jobs complete.
