Starting comparison...
  [2] bitwuzla/add_chain_16 = .005828
  [6] bitwuzla/add_chain_32 = .005645
  [3] cvc5/add_chain_16 = .006914
  [7] cvc5/add_chain_32 = .006890
  [0] cbmc-cadical/add_chain_16 = .187066
  [4] cbmc-cadical/add_chain_32 = .336644
  [1] cbmc-minisat/add_chain_16 = .365456
  [5] cbmc-minisat/add_chain_32 = 3.117237
  [10] bitwuzla/add_overflow_16 = .004691
  [14] bitwuzla/add_sub_cancel_16 = .004719
  [9] cbmc-minisat/add_overflow_16 = .006091
  [8] cbmc-cadical/add_overflow_16 = .006191
  [11] cvc5/add_overflow_16 = .006640
  [15] cvc5/add_sub_cancel_16 = .005787
  [13] cbmc-minisat/add_sub_cancel_16 = .007424
  [12] cbmc-cadical/add_sub_cancel_16 = .008254
  [18] bitwuzla/assoc_8 = .005036
  [19] cvc5/assoc_8 = .005958
  [21] cbmc-minisat/barrett_red_8 = .006794
  [22] bitwuzla/barrett_red_8 = .006907
  [17] cbmc-minisat/assoc_8 = .009689
  [16] cbmc-cadical/assoc_8 = .009936
  [23] cvc5/barrett_red_8 = .009123
  [20] cbmc-cadical/barrett_red_8 = .012528
  [26] bitwuzla/bf16_mul_comm = T/O
  [30] bitwuzla/bf16_mul_comm_v2 = T/O
  [24] cbmc-cadical/bf16_mul_comm = .009089
  [27] cvc5/bf16_mul_comm = T/O
  [31] cvc5/bf16_mul_comm_v2 = T/O
  [25] cbmc-minisat/bf16_mul_comm = .039967
  [28] cbmc-cadical/bf16_mul_comm_v2 = 11.561788
  [29] cbmc-minisat/bf16_mul_comm_v2 = T/O
  [34] bitwuzla/bf16_mul_const = T/O
  [38] bitwuzla/bf16_mul_mono = T/O
  [35] cvc5/bf16_mul_const = T/O
  [39] cvc5/bf16_mul_mono = T/O
  [33] cbmc-minisat/bf16_mul_const = .021487
  [32] cbmc-cadical/bf16_mul_const = .028886
  [36] cbmc-cadical/bf16_mul_mono = 30.258125
  [37] cbmc-minisat/bf16_mul_mono = T/O
  [42] bitwuzla/checked_mul_16 = .004948
  [46] bitwuzla/comm_16 = .004740
  [47] cvc5/comm_16 = .005936
  [41] cbmc-minisat/checked_mul_16 = .008017
  [40] cbmc-cadical/checked_mul_16 = .008783
  [45] cbmc-minisat/comm_16 = .008605
  [44] cbmc-cadical/comm_16 = .009228
  [43] cvc5/checked_mul_16 = .014662
  [50] bitwuzla/comm_20 = .004954
  [54] bitwuzla/comm_32 = .004854
  [51] cvc5/comm_20 = .006049
  [55] cvc5/comm_32 = .005936
  [49] cbmc-minisat/comm_20 = .010068
  [48] cbmc-cadical/comm_20 = .010975
  [53] cbmc-minisat/comm_32 = .011414
  [52] cbmc-cadical/comm_32 = .013333
  [58] bitwuzla/comm_8 = .004811
  [59] cvc5/comm_8 = .006081
  [56] cbmc-cadical/comm_8 = .006699
  [57] cbmc-minisat/comm_8 = .006381
  [62] bitwuzla/crypto_square_mod = .016117
  [60] cbmc-cadical/crypto_square_mod = .021146
  [61] cbmc-minisat/crypto_square_mod = .038600
  [63] cvc5/crypto_square_mod = .092399
  [66] bitwuzla/distrib_16 = .005091
  [70] bitwuzla/distrib_8 = .005148
  [67] cvc5/distrib_16 = .006076
  [71] cvc5/distrib_8 = .006146
  [69] cbmc-minisat/distrib_8 = .006937
  [68] cbmc-cadical/distrib_8 = .007076
  [65] cbmc-minisat/distrib_16 = .008538
  [64] cbmc-cadical/distrib_16 = .009338
  [78] bitwuzla/equiv_unsat_8add_16 = .004860
  [79] cvc5/equiv_unsat_8add_16 = .006255
  [77] cbmc-minisat/equiv_unsat_8add_16 = .007842
  [76] cbmc-cadical/equiv_unsat_8add_16 = .008078
  [72] cbmc-cadical/div_mul_roundtrip_12 = 4.083940
  [74] bitwuzla/div_mul_roundtrip_12 = 5.235756
  [75] cvc5/div_mul_roundtrip_12 = 6.247046
  [73] cbmc-minisat/div_mul_roundtrip_12 = 11.007647
  [82] bitwuzla/factor_12 = .006010
  [80] cbmc-cadical/factor_12 = .006730
  [86] bitwuzla/factor_16 = .006580
  [81] cbmc-minisat/factor_12 = .007891
  [84] cbmc-cadical/factor_16 = .007400
  [83] cvc5/factor_12 = .008316
  [85] cbmc-minisat/factor_16 = .009740
  [87] cvc5/factor_16 = .009838
  [90] bitwuzla/factor_20 = .007546
  [88] cbmc-cadical/factor_20 = .008763
  [94] bitwuzla/fixedpoint_mul_16 = .007866
  [91] cvc5/factor_20 = .012120
  [89] cbmc-minisat/factor_20 = .013192
  [93] cbmc-minisat/fixedpoint_mul_16 = .013157
  [95] cvc5/fixedpoint_mul_16 = .014090
  [92] cbmc-cadical/fixedpoint_mul_16 = .024911
  [102] bitwuzla/float_mul_comm_v2 = .004780
  [103] cvc5/float_mul_comm_v2 = .006069
  [98] bitwuzla/float_mul_comm = .007699
  [96] cbmc-cadical/float_mul_comm = .021574
  [99] cvc5/float_mul_comm = .048110
  [97] cbmc-minisat/float_mul_comm = .052151
  [100] cbmc-cadical/float_mul_comm_v2 = T/O
  [101] cbmc-minisat/float_mul_comm_v2 = T/O
  [110] bitwuzla/half_mul_comm = .007241
  [108] cbmc-cadical/half_mul_comm = .010230
  [111] cvc5/half_mul_comm = T/O
  [109] cbmc-minisat/half_mul_comm = .023609
  [106] bitwuzla/gf256_mul_assoc = .025171
  [105] cbmc-minisat/gf256_mul_assoc = .033180
  [104] cbmc-cadical/gf256_mul_assoc = .055606
  [107] cvc5/gf256_mul_assoc = .055402
  [114] bitwuzla/half_mul_comm_v2 = .004605
  [115] cvc5/half_mul_comm_v2 = T/O
  [117] cbmc-minisat/hw_mul_equiv_12 = T/O
  [113] cbmc-minisat/half_mul_comm_v2 = T/O
  [116] cbmc-cadical/hw_mul_equiv_12 = T/O
  [112] cbmc-cadical/half_mul_comm_v2 = T/O
  [119] cvc5/hw_mul_equiv_12 = T/O
  [118] bitwuzla/hw_mul_equiv_12 = T/O
  [122] bitwuzla/mixed_arith_8 = .004949
  [121] cbmc-minisat/mixed_arith_8 = .010949
  [120] cbmc-cadical/mixed_arith_8 = .011119
  [125] cbmc-minisat/mul_ineq_12 = .348197
  [124] cbmc-cadical/mul_ineq_12 = .534083
  [126] bitwuzla/mul_ineq_12 = 1.386066
  [127] cvc5/mul_ineq_12 = 1.861976
  [123] cvc5/mixed_arith_8 = T/O
  [134] bitwuzla/overflow_detect_16 = .005023
  [133] cbmc-minisat/overflow_detect_16 = .008275
  [132] cbmc-cadical/overflow_detect_16 = .008925
  [130] bitwuzla/mul_no_overflow_16 = .009929
  [128] cbmc-cadical/mul_no_overflow_16 = .011645
  [135] cvc5/overflow_detect_16 = .014834
  [129] cbmc-minisat/mul_no_overflow_16 = .017201
  [131] cvc5/mul_no_overflow_16 = .030624
  [138] bitwuzla/strength_chain_16 = .005452
  [142] bitwuzla/strength_red_16 = .005080
  [139] cvc5/strength_chain_16 = .007871
  [143] cvc5/strength_red_16 = .007420
  [141] cbmc-minisat/strength_red_16 = .012569
  [140] cbmc-cadical/strength_red_16 = .016997
  [136] cbmc-cadical/strength_chain_16 = 1.489313
  [137] cbmc-minisat/strength_chain_16 = 3.181262
All 144 jobs complete.
