Starting comparison...
  [2] bitwuzla/add_chain_16 = .004947
  [6] bitwuzla/add_chain_32 = .004834
  [3] cvc5/add_chain_16 = .006062
  [7] cvc5/add_chain_32 = .005926
  [0] cbmc-cadical/add_chain_16 = .180113
  [4] cbmc-cadical/add_chain_32 = .326181
  [1] cbmc-minisat/add_chain_16 = .356874
  [5] cbmc-minisat/add_chain_32 = 3.008144
  [10] bitwuzla/add_overflow_16 = .004700
  [14] bitwuzla/add_sub_cancel_16 = .004636
  [9] cbmc-minisat/add_overflow_16 = .005839
  [8] cbmc-cadical/add_overflow_16 = .006193
  [15] cvc5/add_sub_cancel_16 = .005717
  [11] cvc5/add_overflow_16 = .006576
  [13] cbmc-minisat/add_sub_cancel_16 = .007402
  [12] cbmc-cadical/add_sub_cancel_16 = .008225
  [18] bitwuzla/assoc_8 = .005169
  [19] cvc5/assoc_8 = .005939
  [21] cbmc-minisat/barrett_red_8 = .006698
  [22] bitwuzla/barrett_red_8 = .006887
  [17] cbmc-minisat/assoc_8 = .009687
  [16] cbmc-cadical/assoc_8 = .010111
  [23] cvc5/barrett_red_8 = .009040
  [20] cbmc-cadical/barrett_red_8 = .012271
  [26] bitwuzla/bf16_mul_comm = T/O
  [30] bitwuzla/bf16_mul_comm_v2 = T/O
  [24] cbmc-cadical/bf16_mul_comm = .009096
  [27] cvc5/bf16_mul_comm = T/O
  [31] cvc5/bf16_mul_comm_v2 = T/O
  [25] cbmc-minisat/bf16_mul_comm = .039818
  [28] cbmc-cadical/bf16_mul_comm_v2 = 11.040609
  [29] cbmc-minisat/bf16_mul_comm_v2 = T/O
  [34] bitwuzla/bf16_mul_const = T/O
  [38] bitwuzla/bf16_mul_mono = T/O
  [35] cvc5/bf16_mul_const = T/O
  [39] cvc5/bf16_mul_mono = T/O
  [33] cbmc-minisat/bf16_mul_const = .021659
  [32] cbmc-cadical/bf16_mul_const = .028530
  [36] cbmc-cadical/bf16_mul_mono = 28.799158
  [37] cbmc-minisat/bf16_mul_mono = T/O
  [42] bitwuzla/checked_mul_16 = .005064
  [46] bitwuzla/comm_16 = .004886
  [47] cvc5/comm_16 = .006050
  [41] cbmc-minisat/checked_mul_16 = .008323
  [40] cbmc-cadical/checked_mul_16 = .008916
  [45] cbmc-minisat/comm_16 = .008548
  [44] cbmc-cadical/comm_16 = .009277
  [43] cvc5/checked_mul_16 = .014715
  [50] bitwuzla/comm_20 = .004954
  [54] bitwuzla/comm_32 = .004918
  [51] cvc5/comm_20 = .006402
  [55] cvc5/comm_32 = .006292
  [49] cbmc-minisat/comm_20 = .010106
  [48] cbmc-cadical/comm_20 = .011270
  [53] cbmc-minisat/comm_32 = .012183
  [52] cbmc-cadical/comm_32 = .014235
  [58] bitwuzla/comm_8 = .004816
  [59] cvc5/comm_8 = .006053
  [57] cbmc-minisat/comm_8 = .006507
  [56] cbmc-cadical/comm_8 = .006820
  [62] bitwuzla/crypto_square_mod = .016419
  [60] cbmc-cadical/crypto_square_mod = .020876
  [61] cbmc-minisat/crypto_square_mod = .039366
  [63] cvc5/crypto_square_mod = .091982
  [66] bitwuzla/distrib_16 = .005089
  [70] bitwuzla/distrib_8 = .005143
  [67] cvc5/distrib_16 = .006139
  [71] cvc5/distrib_8 = .006175
  [69] cbmc-minisat/distrib_8 = .006874
  [68] cbmc-cadical/distrib_8 = .007143
  [65] cbmc-minisat/distrib_16 = .008673
  [64] cbmc-cadical/distrib_16 = .009413
  [78] bitwuzla/equiv_unsat_8add_16 = .004946
  [79] cvc5/equiv_unsat_8add_16 = .006361
  [77] cbmc-minisat/equiv_unsat_8add_16 = .007634
  [76] cbmc-cadical/equiv_unsat_8add_16 = .008136
  [72] cbmc-cadical/div_mul_roundtrip_12 = 3.973725
  [74] bitwuzla/div_mul_roundtrip_12 = 5.247556
  [75] cvc5/div_mul_roundtrip_12 = 6.267556
  [73] cbmc-minisat/div_mul_roundtrip_12 = 10.885947
  [82] bitwuzla/factor_12 = .006023
  [80] cbmc-cadical/factor_12 = .006711
  [86] bitwuzla/factor_16 = .006372
  [81] cbmc-minisat/factor_12 = .008045
  [84] cbmc-cadical/factor_16 = .007528
  [83] cvc5/factor_12 = .008520
  [85] cbmc-minisat/factor_16 = .009566
  [87] cvc5/factor_16 = .009859
  [90] bitwuzla/factor_20 = .007456
  [94] bitwuzla/fixedpoint_mul_16 = .007841
  [88] cbmc-cadical/factor_20 = .008863
  [91] cvc5/factor_20 = .012194
  [89] cbmc-minisat/factor_20 = .012989
  [93] cbmc-minisat/fixedpoint_mul_16 = .013660
  [95] cvc5/fixedpoint_mul_16 = .014134
  [92] cbmc-cadical/fixedpoint_mul_16 = .025087
  [102] bitwuzla/float_mul_comm_v2 = .004731
  [103] cvc5/float_mul_comm_v2 = .006017
  [98] bitwuzla/float_mul_comm = .007635
  [96] cbmc-cadical/float_mul_comm = .021960
  [99] cvc5/float_mul_comm = .048814
  [97] cbmc-minisat/float_mul_comm = .051226
  [100] cbmc-cadical/float_mul_comm_v2 = T/O
  [101] cbmc-minisat/float_mul_comm_v2 = T/O
  [110] bitwuzla/half_mul_comm = .007156
  [108] cbmc-cadical/half_mul_comm = .009986
  [111] cvc5/half_mul_comm = T/O
  [109] cbmc-minisat/half_mul_comm = .023469
  [106] bitwuzla/gf256_mul_assoc = .025240
  [105] cbmc-minisat/gf256_mul_assoc = .032533
  [104] cbmc-cadical/gf256_mul_assoc = .053997
  [107] cvc5/gf256_mul_assoc = .053431
  [114] bitwuzla/half_mul_comm_v2 = .004617
  [115] cvc5/half_mul_comm_v2 = T/O
  [117] cbmc-minisat/hw_mul_equiv_12 = T/O
  [116] cbmc-cadical/hw_mul_equiv_12 = T/O
  [112] cbmc-cadical/half_mul_comm_v2 = T/O
  [113] cbmc-minisat/half_mul_comm_v2 = T/O
  [119] cvc5/hw_mul_equiv_12 = T/O
  [118] bitwuzla/hw_mul_equiv_12 = T/O
  [122] bitwuzla/mixed_arith_8 = .004847
  [121] cbmc-minisat/mixed_arith_8 = .010841
  [120] cbmc-cadical/mixed_arith_8 = .011254
  [125] cbmc-minisat/mul_ineq_12 = .343331
  [124] cbmc-cadical/mul_ineq_12 = .522224
  [126] bitwuzla/mul_ineq_12 = 1.384751
  [127] cvc5/mul_ineq_12 = 1.854797
  [123] cvc5/mixed_arith_8 = T/O
  [134] bitwuzla/overflow_detect_16 = .004952
  [133] cbmc-minisat/overflow_detect_16 = .008128
  [132] cbmc-cadical/overflow_detect_16 = .008878
  [130] bitwuzla/mul_no_overflow_16 = .009839
  [128] cbmc-cadical/mul_no_overflow_16 = .011720
  [135] cvc5/overflow_detect_16 = .014739
  [129] cbmc-minisat/mul_no_overflow_16 = .016956
  [131] cvc5/mul_no_overflow_16 = .030575
  [138] bitwuzla/strength_chain_16 = .005271
  [142] bitwuzla/strength_red_16 = .004956
  [139] cvc5/strength_chain_16 = .007881
  [143] cvc5/strength_red_16 = .007385
  [141] cbmc-minisat/strength_red_16 = .012414
  [140] cbmc-cadical/strength_red_16 = .016872
  [136] cbmc-cadical/strength_chain_16 = 1.428530
  [137] cbmc-minisat/strength_chain_16 = 3.124948
All 144 jobs complete.
