Starting (smt2, jobs=8, runs=3, timeout=120s)...
# smt2 suite
  [0] cadical/shift-add+ripple/add_chain_16 = .185850
  [2] minisat/shift-add+ripple/add_chain_16 = .363102
  [3] mergesat/shift-add+ripple/add_chain_16 = .391511
  [1] cryptominisat/shift-add+ripple/add_chain_16 = .566785
  [4] cadical/shift-add+brent-kung/add_chain_16 = .957680
  [7] mergesat/shift-add+brent-kung/add_chain_16 = 1.801830
  [6] minisat/shift-add+brent-kung/add_chain_16 = 2.679762
  [5] cryptominisat/shift-add+brent-kung/add_chain_16 = 4.942641
  [12] cadical/dadda+ripple/add_chain_16 = .185629
  [8] cadical/shift-add+g-only/add_chain_16 = .185838
  [10] minisat/shift-add+g-only/add_chain_16 = .363231
  [14] minisat/dadda+ripple/add_chain_16 = .362924
  [15] mergesat/dadda+ripple/add_chain_16 = .392010
  [11] mergesat/shift-add+g-only/add_chain_16 = .392470
  [9] cryptominisat/shift-add+g-only/add_chain_16 = .558693
  [13] cryptominisat/dadda+ripple/add_chain_16 = .559062
  [20] cadical/dadda+g-only/add_chain_16 = .185627
  [22] minisat/dadda+g-only/add_chain_16 = .363304
  [23] mergesat/dadda+g-only/add_chain_16 = .391434
  [21] cryptominisat/dadda+g-only/add_chain_16 = .561136
  [16] cadical/dadda+brent-kung/add_chain_16 = .959025
  [19] mergesat/dadda+brent-kung/add_chain_16 = 1.806088
  [18] minisat/dadda+brent-kung/add_chain_16 = 2.683260
  [17] cryptominisat/dadda+brent-kung/add_chain_16 = 4.947237
  [24] cadical/comba+ripple/add_chain_16 = .185758
  [26] minisat/comba+ripple/add_chain_16 = .363077
  [27] mergesat/comba+ripple/add_chain_16 = .391677
  [25] cryptominisat/comba+ripple/add_chain_16 = .559689
  [28] cadical/comba+brent-kung/add_chain_16 = .954761
  [31] mergesat/comba+brent-kung/add_chain_16 = 1.806105
  [30] minisat/comba+brent-kung/add_chain_16 = 2.679916
  [29] cryptominisat/comba+brent-kung/add_chain_16 = 4.948518
  [36] cadical/comba-cs+ripple/add_chain_16 = .185697
  [32] cadical/comba+g-only/add_chain_16 = .186374
  [38] minisat/comba-cs+ripple/add_chain_16 = .362317
  [34] minisat/comba+g-only/add_chain_16 = .363122
  [35] mergesat/comba+g-only/add_chain_16 = .392156
  [39] mergesat/comba-cs+ripple/add_chain_16 = .392174
  [37] cryptominisat/comba-cs+ripple/add_chain_16 = .559370
  [33] cryptominisat/comba+g-only/add_chain_16 = .560508
  [44] cadical/comba-cs+g-only/add_chain_16 = .185751
  [46] minisat/comba-cs+g-only/add_chain_16 = .362046
  [47] mergesat/comba-cs+g-only/add_chain_16 = .391528
  [45] cryptominisat/comba-cs+g-only/add_chain_16 = .559919
  [40] cadical/comba-cs+brent-kung/add_chain_16 = .958197
  [43] mergesat/comba-cs+brent-kung/add_chain_16 = 1.807505
  [42] minisat/comba-cs+brent-kung/add_chain_16 = 2.680059
  [41] cryptominisat/comba-cs+brent-kung/add_chain_16 = 4.948283
  [48] cadical/shift-add+ripple/add_chain_32 = .335155
  [51] mergesat/shift-add+ripple/add_chain_32 = .765521
  [52] cadical/shift-add+brent-kung/add_chain_32 = 1.753906
  [49] cryptominisat/shift-add+ripple/add_chain_32 = 1.907928
  [50] minisat/shift-add+ripple/add_chain_32 = 3.109598
  [55] mergesat/shift-add+brent-kung/add_chain_32 = 3.271539
  [54] minisat/shift-add+brent-kung/add_chain_32 = 10.461112
  [53] cryptominisat/shift-add+brent-kung/add_chain_32 = 11.343901
  [56] cadical/shift-add+g-only/add_chain_32 = .334886
  [60] cadical/dadda+ripple/add_chain_32 = .334774
  [59] mergesat/shift-add+g-only/add_chain_32 = .765710
  [63] mergesat/dadda+ripple/add_chain_32 = .766707
  [57] cryptominisat/shift-add+g-only/add_chain_32 = 1.905409
  [61] cryptominisat/dadda+ripple/add_chain_32 = 1.908441
  [62] minisat/dadda+ripple/add_chain_32 = 3.106073
  [58] minisat/shift-add+g-only/add_chain_32 = 3.109776
  [68] cadical/dadda+g-only/add_chain_32 = .334945
  [71] mergesat/dadda+g-only/add_chain_32 = .765496
  [64] cadical/dadda+brent-kung/add_chain_32 = 1.755080
  [69] cryptominisat/dadda+g-only/add_chain_32 = 1.906520
  [70] minisat/dadda+g-only/add_chain_32 = 3.114540
  [67] mergesat/dadda+brent-kung/add_chain_32 = 3.265296
  [66] minisat/dadda+brent-kung/add_chain_32 = 10.468082
  [65] cryptominisat/dadda+brent-kung/add_chain_32 = 11.219661
  [72] cadical/comba+ripple/add_chain_32 = .334913
  [75] mergesat/comba+ripple/add_chain_32 = .765397
  [76] cadical/comba+brent-kung/add_chain_32 = 1.753531
  [73] cryptominisat/comba+ripple/add_chain_32 = 1.911622
  [74] minisat/comba+ripple/add_chain_32 = 3.114449
  [79] mergesat/comba+brent-kung/add_chain_32 = 3.263022
  [78] minisat/comba+brent-kung/add_chain_32 = 10.465880
  [77] cryptominisat/comba+brent-kung/add_chain_32 = 11.371976
  [80] cadical/comba+g-only/add_chain_32 = .334973
  [84] cadical/comba-cs+ripple/add_chain_32 = .334751
  [83] mergesat/comba+g-only/add_chain_32 = .765303
  [87] mergesat/comba-cs+ripple/add_chain_32 = .765098
  [81] cryptominisat/comba+g-only/add_chain_32 = 1.906964
  [85] cryptominisat/comba-cs+ripple/add_chain_32 = 1.901357
  [86] minisat/comba-cs+ripple/add_chain_32 = 3.112983
  [82] minisat/comba+g-only/add_chain_32 = 3.112197
  [92] cadical/comba-cs+g-only/add_chain_32 = .335797
  [95] mergesat/comba-cs+g-only/add_chain_32 = .765606
  [88] cadical/comba-cs+brent-kung/add_chain_32 = 1.754487
  [93] cryptominisat/comba-cs+g-only/add_chain_32 = 1.908423
  [94] minisat/comba-cs+g-only/add_chain_32 = 3.116771
  [91] mergesat/comba-cs+brent-kung/add_chain_32 = 3.263362
  [90] minisat/comba-cs+brent-kung/add_chain_32 = 10.470610
  [89] cryptominisat/comba-cs+brent-kung/add_chain_32 = 11.315626
  [98] minisat/shift-add+ripple/add_overflow_16 = .006081
  [96] cadical/shift-add+ripple/add_overflow_16 = .006329
  [97] cryptominisat/shift-add+ripple/add_overflow_16 = .009313
  [99] mergesat/shift-add+ripple/add_overflow_16 = .009480
  [103] mergesat/shift-add+brent-kung/add_overflow_16 = T/O
  [101] cryptominisat/shift-add+brent-kung/add_overflow_16 = T/O
  [100] cadical/shift-add+brent-kung/add_overflow_16 = T/O
  [102] minisat/shift-add+brent-kung/add_overflow_16 = T/O
  [104] cadical/shift-add+g-only/add_overflow_16 = .006348
  [106] minisat/shift-add+g-only/add_overflow_16 = .006121
  [108] cadical/dadda+ripple/add_overflow_16 = .006126
  [110] minisat/dadda+ripple/add_overflow_16 = .006000
  [105] cryptominisat/shift-add+g-only/add_overflow_16 = .009295
  [109] cryptominisat/dadda+ripple/add_overflow_16 = .009220
  [107] mergesat/shift-add+g-only/add_overflow_16 = .009569
  [111] mergesat/dadda+ripple/add_overflow_16 = .009602
  [116] cadical/dadda+g-only/add_overflow_16 = .006241
  [118] minisat/dadda+g-only/add_overflow_16 = .006221
  [117] cryptominisat/dadda+g-only/add_overflow_16 = .009358
  [119] mergesat/dadda+g-only/add_overflow_16 = .009572
  [113] cryptominisat/dadda+brent-kung/add_overflow_16 = T/O
  [112] cadical/dadda+brent-kung/add_overflow_16 = T/O
  [115] mergesat/dadda+brent-kung/add_overflow_16 = T/O
  [114] minisat/dadda+brent-kung/add_overflow_16 = T/O
  [122] minisat/comba+ripple/add_overflow_16 = .006016
  [120] cadical/comba+ripple/add_overflow_16 = .006478
  [121] cryptominisat/comba+ripple/add_overflow_16 = .009258
  [123] mergesat/comba+ripple/add_overflow_16 = .009584
  [124] cadical/comba+brent-kung/add_overflow_16 = T/O
  [126] minisat/comba+brent-kung/add_overflow_16 = T/O
  [125] cryptominisat/comba+brent-kung/add_overflow_16 = T/O
  [127] mergesat/comba+brent-kung/add_overflow_16 = T/O
  [130] minisat/comba+g-only/add_overflow_16 = .006112
  [128] cadical/comba+g-only/add_overflow_16 = .006466
  [132] cadical/comba-cs+ripple/add_overflow_16 = .006108
  [134] minisat/comba-cs+ripple/add_overflow_16 = .006123
  [129] cryptominisat/comba+g-only/add_overflow_16 = .009269
  [133] cryptominisat/comba-cs+ripple/add_overflow_16 = .009217
  [131] mergesat/comba+g-only/add_overflow_16 = .009563
  [135] mergesat/comba-cs+ripple/add_overflow_16 = .009518
  [142] minisat/comba-cs+g-only/add_overflow_16 = .006041
  [140] cadical/comba-cs+g-only/add_overflow_16 = .006324
  [141] cryptominisat/comba-cs+g-only/add_overflow_16 = .009266
  [143] mergesat/comba-cs+g-only/add_overflow_16 = .009581
  [137] cryptominisat/comba-cs+brent-kung/add_overflow_16 = T/O
  [139] mergesat/comba-cs+brent-kung/add_overflow_16 = T/O
  [136] cadical/comba-cs+brent-kung/add_overflow_16 = T/O
  [138] minisat/comba-cs+brent-kung/add_overflow_16 = T/O
  [146] minisat/shift-add+ripple/add_sub_cancel_16 = .007605
  [144] cadical/shift-add+ripple/add_sub_cancel_16 = .008657
  [145] cryptominisat/shift-add+ripple/add_sub_cancel_16 = .008450
  [149] cryptominisat/shift-add+brent-kung/add_sub_cancel_16 = .010155
  [150] minisat/shift-add+brent-kung/add_sub_cancel_16 = .011302
  [147] mergesat/shift-add+ripple/add_sub_cancel_16 = .012536
  [148] cadical/shift-add+brent-kung/add_sub_cancel_16 = .015040
  [151] mergesat/shift-add+brent-kung/add_sub_cancel_16 = .016322
  [154] minisat/shift-add+g-only/add_sub_cancel_16 = .007463
  [158] minisat/dadda+ripple/add_sub_cancel_16 = .007469
  [152] cadical/shift-add+g-only/add_sub_cancel_16 = .008413
  [153] cryptominisat/shift-add+g-only/add_sub_cancel_16 = .008361
  [156] cadical/dadda+ripple/add_sub_cancel_16 = .008302
  [157] cryptominisat/dadda+ripple/add_sub_cancel_16 = .008346
  [155] mergesat/shift-add+g-only/add_sub_cancel_16 = .012655
  [159] mergesat/dadda+ripple/add_sub_cancel_16 = .012965
  [166] minisat/dadda+g-only/add_sub_cancel_16 = .007519
  [164] cadical/dadda+g-only/add_sub_cancel_16 = .008292
  [165] cryptominisat/dadda+g-only/add_sub_cancel_16 = .008267
  [161] cryptominisat/dadda+brent-kung/add_sub_cancel_16 = .010203
  [162] minisat/dadda+brent-kung/add_sub_cancel_16 = .011431
  [167] mergesat/dadda+g-only/add_sub_cancel_16 = .012494
  [160] cadical/dadda+brent-kung/add_sub_cancel_16 = .015080
  [163] mergesat/dadda+brent-kung/add_sub_cancel_16 = .016589
  [170] minisat/comba+ripple/add_sub_cancel_16 = .007424
  [168] cadical/comba+ripple/add_sub_cancel_16 = .008305
  [169] cryptominisat/comba+ripple/add_sub_cancel_16 = .008320
  [173] cryptominisat/comba+brent-kung/add_sub_cancel_16 = .010164
  [174] minisat/comba+brent-kung/add_sub_cancel_16 = .011318
  [171] mergesat/comba+ripple/add_sub_cancel_16 = .012606
  [172] cadical/comba+brent-kung/add_sub_cancel_16 = .015307
  [175] mergesat/comba+brent-kung/add_sub_cancel_16 = .016378
  [178] minisat/comba+g-only/add_sub_cancel_16 = .007485
  [182] minisat/comba-cs+ripple/add_sub_cancel_16 = .007461
  [177] cryptominisat/comba+g-only/add_sub_cancel_16 = .008461
  [176] cadical/comba+g-only/add_sub_cancel_16 = .008374
  [181] cryptominisat/comba-cs+ripple/add_sub_cancel_16 = .008246
  [180] cadical/comba-cs+ripple/add_sub_cancel_16 = .008488
  [179] mergesat/comba+g-only/add_sub_cancel_16 = .012479
  [183] mergesat/comba-cs+ripple/add_sub_cancel_16 = .012612
  [190] minisat/comba-cs+g-only/add_sub_cancel_16 = .007408
  [188] cadical/comba-cs+g-only/add_sub_cancel_16 = .008291
  [189] cryptominisat/comba-cs+g-only/add_sub_cancel_16 = .008255
  [185] cryptominisat/comba-cs+brent-kung/add_sub_cancel_16 = .010211
  [186] minisat/comba-cs+brent-kung/add_sub_cancel_16 = .011286
  [191] mergesat/comba-cs+g-only/add_sub_cancel_16 = .012770
  [184] cadical/comba-cs+brent-kung/add_sub_cancel_16 = .015157
  [187] mergesat/comba-cs+brent-kung/add_sub_cancel_16 = .016443
  [194] minisat/shift-add+ripple/assoc_8 = .009493
  [198] minisat/shift-add+brent-kung/assoc_8 = .009326
  [192] cadical/shift-add+ripple/assoc_8 = .009849
  [196] cadical/shift-add+brent-kung/assoc_8 = .009705
  [193] cryptominisat/shift-add+ripple/assoc_8 = 89.344430
  [197] cryptominisat/shift-add+brent-kung/assoc_8 = 89.444293
  [195] mergesat/shift-add+ripple/assoc_8 = 103.954261
  [199] mergesat/shift-add+brent-kung/assoc_8 = 104.509313
  [200] cadical/shift-add+g-only/assoc_8 = .009759
  [202] minisat/shift-add+g-only/assoc_8 = .009456
  [206] minisat/dadda+ripple/assoc_8 = .009471
  [204] cadical/dadda+ripple/assoc_8 = .009658
  [201] cryptominisat/shift-add+g-only/assoc_8 = 89.422411
  [203] mergesat/shift-add+g-only/assoc_8 = 104.124155
  [205] cryptominisat/dadda+ripple/assoc_8 = T/O
  [207] mergesat/dadda+ripple/assoc_8 = T/O
  [210] minisat/dadda+brent-kung/assoc_8 = .009698
  [208] cadical/dadda+brent-kung/assoc_8 = .009971
  [214] minisat/dadda+g-only/assoc_8 = .009549
  [212] cadical/dadda+g-only/assoc_8 = .009685
  [209] cryptominisat/dadda+brent-kung/assoc_8 = T/O
  [213] cryptominisat/dadda+g-only/assoc_8 = T/O
  [215] mergesat/dadda+g-only/assoc_8 = T/O
  [211] mergesat/dadda+brent-kung/assoc_8 = T/O
  [218] minisat/comba+ripple/assoc_8 = .010739
  [216] cadical/comba+ripple/assoc_8 = .011067
  [221] cryptominisat/comba+brent-kung/assoc_8 = T/O
  [222] minisat/comba+brent-kung/assoc_8 = T/O
  [223] mergesat/comba+brent-kung/assoc_8 = T/O
  [220] cadical/comba+brent-kung/assoc_8 = T/O
  [217] cryptominisat/comba+ripple/assoc_8 = T/O
  [219] mergesat/comba+ripple/assoc_8 = T/O
  [230] minisat/comba-cs+ripple/assoc_8 = .009673
  [228] cadical/comba-cs+ripple/assoc_8 = .009826
  [224] cadical/comba+g-only/assoc_8 = .010693
  [226] minisat/comba+g-only/assoc_8 = .010459
  [229] cryptominisat/comba-cs+ripple/assoc_8 = 90.444272
  [231] mergesat/comba-cs+ripple/assoc_8 = 103.801543
  [225] cryptominisat/comba+g-only/assoc_8 = T/O
  [227] mergesat/comba+g-only/assoc_8 = T/O
  [232] cadical/comba-cs+brent-kung/assoc_8 = .009777
  [234] minisat/comba-cs+brent-kung/assoc_8 = .009513
  [238] minisat/comba-cs+g-only/assoc_8 = .009480
  [236] cadical/comba-cs+g-only/assoc_8 = .009788
  [237] cryptominisat/comba-cs+g-only/assoc_8 = 89.484163
  [233] cryptominisat/comba-cs+brent-kung/assoc_8 = 89.729234
  [235] mergesat/comba-cs+brent-kung/assoc_8 = 103.753133
  [239] mergesat/comba-cs+g-only/assoc_8 = 103.748326
  [242] minisat/shift-add+ripple/barrett_red_8 = .006686
  [246] minisat/shift-add+brent-kung/barrett_red_8 = .006904
  [241] cryptominisat/shift-add+ripple/barrett_red_8 = .007375
  [245] cryptominisat/shift-add+brent-kung/barrett_red_8 = .007341
  [243] mergesat/shift-add+ripple/barrett_red_8 = .008046
  [247] mergesat/shift-add+brent-kung/barrett_red_8 = .009060
  [240] cadical/shift-add+ripple/barrett_red_8 = .012598
  [244] cadical/shift-add+brent-kung/barrett_red_8 = .012770
  [250] minisat/shift-add+g-only/barrett_red_8 = .006631
  [254] minisat/dadda+ripple/barrett_red_8 = .006624
  [249] cryptominisat/shift-add+g-only/barrett_red_8 = .007307
  [251] mergesat/shift-add+g-only/barrett_red_8 = .007872
  [253] cryptominisat/dadda+ripple/barrett_red_8 = .007684
  [255] mergesat/dadda+ripple/barrett_red_8 = .008939
  [248] cadical/shift-add+g-only/barrett_red_8 = .012564
  [252] cadical/dadda+ripple/barrett_red_8 = .012549
  [262] minisat/dadda+g-only/barrett_red_8 = .006528
  [258] minisat/dadda+brent-kung/barrett_red_8 = .007135
  [257] cryptominisat/dadda+brent-kung/barrett_red_8 = .007723
  [261] cryptominisat/dadda+g-only/barrett_red_8 = .007712
  [259] mergesat/dadda+brent-kung/barrett_red_8 = .008495
  [263] mergesat/dadda+g-only/barrett_red_8 = .009000
  [260] cadical/dadda+g-only/barrett_red_8 = .013054
  [256] cadical/dadda+brent-kung/barrett_red_8 = .013696
  [266] minisat/comba+ripple/barrett_red_8 = .009003
  [267] mergesat/comba+ripple/barrett_red_8 = .014210
  [264] cadical/comba+ripple/barrett_red_8 = .017653
  [265] cryptominisat/comba+ripple/barrett_red_8 = .020727
  [269] cryptominisat/comba+brent-kung/barrett_red_8 = T/O
  [270] minisat/comba+brent-kung/barrett_red_8 = T/O
  [268] cadical/comba+brent-kung/barrett_red_8 = T/O
  [271] mergesat/comba+brent-kung/barrett_red_8 = T/O
  [278] minisat/comba-cs+ripple/barrett_red_8 = .007089
  [277] cryptominisat/comba-cs+ripple/barrett_red_8 = .007860
  [279] mergesat/comba-cs+ripple/barrett_red_8 = .008516
  [274] minisat/comba+g-only/barrett_red_8 = .009697
  [276] cadical/comba-cs+ripple/barrett_red_8 = .012948
  [275] mergesat/comba+g-only/barrett_red_8 = .014475
  [272] cadical/comba+g-only/barrett_red_8 = .017861
  [273] cryptominisat/comba+g-only/barrett_red_8 = .021335
  [282] minisat/comba-cs+brent-kung/barrett_red_8 = .006992
  [286] minisat/comba-cs+g-only/barrett_red_8 = .006551
  [281] cryptominisat/comba-cs+brent-kung/barrett_red_8 = .007588
  [285] cryptominisat/comba-cs+g-only/barrett_red_8 = .007330
  [287] mergesat/comba-cs+g-only/barrett_red_8 = .007948
  [283] mergesat/comba-cs+brent-kung/barrett_red_8 = .008957
  [280] cadical/comba-cs+brent-kung/barrett_red_8 = .012641
  [284] cadical/comba-cs+g-only/barrett_red_8 = .012318
  [288] cadical/shift-add+ripple/bf16_mul_comm = .008630
  [292] cadical/shift-add+brent-kung/bf16_mul_comm = .008766
  [291] mergesat/shift-add+ripple/bf16_mul_comm = .042880
  [295] mergesat/shift-add+brent-kung/bf16_mul_comm = .042496
  [290] minisat/shift-add+ripple/bf16_mul_comm = .044939
  [294] minisat/shift-add+brent-kung/bf16_mul_comm = .044836
  [289] cryptominisat/shift-add+ripple/bf16_mul_comm = .278018
  [293] cryptominisat/shift-add+brent-kung/bf16_mul_comm = .278255
  [296] cadical/shift-add+g-only/bf16_mul_comm = .008725
  [300] cadical/dadda+ripple/bf16_mul_comm = .008763
  [303] mergesat/dadda+ripple/bf16_mul_comm = .030925
  [302] minisat/dadda+ripple/bf16_mul_comm = .031477
  [299] mergesat/shift-add+g-only/bf16_mul_comm = .042878
  [301] cryptominisat/dadda+ripple/bf16_mul_comm = .044063
  [298] minisat/shift-add+g-only/bf16_mul_comm = .044999
  [297] cryptominisat/shift-add+g-only/bf16_mul_comm = .275129
  [304] cadical/dadda+brent-kung/bf16_mul_comm = .008803
  [308] cadical/dadda+g-only/bf16_mul_comm = .008765
  [307] mergesat/dadda+brent-kung/bf16_mul_comm = .031001
  [306] minisat/dadda+brent-kung/bf16_mul_comm = .031567
  [311] mergesat/dadda+g-only/bf16_mul_comm = .030949
  [310] minisat/dadda+g-only/bf16_mul_comm = .031419
  [309] cryptominisat/dadda+g-only/bf16_mul_comm = .043843
  [305] cryptominisat/dadda+brent-kung/bf16_mul_comm = .044931
  [312] cadical/comba+ripple/bf16_mul_comm = .009631
  [316] cadical/comba+brent-kung/bf16_mul_comm = .009627
  [314] minisat/comba+ripple/bf16_mul_comm = .025024
  [318] minisat/comba+brent-kung/bf16_mul_comm = .025178
  [313] cryptominisat/comba+ripple/bf16_mul_comm = .044063
  [317] cryptominisat/comba+brent-kung/bf16_mul_comm = .044416
  [315] mergesat/comba+ripple/bf16_mul_comm = .057291
  [319] mergesat/comba+brent-kung/bf16_mul_comm = .057856
  [324] cadical/comba-cs+ripple/bf16_mul_comm = .008812
  [320] cadical/comba+g-only/bf16_mul_comm = .009603
  [322] minisat/comba+g-only/bf16_mul_comm = .025131
  [327] mergesat/comba-cs+ripple/bf16_mul_comm = .031834
  [326] minisat/comba-cs+ripple/bf16_mul_comm = .039791
  [321] cryptominisat/comba+g-only/bf16_mul_comm = .043863
  [323] mergesat/comba+g-only/bf16_mul_comm = .057208
  [325] cryptominisat/comba-cs+ripple/bf16_mul_comm = .236440
  [328] cadical/comba-cs+brent-kung/bf16_mul_comm = .008868
  [332] cadical/comba-cs+g-only/bf16_mul_comm = .008799
  [331] mergesat/comba-cs+brent-kung/bf16_mul_comm = .032058
  [335] mergesat/comba-cs+g-only/bf16_mul_comm = .031972
  [330] minisat/comba-cs+brent-kung/bf16_mul_comm = .039848
  [334] minisat/comba-cs+g-only/bf16_mul_comm = .039893
  [329] cryptominisat/comba-cs+brent-kung/bf16_mul_comm = .238562
  [333] cryptominisat/comba-cs+g-only/bf16_mul_comm = .238588
  [336] cadical/shift-add+ripple/bf16_mul_comm_v2 = 23.942361
  [340] cadical/shift-add+brent-kung/bf16_mul_comm_v2 = 23.968529
  [337] cryptominisat/shift-add+ripple/bf16_mul_comm_v2 = 51.636111
  [341] cryptominisat/shift-add+brent-kung/bf16_mul_comm_v2 = 51.772796
  [343] mergesat/shift-add+brent-kung/bf16_mul_comm_v2 = 84.900533
  [339] mergesat/shift-add+ripple/bf16_mul_comm_v2 = 85.724671
  [338] minisat/shift-add+ripple/bf16_mul_comm_v2 = T/O
  [342] minisat/shift-add+brent-kung/bf16_mul_comm_v2 = T/O
  [344] cadical/shift-add+g-only/bf16_mul_comm_v2 = 23.918990
  [348] cadical/dadda+ripple/bf16_mul_comm_v2 = 29.197998
  [345] cryptominisat/shift-add+g-only/bf16_mul_comm_v2 = 52.222471
  [349] cryptominisat/dadda+ripple/bf16_mul_comm_v2 = 59.282489
  [347] mergesat/shift-add+g-only/bf16_mul_comm_v2 = 88.098210
  [350] minisat/dadda+ripple/bf16_mul_comm_v2 = 91.881619
  [351] mergesat/dadda+ripple/bf16_mul_comm_v2 = 110.992227
  [346] minisat/shift-add+g-only/bf16_mul_comm_v2 = T/O
  [356] cadical/dadda+g-only/bf16_mul_comm_v2 = 29.338279
  [352] cadical/dadda+brent-kung/bf16_mul_comm_v2 = 29.342622
  [353] cryptominisat/dadda+brent-kung/bf16_mul_comm_v2 = 59.499797
  [357] cryptominisat/dadda+g-only/bf16_mul_comm_v2 = 59.356451
  [354] minisat/dadda+brent-kung/bf16_mul_comm_v2 = 92.103911
  [358] minisat/dadda+g-only/bf16_mul_comm_v2 = 92.231213
  [355] mergesat/dadda+brent-kung/bf16_mul_comm_v2 = 109.926392
  [359] mergesat/dadda+g-only/bf16_mul_comm_v2 = 109.434808
  [360] cadical/comba+ripple/bf16_mul_comm_v2 = 10.997084
  [364] cadical/comba+brent-kung/bf16_mul_comm_v2 = 11.015127
  [361] cryptominisat/comba+ripple/bf16_mul_comm_v2 = 43.040781
  [365] cryptominisat/comba+brent-kung/bf16_mul_comm_v2 = 43.206489
  [362] minisat/comba+ripple/bf16_mul_comm_v2 = T/O
  [366] minisat/comba+brent-kung/bf16_mul_comm_v2 = T/O
  [363] mergesat/comba+ripple/bf16_mul_comm_v2 = T/O
  [367] mergesat/comba+brent-kung/bf16_mul_comm_v2 = T/O
  [368] cadical/comba+g-only/bf16_mul_comm_v2 = 11.036352
  [372] cadical/comba-cs+ripple/bf16_mul_comm_v2 = 11.603474
  [369] cryptominisat/comba+g-only/bf16_mul_comm_v2 = 43.053642
  [373] cryptominisat/comba-cs+ripple/bf16_mul_comm_v2 = 48.962247
  [375] mergesat/comba-cs+ripple/bf16_mul_comm_v2 = 119.522911
  [370] minisat/comba+g-only/bf16_mul_comm_v2 = T/O
  [374] minisat/comba-cs+ripple/bf16_mul_comm_v2 = T/O
  [371] mergesat/comba+g-only/bf16_mul_comm_v2 = T/O
  [380] cadical/comba-cs+g-only/bf16_mul_comm_v2 = 11.588743
  [376] cadical/comba-cs+brent-kung/bf16_mul_comm_v2 = 11.575502
  [377] cryptominisat/comba-cs+brent-kung/bf16_mul_comm_v2 = 49.065903
  [381] cryptominisat/comba-cs+g-only/bf16_mul_comm_v2 = 49.678373
  [379] mergesat/comba-cs+brent-kung/bf16_mul_comm_v2 = 119.214984
  [383] mergesat/comba-cs+g-only/bf16_mul_comm_v2 = T/O
  [378] minisat/comba-cs+brent-kung/bf16_mul_comm_v2 = T/O
  [382] minisat/comba-cs+g-only/bf16_mul_comm_v2 = T/O
  [386] minisat/shift-add+ripple/bf16_mul_const = .019866
  [390] minisat/shift-add+brent-kung/bf16_mul_const = .019778
  [384] cadical/shift-add+ripple/bf16_mul_const = .030247
  [388] cadical/shift-add+brent-kung/bf16_mul_const = .030244
  [387] mergesat/shift-add+ripple/bf16_mul_const = .038213
  [391] mergesat/shift-add+brent-kung/bf16_mul_const = .037860
  [385] cryptominisat/shift-add+ripple/bf16_mul_const = .048566
  [389] cryptominisat/shift-add+brent-kung/bf16_mul_const = .048663
  [394] minisat/shift-add+g-only/bf16_mul_const = .019804
  [398] minisat/dadda+ripple/bf16_mul_const = .022790
  [396] cadical/dadda+ripple/bf16_mul_const = .028199
  [392] cadical/shift-add+g-only/bf16_mul_const = .030334
  [397] cryptominisat/dadda+ripple/bf16_mul_const = .037288
  [399] mergesat/dadda+ripple/bf16_mul_const = .037630
  [395] mergesat/shift-add+g-only/bf16_mul_const = .038271
  [393] cryptominisat/shift-add+g-only/bf16_mul_const = .048514
  [402] minisat/dadda+brent-kung/bf16_mul_const = .022875
  [406] minisat/dadda+g-only/bf16_mul_const = .022806
  [400] cadical/dadda+brent-kung/bf16_mul_const = .028359
  [404] cadical/dadda+g-only/bf16_mul_const = .028334
  [401] cryptominisat/dadda+brent-kung/bf16_mul_const = .037486
  [403] mergesat/dadda+brent-kung/bf16_mul_const = .037608
  [405] cryptominisat/dadda+g-only/bf16_mul_const = .037418
  [407] mergesat/dadda+g-only/bf16_mul_const = .037615
  [410] minisat/comba+ripple/bf16_mul_const = .022281
  [414] minisat/comba+brent-kung/bf16_mul_const = .022416
  [408] cadical/comba+ripple/bf16_mul_const = .032624
  [412] cadical/comba+brent-kung/bf16_mul_const = .032348
  [409] cryptominisat/comba+ripple/bf16_mul_const = .040992
  [413] cryptominisat/comba+brent-kung/bf16_mul_const = .040978
  [411] mergesat/comba+ripple/bf16_mul_const = .088559
  [415] mergesat/comba+brent-kung/bf16_mul_const = .088871
  [422] minisat/comba-cs+ripple/bf16_mul_const = .021364
  [418] minisat/comba+g-only/bf16_mul_const = .022286
  [420] cadical/comba-cs+ripple/bf16_mul_const = .028283
  [416] cadical/comba+g-only/bf16_mul_const = .032283
  [421] cryptominisat/comba-cs+ripple/bf16_mul_const = .032710
  [417] cryptominisat/comba+g-only/bf16_mul_const = .040914
  [423] mergesat/comba-cs+ripple/bf16_mul_const = .047753
  [419] mergesat/comba+g-only/bf16_mul_const = .088222
  [426] minisat/comba-cs+brent-kung/bf16_mul_const = .021294
  [430] minisat/comba-cs+g-only/bf16_mul_const = .021220
  [424] cadical/comba-cs+brent-kung/bf16_mul_const = .028305
  [428] cadical/comba-cs+g-only/bf16_mul_const = .028371
  [425] cryptominisat/comba-cs+brent-kung/bf16_mul_const = .032754
  [429] cryptominisat/comba-cs+g-only/bf16_mul_const = .032984
  [427] mergesat/comba-cs+brent-kung/bf16_mul_const = .047903
  [431] mergesat/comba-cs+g-only/bf16_mul_const = .047754
  [436] cadical/shift-add+brent-kung/bf16_mul_mono = 30.456155
  [432] cadical/shift-add+ripple/bf16_mul_mono = 30.555134
  [433] cryptominisat/shift-add+ripple/bf16_mul_mono = 54.139491
  [437] cryptominisat/shift-add+brent-kung/bf16_mul_mono = 54.208469
  [435] mergesat/shift-add+ripple/bf16_mul_mono = 96.334745
  [439] mergesat/shift-add+brent-kung/bf16_mul_mono = 96.457338
  [434] minisat/shift-add+ripple/bf16_mul_mono = T/O
  [438] minisat/shift-add+brent-kung/bf16_mul_mono = T/O
  [440] cadical/shift-add+g-only/bf16_mul_mono = 30.553255
  [444] cadical/dadda+ripple/bf16_mul_mono = 34.024154
  [441] cryptominisat/shift-add+g-only/bf16_mul_mono = 53.818308
  [447] mergesat/dadda+ripple/bf16_mul_mono = 95.950388
  [445] cryptominisat/dadda+ripple/bf16_mul_mono = 97.221121
  [443] mergesat/shift-add+g-only/bf16_mul_mono = 97.318433
  [442] minisat/shift-add+g-only/bf16_mul_mono = T/O
  [446] minisat/dadda+ripple/bf16_mul_mono = T/O
  [452] cadical/dadda+g-only/bf16_mul_mono = 33.922949
  [448] cadical/dadda+brent-kung/bf16_mul_mono = 34.042814
  [455] mergesat/dadda+g-only/bf16_mul_mono = 97.301913
  [451] mergesat/dadda+brent-kung/bf16_mul_mono = 96.802898
  [453] cryptominisat/dadda+g-only/bf16_mul_mono = 99.874715
  [449] cryptominisat/dadda+brent-kung/bf16_mul_mono = 99.993211
  [450] minisat/dadda+brent-kung/bf16_mul_mono = T/O
  [454] minisat/dadda+g-only/bf16_mul_mono = T/O
  [456] cadical/comba+ripple/bf16_mul_mono = 28.899239
  [460] cadical/comba+brent-kung/bf16_mul_mono = 28.900097
  [461] cryptominisat/comba+brent-kung/bf16_mul_mono = 90.068805
  [457] cryptominisat/comba+ripple/bf16_mul_mono = 90.456128
  [463] mergesat/comba+brent-kung/bf16_mul_mono = 101.606621
  [459] mergesat/comba+ripple/bf16_mul_mono = 101.838179
  [458] minisat/comba+ripple/bf16_mul_mono = T/O
  [462] minisat/comba+brent-kung/bf16_mul_mono = T/O
  [464] cadical/comba+g-only/bf16_mul_mono = 28.944900
  [468] cadical/comba-cs+ripple/bf16_mul_mono = 30.197701
  [469] cryptominisat/comba-cs+ripple/bf16_mul_mono = 73.717891
  [465] cryptominisat/comba+g-only/bf16_mul_mono = 89.916716
  [467] mergesat/comba+g-only/bf16_mul_mono = 103.061572
  [471] mergesat/comba-cs+ripple/bf16_mul_mono = 113.264547
  [466] minisat/comba+g-only/bf16_mul_mono = T/O
  [470] minisat/comba-cs+ripple/bf16_mul_mono = T/O
  [476] cadical/comba-cs+g-only/bf16_mul_mono = 30.324301
  [472] cadical/comba-cs+brent-kung/bf16_mul_mono = 30.453790
  [477] cryptominisat/comba-cs+g-only/bf16_mul_mono = 74.618590
  [473] cryptominisat/comba-cs+brent-kung/bf16_mul_mono = 74.319738
  [479] mergesat/comba-cs+g-only/bf16_mul_mono = 115.451054
  [475] mergesat/comba-cs+brent-kung/bf16_mul_mono = 113.085158
  [474] minisat/comba-cs+brent-kung/bf16_mul_mono = T/O
  [478] minisat/comba-cs+g-only/bf16_mul_mono = T/O
  [482] minisat/shift-add+ripple/checked_mul_16 = .007863
  [486] minisat/shift-add+brent-kung/checked_mul_16 = .007880
  [480] cadical/shift-add+ripple/checked_mul_16 = .008630
  [484] cadical/shift-add+brent-kung/checked_mul_16 = .008502
  [487] mergesat/shift-add+brent-kung/checked_mul_16 = 9.093883
  [483] mergesat/shift-add+ripple/checked_mul_16 = 9.134646
  [485] cryptominisat/shift-add+brent-kung/checked_mul_16 = 43.456267
  [481] cryptominisat/shift-add+ripple/checked_mul_16 = 43.754438
  [490] minisat/shift-add+g-only/checked_mul_16 = .007764
  [488] cadical/shift-add+g-only/checked_mul_16 = .008769
  [494] minisat/dadda+ripple/checked_mul_16 = .007962
  [492] cadical/dadda+ripple/checked_mul_16 = .008594
  [495] mergesat/dadda+ripple/checked_mul_16 = 5.652075
  [491] mergesat/shift-add+g-only/checked_mul_16 = 9.152863
  [493] cryptominisat/dadda+ripple/checked_mul_16 = 19.513413
  [489] cryptominisat/shift-add+g-only/checked_mul_16 = 42.591495
  [498] minisat/dadda+brent-kung/checked_mul_16 = .008020
  [502] minisat/dadda+g-only/checked_mul_16 = .008075
  [496] cadical/dadda+brent-kung/checked_mul_16 = .008727
  [500] cadical/dadda+g-only/checked_mul_16 = .008452
  [503] mergesat/dadda+g-only/checked_mul_16 = 5.643616
  [499] mergesat/dadda+brent-kung/checked_mul_16 = 6.698465
  [501] cryptominisat/dadda+g-only/checked_mul_16 = 19.615211
  [497] cryptominisat/dadda+brent-kung/checked_mul_16 = 23.841172
  [506] minisat/comba+ripple/checked_mul_16 = .010709
  [504] cadical/comba+ripple/checked_mul_16 = .011848
  [511] mergesat/comba+brent-kung/checked_mul_16 = T/O
  [509] cryptominisat/comba+brent-kung/checked_mul_16 = T/O
  [510] minisat/comba+brent-kung/checked_mul_16 = T/O
  [508] cadical/comba+brent-kung/checked_mul_16 = T/O
  [507] mergesat/comba+ripple/checked_mul_16 = 11.908222
  [505] cryptominisat/comba+ripple/checked_mul_16 = 47.817798
  [518] minisat/comba-cs+ripple/checked_mul_16 = .007948
  [516] cadical/comba-cs+ripple/checked_mul_16 = .008539
  [514] minisat/comba+g-only/checked_mul_16 = .010473
  [512] cadical/comba+g-only/checked_mul_16 = .011713
  [519] mergesat/comba-cs+ripple/checked_mul_16 = 9.148391
  [515] mergesat/comba+g-only/checked_mul_16 = 11.992659
  [517] cryptominisat/comba-cs+ripple/checked_mul_16 = 43.382383
  [513] cryptominisat/comba+g-only/checked_mul_16 = 48.599192
  [522] minisat/comba-cs+brent-kung/checked_mul_16 = .007834
  [526] minisat/comba-cs+g-only/checked_mul_16 = .007841
  [520] cadical/comba-cs+brent-kung/checked_mul_16 = .008551
  [524] cadical/comba-cs+g-only/checked_mul_16 = .008634
  [523] mergesat/comba-cs+brent-kung/checked_mul_16 = 9.122044
  [527] mergesat/comba-cs+g-only/checked_mul_16 = 9.121970
  [521] cryptominisat/comba-cs+brent-kung/checked_mul_16 = 43.947214
  [525] cryptominisat/comba-cs+g-only/checked_mul_16 = 43.668538
  [530] minisat/shift-add+ripple/comm_16 = .006926
  [528] cadical/shift-add+ripple/comm_16 = .007446
  [534] minisat/shift-add+brent-kung/comm_16 = .006970
  [532] cadical/shift-add+brent-kung/comm_16 = .007348
  [529] cryptominisat/shift-add+ripple/comm_16 = T/O
  [533] cryptominisat/shift-add+brent-kung/comm_16 = T/O
  [531] mergesat/shift-add+ripple/comm_16 = T/O
  [535] mergesat/shift-add+brent-kung/comm_16 = T/O
  [536] cadical/shift-add+g-only/comm_16 = .007398
  [538] minisat/shift-add+g-only/comm_16 = .006999
  [542] minisat/dadda+ripple/comm_16 = .006952
  [540] cadical/dadda+ripple/comm_16 = .007363
  [537] cryptominisat/shift-add+g-only/comm_16 = T/O
  [541] cryptominisat/dadda+ripple/comm_16 = T/O
  [539] mergesat/shift-add+g-only/comm_16 = T/O
  [543] mergesat/dadda+ripple/comm_16 = T/O
  [546] minisat/dadda+brent-kung/comm_16 = .007168
  [550] minisat/dadda+g-only/comm_16 = .007032
  [544] cadical/dadda+brent-kung/comm_16 = .007661
  [548] cadical/dadda+g-only/comm_16 = .007481
  [545] cryptominisat/dadda+brent-kung/comm_16 = T/O
  [549] cryptominisat/dadda+g-only/comm_16 = T/O
  [547] mergesat/dadda+brent-kung/comm_16 = T/O
  [551] mergesat/dadda+g-only/comm_16 = T/O
  [554] minisat/comba+ripple/comm_16 = .008923
  [552] cadical/comba+ripple/comm_16 = .009491
  [556] cadical/comba+brent-kung/comm_16 = T/O
  [558] minisat/comba+brent-kung/comm_16 = T/O
  [559] mergesat/comba+brent-kung/comm_16 = T/O
  [557] cryptominisat/comba+brent-kung/comm_16 = T/O
  [553] cryptominisat/comba+ripple/comm_16 = T/O
  [555] mergesat/comba+ripple/comm_16 = T/O
  [562] minisat/comba+g-only/comm_16 = .008723
  [566] minisat/comba-cs+ripple/comm_16 = .008340
  [564] cadical/comba-cs+ripple/comm_16 = .009004
  [560] cadical/comba+g-only/comm_16 = .009430
  [567] mergesat/comba-cs+ripple/comm_16 = 12.510314
  [561] cryptominisat/comba+g-only/comm_16 = T/O
  [565] cryptominisat/comba-cs+ripple/comm_16 = T/O
  [563] mergesat/comba+g-only/comm_16 = T/O
  [570] minisat/comba-cs+brent-kung/comm_16 = .008454
  [568] cadical/comba-cs+brent-kung/comm_16 = .009142
  [574] minisat/comba-cs+g-only/comm_16 = .008482
  [572] cadical/comba-cs+g-only/comm_16 = .009062
  [571] mergesat/comba-cs+brent-kung/comm_16 = 12.611808
  [575] mergesat/comba-cs+g-only/comm_16 = 12.664507
  [573] cryptominisat/comba-cs+g-only/comm_16 = T/O
  [569] cryptominisat/comba-cs+brent-kung/comm_16 = T/O
  [578] minisat/shift-add+ripple/comm_20 = .007900
  [576] cadical/shift-add+ripple/comm_20 = .008583
  [582] minisat/shift-add+brent-kung/comm_20 = .007840
  [580] cadical/shift-add+brent-kung/comm_20 = .008455
  [577] cryptominisat/shift-add+ripple/comm_20 = T/O
  [581] cryptominisat/shift-add+brent-kung/comm_20 = T/O
  [579] mergesat/shift-add+ripple/comm_20 = T/O
  [583] mergesat/shift-add+brent-kung/comm_20 = T/O
  [586] minisat/shift-add+g-only/comm_20 = .007776
  [584] cadical/shift-add+g-only/comm_20 = .008560
  [590] minisat/dadda+ripple/comm_20 = .007951
  [588] cadical/dadda+ripple/comm_20 = .008578
  [585] cryptominisat/shift-add+g-only/comm_20 = T/O
  [589] cryptominisat/dadda+ripple/comm_20 = T/O
  [587] mergesat/shift-add+g-only/comm_20 = T/O
  [591] mergesat/dadda+ripple/comm_20 = T/O
  [594] minisat/dadda+brent-kung/comm_20 = .008150
  [598] minisat/dadda+g-only/comm_20 = .007962
  [592] cadical/dadda+brent-kung/comm_20 = .008853
  [596] cadical/dadda+g-only/comm_20 = .008591
  [593] cryptominisat/dadda+brent-kung/comm_20 = T/O
  [597] cryptominisat/dadda+g-only/comm_20 = T/O
  [595] mergesat/dadda+brent-kung/comm_20 = T/O
  [599] mergesat/dadda+g-only/comm_20 = T/O
  [602] minisat/comba+ripple/comm_20 = .010734
  [600] cadical/comba+ripple/comm_20 = .012208
  [606] minisat/comba+brent-kung/comm_20 = T/O
  [605] cryptominisat/comba+brent-kung/comm_20 = T/O
  [604] cadical/comba+brent-kung/comm_20 = T/O
  [607] mergesat/comba+brent-kung/comm_20 = T/O
  [601] cryptominisat/comba+ripple/comm_20 = T/O
  [603] mergesat/comba+ripple/comm_20 = T/O
  [614] minisat/comba-cs+ripple/comm_20 = .009870
  [610] minisat/comba+g-only/comm_20 = .010610
  [612] cadical/comba-cs+ripple/comm_20 = .010777
  [608] cadical/comba+g-only/comm_20 = .011977
  [615] mergesat/comba-cs+ripple/comm_20 = 46.635826
  [609] cryptominisat/comba+g-only/comm_20 = T/O
  [613] cryptominisat/comba-cs+ripple/comm_20 = T/O
  [611] mergesat/comba+g-only/comm_20 = T/O
  [618] minisat/comba-cs+brent-kung/comm_20 = .009828
  [622] minisat/comba-cs+g-only/comm_20 = .009777
  [616] cadical/comba-cs+brent-kung/comm_20 = .010941
  [620] cadical/comba-cs+g-only/comm_20 = .010844
  [619] mergesat/comba-cs+brent-kung/comm_20 = 46.953847
  [623] mergesat/comba-cs+g-only/comm_20 = 46.845981
  [617] cryptominisat/comba-cs+brent-kung/comm_20 = T/O
  [621] cryptominisat/comba-cs+g-only/comm_20 = T/O
  [626] minisat/shift-add+ripple/comm_32 = .011344
  [630] minisat/shift-add+brent-kung/comm_32 = .011379
  [624] cadical/shift-add+ripple/comm_32 = .013053
  [628] cadical/shift-add+brent-kung/comm_32 = .013110
  [629] cryptominisat/shift-add+brent-kung/comm_32 = T/O
  [625] cryptominisat/shift-add+ripple/comm_32 = T/O
  [627] mergesat/shift-add+ripple/comm_32 = T/O
  [631] mergesat/shift-add+brent-kung/comm_32 = T/O
  [634] minisat/shift-add+g-only/comm_32 = .011278
  [638] minisat/dadda+ripple/comm_32 = .011587
  [632] cadical/shift-add+g-only/comm_32 = .013131
  [636] cadical/dadda+ripple/comm_32 = .013229
  [633] cryptominisat/shift-add+g-only/comm_32 = T/O
  [637] cryptominisat/dadda+ripple/comm_32 = T/O
  [635] mergesat/shift-add+g-only/comm_32 = T/O
  [639] mergesat/dadda+ripple/comm_32 = T/O
  [642] minisat/dadda+brent-kung/comm_32 = .011908
  [646] minisat/dadda+g-only/comm_32 = .011657
  [640] cadical/dadda+brent-kung/comm_32 = .013658
  [644] cadical/dadda+g-only/comm_32 = .013273
  [641] cryptominisat/dadda+brent-kung/comm_32 = T/O
  [645] cryptominisat/dadda+g-only/comm_32 = T/O
  [643] mergesat/dadda+brent-kung/comm_32 = T/O
  [647] mergesat/dadda+g-only/comm_32 = T/O
  [650] minisat/comba+ripple/comm_32 = .018811
  [648] cadical/comba+ripple/comm_32 = .022940
  [653] cryptominisat/comba+brent-kung/comm_32 = T/O
  [654] minisat/comba+brent-kung/comm_32 = T/O
  [652] cadical/comba+brent-kung/comm_32 = T/O
  [655] mergesat/comba+brent-kung/comm_32 = T/O
  [649] cryptominisat/comba+ripple/comm_32 = T/O
  [651] mergesat/comba+ripple/comm_32 = T/O
  [662] minisat/comba-cs+ripple/comm_32 = .011498
  [660] cadical/comba-cs+ripple/comm_32 = .013231
  [658] minisat/comba+g-only/comm_32 = .018537
  [656] cadical/comba+g-only/comm_32 = .023006
  [661] cryptominisat/comba-cs+ripple/comm_32 = T/O
  [657] cryptominisat/comba+g-only/comm_32 = T/O
  [663] mergesat/comba-cs+ripple/comm_32 = T/O
  [659] mergesat/comba+g-only/comm_32 = T/O
  [666] minisat/comba-cs+brent-kung/comm_32 = .011359
  [670] minisat/comba-cs+g-only/comm_32 = .011309
  [664] cadical/comba-cs+brent-kung/comm_32 = .013067
  [668] cadical/comba-cs+g-only/comm_32 = .013015
  [665] cryptominisat/comba-cs+brent-kung/comm_32 = T/O
  [669] cryptominisat/comba-cs+g-only/comm_32 = T/O
  [667] mergesat/comba-cs+brent-kung/comm_32 = T/O
  [671] mergesat/comba-cs+g-only/comm_32 = T/O
  [672] cadical/shift-add+ripple/comm_8 = .005964
  [674] minisat/shift-add+ripple/comm_8 = .005859
  [676] cadical/shift-add+brent-kung/comm_8 = .006039
  [678] minisat/shift-add+brent-kung/comm_8 = .005835
  [677] cryptominisat/shift-add+brent-kung/comm_8 = 1.655962
  [673] cryptominisat/shift-add+ripple/comm_8 = 1.664347
  [679] mergesat/shift-add+brent-kung/comm_8 = 2.651735
  [675] mergesat/shift-add+ripple/comm_8 = 2.664565
  [682] minisat/shift-add+g-only/comm_8 = .005834
  [680] cadical/shift-add+g-only/comm_8 = .006058
  [684] cadical/dadda+ripple/comm_8 = .006065
  [686] minisat/dadda+ripple/comm_8 = .005898
  [687] mergesat/dadda+ripple/comm_8 = 1.013064
  [685] cryptominisat/dadda+ripple/comm_8 = 1.058708
  [681] cryptominisat/shift-add+g-only/comm_8 = 1.658132
  [683] mergesat/shift-add+g-only/comm_8 = 2.653455
  [690] minisat/dadda+brent-kung/comm_8 = .005935
  [688] cadical/dadda+brent-kung/comm_8 = .006101
  [692] cadical/dadda+g-only/comm_8 = .005974
  [694] minisat/dadda+g-only/comm_8 = .005831
  [691] mergesat/dadda+brent-kung/comm_8 = .695271
  [695] mergesat/dadda+g-only/comm_8 = 1.013149
  [693] cryptominisat/dadda+g-only/comm_8 = 1.054614
  [689] cryptominisat/dadda+brent-kung/comm_8 = 1.173952
  [698] minisat/comba+ripple/comm_8 = .006328
  [696] cadical/comba+ripple/comm_8 = .006546
  [699] mergesat/comba+ripple/comm_8 = .239294
  [697] cryptominisat/comba+ripple/comm_8 = .538019
  [703] mergesat/comba+brent-kung/comm_8 = T/O
  [700] cadical/comba+brent-kung/comm_8 = T/O
  [701] cryptominisat/comba+brent-kung/comm_8 = T/O
  [702] minisat/comba+brent-kung/comm_8 = T/O
  [706] minisat/comba+g-only/comm_8 = .006913
  [704] cadical/comba+g-only/comm_8 = .007228
  [710] minisat/comba-cs+ripple/comm_8 = .006472
  [708] cadical/comba-cs+ripple/comm_8 = .006905
  [707] mergesat/comba+g-only/comm_8 = .239319
  [711] mergesat/comba-cs+ripple/comm_8 = .401669
  [705] cryptominisat/comba+g-only/comm_8 = .543017
  [709] cryptominisat/comba-cs+ripple/comm_8 = 1.401775
  [714] minisat/comba-cs+brent-kung/comm_8 = .006135
  [712] cadical/comba-cs+brent-kung/comm_8 = .006422
  [718] minisat/comba-cs+g-only/comm_8 = .006241
  [716] cadical/comba-cs+g-only/comm_8 = .006356
  [715] mergesat/comba-cs+brent-kung/comm_8 = .400103
  [719] mergesat/comba-cs+g-only/comm_8 = .399748
  [717] cryptominisat/comba-cs+g-only/comm_8 = 1.416721
  [713] cryptominisat/comba-cs+brent-kung/comm_8 = 1.416669
  [720] cadical/shift-add+ripple/crypto_square_mod = .018415
  [724] cadical/shift-add+brent-kung/crypto_square_mod = .021348
  [722] minisat/shift-add+ripple/crypto_square_mod = .035254
  [725] cryptominisat/shift-add+brent-kung/crypto_square_mod = .037803
  [726] minisat/shift-add+brent-kung/crypto_square_mod = .039213
  [723] mergesat/shift-add+ripple/crypto_square_mod = .059575
  [727] mergesat/shift-add+brent-kung/crypto_square_mod = .165197
  [721] cryptominisat/shift-add+ripple/crypto_square_mod = .191183
  [728] cadical/shift-add+g-only/crypto_square_mod = .018365
  [732] cadical/dadda+ripple/crypto_square_mod = .018265
  [733] cryptominisat/dadda+ripple/crypto_square_mod = .033867
  [730] minisat/shift-add+g-only/crypto_square_mod = .035001
  [734] minisat/dadda+ripple/crypto_square_mod = .035718
  [731] mergesat/shift-add+g-only/crypto_square_mod = .060021
  [735] mergesat/dadda+ripple/crypto_square_mod = .102830
  [729] cryptominisat/shift-add+g-only/crypto_square_mod = .190619
  [740] cadical/dadda+g-only/crypto_square_mod = .018561
  [736] cadical/dadda+brent-kung/crypto_square_mod = .021883
  [741] cryptominisat/dadda+g-only/crypto_square_mod = .033928
  [742] minisat/dadda+g-only/crypto_square_mod = .035401
  [738] minisat/dadda+brent-kung/crypto_square_mod = .040603
  [739] mergesat/dadda+brent-kung/crypto_square_mod = .068099
  [743] mergesat/dadda+g-only/crypto_square_mod = .102683
  [737] cryptominisat/dadda+brent-kung/crypto_square_mod = .214343
  [744] cadical/comba+ripple/crypto_square_mod = .020675
  [746] minisat/comba+ripple/crypto_square_mod = .039765
  [745] cryptominisat/comba+ripple/crypto_square_mod = .065454
  [747] mergesat/comba+ripple/crypto_square_mod = .069370
  [751] mergesat/comba+brent-kung/crypto_square_mod = T/O
  [749] cryptominisat/comba+brent-kung/crypto_square_mod = T/O
  [748] cadical/comba+brent-kung/crypto_square_mod = T/O
  [750] minisat/comba+brent-kung/crypto_square_mod = T/O
  [756] cadical/comba-cs+ripple/crypto_square_mod = .020645
  [752] cadical/comba+g-only/crypto_square_mod = .021357
  [754] minisat/comba+g-only/crypto_square_mod = .039945
  [758] minisat/comba-cs+ripple/crypto_square_mod = .039603
  [759] mergesat/comba-cs+ripple/crypto_square_mod = .063502
  [753] cryptominisat/comba+g-only/crypto_square_mod = .066783
  [755] mergesat/comba+g-only/crypto_square_mod = .070116
  [757] cryptominisat/comba-cs+ripple/crypto_square_mod = .115060
  [764] cadical/comba-cs+g-only/crypto_square_mod = .020641
  [760] cadical/comba-cs+brent-kung/crypto_square_mod = .024711
  [766] minisat/comba-cs+g-only/crypto_square_mod = .039869
  [762] minisat/comba-cs+brent-kung/crypto_square_mod = .043265
  [767] mergesat/comba-cs+g-only/crypto_square_mod = .064205
  [763] mergesat/comba-cs+brent-kung/crypto_square_mod = .064538
  [765] cryptominisat/comba-cs+g-only/crypto_square_mod = .114095
  [761] cryptominisat/comba-cs+brent-kung/crypto_square_mod = .118929
  [770] minisat/shift-add+ripple/distrib_16 = .008479
  [774] minisat/shift-add+brent-kung/distrib_16 = .008438
  [768] cadical/shift-add+ripple/distrib_16 = .009065
  [772] cadical/shift-add+brent-kung/distrib_16 = .009105
  [773] cryptominisat/shift-add+brent-kung/distrib_16 = T/O
  [769] cryptominisat/shift-add+ripple/distrib_16 = T/O
  [771] mergesat/shift-add+ripple/distrib_16 = T/O
  [775] mergesat/shift-add+brent-kung/distrib_16 = T/O
  [778] minisat/shift-add+g-only/distrib_16 = .008229
  [776] cadical/shift-add+g-only/distrib_16 = .008963
  [782] minisat/dadda+ripple/distrib_16 = .008455
  [780] cadical/dadda+ripple/distrib_16 = .008994
  [777] cryptominisat/shift-add+g-only/distrib_16 = T/O
  [781] cryptominisat/dadda+ripple/distrib_16 = T/O
  [783] mergesat/dadda+ripple/distrib_16 = T/O
  [779] mergesat/shift-add+g-only/distrib_16 = T/O
  [786] minisat/dadda+brent-kung/distrib_16 = .008812
  [790] minisat/dadda+g-only/distrib_16 = .008512
  [788] cadical/dadda+g-only/distrib_16 = .009086
  [784] cadical/dadda+brent-kung/distrib_16 = .009457
  [785] cryptominisat/dadda+brent-kung/distrib_16 = T/O
  [789] cryptominisat/dadda+g-only/distrib_16 = T/O
  [787] mergesat/dadda+brent-kung/distrib_16 = T/O
  [791] mergesat/dadda+g-only/distrib_16 = T/O
  [794] minisat/comba+ripple/distrib_16 = .011147
  [792] cadical/comba+ripple/distrib_16 = .012216
  [799] mergesat/comba+brent-kung/distrib_16 = T/O
  [798] minisat/comba+brent-kung/distrib_16 = T/O
  [796] cadical/comba+brent-kung/distrib_16 = T/O
  [797] cryptominisat/comba+brent-kung/distrib_16 = T/O
  [793] cryptominisat/comba+ripple/distrib_16 = T/O
  [795] mergesat/comba+ripple/distrib_16 = T/O
  [806] minisat/comba-cs+ripple/distrib_16 = .008314
  [804] cadical/comba-cs+ripple/distrib_16 = .008924
  [802] minisat/comba+g-only/distrib_16 = .010840
  [800] cadical/comba+g-only/distrib_16 = .012080
  [801] cryptominisat/comba+g-only/distrib_16 = T/O
  [805] cryptominisat/comba-cs+ripple/distrib_16 = T/O
  [803] mergesat/comba+g-only/distrib_16 = T/O
  [807] mergesat/comba-cs+ripple/distrib_16 = T/O
  [810] minisat/comba-cs+brent-kung/distrib_16 = .008345
  [814] minisat/comba-cs+g-only/distrib_16 = .008365
  [808] cadical/comba-cs+brent-kung/distrib_16 = .009170
  [812] cadical/comba-cs+g-only/distrib_16 = .008928
  [809] cryptominisat/comba-cs+brent-kung/distrib_16 = T/O
  [813] cryptominisat/comba-cs+g-only/distrib_16 = T/O
  [811] mergesat/comba-cs+brent-kung/distrib_16 = T/O
  [815] mergesat/comba-cs+g-only/distrib_16 = T/O
  [816] cadical/shift-add+ripple/distrib_8 = .006738
  [818] minisat/shift-add+ripple/distrib_8 = .006649
  [820] cadical/shift-add+brent-kung/distrib_8 = .006756
  [822] minisat/shift-add+brent-kung/distrib_8 = .006556
  [817] cryptominisat/shift-add+ripple/distrib_8 = T/O
  [821] cryptominisat/shift-add+brent-kung/distrib_8 = T/O
  [819] mergesat/shift-add+ripple/distrib_8 = T/O
  [823] mergesat/shift-add+brent-kung/distrib_8 = T/O
  [826] minisat/shift-add+g-only/distrib_8 = .006651
  [824] cadical/shift-add+g-only/distrib_8 = .006926
  [830] minisat/dadda+ripple/distrib_8 = .006504
  [828] cadical/dadda+ripple/distrib_8 = .006829
  [825] cryptominisat/shift-add+g-only/distrib_8 = T/O
  [829] cryptominisat/dadda+ripple/distrib_8 = T/O
  [827] mergesat/shift-add+g-only/distrib_8 = T/O
  [831] mergesat/dadda+ripple/distrib_8 = T/O
  [834] minisat/dadda+brent-kung/distrib_8 = .006790
  [832] cadical/dadda+brent-kung/distrib_8 = .007019
  [836] cadical/dadda+g-only/distrib_8 = .006733
  [838] minisat/dadda+g-only/distrib_8 = .006585
  [833] cryptominisat/dadda+brent-kung/distrib_8 = T/O
  [837] cryptominisat/dadda+g-only/distrib_8 = T/O
  [835] mergesat/dadda+brent-kung/distrib_8 = T/O
  [839] mergesat/dadda+g-only/distrib_8 = T/O
  [842] minisat/comba+ripple/distrib_8 = .007326
  [840] cadical/comba+ripple/distrib_8 = .007621
  [847] mergesat/comba+brent-kung/distrib_8 = T/O
  [845] cryptominisat/comba+brent-kung/distrib_8 = T/O
  [846] minisat/comba+brent-kung/distrib_8 = T/O
  [844] cadical/comba+brent-kung/distrib_8 = T/O
  [841] cryptominisat/comba+ripple/distrib_8 = T/O
  [843] mergesat/comba+ripple/distrib_8 = T/O
  [852] cadical/comba-cs+ripple/distrib_8 = .006666
  [854] minisat/comba-cs+ripple/distrib_8 = .006600
  [850] minisat/comba+g-only/distrib_8 = .007273
  [848] cadical/comba+g-only/distrib_8 = .007582
  [849] cryptominisat/comba+g-only/distrib_8 = T/O
  [853] cryptominisat/comba-cs+ripple/distrib_8 = T/O
  [851] mergesat/comba+g-only/distrib_8 = T/O
  [855] mergesat/comba-cs+ripple/distrib_8 = T/O
  [858] minisat/comba-cs+brent-kung/distrib_8 = .006645
  [856] cadical/comba-cs+brent-kung/distrib_8 = .006787
  [860] cadical/comba-cs+g-only/distrib_8 = .006793
  [862] minisat/comba-cs+g-only/distrib_8 = .006571
  [857] cryptominisat/comba-cs+brent-kung/distrib_8 = T/O
  [861] cryptominisat/comba-cs+g-only/distrib_8 = T/O
  [863] mergesat/comba-cs+g-only/distrib_8 = T/O
  [859] mergesat/comba-cs+brent-kung/distrib_8 = T/O
  [864] cadical/shift-add+ripple/div_mul_roundtrip_12 = 4.058778
  [868] cadical/shift-add+brent-kung/div_mul_roundtrip_12 = 6.196647
  [865] cryptominisat/shift-add+ripple/div_mul_roundtrip_12 = 9.721185
  [867] mergesat/shift-add+ripple/div_mul_roundtrip_12 = 10.367483
  [866] minisat/shift-add+ripple/div_mul_roundtrip_12 = 12.098246
  [869] cryptominisat/shift-add+brent-kung/div_mul_roundtrip_12 = 14.055529
  [871] mergesat/shift-add+brent-kung/div_mul_roundtrip_12 = 15.212264
  [870] minisat/shift-add+brent-kung/div_mul_roundtrip_12 = 18.431059
  [872] cadical/shift-add+g-only/div_mul_roundtrip_12 = 4.056836
  [876] cadical/dadda+ripple/div_mul_roundtrip_12 = 4.288164
  [873] cryptominisat/shift-add+g-only/div_mul_roundtrip_12 = 9.702435
  [877] cryptominisat/dadda+ripple/div_mul_roundtrip_12 = 10.257536
  [875] mergesat/shift-add+g-only/div_mul_roundtrip_12 = 10.307921
  [879] mergesat/dadda+ripple/div_mul_roundtrip_12 = 12.073467
  [874] minisat/shift-add+g-only/div_mul_roundtrip_12 = 12.102443
  [878] minisat/dadda+ripple/div_mul_roundtrip_12 = 13.632920
  [884] cadical/dadda+g-only/div_mul_roundtrip_12 = 4.300713
  [880] cadical/dadda+brent-kung/div_mul_roundtrip_12 = 5.863534
  [885] cryptominisat/dadda+g-only/div_mul_roundtrip_12 = 10.338215
  [887] mergesat/dadda+g-only/div_mul_roundtrip_12 = 12.009537
  [886] minisat/dadda+g-only/div_mul_roundtrip_12 = 13.613229
  [881] cryptominisat/dadda+brent-kung/div_mul_roundtrip_12 = 14.267506
  [883] mergesat/dadda+brent-kung/div_mul_roundtrip_12 = 15.597714
  [882] minisat/dadda+brent-kung/div_mul_roundtrip_12 = 21.133317
  [894] minisat/comba+brent-kung/div_mul_roundtrip_12 = T/O
  [892] cadical/comba+brent-kung/div_mul_roundtrip_12 = T/O
  [895] mergesat/comba+brent-kung/div_mul_roundtrip_12 = T/O
  [888] cadical/comba+ripple/div_mul_roundtrip_12 = 3.915377
  [893] cryptominisat/comba+brent-kung/div_mul_roundtrip_12 = T/O
  [889] cryptominisat/comba+ripple/div_mul_roundtrip_12 = 10.087485
  [891] mergesat/comba+ripple/div_mul_roundtrip_12 = 12.017075
  [890] minisat/comba+ripple/div_mul_roundtrip_12 = 12.960972
  [896] cadical/comba+g-only/div_mul_roundtrip_12 = 3.926531
  [900] cadical/comba-cs+ripple/div_mul_roundtrip_12 = 4.115376
  [901] cryptominisat/comba-cs+ripple/div_mul_roundtrip_12 = 9.859170
  [897] cryptominisat/comba+g-only/div_mul_roundtrip_12 = 10.183848
  [902] minisat/comba-cs+ripple/div_mul_roundtrip_12 = 11.017527
  [903] mergesat/comba-cs+ripple/div_mul_roundtrip_12 = 11.341311
  [899] mergesat/comba+g-only/div_mul_roundtrip_12 = 12.081850
  [898] minisat/comba+g-only/div_mul_roundtrip_12 = 12.980011
  [908] cadical/comba-cs+g-only/div_mul_roundtrip_12 = 4.088432
  [904] cadical/comba-cs+brent-kung/div_mul_roundtrip_12 = 6.240186
  [909] cryptominisat/comba-cs+g-only/div_mul_roundtrip_12 = 9.949590
  [910] minisat/comba-cs+g-only/div_mul_roundtrip_12 = 11.021053
  [911] mergesat/comba-cs+g-only/div_mul_roundtrip_12 = 11.343193
  [905] cryptominisat/comba-cs+brent-kung/div_mul_roundtrip_12 = 13.805904
  [907] mergesat/comba-cs+brent-kung/div_mul_roundtrip_12 = 16.381962
  [906] minisat/comba-cs+brent-kung/div_mul_roundtrip_12 = 18.883910
  [914] minisat/shift-add+ripple/equiv_unsat_8add_16 = .007369
  [912] cadical/shift-add+ripple/equiv_unsat_8add_16 = .007854
  [918] minisat/shift-add+brent-kung/equiv_unsat_8add_16 = .008140
  [916] cadical/shift-add+brent-kung/equiv_unsat_8add_16 = .008595
  [915] mergesat/shift-add+ripple/equiv_unsat_8add_16 = .080580
  [919] mergesat/shift-add+brent-kung/equiv_unsat_8add_16 = .142569
  [913] cryptominisat/shift-add+ripple/equiv_unsat_8add_16 = .191012
  [917] cryptominisat/shift-add+brent-kung/equiv_unsat_8add_16 = .489249
  [922] minisat/shift-add+g-only/equiv_unsat_8add_16 = .007450
  [926] minisat/dadda+ripple/equiv_unsat_8add_16 = .007437
  [920] cadical/shift-add+g-only/equiv_unsat_8add_16 = .007983
  [924] cadical/dadda+ripple/equiv_unsat_8add_16 = .007889
  [923] mergesat/shift-add+g-only/equiv_unsat_8add_16 = .080945
  [927] mergesat/dadda+ripple/equiv_unsat_8add_16 = .080521
  [921] cryptominisat/shift-add+g-only/equiv_unsat_8add_16 = .190691
  [925] cryptominisat/dadda+ripple/equiv_unsat_8add_16 = .190534
  [934] minisat/dadda+g-only/equiv_unsat_8add_16 = .007360
  [932] cadical/dadda+g-only/equiv_unsat_8add_16 = .007868
  [930] minisat/dadda+brent-kung/equiv_unsat_8add_16 = .008289
  [928] cadical/dadda+brent-kung/equiv_unsat_8add_16 = .008690
  [935] mergesat/dadda+g-only/equiv_unsat_8add_16 = .080640
  [931] mergesat/dadda+brent-kung/equiv_unsat_8add_16 = .142778
  [933] cryptominisat/dadda+g-only/equiv_unsat_8add_16 = .190865
  [929] cryptominisat/dadda+brent-kung/equiv_unsat_8add_16 = .487908
  [938] minisat/comba+ripple/equiv_unsat_8add_16 = .007318
  [936] cadical/comba+ripple/equiv_unsat_8add_16 = .007894
  [942] minisat/comba+brent-kung/equiv_unsat_8add_16 = .008108
  [940] cadical/comba+brent-kung/equiv_unsat_8add_16 = .008589
  [939] mergesat/comba+ripple/equiv_unsat_8add_16 = .080464
  [943] mergesat/comba+brent-kung/equiv_unsat_8add_16 = .142558
  [937] cryptominisat/comba+ripple/equiv_unsat_8add_16 = .190643
  [941] cryptominisat/comba+brent-kung/equiv_unsat_8add_16 = .488610
  [946] minisat/comba+g-only/equiv_unsat_8add_16 = .007464
  [944] cadical/comba+g-only/equiv_unsat_8add_16 = .007974
  [950] minisat/comba-cs+ripple/equiv_unsat_8add_16 = .007402
  [948] cadical/comba-cs+ripple/equiv_unsat_8add_16 = .007882
  [947] mergesat/comba+g-only/equiv_unsat_8add_16 = .080608
  [951] mergesat/comba-cs+ripple/equiv_unsat_8add_16 = .080622
  [945] cryptominisat/comba+g-only/equiv_unsat_8add_16 = .190735
  [949] cryptominisat/comba-cs+ripple/equiv_unsat_8add_16 = .190713
  [958] minisat/comba-cs+g-only/equiv_unsat_8add_16 = .007341
  [956] cadical/comba-cs+g-only/equiv_unsat_8add_16 = .007907
  [954] minisat/comba-cs+brent-kung/equiv_unsat_8add_16 = .008182
  [952] cadical/comba-cs+brent-kung/equiv_unsat_8add_16 = .008702
  [959] mergesat/comba-cs+g-only/equiv_unsat_8add_16 = .080623
  [955] mergesat/comba-cs+brent-kung/equiv_unsat_8add_16 = .142575
  [957] cryptominisat/comba-cs+g-only/equiv_unsat_8add_16 = .190503
  [953] cryptominisat/comba-cs+brent-kung/equiv_unsat_8add_16 = .490443
  [960] cadical/shift-add+ripple/factor_12 = .006203
  [964] cadical/shift-add+brent-kung/factor_12 = .006150
  [961] cryptominisat/shift-add+ripple/factor_12 = .006642
  [965] cryptominisat/shift-add+brent-kung/factor_12 = .006687
  [962] minisat/shift-add+ripple/factor_12 = .007082
  [966] minisat/shift-add+brent-kung/factor_12 = .007016
  [963] mergesat/shift-add+ripple/factor_12 = .011561
  [967] mergesat/shift-add+brent-kung/factor_12 = .011582
  [968] cadical/shift-add+g-only/factor_12 = .006249
  [972] cadical/dadda+ripple/factor_12 = .006091
  [969] cryptominisat/shift-add+g-only/factor_12 = .006603
  [970] minisat/shift-add+g-only/factor_12 = .007084
  [973] cryptominisat/dadda+ripple/factor_12 = .006903
  [974] minisat/dadda+ripple/factor_12 = .007272
  [975] mergesat/dadda+ripple/factor_12 = .010022
  [971] mergesat/shift-add+g-only/factor_12 = .011842
  [976] cadical/dadda+brent-kung/factor_12 = .006318
  [980] cadical/dadda+g-only/factor_12 = .006159
  [977] cryptominisat/dadda+brent-kung/factor_12 = .006985
  [981] cryptominisat/dadda+g-only/factor_12 = .006789
  [978] minisat/dadda+brent-kung/factor_12 = .007369
  [982] minisat/dadda+g-only/factor_12 = .007094
  [979] mergesat/dadda+brent-kung/factor_12 = .009769
  [983] mergesat/dadda+g-only/factor_12 = .009782
  [984] cadical/comba+ripple/factor_12 = .006841
  [986] minisat/comba+ripple/factor_12 = .008057
  [985] cryptominisat/comba+ripple/factor_12 = .008461
  [987] mergesat/comba+ripple/factor_12 = .008900
  [988] cadical/comba+brent-kung/factor_12 = T/O
  [989] cryptominisat/comba+brent-kung/factor_12 = T/O
  [991] mergesat/comba+brent-kung/factor_12 = T/O
  [990] minisat/comba+brent-kung/factor_12 = T/O
  [992] cadical/comba+g-only/factor_12 = .007482
  [996] cadical/comba-cs+ripple/factor_12 = .007127
  [994] minisat/comba+g-only/factor_12 = .008593
  [998] minisat/comba-cs+ripple/factor_12 = .008353
  [993] cryptominisat/comba+g-only/factor_12 = .008989
  [997] cryptominisat/comba-cs+ripple/factor_12 = .008493
  [995] mergesat/comba+g-only/factor_12 = .009661
  [999] mergesat/comba-cs+ripple/factor_12 = .009868
  [1000] cadical/comba-cs+brent-kung/factor_12 = .006742
  [1004] cadical/comba-cs+g-only/factor_12 = .006639
  [1001] cryptominisat/comba-cs+brent-kung/factor_12 = .007965
  [1002] minisat/comba-cs+brent-kung/factor_12 = .008037
  [1005] cryptominisat/comba-cs+g-only/factor_12 = .007920
  [1006] minisat/comba-cs+g-only/factor_12 = .008050
  [1003] mergesat/comba-cs+brent-kung/factor_12 = .009574
  [1007] mergesat/comba-cs+g-only/factor_12 = .009575
  [1008] cadical/shift-add+ripple/factor_16 = .006859
  [1012] cadical/shift-add+brent-kung/factor_16 = .006733
  [1013] cryptominisat/shift-add+brent-kung/factor_16 = .007589
  [1009] cryptominisat/shift-add+ripple/factor_16 = .007784
  [1010] minisat/shift-add+ripple/factor_16 = .009016
  [1014] minisat/shift-add+brent-kung/factor_16 = .008900
  [1011] mergesat/shift-add+ripple/factor_16 = .017100
  [1015] mergesat/shift-add+brent-kung/factor_16 = .016989
  [1016] cadical/shift-add+g-only/factor_16 = .006698
  [1020] cadical/dadda+ripple/factor_16 = .006574
  [1017] cryptominisat/shift-add+g-only/factor_16 = .007600
  [1018] minisat/shift-add+g-only/factor_16 = .008999
  [1022] minisat/dadda+ripple/factor_16 = .008539
  [1021] cryptominisat/dadda+ripple/factor_16 = .009346
  [1023] mergesat/dadda+ripple/factor_16 = .010232
  [1019] mergesat/shift-add+g-only/factor_16 = .016994
  [1024] cadical/dadda+brent-kung/factor_16 = .006798
  [1028] cadical/dadda+g-only/factor_16 = .006690
  [1026] minisat/dadda+brent-kung/factor_16 = .008577
  [1030] minisat/dadda+g-only/factor_16 = .008480
  [1025] cryptominisat/dadda+brent-kung/factor_16 = .009460
  [1029] cryptominisat/dadda+g-only/factor_16 = .009347
  [1027] mergesat/dadda+brent-kung/factor_16 = .010151
  [1031] mergesat/dadda+g-only/factor_16 = .010354
  [1032] cadical/comba+ripple/factor_16 = .007878
  [1034] minisat/comba+ripple/factor_16 = .010535
  [1035] mergesat/comba+ripple/factor_16 = .011090
  [1033] cryptominisat/comba+ripple/factor_16 = .012134
  [1036] cadical/comba+brent-kung/factor_16 = T/O
  [1037] cryptominisat/comba+brent-kung/factor_16 = T/O
  [1038] minisat/comba+brent-kung/factor_16 = T/O
  [1039] mergesat/comba+brent-kung/factor_16 = T/O
  [1044] cadical/comba-cs+ripple/factor_16 = .008179
  [1040] cadical/comba+g-only/factor_16 = .008409
  [1046] minisat/comba-cs+ripple/factor_16 = .010111
  [1042] minisat/comba+g-only/factor_16 = .010995
  [1045] cryptominisat/comba-cs+ripple/factor_16 = .011072
  [1043] mergesat/comba+g-only/factor_16 = .011594
  [1041] cryptominisat/comba+g-only/factor_16 = .012568
  [1047] mergesat/comba-cs+ripple/factor_16 = .013621
  [1048] cadical/comba-cs+brent-kung/factor_16 = .007802
  [1052] cadical/comba-cs+g-only/factor_16 = .007477
  [1050] minisat/comba-cs+brent-kung/factor_16 = .009589
  [1054] minisat/comba-cs+g-only/factor_16 = .009632
  [1049] cryptominisat/comba-cs+brent-kung/factor_16 = .010726
  [1053] cryptominisat/comba-cs+g-only/factor_16 = .010729
  [1051] mergesat/comba-cs+brent-kung/factor_16 = .012755
  [1055] mergesat/comba-cs+g-only/factor_16 = .012687
  [1056] cadical/shift-add+ripple/factor_20 = .007350
  [1060] cadical/shift-add+brent-kung/factor_20 = .007233
  [1061] cryptominisat/shift-add+brent-kung/factor_20 = .008280
  [1057] cryptominisat/shift-add+ripple/factor_20 = .008498
  [1058] minisat/shift-add+ripple/factor_20 = .009216
  [1062] minisat/shift-add+brent-kung/factor_20 = .009178
  [1059] mergesat/shift-add+ripple/factor_20 = .010445
  [1063] mergesat/shift-add+brent-kung/factor_20 = .010352
  [1064] cadical/shift-add+g-only/factor_20 = .007357
  [1068] cadical/dadda+ripple/factor_20 = .007254
  [1065] cryptominisat/shift-add+g-only/factor_20 = .008408
  [1066] minisat/shift-add+g-only/factor_20 = .009337
  [1069] cryptominisat/dadda+ripple/factor_20 = .009824
  [1067] mergesat/shift-add+g-only/factor_20 = .010380
  [1070] minisat/dadda+ripple/factor_20 = .010257
  [1071] mergesat/dadda+ripple/factor_20 = .010610
  [1072] cadical/dadda+brent-kung/factor_20 = .007483
  [1076] cadical/dadda+g-only/factor_20 = .007263
  [1077] cryptominisat/dadda+g-only/factor_20 = .009883
  [1073] cryptominisat/dadda+brent-kung/factor_20 = .010534
  [1074] minisat/dadda+brent-kung/factor_20 = .010230
  [1078] minisat/dadda+g-only/factor_20 = .010201
  [1079] mergesat/dadda+g-only/factor_20 = .010764
  [1075] mergesat/dadda+brent-kung/factor_20 = .011353
  [1080] cadical/comba+ripple/factor_20 = .009015
  [1082] minisat/comba+ripple/factor_20 = .012359
  [1083] mergesat/comba+ripple/factor_20 = .014564
  [1081] cryptominisat/comba+ripple/factor_20 = .015559
  [1087] mergesat/comba+brent-kung/factor_20 = T/O
  [1086] minisat/comba+brent-kung/factor_20 = T/O
  [1085] cryptominisat/comba+brent-kung/factor_20 = T/O
  [1084] cadical/comba+brent-kung/factor_20 = T/O
  [1088] cadical/comba+g-only/factor_20 = .009727
  [1092] cadical/comba-cs+ripple/factor_20 = .009226
  [1090] minisat/comba+g-only/factor_20 = .012920
  [1093] cryptominisat/comba-cs+ripple/factor_20 = .013177
  [1094] minisat/comba-cs+ripple/factor_20 = .013652
  [1091] mergesat/comba+g-only/factor_20 = .015121
  [1095] mergesat/comba-cs+ripple/factor_20 = .014962
  [1089] cryptominisat/comba+g-only/factor_20 = .016096
  [1096] cadical/comba-cs+brent-kung/factor_20 = .008744
  [1100] cadical/comba-cs+g-only/factor_20 = .008762
  [1097] cryptominisat/comba-cs+brent-kung/factor_20 = .013039
  [1101] cryptominisat/comba-cs+g-only/factor_20 = .012663
  [1098] minisat/comba-cs+brent-kung/factor_20 = .013059
  [1102] minisat/comba-cs+g-only/factor_20 = .012971
  [1099] mergesat/comba-cs+brent-kung/factor_20 = .014518
  [1103] mergesat/comba-cs+g-only/factor_20 = .014470
  [1105] cryptominisat/shift-add+ripple/fixedpoint_mul_16 = .012401
  [1109] cryptominisat/shift-add+brent-kung/fixedpoint_mul_16 = .012292
  [1106] minisat/shift-add+ripple/fixedpoint_mul_16 = .012958
  [1110] minisat/shift-add+brent-kung/fixedpoint_mul_16 = .012857
  [1107] mergesat/shift-add+ripple/fixedpoint_mul_16 = .014270
  [1111] mergesat/shift-add+brent-kung/fixedpoint_mul_16 = .014315
  [1104] cadical/shift-add+ripple/fixedpoint_mul_16 = .024965
  [1108] cadical/shift-add+brent-kung/fixedpoint_mul_16 = .025194
  [1113] cryptominisat/shift-add+g-only/fixedpoint_mul_16 = .012427
  [1114] minisat/shift-add+g-only/fixedpoint_mul_16 = .012910
  [1117] cryptominisat/dadda+ripple/fixedpoint_mul_16 = .013075
  [1118] minisat/dadda+ripple/fixedpoint_mul_16 = .013268
  [1115] mergesat/shift-add+g-only/fixedpoint_mul_16 = .014121
  [1119] mergesat/dadda+ripple/fixedpoint_mul_16 = .014899
  [1112] cadical/shift-add+g-only/fixedpoint_mul_16 = .025004
  [1116] cadical/dadda+ripple/fixedpoint_mul_16 = .029112
  [1125] cryptominisat/dadda+g-only/fixedpoint_mul_16 = .013034
  [1126] minisat/dadda+g-only/fixedpoint_mul_16 = .013075
  [1122] minisat/dadda+brent-kung/fixedpoint_mul_16 = .013776
  [1127] mergesat/dadda+g-only/fixedpoint_mul_16 = .014830
  [1123] mergesat/dadda+brent-kung/fixedpoint_mul_16 = .017328
  [1121] cryptominisat/dadda+brent-kung/fixedpoint_mul_16 = .020609
  [1124] cadical/dadda+g-only/fixedpoint_mul_16 = .029212
  [1120] cadical/dadda+brent-kung/fixedpoint_mul_16 = .031007
  [1130] minisat/comba+ripple/fixedpoint_mul_16 = .018311
  [1129] cryptominisat/comba+ripple/fixedpoint_mul_16 = .019970
  [1131] mergesat/comba+ripple/fixedpoint_mul_16 = .024157
  [1128] cadical/comba+ripple/fixedpoint_mul_16 = .050450
  [1135] mergesat/comba+brent-kung/fixedpoint_mul_16 = T/O
  [1134] minisat/comba+brent-kung/fixedpoint_mul_16 = T/O
  [1132] cadical/comba+brent-kung/fixedpoint_mul_16 = T/O
  [1133] cryptominisat/comba+brent-kung/fixedpoint_mul_16 = T/O
  [1141] cryptominisat/comba-cs+ripple/fixedpoint_mul_16 = .013021
  [1142] minisat/comba-cs+ripple/fixedpoint_mul_16 = .013479
  [1143] mergesat/comba-cs+ripple/fixedpoint_mul_16 = .014881
  [1138] minisat/comba+g-only/fixedpoint_mul_16 = .018668
  [1137] cryptominisat/comba+g-only/fixedpoint_mul_16 = .020339
  [1139] mergesat/comba+g-only/fixedpoint_mul_16 = .024570
  [1140] cadical/comba-cs+ripple/fixedpoint_mul_16 = .025452
  [1136] cadical/comba+g-only/fixedpoint_mul_16 = .049220
  [1145] cryptominisat/comba-cs+brent-kung/fixedpoint_mul_16 = .012255
  [1149] cryptominisat/comba-cs+g-only/fixedpoint_mul_16 = .012192
  [1146] minisat/comba-cs+brent-kung/fixedpoint_mul_16 = .012812
  [1150] minisat/comba-cs+g-only/fixedpoint_mul_16 = .012777
  [1147] mergesat/comba-cs+brent-kung/fixedpoint_mul_16 = .014146
  [1151] mergesat/comba-cs+g-only/fixedpoint_mul_16 = .014216
  [1144] cadical/comba-cs+brent-kung/fixedpoint_mul_16 = .025007
  [1148] cadical/comba-cs+g-only/fixedpoint_mul_16 = .025027
  [1152] cadical/shift-add+ripple/float_mul_comm = .021537
  [1156] cadical/shift-add+brent-kung/float_mul_comm = .021374
  [1154] minisat/shift-add+ripple/float_mul_comm = .051188
  [1158] minisat/shift-add+brent-kung/float_mul_comm = .050677
  [1155] mergesat/shift-add+ripple/float_mul_comm = .109753
  [1159] mergesat/shift-add+brent-kung/float_mul_comm = .110805
  [1157] cryptominisat/shift-add+brent-kung/float_mul_comm = .241302
  [1153] cryptominisat/shift-add+ripple/float_mul_comm = .242955
  [1160] cadical/shift-add+g-only/float_mul_comm = .021382
  [1164] cadical/dadda+ripple/float_mul_comm = .021644
  [1166] minisat/dadda+ripple/float_mul_comm = .048053
  [1162] minisat/shift-add+g-only/float_mul_comm = .051649
  [1163] mergesat/shift-add+g-only/float_mul_comm = .108682
  [1165] cryptominisat/dadda+ripple/float_mul_comm = .120612
  [1167] mergesat/dadda+ripple/float_mul_comm = .191084
  [1161] cryptominisat/shift-add+g-only/float_mul_comm = .240610
  [1168] cadical/dadda+brent-kung/float_mul_comm = .021588
  [1172] cadical/dadda+g-only/float_mul_comm = .021541
  [1170] minisat/dadda+brent-kung/float_mul_comm = .048171
  [1174] minisat/dadda+g-only/float_mul_comm = .048176
  [1173] cryptominisat/dadda+g-only/float_mul_comm = .120417
  [1169] cryptominisat/dadda+brent-kung/float_mul_comm = .120960
  [1171] mergesat/dadda+brent-kung/float_mul_comm = .190244
  [1175] mergesat/dadda+g-only/float_mul_comm = .190932
  [1176] cadical/comba+ripple/float_mul_comm = .029926
  [1180] cadical/comba+brent-kung/float_mul_comm = .029713
  [1181] cryptominisat/comba+brent-kung/float_mul_comm = .059166
  [1177] cryptominisat/comba+ripple/float_mul_comm = .059473
  [1178] minisat/comba+ripple/float_mul_comm = .092446
  [1182] minisat/comba+brent-kung/float_mul_comm = .094205
  [1179] mergesat/comba+ripple/float_mul_comm = .111827
  [1183] mergesat/comba+brent-kung/float_mul_comm = .109731
  [1188] cadical/comba-cs+ripple/float_mul_comm = .021436
  [1184] cadical/comba+g-only/float_mul_comm = .029600
  [1190] minisat/comba-cs+ripple/float_mul_comm = .051499
  [1185] cryptominisat/comba+g-only/float_mul_comm = .059299
  [1186] minisat/comba+g-only/float_mul_comm = .092170
  [1187] mergesat/comba+g-only/float_mul_comm = .109926
  [1191] mergesat/comba-cs+ripple/float_mul_comm = .110726
  [1189] cryptominisat/comba-cs+ripple/float_mul_comm = .241452
  [1192] cadical/comba-cs+brent-kung/float_mul_comm = .021514
  [1196] cadical/comba-cs+g-only/float_mul_comm = .021434
  [1198] minisat/comba-cs+g-only/float_mul_comm = .050837
  [1194] minisat/comba-cs+brent-kung/float_mul_comm = .051504
  [1195] mergesat/comba-cs+brent-kung/float_mul_comm = .109089
  [1199] mergesat/comba-cs+g-only/float_mul_comm = .108783
  [1197] cryptominisat/comba-cs+g-only/float_mul_comm = .241455
  [1193] cryptominisat/comba-cs+brent-kung/float_mul_comm = .241631
  [1200] cadical/shift-add+ripple/float_mul_comm_v2 = T/O
  [1204] cadical/shift-add+brent-kung/float_mul_comm_v2 = T/O
  [1201] cryptominisat/shift-add+ripple/float_mul_comm_v2 = T/O
  [1202] minisat/shift-add+ripple/float_mul_comm_v2 = T/O
  [1205] cryptominisat/shift-add+brent-kung/float_mul_comm_v2 = T/O
  [1206] minisat/shift-add+brent-kung/float_mul_comm_v2 = T/O
  [1207] mergesat/shift-add+brent-kung/float_mul_comm_v2 = T/O
  [1203] mergesat/shift-add+ripple/float_mul_comm_v2 = T/O
  [1208] cadical/shift-add+g-only/float_mul_comm_v2 = T/O
  [1212] cadical/dadda+ripple/float_mul_comm_v2 = T/O
  [1214] minisat/dadda+ripple/float_mul_comm_v2 = T/O
  [1209] cryptominisat/shift-add+g-only/float_mul_comm_v2 = T/O
  [1210] minisat/shift-add+g-only/float_mul_comm_v2 = T/O
  [1213] cryptominisat/dadda+ripple/float_mul_comm_v2 = T/O
  [1215] mergesat/dadda+ripple/float_mul_comm_v2 = T/O
  [1211] mergesat/shift-add+g-only/float_mul_comm_v2 = T/O
  [1216] cadical/dadda+brent-kung/float_mul_comm_v2 = T/O
  [1220] cadical/dadda+g-only/float_mul_comm_v2 = T/O
  [1218] minisat/dadda+brent-kung/float_mul_comm_v2 = T/O
  [1222] minisat/dadda+g-only/float_mul_comm_v2 = T/O
  [1217] cryptominisat/dadda+brent-kung/float_mul_comm_v2 = T/O
  [1221] cryptominisat/dadda+g-only/float_mul_comm_v2 = T/O
  [1219] mergesat/dadda+brent-kung/float_mul_comm_v2 = T/O
  [1223] mergesat/dadda+g-only/float_mul_comm_v2 = T/O
  [1224] cadical/comba+ripple/float_mul_comm_v2 = T/O
  [1228] cadical/comba+brent-kung/float_mul_comm_v2 = T/O
  [1226] minisat/comba+ripple/float_mul_comm_v2 = T/O
  [1230] minisat/comba+brent-kung/float_mul_comm_v2 = T/O
  [1225] cryptominisat/comba+ripple/float_mul_comm_v2 = T/O
  [1229] cryptominisat/comba+brent-kung/float_mul_comm_v2 = T/O
  [1227] mergesat/comba+ripple/float_mul_comm_v2 = T/O
  [1231] mergesat/comba+brent-kung/float_mul_comm_v2 = T/O
  [1232] cadical/comba+g-only/float_mul_comm_v2 = T/O
  [1236] cadical/comba-cs+ripple/float_mul_comm_v2 = T/O
  [1237] cryptominisat/comba-cs+ripple/float_mul_comm_v2 = T/O
  [1234] minisat/comba+g-only/float_mul_comm_v2 = T/O
  [1238] minisat/comba-cs+ripple/float_mul_comm_v2 = T/O
  [1233] cryptominisat/comba+g-only/float_mul_comm_v2 = T/O
  [1235] mergesat/comba+g-only/float_mul_comm_v2 = T/O
  [1239] mergesat/comba-cs+ripple/float_mul_comm_v2 = T/O
  [1244] cadical/comba-cs+g-only/float_mul_comm_v2 = T/O
  [1240] cadical/comba-cs+brent-kung/float_mul_comm_v2 = T/O
  [1241] cryptominisat/comba-cs+brent-kung/float_mul_comm_v2 = T/O
  [1245] cryptominisat/comba-cs+g-only/float_mul_comm_v2 = T/O
  [1242] minisat/comba-cs+brent-kung/float_mul_comm_v2 = T/O
  [1246] minisat/comba-cs+g-only/float_mul_comm_v2 = T/O
  [1243] mergesat/comba-cs+brent-kung/float_mul_comm_v2 = T/O
  [1247] mergesat/comba-cs+g-only/float_mul_comm_v2 = T/O
  [1249] cryptominisat/shift-add+ripple/gf256_mul_assoc = .032225
  [1250] minisat/shift-add+ripple/gf256_mul_assoc = .032622
  [1251] mergesat/shift-add+ripple/gf256_mul_assoc = .034109
  [1254] minisat/shift-add+brent-kung/gf256_mul_assoc = .036315
  [1248] cadical/shift-add+ripple/gf256_mul_assoc = .054133
  [1253] cryptominisat/shift-add+brent-kung/gf256_mul_assoc = .057772
  [1252] cadical/shift-add+brent-kung/gf256_mul_assoc = .061366
  [1255] mergesat/shift-add+brent-kung/gf256_mul_assoc = .603828
  [1261] cryptominisat/dadda+ripple/gf256_mul_assoc = .022731
  [1262] minisat/dadda+ripple/gf256_mul_assoc = .026369
  [1257] cryptominisat/shift-add+g-only/gf256_mul_assoc = .032199
  [1258] minisat/shift-add+g-only/gf256_mul_assoc = .032603
  [1259] mergesat/shift-add+g-only/gf256_mul_assoc = .033940
  [1263] mergesat/dadda+ripple/gf256_mul_assoc = .053168
  [1256] cadical/shift-add+g-only/gf256_mul_assoc = .054186
  [1260] cadical/dadda+ripple/gf256_mul_assoc = .055743
  [1269] cryptominisat/dadda+g-only/gf256_mul_assoc = .022712
  [1270] minisat/dadda+g-only/gf256_mul_assoc = .026508
  [1266] minisat/dadda+brent-kung/gf256_mul_assoc = .047113
  [1271] mergesat/dadda+g-only/gf256_mul_assoc = .053394
  [1268] cadical/dadda+g-only/gf256_mul_assoc = .055336
  [1265] cryptominisat/dadda+brent-kung/gf256_mul_assoc = .061143
  [1264] cadical/dadda+brent-kung/gf256_mul_assoc = .067503
  [1267] mergesat/dadda+brent-kung/gf256_mul_assoc = 1.165880
  [1274] minisat/comba+ripple/gf256_mul_assoc = .026561
  [1273] cryptominisat/comba+ripple/gf256_mul_assoc = .061101
  [1275] mergesat/comba+ripple/gf256_mul_assoc = .066750
  [1272] cadical/comba+ripple/gf256_mul_assoc = .084322
  [1278] minisat/comba+brent-kung/gf256_mul_assoc = T/O
  [1277] cryptominisat/comba+brent-kung/gf256_mul_assoc = T/O
  [1279] mergesat/comba+brent-kung/gf256_mul_assoc = T/O
  [1276] cadical/comba+brent-kung/gf256_mul_assoc = T/O
  [1282] minisat/comba+g-only/gf256_mul_assoc = .026937
  [1285] cryptominisat/comba-cs+ripple/gf256_mul_assoc = .032376
  [1286] minisat/comba-cs+ripple/gf256_mul_assoc = .033096
  [1287] mergesat/comba-cs+ripple/gf256_mul_assoc = .034302
  [1284] cadical/comba-cs+ripple/gf256_mul_assoc = .055002
  [1281] cryptominisat/comba+g-only/gf256_mul_assoc = .061595
  [1283] mergesat/comba+g-only/gf256_mul_assoc = .067014
  [1280] cadical/comba+g-only/gf256_mul_assoc = .084665
  [1293] cryptominisat/comba-cs+g-only/gf256_mul_assoc = .032279
  [1294] minisat/comba-cs+g-only/gf256_mul_assoc = .032569
  [1295] mergesat/comba-cs+g-only/gf256_mul_assoc = .033974
  [1290] minisat/comba-cs+brent-kung/gf256_mul_assoc = .036244
  [1292] cadical/comba-cs+g-only/gf256_mul_assoc = .053997
  [1289] cryptominisat/comba-cs+brent-kung/gf256_mul_assoc = .058254
  [1288] cadical/comba-cs+brent-kung/gf256_mul_assoc = .061804
  [1291] mergesat/comba-cs+brent-kung/gf256_mul_assoc = .595557
  [1296] cadical/shift-add+ripple/half_mul_comm = .009608
  [1300] cadical/shift-add+brent-kung/half_mul_comm = .009866
  [1298] minisat/shift-add+ripple/half_mul_comm = .018554
  [1302] minisat/shift-add+brent-kung/half_mul_comm = .018360
  [1299] mergesat/shift-add+ripple/half_mul_comm = .028635
  [1303] mergesat/shift-add+brent-kung/half_mul_comm = .028692
  [1297] cryptominisat/shift-add+ripple/half_mul_comm = .043788
  [1301] cryptominisat/shift-add+brent-kung/half_mul_comm = .043843
  [1304] cadical/shift-add+g-only/half_mul_comm = .009919
  [1308] cadical/dadda+ripple/half_mul_comm = .009776
  [1309] cryptominisat/dadda+ripple/half_mul_comm = .017399
  [1306] minisat/shift-add+g-only/half_mul_comm = .018603
  [1310] minisat/dadda+ripple/half_mul_comm = .018114
  [1307] mergesat/shift-add+g-only/half_mul_comm = .028708
  [1311] mergesat/dadda+ripple/half_mul_comm = .032411
  [1305] cryptominisat/shift-add+g-only/half_mul_comm = .043752
  [1312] cadical/dadda+brent-kung/half_mul_comm = .009919
  [1316] cadical/dadda+g-only/half_mul_comm = .009847
  [1313] cryptominisat/dadda+brent-kung/half_mul_comm = .017458
  [1317] cryptominisat/dadda+g-only/half_mul_comm = .017219
  [1314] minisat/dadda+brent-kung/half_mul_comm = .018027
  [1318] minisat/dadda+g-only/half_mul_comm = .017904
  [1315] mergesat/dadda+brent-kung/half_mul_comm = .032034
  [1319] mergesat/dadda+g-only/half_mul_comm = .031974
  [1320] cadical/comba+ripple/half_mul_comm = .011623
  [1324] cadical/comba+brent-kung/half_mul_comm = .011454
  [1321] cryptominisat/comba+ripple/half_mul_comm = .019499
  [1325] cryptominisat/comba+brent-kung/half_mul_comm = .019222
  [1322] minisat/comba+ripple/half_mul_comm = .020508
  [1326] minisat/comba+brent-kung/half_mul_comm = .020505
  [1323] mergesat/comba+ripple/half_mul_comm = .029907
  [1327] mergesat/comba+brent-kung/half_mul_comm = .029910
  [1332] cadical/comba-cs+ripple/half_mul_comm = .009915
  [1328] cadical/comba+g-only/half_mul_comm = .011585
  [1333] cryptominisat/comba-cs+ripple/half_mul_comm = .016589
  [1329] cryptominisat/comba+g-only/half_mul_comm = .019290
  [1330] minisat/comba+g-only/half_mul_comm = .020322
  [1334] minisat/comba-cs+ripple/half_mul_comm = .023268
  [1331] mergesat/comba+g-only/half_mul_comm = .029866
  [1335] mergesat/comba-cs+ripple/half_mul_comm = .034371
  [1336] cadical/comba-cs+brent-kung/half_mul_comm = .009932
  [1340] cadical/comba-cs+g-only/half_mul_comm = .009800
  [1337] cryptominisat/comba-cs+brent-kung/half_mul_comm = .016688
  [1341] cryptominisat/comba-cs+g-only/half_mul_comm = .016686
  [1338] minisat/comba-cs+brent-kung/half_mul_comm = .023397
  [1342] minisat/comba-cs+g-only/half_mul_comm = .023286
  [1339] mergesat/comba-cs+brent-kung/half_mul_comm = .034433
  [1343] mergesat/comba-cs+g-only/half_mul_comm = .034198
  [1344] cadical/shift-add+ripple/half_mul_comm_v2 = T/O
  [1348] cadical/shift-add+brent-kung/half_mul_comm_v2 = T/O
  [1350] minisat/shift-add+brent-kung/half_mul_comm_v2 = T/O
  [1346] minisat/shift-add+ripple/half_mul_comm_v2 = T/O
  [1345] cryptominisat/shift-add+ripple/half_mul_comm_v2 = T/O
  [1349] cryptominisat/shift-add+brent-kung/half_mul_comm_v2 = T/O
  [1347] mergesat/shift-add+ripple/half_mul_comm_v2 = T/O
  [1351] mergesat/shift-add+brent-kung/half_mul_comm_v2 = T/O
  [1352] cadical/shift-add+g-only/half_mul_comm_v2 = T/O
  [1354] minisat/shift-add+g-only/half_mul_comm_v2 = T/O
  [1356] cadical/dadda+ripple/half_mul_comm_v2 = T/O
  [1358] minisat/dadda+ripple/half_mul_comm_v2 = T/O
  [1353] cryptominisat/shift-add+g-only/half_mul_comm_v2 = T/O
  [1357] cryptominisat/dadda+ripple/half_mul_comm_v2 = T/O
  [1359] mergesat/dadda+ripple/half_mul_comm_v2 = T/O
  [1355] mergesat/shift-add+g-only/half_mul_comm_v2 = T/O
  [1362] minisat/dadda+brent-kung/half_mul_comm_v2 = T/O
  [1360] cadical/dadda+brent-kung/half_mul_comm_v2 = T/O
  [1364] cadical/dadda+g-only/half_mul_comm_v2 = T/O
  [1366] minisat/dadda+g-only/half_mul_comm_v2 = T/O
  [1361] cryptominisat/dadda+brent-kung/half_mul_comm_v2 = T/O
  [1365] cryptominisat/dadda+g-only/half_mul_comm_v2 = T/O
  [1363] mergesat/dadda+brent-kung/half_mul_comm_v2 = T/O
  [1367] mergesat/dadda+g-only/half_mul_comm_v2 = T/O
  [1368] cadical/comba+ripple/half_mul_comm_v2 = T/O
  [1372] cadical/comba+brent-kung/half_mul_comm_v2 = T/O
  [1370] minisat/comba+ripple/half_mul_comm_v2 = T/O
  [1374] minisat/comba+brent-kung/half_mul_comm_v2 = T/O
  [1369] cryptominisat/comba+ripple/half_mul_comm_v2 = T/O
  [1373] cryptominisat/comba+brent-kung/half_mul_comm_v2 = T/O
  [1371] mergesat/comba+ripple/half_mul_comm_v2 = T/O
  [1375] mergesat/comba+brent-kung/half_mul_comm_v2 = T/O
  [1376] cadical/comba+g-only/half_mul_comm_v2 = T/O
  [1380] cadical/comba-cs+ripple/half_mul_comm_v2 = T/O
  [1378] minisat/comba+g-only/half_mul_comm_v2 = T/O
  [1382] minisat/comba-cs+ripple/half_mul_comm_v2 = T/O
  [1377] cryptominisat/comba+g-only/half_mul_comm_v2 = T/O
  [1381] cryptominisat/comba-cs+ripple/half_mul_comm_v2 = T/O
  [1379] mergesat/comba+g-only/half_mul_comm_v2 = T/O
  [1383] mergesat/comba-cs+ripple/half_mul_comm_v2 = T/O
  [1384] cadical/comba-cs+brent-kung/half_mul_comm_v2 = T/O
  [1386] minisat/comba-cs+brent-kung/half_mul_comm_v2 = T/O
  [1390] minisat/comba-cs+g-only/half_mul_comm_v2 = T/O
  [1388] cadical/comba-cs+g-only/half_mul_comm_v2 = T/O
  [1385] cryptominisat/comba-cs+brent-kung/half_mul_comm_v2 = T/O
  [1389] cryptominisat/comba-cs+g-only/half_mul_comm_v2 = T/O
  [1387] mergesat/comba-cs+brent-kung/half_mul_comm_v2 = T/O
  [1391] mergesat/comba-cs+g-only/half_mul_comm_v2 = T/O
  [1392] cadical/shift-add+ripple/hw_mul_equiv_12 = 18.072692
  [1396] cadical/shift-add+brent-kung/hw_mul_equiv_12 = 20.937286
  [1395] mergesat/shift-add+ripple/hw_mul_equiv_12 = 34.872854
  [1399] mergesat/shift-add+brent-kung/hw_mul_equiv_12 = 64.164789
  [1393] cryptominisat/shift-add+ripple/hw_mul_equiv_12 = 78.557807
  [1397] cryptominisat/shift-add+brent-kung/hw_mul_equiv_12 = 116.677706
  [1394] minisat/shift-add+ripple/hw_mul_equiv_12 = T/O
  [1398] minisat/shift-add+brent-kung/hw_mul_equiv_12 = T/O
  [1400] cadical/shift-add+g-only/hw_mul_equiv_12 = 18.098409
  [1403] mergesat/shift-add+g-only/hw_mul_equiv_12 = 35.163896
  [1401] cryptominisat/shift-add+g-only/hw_mul_equiv_12 = 78.184696
  [1402] minisat/shift-add+g-only/hw_mul_equiv_12 = T/O
  [1406] minisat/dadda+ripple/hw_mul_equiv_12 = T/O
  [1404] cadical/dadda+ripple/hw_mul_equiv_12 = T/O
  [1405] cryptominisat/dadda+ripple/hw_mul_equiv_12 = T/O
  [1407] mergesat/dadda+ripple/hw_mul_equiv_12 = T/O
  [1410] minisat/dadda+brent-kung/hw_mul_equiv_12 = T/O
  [1408] cadical/dadda+brent-kung/hw_mul_equiv_12 = T/O
  [1414] minisat/dadda+g-only/hw_mul_equiv_12 = T/O
  [1412] cadical/dadda+g-only/hw_mul_equiv_12 = T/O
  [1413] cryptominisat/dadda+g-only/hw_mul_equiv_12 = T/O
  [1409] cryptominisat/dadda+brent-kung/hw_mul_equiv_12 = T/O
  [1411] mergesat/dadda+brent-kung/hw_mul_equiv_12 = T/O
  [1415] mergesat/dadda+g-only/hw_mul_equiv_12 = T/O
  [1421] cryptominisat/comba+brent-kung/hw_mul_equiv_12 = T/O
  [1420] cadical/comba+brent-kung/hw_mul_equiv_12 = T/O
  [1422] minisat/comba+brent-kung/hw_mul_equiv_12 = T/O
  [1423] mergesat/comba+brent-kung/hw_mul_equiv_12 = T/O
  [1418] minisat/comba+ripple/hw_mul_equiv_12 = T/O
  [1416] cadical/comba+ripple/hw_mul_equiv_12 = T/O
  [1417] cryptominisat/comba+ripple/hw_mul_equiv_12 = T/O
  [1419] mergesat/comba+ripple/hw_mul_equiv_12 = T/O
  [1426] minisat/comba+g-only/hw_mul_equiv_12 = T/O
  [1424] cadical/comba+g-only/hw_mul_equiv_12 = T/O
  [1430] minisat/comba-cs+ripple/hw_mul_equiv_12 = T/O
  [1428] cadical/comba-cs+ripple/hw_mul_equiv_12 = T/O
  [1425] cryptominisat/comba+g-only/hw_mul_equiv_12 = T/O
  [1429] cryptominisat/comba-cs+ripple/hw_mul_equiv_12 = T/O
  [1427] mergesat/comba+g-only/hw_mul_equiv_12 = T/O
  [1431] mergesat/comba-cs+ripple/hw_mul_equiv_12 = T/O
  [1434] minisat/comba-cs+brent-kung/hw_mul_equiv_12 = T/O
  [1432] cadical/comba-cs+brent-kung/hw_mul_equiv_12 = T/O
  [1436] cadical/comba-cs+g-only/hw_mul_equiv_12 = T/O
  [1438] minisat/comba-cs+g-only/hw_mul_equiv_12 = T/O
  [1433] cryptominisat/comba-cs+brent-kung/hw_mul_equiv_12 = T/O
  [1437] cryptominisat/comba-cs+g-only/hw_mul_equiv_12 = T/O
  [1435] mergesat/comba-cs+brent-kung/hw_mul_equiv_12 = T/O
  [1439] mergesat/comba-cs+g-only/hw_mul_equiv_12 = T/O
  [1442] minisat/shift-add+ripple/mixed_arith_8 = .010570
  [1440] cadical/shift-add+ripple/mixed_arith_8 = .010860
  [1444] cadical/shift-add+brent-kung/mixed_arith_8 = .010991
  [1446] minisat/shift-add+brent-kung/mixed_arith_8 = .010606
  [1441] cryptominisat/shift-add+ripple/mixed_arith_8 = T/O
  [1445] cryptominisat/shift-add+brent-kung/mixed_arith_8 = T/O
  [1443] mergesat/shift-add+ripple/mixed_arith_8 = T/O
  [1447] mergesat/shift-add+brent-kung/mixed_arith_8 = T/O
  [1450] minisat/shift-add+g-only/mixed_arith_8 = .010467
  [1448] cadical/shift-add+g-only/mixed_arith_8 = .010927
  [1452] cadical/dadda+ripple/mixed_arith_8 = .010866
  [1454] minisat/dadda+ripple/mixed_arith_8 = .010635
  [1453] cryptominisat/dadda+ripple/mixed_arith_8 = T/O
  [1449] cryptominisat/shift-add+g-only/mixed_arith_8 = T/O
  [1455] mergesat/dadda+ripple/mixed_arith_8 = T/O
  [1451] mergesat/shift-add+g-only/mixed_arith_8 = T/O
  [1458] minisat/dadda+brent-kung/mixed_arith_8 = .010701
  [1456] cadical/dadda+brent-kung/mixed_arith_8 = .011339
  [1462] minisat/dadda+g-only/mixed_arith_8 = .010724
  [1460] cadical/dadda+g-only/mixed_arith_8 = .010977
  [1457] cryptominisat/dadda+brent-kung/mixed_arith_8 = T/O
  [1461] cryptominisat/dadda+g-only/mixed_arith_8 = T/O
  [1463] mergesat/dadda+g-only/mixed_arith_8 = T/O
  [1459] mergesat/dadda+brent-kung/mixed_arith_8 = T/O
  [1466] minisat/comba+ripple/mixed_arith_8 = .011829
  [1464] cadical/comba+ripple/mixed_arith_8 = .012212
  [1468] cadical/comba+brent-kung/mixed_arith_8 = T/O
  [1471] mergesat/comba+brent-kung/mixed_arith_8 = T/O
  [1469] cryptominisat/comba+brent-kung/mixed_arith_8 = T/O
  [1470] minisat/comba+brent-kung/mixed_arith_8 = T/O
  [1465] cryptominisat/comba+ripple/mixed_arith_8 = T/O
  [1467] mergesat/comba+ripple/mixed_arith_8 = T/O
  [1478] minisat/comba-cs+ripple/mixed_arith_8 = .010483
  [1476] cadical/comba-cs+ripple/mixed_arith_8 = .011065
  [1474] minisat/comba+g-only/mixed_arith_8 = .011541
  [1472] cadical/comba+g-only/mixed_arith_8 = .012087
  [1473] cryptominisat/comba+g-only/mixed_arith_8 = T/O
  [1477] cryptominisat/comba-cs+ripple/mixed_arith_8 = T/O
  [1475] mergesat/comba+g-only/mixed_arith_8 = T/O
  [1479] mergesat/comba-cs+ripple/mixed_arith_8 = T/O
  [1482] minisat/comba-cs+brent-kung/mixed_arith_8 = .010690
  [1486] minisat/comba-cs+g-only/mixed_arith_8 = .010367
  [1480] cadical/comba-cs+brent-kung/mixed_arith_8 = .011140
  [1484] cadical/comba-cs+g-only/mixed_arith_8 = .010988
  [1481] cryptominisat/comba-cs+brent-kung/mixed_arith_8 = T/O
  [1485] cryptominisat/comba-cs+g-only/mixed_arith_8 = T/O
  [1487] mergesat/comba-cs+g-only/mixed_arith_8 = T/O
  [1483] mergesat/comba-cs+brent-kung/mixed_arith_8 = T/O
  [1494] minisat/shift-add+brent-kung/mul_ineq_12 = .347605
  [1490] minisat/shift-add+ripple/mul_ineq_12 = .348405
  [1488] cadical/shift-add+ripple/mul_ineq_12 = .531615
  [1492] cadical/shift-add+brent-kung/mul_ineq_12 = .531556
  [1491] mergesat/shift-add+ripple/mul_ineq_12 = .844519
  [1495] mergesat/shift-add+brent-kung/mul_ineq_12 = .846751
  [1489] cryptominisat/shift-add+ripple/mul_ineq_12 = 1.000324
  [1493] cryptominisat/shift-add+brent-kung/mul_ineq_12 = 1.011518
  [1498] minisat/shift-add+g-only/mul_ineq_12 = .347993
  [1502] minisat/dadda+ripple/mul_ineq_12 = .412217
  [1500] cadical/dadda+ripple/mul_ineq_12 = .422065
  [1496] cadical/shift-add+g-only/mul_ineq_12 = .536604
  [1499] mergesat/shift-add+g-only/mul_ineq_12 = .844370
  [1503] mergesat/dadda+ripple/mul_ineq_12 = .849286
  [1501] cryptominisat/dadda+ripple/mul_ineq_12 = .976235
  [1497] cryptominisat/shift-add+g-only/mul_ineq_12 = .998113
  [1510] minisat/dadda+g-only/mul_ineq_12 = .412751
  [1506] minisat/dadda+brent-kung/mul_ineq_12 = .416503
  [1508] cadical/dadda+g-only/mul_ineq_12 = .422538
  [1504] cadical/dadda+brent-kung/mul_ineq_12 = .475672
  [1511] mergesat/dadda+g-only/mul_ineq_12 = .850691
  [1507] mergesat/dadda+brent-kung/mul_ineq_12 = .957834
  [1509] cryptominisat/dadda+g-only/mul_ineq_12 = .978058
  [1505] cryptominisat/dadda+brent-kung/mul_ineq_12 = 1.238914
  [1512] cadical/comba+ripple/mul_ineq_12 = .494789
  [1514] minisat/comba+ripple/mul_ineq_12 = .563882
  [1515] mergesat/comba+ripple/mul_ineq_12 = .975743
  [1513] cryptominisat/comba+ripple/mul_ineq_12 = 1.551107
  [1519] mergesat/comba+brent-kung/mul_ineq_12 = T/O
  [1518] minisat/comba+brent-kung/mul_ineq_12 = T/O
  [1516] cadical/comba+brent-kung/mul_ineq_12 = T/O
  [1517] cryptominisat/comba+brent-kung/mul_ineq_12 = T/O
  [1526] minisat/comba-cs+ripple/mul_ineq_12 = .347257
  [1520] cadical/comba+g-only/mul_ineq_12 = .496129
  [1524] cadical/comba-cs+ripple/mul_ineq_12 = .533351
  [1522] minisat/comba+g-only/mul_ineq_12 = .564340
  [1527] mergesat/comba-cs+ripple/mul_ineq_12 = .846636
  [1523] mergesat/comba+g-only/mul_ineq_12 = .976813
  [1525] cryptominisat/comba-cs+ripple/mul_ineq_12 = 1.001468
  [1521] cryptominisat/comba+g-only/mul_ineq_12 = 1.550309
  [1534] minisat/comba-cs+g-only/mul_ineq_12 = .347324
  [1530] minisat/comba-cs+brent-kung/mul_ineq_12 = .347138
  [1528] cadical/comba-cs+brent-kung/mul_ineq_12 = .531353
  [1532] cadical/comba-cs+g-only/mul_ineq_12 = .531004
  [1531] mergesat/comba-cs+brent-kung/mul_ineq_12 = .845297
  [1535] mergesat/comba-cs+g-only/mul_ineq_12 = .847016
  [1529] cryptominisat/comba-cs+brent-kung/mul_ineq_12 = .995539
  [1533] cryptominisat/comba-cs+g-only/mul_ineq_12 = .999427
  [1536] cadical/shift-add+ripple/mul_no_overflow_16 = .010089
  [1540] cadical/shift-add+brent-kung/mul_no_overflow_16 = .011327
  [1538] minisat/shift-add+ripple/mul_no_overflow_16 = .015448
  [1542] minisat/shift-add+brent-kung/mul_no_overflow_16 = .017004
  [1537] cryptominisat/shift-add+ripple/mul_no_overflow_16 = .018177
  [1541] cryptominisat/shift-add+brent-kung/mul_no_overflow_16 = .019231
  [1543] mergesat/shift-add+brent-kung/mul_no_overflow_16 = .019717
  [1539] mergesat/shift-add+ripple/mul_no_overflow_16 = .020678
  [1544] cadical/shift-add+g-only/mul_no_overflow_16 = .010232
  [1548] cadical/dadda+ripple/mul_no_overflow_16 = .010064
  [1546] minisat/shift-add+g-only/mul_no_overflow_16 = .015537
  [1550] minisat/dadda+ripple/mul_no_overflow_16 = .015738
  [1545] cryptominisat/shift-add+g-only/mul_no_overflow_16 = .018212
  [1551] mergesat/dadda+ripple/mul_no_overflow_16 = .020271
  [1547] mergesat/shift-add+g-only/mul_no_overflow_16 = .020846
  [1549] cryptominisat/dadda+ripple/mul_no_overflow_16 = .027339
  [1556] cadical/dadda+g-only/mul_no_overflow_16 = .010036
  [1552] cadical/dadda+brent-kung/mul_no_overflow_16 = .011464
  [1558] minisat/dadda+g-only/mul_no_overflow_16 = .015659
  [1554] minisat/dadda+brent-kung/mul_no_overflow_16 = .017297
  [1555] mergesat/dadda+brent-kung/mul_no_overflow_16 = .020086
  [1559] mergesat/dadda+g-only/mul_no_overflow_16 = .020170
  [1553] cryptominisat/dadda+brent-kung/mul_no_overflow_16 = .023179
  [1557] cryptominisat/dadda+g-only/mul_no_overflow_16 = .027339
  [1560] cadical/comba+ripple/mul_no_overflow_16 = .011584
  [1562] minisat/comba+ripple/mul_no_overflow_16 = .017202
  [1563] mergesat/comba+ripple/mul_no_overflow_16 = .023970
  [1561] cryptominisat/comba+ripple/mul_no_overflow_16 = .027445
  [1566] minisat/comba+brent-kung/mul_no_overflow_16 = T/O
  [1565] cryptominisat/comba+brent-kung/mul_no_overflow_16 = T/O
  [1564] cadical/comba+brent-kung/mul_no_overflow_16 = T/O
  [1567] mergesat/comba+brent-kung/mul_no_overflow_16 = T/O
  [1568] cadical/comba+g-only/mul_no_overflow_16 = .011974
  [1572] cadical/comba-cs+ripple/mul_no_overflow_16 = .012107
  [1570] minisat/comba+g-only/mul_no_overflow_16 = .017524
  [1574] minisat/comba-cs+ripple/mul_no_overflow_16 = .017650
  [1575] mergesat/comba-cs+ripple/mul_no_overflow_16 = .023444
  [1571] mergesat/comba+g-only/mul_no_overflow_16 = .024671
  [1569] cryptominisat/comba+g-only/mul_no_overflow_16 = .028088
  [1573] cryptominisat/comba-cs+ripple/mul_no_overflow_16 = .032432
  [1580] cadical/comba-cs+g-only/mul_no_overflow_16 = .011252
  [1576] cadical/comba-cs+brent-kung/mul_no_overflow_16 = .012265
  [1582] minisat/comba-cs+g-only/mul_no_overflow_16 = .016800
  [1578] minisat/comba-cs+brent-kung/mul_no_overflow_16 = .018788
  [1583] mergesat/comba-cs+g-only/mul_no_overflow_16 = .022606
  [1579] mergesat/comba-cs+brent-kung/mul_no_overflow_16 = .023253
  [1577] cryptominisat/comba-cs+brent-kung/mul_no_overflow_16 = .030662
  [1581] cryptominisat/comba-cs+g-only/mul_no_overflow_16 = .032301
  [1586] minisat/shift-add+ripple/overflow_detect_16 = .007861
  [1590] minisat/shift-add+brent-kung/overflow_detect_16 = .007860
  [1584] cadical/shift-add+ripple/overflow_detect_16 = .008726
  [1588] cadical/shift-add+brent-kung/overflow_detect_16 = .008620
  [1591] mergesat/shift-add+brent-kung/overflow_detect_16 = 84.724088
  [1587] mergesat/shift-add+ripple/overflow_detect_16 = 85.056011
  [1585] cryptominisat/shift-add+ripple/overflow_detect_16 = T/O
  [1589] cryptominisat/shift-add+brent-kung/overflow_detect_16 = T/O
  [1594] minisat/shift-add+g-only/overflow_detect_16 = .007882
  [1592] cadical/shift-add+g-only/overflow_detect_16 = .008532
  [1598] minisat/dadda+ripple/overflow_detect_16 = .007921
  [1596] cadical/dadda+ripple/overflow_detect_16 = .008509
  [1599] mergesat/dadda+ripple/overflow_detect_16 = 2.983740
  [1597] cryptominisat/dadda+ripple/overflow_detect_16 = 6.655609
  [1595] mergesat/shift-add+g-only/overflow_detect_16 = 81.832626
  [1593] cryptominisat/shift-add+g-only/overflow_detect_16 = T/O
  [1602] minisat/dadda+brent-kung/overflow_detect_16 = .008212
  [1606] minisat/dadda+g-only/overflow_detect_16 = .008118
  [1600] cadical/dadda+brent-kung/overflow_detect_16 = .008765
  [1604] cadical/dadda+g-only/overflow_detect_16 = .008695
  [1603] mergesat/dadda+brent-kung/overflow_detect_16 = 1.838577
  [1607] mergesat/dadda+g-only/overflow_detect_16 = 2.972175
  [1605] cryptominisat/dadda+g-only/overflow_detect_16 = 6.562083
  [1601] cryptominisat/dadda+brent-kung/overflow_detect_16 = 7.751676
  [1610] minisat/comba+ripple/overflow_detect_16 = .010770
  [1608] cadical/comba+ripple/overflow_detect_16 = .011840
  [1613] cryptominisat/comba+brent-kung/overflow_detect_16 = T/O
  [1614] minisat/comba+brent-kung/overflow_detect_16 = T/O
  [1612] cadical/comba+brent-kung/overflow_detect_16 = T/O
  [1615] mergesat/comba+brent-kung/overflow_detect_16 = T/O
  [1611] mergesat/comba+ripple/overflow_detect_16 = 27.014882
  [1609] cryptominisat/comba+ripple/overflow_detect_16 = T/O
  [1622] minisat/comba-cs+ripple/overflow_detect_16 = .007883
  [1620] cadical/comba-cs+ripple/overflow_detect_16 = .008572
  [1618] minisat/comba+g-only/overflow_detect_16 = .010529
  [1616] cadical/comba+g-only/overflow_detect_16 = .011686
  [1619] mergesat/comba+g-only/overflow_detect_16 = 27.994189
  [1623] mergesat/comba-cs+ripple/overflow_detect_16 = 82.448882
  [1621] cryptominisat/comba-cs+ripple/overflow_detect_16 = T/O
  [1617] cryptominisat/comba+g-only/overflow_detect_16 = T/O
  [1626] minisat/comba-cs+brent-kung/overflow_detect_16 = .007882
  [1630] minisat/comba-cs+g-only/overflow_detect_16 = .007878
  [1624] cadical/comba-cs+brent-kung/overflow_detect_16 = .008584
  [1628] cadical/comba-cs+g-only/overflow_detect_16 = .008498
  [1631] mergesat/comba-cs+g-only/overflow_detect_16 = 84.261691
  [1627] mergesat/comba-cs+brent-kung/overflow_detect_16 = 84.966245
  [1625] cryptominisat/comba-cs+brent-kung/overflow_detect_16 = T/O
  [1629] cryptominisat/comba-cs+g-only/overflow_detect_16 = T/O
  [1632] cadical/shift-add+ripple/strength_chain_16 = 1.071079
  [1634] minisat/shift-add+ripple/strength_chain_16 = 1.335060
  [1636] cadical/shift-add+brent-kung/strength_chain_16 = 1.413764
  [1638] minisat/shift-add+brent-kung/strength_chain_16 = 1.624167
  [1635] mergesat/shift-add+ripple/strength_chain_16 = 2.080832
  [1633] cryptominisat/shift-add+ripple/strength_chain_16 = 2.326742
  [1639] mergesat/shift-add+brent-kung/strength_chain_16 = 3.374754
  [1637] cryptominisat/shift-add+brent-kung/strength_chain_16 = 3.390869
  [1644] cadical/dadda+ripple/strength_chain_16 = .735254
  [1640] cadical/shift-add+g-only/strength_chain_16 = 1.070677
  [1642] minisat/shift-add+g-only/strength_chain_16 = 1.333486
  [1646] minisat/dadda+ripple/strength_chain_16 = 1.502868
  [1645] cryptominisat/dadda+ripple/strength_chain_16 = 1.898705
  [1647] mergesat/dadda+ripple/strength_chain_16 = 2.057195
  [1643] mergesat/shift-add+g-only/strength_chain_16 = 2.085214
  [1641] cryptominisat/shift-add+g-only/strength_chain_16 = 2.330491
  [1652] cadical/dadda+g-only/strength_chain_16 = .734603
  [1648] cadical/dadda+brent-kung/strength_chain_16 = .876537
  [1654] minisat/dadda+g-only/strength_chain_16 = 1.504034
  [1653] cryptominisat/dadda+g-only/strength_chain_16 = 1.902853
  [1650] minisat/dadda+brent-kung/strength_chain_16 = 2.054497
  [1655] mergesat/dadda+g-only/strength_chain_16 = 2.064664
  [1649] cryptominisat/dadda+brent-kung/strength_chain_16 = 3.122554
  [1651] mergesat/dadda+brent-kung/strength_chain_16 = 5.866772
  [1656] cadical/comba+ripple/strength_chain_16 = 1.501407
  [1658] minisat/comba+ripple/strength_chain_16 = 2.612653
  [1662] minisat/comba+brent-kung/strength_chain_16 = T/O
  [1660] cadical/comba+brent-kung/strength_chain_16 = T/O
  [1663] mergesat/comba+brent-kung/strength_chain_16 = T/O
  [1661] cryptominisat/comba+brent-kung/strength_chain_16 = T/O
  [1657] cryptominisat/comba+ripple/strength_chain_16 = 5.582932
  [1659] mergesat/comba+ripple/strength_chain_16 = 6.666313
  [1668] cadical/comba-cs+ripple/strength_chain_16 = 1.483203
  [1664] cadical/comba+g-only/strength_chain_16 = 1.502774
  [1669] cryptominisat/comba-cs+ripple/strength_chain_16 = 1.783883
  [1666] minisat/comba+g-only/strength_chain_16 = 2.613216
  [1670] minisat/comba-cs+ripple/strength_chain_16 = 3.180013
  [1671] mergesat/comba-cs+ripple/strength_chain_16 = 3.897716
  [1665] cryptominisat/comba+g-only/strength_chain_16 = 5.577862
  [1667] mergesat/comba+g-only/strength_chain_16 = 6.667675
  [1672] cadical/comba-cs+brent-kung/strength_chain_16 = 1.299624
  [1674] minisat/comba-cs+brent-kung/strength_chain_16 = 1.303102
  [1676] cadical/comba-cs+g-only/strength_chain_16 = 1.487250
  [1677] cryptominisat/comba-cs+g-only/strength_chain_16 = 1.783870
  [1673] cryptominisat/comba-cs+brent-kung/strength_chain_16 = 2.699427
  [1675] mergesat/comba-cs+brent-kung/strength_chain_16 = 3.112143
  [1678] minisat/comba-cs+g-only/strength_chain_16 = 3.179704
  [1679] mergesat/comba-cs+g-only/strength_chain_16 = 3.897404
  [1682] minisat/shift-add+ripple/strength_red_16 = .013189
  [1681] cryptominisat/shift-add+ripple/strength_red_16 = .019510
  [1680] cadical/shift-add+ripple/strength_red_16 = .021803
  [1685] cryptominisat/shift-add+brent-kung/strength_red_16 = .024974
  [1686] minisat/shift-add+brent-kung/strength_red_16 = .028478
  [1684] cadical/shift-add+brent-kung/strength_red_16 = .035089
  [1687] mergesat/shift-add+brent-kung/strength_red_16 = .049662
  [1683] mergesat/shift-add+ripple/strength_red_16 = .068034
  [1694] minisat/dadda+ripple/strength_red_16 = .011123
  [1690] minisat/shift-add+g-only/strength_red_16 = .013185
  [1689] cryptominisat/shift-add+g-only/strength_red_16 = .019466
  [1692] cadical/dadda+ripple/strength_red_16 = .019165
  [1693] cryptominisat/dadda+ripple/strength_red_16 = .019942
  [1688] cadical/shift-add+g-only/strength_red_16 = .021853
  [1695] mergesat/dadda+ripple/strength_red_16 = .053182
  [1691] mergesat/shift-add+g-only/strength_red_16 = .068297
  [1702] minisat/dadda+g-only/strength_red_16 = .011083
  [1700] cadical/dadda+g-only/strength_red_16 = .019009
  [1701] cryptominisat/dadda+g-only/strength_red_16 = .019766
  [1697] cryptominisat/dadda+brent-kung/strength_red_16 = .028427
  [1696] cadical/dadda+brent-kung/strength_red_16 = .032472
  [1698] minisat/dadda+brent-kung/strength_red_16 = .035314
  [1703] mergesat/dadda+g-only/strength_red_16 = .053025
  [1699] mergesat/dadda+brent-kung/strength_red_16 = .093384
  [1706] minisat/comba+ripple/strength_red_16 = .035121
  [1705] cryptominisat/comba+ripple/strength_red_16 = .038313
  [1704] cadical/comba+ripple/strength_red_16 = .045166
  [1707] mergesat/comba+ripple/strength_red_16 = .079033
  [1711] mergesat/comba+brent-kung/strength_red_16 = T/O
  [1709] cryptominisat/comba+brent-kung/strength_red_16 = T/O
  [1710] minisat/comba+brent-kung/strength_red_16 = T/O
  [1708] cadical/comba+brent-kung/strength_red_16 = T/O
  [1718] minisat/comba-cs+ripple/strength_red_16 = .012443
  [1717] cryptominisat/comba-cs+ripple/strength_red_16 = .015900
  [1716] cadical/comba-cs+ripple/strength_red_16 = .016834
  [1714] minisat/comba+g-only/strength_red_16 = .034924
  [1713] cryptominisat/comba+g-only/strength_red_16 = .038431
  [1712] cadical/comba+g-only/strength_red_16 = .045990
  [1715] mergesat/comba+g-only/strength_red_16 = .078695
  [1719] mergesat/comba-cs+ripple/strength_red_16 = .105511
  [1726] minisat/comba-cs+g-only/strength_red_16 = .012124
  [1725] cryptominisat/comba-cs+g-only/strength_red_16 = .015588
  [1724] cadical/comba-cs+g-only/strength_red_16 = .016474
  [1722] minisat/comba-cs+brent-kung/strength_red_16 = .019738
  [1721] cryptominisat/comba-cs+brent-kung/strength_red_16 = .020303
  [1720] cadical/comba-cs+brent-kung/strength_red_16 = .027642
  [1723] mergesat/comba-cs+brent-kung/strength_red_16 = .078101
  [1727] mergesat/comba-cs+g-only/strength_red_16 = .104702
All 1728 jobs complete.
