Starting (smt2, jobs=8, runs=3, timeout=120s)...
# smt2 suite
  [0] cadical/shift-add+ripple/add_chain_16 = .180858
  [2] minisat/shift-add+ripple/add_chain_16 = .355477
  [3] mergesat/shift-add+ripple/add_chain_16 = .392026
  [1] cryptominisat/shift-add+ripple/add_chain_16 = .557637
  [4] cadical/shift-add+brent-kung/add_chain_16 = .917467
  [7] mergesat/shift-add+brent-kung/add_chain_16 = 1.792049
  [6] minisat/shift-add+brent-kung/add_chain_16 = 2.621480
  [5] cryptominisat/shift-add+brent-kung/add_chain_16 = 4.856424
  [8] cadical/shift-add+g-only/add_chain_16 = .180276
  [12] cadical/dadda+ripple/add_chain_16 = .180025
  [10] minisat/shift-add+g-only/add_chain_16 = .355208
  [14] minisat/dadda+ripple/add_chain_16 = .355631
  [15] mergesat/dadda+ripple/add_chain_16 = .390468
  [11] mergesat/shift-add+g-only/add_chain_16 = .391493
  [13] cryptominisat/dadda+ripple/add_chain_16 = .556879
  [9] cryptominisat/shift-add+g-only/add_chain_16 = .558390
  [20] cadical/dadda+g-only/add_chain_16 = .179997
  [22] minisat/dadda+g-only/add_chain_16 = .355551
  [23] mergesat/dadda+g-only/add_chain_16 = .391203
  [21] cryptominisat/dadda+g-only/add_chain_16 = .560001
  [16] cadical/dadda+brent-kung/add_chain_16 = .918034
  [19] mergesat/dadda+brent-kung/add_chain_16 = 1.795621
  [18] minisat/dadda+brent-kung/add_chain_16 = 2.624020
  [17] cryptominisat/dadda+brent-kung/add_chain_16 = 4.847098
  [24] cadical/comba+ripple/add_chain_16 = .180582
  [26] minisat/comba+ripple/add_chain_16 = .356254
  [27] mergesat/comba+ripple/add_chain_16 = .390759
  [25] cryptominisat/comba+ripple/add_chain_16 = .558959
  [28] cadical/comba+brent-kung/add_chain_16 = .918250
  [31] mergesat/comba+brent-kung/add_chain_16 = 1.795183
  [30] minisat/comba+brent-kung/add_chain_16 = 2.624308
  [29] cryptominisat/comba+brent-kung/add_chain_16 = 4.851991
  [36] cadical/comba-cs+ripple/add_chain_16 = .180284
  [32] cadical/comba+g-only/add_chain_16 = .180383
  [34] minisat/comba+g-only/add_chain_16 = .355638
  [38] minisat/comba-cs+ripple/add_chain_16 = .355347
  [35] mergesat/comba+g-only/add_chain_16 = .390348
  [39] mergesat/comba-cs+ripple/add_chain_16 = .390699
  [37] cryptominisat/comba-cs+ripple/add_chain_16 = .558390
  [33] cryptominisat/comba+g-only/add_chain_16 = .556323
  [44] cadical/comba-cs+g-only/add_chain_16 = .180086
  [46] minisat/comba-cs+g-only/add_chain_16 = .355608
  [47] mergesat/comba-cs+g-only/add_chain_16 = .390851
  [45] cryptominisat/comba-cs+g-only/add_chain_16 = .557264
  [40] cadical/comba-cs+brent-kung/add_chain_16 = .919048
  [43] mergesat/comba-cs+brent-kung/add_chain_16 = 1.795967
  [42] minisat/comba-cs+brent-kung/add_chain_16 = 2.621940
  [41] cryptominisat/comba-cs+brent-kung/add_chain_16 = 4.827760
  [48] cadical/shift-add+ripple/add_chain_32 = .326194
  [51] mergesat/shift-add+ripple/add_chain_32 = .766662
  [52] cadical/shift-add+brent-kung/add_chain_32 = 1.696415
  [49] cryptominisat/shift-add+ripple/add_chain_32 = 1.891707
  [50] minisat/shift-add+ripple/add_chain_32 = 3.009705
  [55] mergesat/shift-add+brent-kung/add_chain_32 = 3.266099
  [54] minisat/shift-add+brent-kung/add_chain_32 = 10.164393
  [53] cryptominisat/shift-add+brent-kung/add_chain_32 = 11.248973
  [56] cadical/shift-add+g-only/add_chain_32 = .326126
  [60] cadical/dadda+ripple/add_chain_32 = .325740
  [63] mergesat/dadda+ripple/add_chain_32 = .764773
  [59] mergesat/shift-add+g-only/add_chain_32 = .765532
  [57] cryptominisat/shift-add+g-only/add_chain_32 = 1.884158
  [61] cryptominisat/dadda+ripple/add_chain_32 = 1.888757
  [58] minisat/shift-add+g-only/add_chain_32 = 3.005766
  [62] minisat/dadda+ripple/add_chain_32 = 3.007165
  [68] cadical/dadda+g-only/add_chain_32 = .326051
  [71] mergesat/dadda+g-only/add_chain_32 = .765927
  [64] cadical/dadda+brent-kung/add_chain_32 = 1.696816
  [69] cryptominisat/dadda+g-only/add_chain_32 = 1.888664
  [70] minisat/dadda+g-only/add_chain_32 = 3.009684
  [67] mergesat/dadda+brent-kung/add_chain_32 = 3.264723
  [66] minisat/dadda+brent-kung/add_chain_32 = 10.152296
  [65] cryptominisat/dadda+brent-kung/add_chain_32 = 11.282249
  [72] cadical/comba+ripple/add_chain_32 = .325732
  [75] mergesat/comba+ripple/add_chain_32 = .764611
  [76] cadical/comba+brent-kung/add_chain_32 = 1.694444
  [73] cryptominisat/comba+ripple/add_chain_32 = 1.895599
  [74] minisat/comba+ripple/add_chain_32 = 3.014538
  [79] mergesat/comba+brent-kung/add_chain_32 = 3.262625
  [78] minisat/comba+brent-kung/add_chain_32 = 10.139592
  [77] cryptominisat/comba+brent-kung/add_chain_32 = 11.291908
  [80] cadical/comba+g-only/add_chain_32 = .325795
  [84] cadical/comba-cs+ripple/add_chain_32 = .325625
  [83] mergesat/comba+g-only/add_chain_32 = .765047
  [87] mergesat/comba-cs+ripple/add_chain_32 = .765580
  [85] cryptominisat/comba-cs+ripple/add_chain_32 = 1.885713
  [81] cryptominisat/comba+g-only/add_chain_32 = 1.886797
  [86] minisat/comba-cs+ripple/add_chain_32 = 3.009883
  [82] minisat/comba+g-only/add_chain_32 = 3.012089
  [92] cadical/comba-cs+g-only/add_chain_32 = .325731
  [95] mergesat/comba-cs+g-only/add_chain_32 = .765346
  [88] cadical/comba-cs+brent-kung/add_chain_32 = 1.694228
  [93] cryptominisat/comba-cs+g-only/add_chain_32 = 1.886124
  [94] minisat/comba-cs+g-only/add_chain_32 = 3.007437
  [91] mergesat/comba-cs+brent-kung/add_chain_32 = 3.261571
  [90] minisat/comba-cs+brent-kung/add_chain_32 = 10.143172
  [89] cryptominisat/comba-cs+brent-kung/add_chain_32 = 11.253895
  [98] minisat/shift-add+ripple/add_overflow_16 = .007692
  [96] cadical/shift-add+ripple/add_overflow_16 = .008020
  [97] cryptominisat/shift-add+ripple/add_overflow_16 = .008926
  [99] mergesat/shift-add+ripple/add_overflow_16 = .009439
  [101] cryptominisat/shift-add+brent-kung/add_overflow_16 = T/O
  [100] cadical/shift-add+brent-kung/add_overflow_16 = T/O
  [102] minisat/shift-add+brent-kung/add_overflow_16 = T/O
  [103] mergesat/shift-add+brent-kung/add_overflow_16 = T/O
  [104] cadical/shift-add+g-only/add_overflow_16 = .008652
  [106] minisat/shift-add+g-only/add_overflow_16 = .008320
  [108] cadical/dadda+ripple/add_overflow_16 = .008333
  [110] minisat/dadda+ripple/add_overflow_16 = .008150
  [105] cryptominisat/shift-add+g-only/add_overflow_16 = .009442
  [109] cryptominisat/dadda+ripple/add_overflow_16 = .009415
  [107] mergesat/shift-add+g-only/add_overflow_16 = .010008
  [111] mergesat/dadda+ripple/add_overflow_16 = .009963
  [116] cadical/dadda+g-only/add_overflow_16 = .008005
  [118] minisat/dadda+g-only/add_overflow_16 = .007787
  [117] cryptominisat/dadda+g-only/add_overflow_16 = .008870
  [119] mergesat/dadda+g-only/add_overflow_16 = .009395
  [114] minisat/dadda+brent-kung/add_overflow_16 = T/O
  [115] mergesat/dadda+brent-kung/add_overflow_16 = T/O
  [113] cryptominisat/dadda+brent-kung/add_overflow_16 = T/O
  [112] cadical/dadda+brent-kung/add_overflow_16 = T/O
  [122] minisat/comba+ripple/add_overflow_16 = .008158
  [120] cadical/comba+ripple/add_overflow_16 = .008672
  [121] cryptominisat/comba+ripple/add_overflow_16 = .009359
  [123] mergesat/comba+ripple/add_overflow_16 = .010092
  [124] cadical/comba+brent-kung/add_overflow_16 = T/O
  [127] mergesat/comba+brent-kung/add_overflow_16 = T/O
  [126] minisat/comba+brent-kung/add_overflow_16 = T/O
  [125] cryptominisat/comba+brent-kung/add_overflow_16 = T/O
  [128] cadical/comba+g-only/add_overflow_16 = .008463
  [130] minisat/comba+g-only/add_overflow_16 = .008433
  [132] cadical/comba-cs+ripple/add_overflow_16 = .008341
  [134] minisat/comba-cs+ripple/add_overflow_16 = .008245
  [129] cryptominisat/comba+g-only/add_overflow_16 = .009421
  [133] cryptominisat/comba-cs+ripple/add_overflow_16 = .009348
  [131] mergesat/comba+g-only/add_overflow_16 = .009951
  [135] mergesat/comba-cs+ripple/add_overflow_16 = .010016
  [140] cadical/comba-cs+g-only/add_overflow_16 = .007918
  [142] minisat/comba-cs+g-only/add_overflow_16 = .007846
  [141] cryptominisat/comba-cs+g-only/add_overflow_16 = .008844
  [143] mergesat/comba-cs+g-only/add_overflow_16 = .009434
  [136] cadical/comba-cs+brent-kung/add_overflow_16 = T/O
  [138] minisat/comba-cs+brent-kung/add_overflow_16 = T/O
  [139] mergesat/comba-cs+brent-kung/add_overflow_16 = T/O
  [137] cryptominisat/comba-cs+brent-kung/add_overflow_16 = T/O
  [146] minisat/shift-add+ripple/add_sub_cancel_16 = .007996
  [144] cadical/shift-add+ripple/add_sub_cancel_16 = .008868
  [145] cryptominisat/shift-add+ripple/add_sub_cancel_16 = .008984
  [149] cryptominisat/shift-add+brent-kung/add_sub_cancel_16 = .010611
  [150] minisat/shift-add+brent-kung/add_sub_cancel_16 = .011702
  [147] mergesat/shift-add+ripple/add_sub_cancel_16 = .013107
  [148] cadical/shift-add+brent-kung/add_sub_cancel_16 = .015280
  [151] mergesat/shift-add+brent-kung/add_sub_cancel_16 = .016568
  [154] minisat/shift-add+g-only/add_sub_cancel_16 = .007398
  [158] minisat/dadda+ripple/add_sub_cancel_16 = .007530
  [153] cryptominisat/shift-add+g-only/add_sub_cancel_16 = .008326
  [157] cryptominisat/dadda+ripple/add_sub_cancel_16 = .008192
  [152] cadical/shift-add+g-only/add_sub_cancel_16 = .008283
  [156] cadical/dadda+ripple/add_sub_cancel_16 = .008292
  [155] mergesat/shift-add+g-only/add_sub_cancel_16 = .012433
  [159] mergesat/dadda+ripple/add_sub_cancel_16 = .012380
  [166] minisat/dadda+g-only/add_sub_cancel_16 = .007333
  [164] cadical/dadda+g-only/add_sub_cancel_16 = .008239
  [165] cryptominisat/dadda+g-only/add_sub_cancel_16 = .008238
  [161] cryptominisat/dadda+brent-kung/add_sub_cancel_16 = .010224
  [162] minisat/dadda+brent-kung/add_sub_cancel_16 = .011139
  [167] mergesat/dadda+g-only/add_sub_cancel_16 = .012462
  [160] cadical/dadda+brent-kung/add_sub_cancel_16 = .015084
  [163] mergesat/dadda+brent-kung/add_sub_cancel_16 = .016337
  [170] minisat/comba+ripple/add_sub_cancel_16 = .007450
  [168] cadical/comba+ripple/add_sub_cancel_16 = .008243
  [169] cryptominisat/comba+ripple/add_sub_cancel_16 = .008213
  [173] cryptominisat/comba+brent-kung/add_sub_cancel_16 = .009978
  [174] minisat/comba+brent-kung/add_sub_cancel_16 = .011258
  [171] mergesat/comba+ripple/add_sub_cancel_16 = .012520
  [172] cadical/comba+brent-kung/add_sub_cancel_16 = .015049
  [175] mergesat/comba+brent-kung/add_sub_cancel_16 = .016504
  [178] minisat/comba+g-only/add_sub_cancel_16 = .007546
  [182] minisat/comba-cs+ripple/add_sub_cancel_16 = .007386
  [177] cryptominisat/comba+g-only/add_sub_cancel_16 = .008310
  [176] cadical/comba+g-only/add_sub_cancel_16 = .008382
  [181] cryptominisat/comba-cs+ripple/add_sub_cancel_16 = .008200
  [180] cadical/comba-cs+ripple/add_sub_cancel_16 = .008269
  [179] mergesat/comba+g-only/add_sub_cancel_16 = .012502
  [183] mergesat/comba-cs+ripple/add_sub_cancel_16 = .012453
  [190] minisat/comba-cs+g-only/add_sub_cancel_16 = .007532
  [188] cadical/comba-cs+g-only/add_sub_cancel_16 = .008309
  [189] cryptominisat/comba-cs+g-only/add_sub_cancel_16 = .008282
  [185] cryptominisat/comba-cs+brent-kung/add_sub_cancel_16 = .010199
  [186] minisat/comba-cs+brent-kung/add_sub_cancel_16 = .011229
  [191] mergesat/comba-cs+g-only/add_sub_cancel_16 = .012509
  [184] cadical/comba-cs+brent-kung/add_sub_cancel_16 = .015400
  [187] mergesat/comba-cs+brent-kung/add_sub_cancel_16 = .016448
  [194] minisat/shift-add+ripple/assoc_8 = .009319
  [192] cadical/shift-add+ripple/assoc_8 = .009731
  [196] cadical/shift-add+brent-kung/assoc_8 = .009640
  [198] minisat/shift-add+brent-kung/assoc_8 = .009333
  [193] cryptominisat/shift-add+ripple/assoc_8 = 84.554819
  [197] cryptominisat/shift-add+brent-kung/assoc_8 = 84.927874
  [195] mergesat/shift-add+ripple/assoc_8 = 102.694284
  [199] mergesat/shift-add+brent-kung/assoc_8 = 103.723683
  [202] minisat/shift-add+g-only/assoc_8 = .009298
  [200] cadical/shift-add+g-only/assoc_8 = .009678
  [206] minisat/dadda+ripple/assoc_8 = .009361
  [204] cadical/dadda+ripple/assoc_8 = .009482
  [201] cryptominisat/shift-add+g-only/assoc_8 = 84.986144
  [203] mergesat/shift-add+g-only/assoc_8 = 102.934893
  [205] cryptominisat/dadda+ripple/assoc_8 = T/O
  [207] mergesat/dadda+ripple/assoc_8 = T/O
  [210] minisat/dadda+brent-kung/assoc_8 = .009602
  [208] cadical/dadda+brent-kung/assoc_8 = .009780
  [212] cadical/dadda+g-only/assoc_8 = .009666
  [214] minisat/dadda+g-only/assoc_8 = .009464
  [209] cryptominisat/dadda+brent-kung/assoc_8 = T/O
  [213] cryptominisat/dadda+g-only/assoc_8 = T/O
  [215] mergesat/dadda+g-only/assoc_8 = T/O
  [211] mergesat/dadda+brent-kung/assoc_8 = T/O
  [218] minisat/comba+ripple/assoc_8 = .010297
  [216] cadical/comba+ripple/assoc_8 = .010667
  [222] minisat/comba+brent-kung/assoc_8 = T/O
  [221] cryptominisat/comba+brent-kung/assoc_8 = T/O
  [220] cadical/comba+brent-kung/assoc_8 = T/O
  [223] mergesat/comba+brent-kung/assoc_8 = T/O
  [217] cryptominisat/comba+ripple/assoc_8 = T/O
  [219] mergesat/comba+ripple/assoc_8 = T/O
  [230] minisat/comba-cs+ripple/assoc_8 = .009260
  [228] cadical/comba-cs+ripple/assoc_8 = .009652
  [226] minisat/comba+g-only/assoc_8 = .010214
  [224] cadical/comba+g-only/assoc_8 = .010702
  [229] cryptominisat/comba-cs+ripple/assoc_8 = 84.866346
  [231] mergesat/comba-cs+ripple/assoc_8 = 102.968748
  [225] cryptominisat/comba+g-only/assoc_8 = T/O
  [227] mergesat/comba+g-only/assoc_8 = T/O
  [232] cadical/comba-cs+brent-kung/assoc_8 = .009589
  [234] minisat/comba-cs+brent-kung/assoc_8 = .009483
  [236] cadical/comba-cs+g-only/assoc_8 = .009540
  [238] minisat/comba-cs+g-only/assoc_8 = .009300
  [237] cryptominisat/comba-cs+g-only/assoc_8 = 85.154243
  [233] cryptominisat/comba-cs+brent-kung/assoc_8 = 85.239172
  [239] mergesat/comba-cs+g-only/assoc_8 = 103.506841
  [235] mergesat/comba-cs+brent-kung/assoc_8 = 103.812546
  [242] minisat/shift-add+ripple/barrett_red_8 = .006532
  [246] minisat/shift-add+brent-kung/barrett_red_8 = .006732
  [241] cryptominisat/shift-add+ripple/barrett_red_8 = .007279
  [245] cryptominisat/shift-add+brent-kung/barrett_red_8 = .007445
  [243] mergesat/shift-add+ripple/barrett_red_8 = .007839
  [247] mergesat/shift-add+brent-kung/barrett_red_8 = .009019
  [240] cadical/shift-add+ripple/barrett_red_8 = .012670
  [244] cadical/shift-add+brent-kung/barrett_red_8 = .012795
  [250] minisat/shift-add+g-only/barrett_red_8 = .006664
  [254] minisat/dadda+ripple/barrett_red_8 = .006590
  [249] cryptominisat/shift-add+g-only/barrett_red_8 = .007545
  [251] mergesat/shift-add+g-only/barrett_red_8 = .007869
  [253] cryptominisat/dadda+ripple/barrett_red_8 = .007794
  [255] mergesat/dadda+ripple/barrett_red_8 = .009005
  [248] cadical/shift-add+g-only/barrett_red_8 = .012530
  [252] cadical/dadda+ripple/barrett_red_8 = .012585
  [262] minisat/dadda+g-only/barrett_red_8 = .006598
  [258] minisat/dadda+brent-kung/barrett_red_8 = .007167
  [257] cryptominisat/dadda+brent-kung/barrett_red_8 = .007694
  [261] cryptominisat/dadda+g-only/barrett_red_8 = .007789
  [259] mergesat/dadda+brent-kung/barrett_red_8 = .008638
  [263] mergesat/dadda+g-only/barrett_red_8 = .008988
  [260] cadical/dadda+g-only/barrett_red_8 = .012652
  [256] cadical/dadda+brent-kung/barrett_red_8 = .013504
  [266] minisat/comba+ripple/barrett_red_8 = .008948
  [267] mergesat/comba+ripple/barrett_red_8 = .014211
  [264] cadical/comba+ripple/barrett_red_8 = .017467
  [265] cryptominisat/comba+ripple/barrett_red_8 = .020843
  [271] mergesat/comba+brent-kung/barrett_red_8 = T/O
  [270] minisat/comba+brent-kung/barrett_red_8 = T/O
  [269] cryptominisat/comba+brent-kung/barrett_red_8 = T/O
  [268] cadical/comba+brent-kung/barrett_red_8 = T/O
  [278] minisat/comba-cs+ripple/barrett_red_8 = .007155
  [277] cryptominisat/comba-cs+ripple/barrett_red_8 = .007813
  [279] mergesat/comba-cs+ripple/barrett_red_8 = .008552
  [274] minisat/comba+g-only/barrett_red_8 = .009592
  [276] cadical/comba-cs+ripple/barrett_red_8 = .012613
  [275] mergesat/comba+g-only/barrett_red_8 = .014414
  [272] cadical/comba+g-only/barrett_red_8 = .017630
  [273] cryptominisat/comba+g-only/barrett_red_8 = .021091
  [282] minisat/comba-cs+brent-kung/barrett_red_8 = .006770
  [286] minisat/comba-cs+g-only/barrett_red_8 = .006490
  [281] cryptominisat/comba-cs+brent-kung/barrett_red_8 = .007643
  [285] cryptominisat/comba-cs+g-only/barrett_red_8 = .007242
  [287] mergesat/comba-cs+g-only/barrett_red_8 = .007939
  [283] mergesat/comba-cs+brent-kung/barrett_red_8 = .008842
  [280] cadical/comba-cs+brent-kung/barrett_red_8 = .012675
  [284] cadical/comba-cs+g-only/barrett_red_8 = .012278
  [288] cadical/shift-add+ripple/bf16_mul_comm = .008805
  [292] cadical/shift-add+brent-kung/bf16_mul_comm = .008552
  [291] mergesat/shift-add+ripple/bf16_mul_comm = .042637
  [295] mergesat/shift-add+brent-kung/bf16_mul_comm = .042391
  [290] minisat/shift-add+ripple/bf16_mul_comm = .044672
  [294] minisat/shift-add+brent-kung/bf16_mul_comm = .044566
  [289] cryptominisat/shift-add+ripple/bf16_mul_comm = .273988
  [293] cryptominisat/shift-add+brent-kung/bf16_mul_comm = .274742
  [296] cadical/shift-add+g-only/bf16_mul_comm = .008732
  [300] cadical/dadda+ripple/bf16_mul_comm = .008767
  [303] mergesat/dadda+ripple/bf16_mul_comm = .030837
  [302] minisat/dadda+ripple/bf16_mul_comm = .031277
  [299] mergesat/shift-add+g-only/bf16_mul_comm = .042585
  [298] minisat/shift-add+g-only/bf16_mul_comm = .044503
  [301] cryptominisat/dadda+ripple/bf16_mul_comm = .044209
  [297] cryptominisat/shift-add+g-only/bf16_mul_comm = .270696
  [304] cadical/dadda+brent-kung/bf16_mul_comm = .008914
  [308] cadical/dadda+g-only/bf16_mul_comm = .008818
  [307] mergesat/dadda+brent-kung/bf16_mul_comm = .030779
  [311] mergesat/dadda+g-only/bf16_mul_comm = .030803
  [306] minisat/dadda+brent-kung/bf16_mul_comm = .031477
  [310] minisat/dadda+g-only/bf16_mul_comm = .031492
  [305] cryptominisat/dadda+brent-kung/bf16_mul_comm = .044134
  [309] cryptominisat/dadda+g-only/bf16_mul_comm = .043930
  [312] cadical/comba+ripple/bf16_mul_comm = .009660
  [316] cadical/comba+brent-kung/bf16_mul_comm = .009577
  [314] minisat/comba+ripple/bf16_mul_comm = .025053
  [318] minisat/comba+brent-kung/bf16_mul_comm = .025008
  [313] cryptominisat/comba+ripple/bf16_mul_comm = .044154
  [317] cryptominisat/comba+brent-kung/bf16_mul_comm = .044151
  [315] mergesat/comba+ripple/bf16_mul_comm = .057614
  [319] mergesat/comba+brent-kung/bf16_mul_comm = .057387
  [324] cadical/comba-cs+ripple/bf16_mul_comm = .008771
  [320] cadical/comba+g-only/bf16_mul_comm = .009620
  [322] minisat/comba+g-only/bf16_mul_comm = .025001
  [327] mergesat/comba-cs+ripple/bf16_mul_comm = .032046
  [326] minisat/comba-cs+ripple/bf16_mul_comm = .039922
  [321] cryptominisat/comba+g-only/bf16_mul_comm = .043903
  [323] mergesat/comba+g-only/bf16_mul_comm = .057180
  [325] cryptominisat/comba-cs+ripple/bf16_mul_comm = .232905
  [328] cadical/comba-cs+brent-kung/bf16_mul_comm = .008898
  [332] cadical/comba-cs+g-only/bf16_mul_comm = .008840
  [331] mergesat/comba-cs+brent-kung/bf16_mul_comm = .031918
  [335] mergesat/comba-cs+g-only/bf16_mul_comm = .031901
  [330] minisat/comba-cs+brent-kung/bf16_mul_comm = .039640
  [334] minisat/comba-cs+g-only/bf16_mul_comm = .039563
  [333] cryptominisat/comba-cs+g-only/bf16_mul_comm = .235046
  [329] cryptominisat/comba-cs+brent-kung/bf16_mul_comm = .235788
  [340] cadical/shift-add+brent-kung/bf16_mul_comm_v2 = 22.954746
  [336] cadical/shift-add+ripple/bf16_mul_comm_v2 = 23.016230
  [341] cryptominisat/shift-add+brent-kung/bf16_mul_comm_v2 = 50.887705
  [337] cryptominisat/shift-add+ripple/bf16_mul_comm_v2 = 51.427629
  [339] mergesat/shift-add+ripple/bf16_mul_comm_v2 = 85.967579
  [343] mergesat/shift-add+brent-kung/bf16_mul_comm_v2 = 84.983120
  [338] minisat/shift-add+ripple/bf16_mul_comm_v2 = T/O
  [342] minisat/shift-add+brent-kung/bf16_mul_comm_v2 = T/O
  [344] cadical/shift-add+g-only/bf16_mul_comm_v2 = 22.998903
  [348] cadical/dadda+ripple/bf16_mul_comm_v2 = 27.891399
  [345] cryptominisat/shift-add+g-only/bf16_mul_comm_v2 = 51.204044
  [349] cryptominisat/dadda+ripple/bf16_mul_comm_v2 = 58.155989
  [347] mergesat/shift-add+g-only/bf16_mul_comm_v2 = 86.075733
  [350] minisat/dadda+ripple/bf16_mul_comm_v2 = 89.973435
  [351] mergesat/dadda+ripple/bf16_mul_comm_v2 = 110.699143
  [346] minisat/shift-add+g-only/bf16_mul_comm_v2 = T/O
  [352] cadical/dadda+brent-kung/bf16_mul_comm_v2 = 28.037872
  [356] cadical/dadda+g-only/bf16_mul_comm_v2 = 28.105291
  [357] cryptominisat/dadda+g-only/bf16_mul_comm_v2 = 58.946342
  [353] cryptominisat/dadda+brent-kung/bf16_mul_comm_v2 = 59.167856
  [354] minisat/dadda+brent-kung/bf16_mul_comm_v2 = 90.110096
  [358] minisat/dadda+g-only/bf16_mul_comm_v2 = 90.194368
  [355] mergesat/dadda+brent-kung/bf16_mul_comm_v2 = 111.021321
  [359] mergesat/dadda+g-only/bf16_mul_comm_v2 = 111.582659
  [364] cadical/comba+brent-kung/bf16_mul_comm_v2 = 10.630879
  [360] cadical/comba+ripple/bf16_mul_comm_v2 = 10.617800
  [361] cryptominisat/comba+ripple/bf16_mul_comm_v2 = 41.991603
  [365] cryptominisat/comba+brent-kung/bf16_mul_comm_v2 = 42.124469
  [362] minisat/comba+ripple/bf16_mul_comm_v2 = T/O
  [366] minisat/comba+brent-kung/bf16_mul_comm_v2 = T/O
  [363] mergesat/comba+ripple/bf16_mul_comm_v2 = T/O
  [367] mergesat/comba+brent-kung/bf16_mul_comm_v2 = T/O
  [368] cadical/comba+g-only/bf16_mul_comm_v2 = 10.628634
  [372] cadical/comba-cs+ripple/bf16_mul_comm_v2 = 11.147127
  [369] cryptominisat/comba+g-only/bf16_mul_comm_v2 = 42.297965
  [373] cryptominisat/comba-cs+ripple/bf16_mul_comm_v2 = 48.868319
  [375] mergesat/comba-cs+ripple/bf16_mul_comm_v2 = T/O
  [370] minisat/comba+g-only/bf16_mul_comm_v2 = T/O
  [374] minisat/comba-cs+ripple/bf16_mul_comm_v2 = T/O
  [371] mergesat/comba+g-only/bf16_mul_comm_v2 = T/O
  [376] cadical/comba-cs+brent-kung/bf16_mul_comm_v2 = 11.171063
  [380] cadical/comba-cs+g-only/bf16_mul_comm_v2 = 11.158047
  [381] cryptominisat/comba-cs+g-only/bf16_mul_comm_v2 = 48.917182
  [377] cryptominisat/comba-cs+brent-kung/bf16_mul_comm_v2 = 48.637122
  [379] mergesat/comba-cs+brent-kung/bf16_mul_comm_v2 = T/O
  [383] mergesat/comba-cs+g-only/bf16_mul_comm_v2 = 119.931553
  [378] minisat/comba-cs+brent-kung/bf16_mul_comm_v2 = T/O
  [382] minisat/comba-cs+g-only/bf16_mul_comm_v2 = T/O
  [386] minisat/shift-add+ripple/bf16_mul_const = .019846
  [390] minisat/shift-add+brent-kung/bf16_mul_const = .019813
  [384] cadical/shift-add+ripple/bf16_mul_const = .030151
  [388] cadical/shift-add+brent-kung/bf16_mul_const = .029986
  [387] mergesat/shift-add+ripple/bf16_mul_const = .037961
  [391] mergesat/shift-add+brent-kung/bf16_mul_const = .038030
  [385] cryptominisat/shift-add+ripple/bf16_mul_const = .048662
  [389] cryptominisat/shift-add+brent-kung/bf16_mul_const = .048647
  [394] minisat/shift-add+g-only/bf16_mul_const = .019774
  [398] minisat/dadda+ripple/bf16_mul_const = .022742
  [396] cadical/dadda+ripple/bf16_mul_const = .028129
  [392] cadical/shift-add+g-only/bf16_mul_const = .030316
  [397] cryptominisat/dadda+ripple/bf16_mul_const = .037382
  [395] mergesat/shift-add+g-only/bf16_mul_const = .038191
  [399] mergesat/dadda+ripple/bf16_mul_const = .037583
  [393] cryptominisat/shift-add+g-only/bf16_mul_const = .048386
  [402] minisat/dadda+brent-kung/bf16_mul_const = .023050
  [406] minisat/dadda+g-only/bf16_mul_const = .022935
  [400] cadical/dadda+brent-kung/bf16_mul_const = .028274
  [404] cadical/dadda+g-only/bf16_mul_const = .028019
  [401] cryptominisat/dadda+brent-kung/bf16_mul_const = .037298
  [405] cryptominisat/dadda+g-only/bf16_mul_const = .037409
  [403] mergesat/dadda+brent-kung/bf16_mul_const = .037639
  [407] mergesat/dadda+g-only/bf16_mul_const = .037617
  [410] minisat/comba+ripple/bf16_mul_const = .022403
  [414] minisat/comba+brent-kung/bf16_mul_const = .022402
  [408] cadical/comba+ripple/bf16_mul_const = .032046
  [412] cadical/comba+brent-kung/bf16_mul_const = .032419
  [409] cryptominisat/comba+ripple/bf16_mul_const = .041177
  [413] cryptominisat/comba+brent-kung/bf16_mul_const = .041273
  [411] mergesat/comba+ripple/bf16_mul_const = .088724
  [415] mergesat/comba+brent-kung/bf16_mul_const = .088463
  [422] minisat/comba-cs+ripple/bf16_mul_const = .021243
  [418] minisat/comba+g-only/bf16_mul_const = .022434
  [420] cadical/comba-cs+ripple/bf16_mul_const = .028129
  [416] cadical/comba+g-only/bf16_mul_const = .032117
  [421] cryptominisat/comba-cs+ripple/bf16_mul_const = .032737
  [417] cryptominisat/comba+g-only/bf16_mul_const = .041109
  [423] mergesat/comba-cs+ripple/bf16_mul_const = .047931
  [419] mergesat/comba+g-only/bf16_mul_const = .088109
  [426] minisat/comba-cs+brent-kung/bf16_mul_const = .021596
  [430] minisat/comba-cs+g-only/bf16_mul_const = .021185
  [424] cadical/comba-cs+brent-kung/bf16_mul_const = .028263
  [428] cadical/comba-cs+g-only/bf16_mul_const = .028317
  [425] cryptominisat/comba-cs+brent-kung/bf16_mul_const = .032698
  [429] cryptominisat/comba-cs+g-only/bf16_mul_const = .032625
  [427] mergesat/comba-cs+brent-kung/bf16_mul_const = .047857
  [431] mergesat/comba-cs+g-only/bf16_mul_const = .047803
  [432] cadical/shift-add+ripple/bf16_mul_mono = 29.156947
  [436] cadical/shift-add+brent-kung/bf16_mul_mono = 29.228798
  [433] cryptominisat/shift-add+ripple/bf16_mul_mono = 52.475246
  [437] cryptominisat/shift-add+brent-kung/bf16_mul_mono = 53.080323
  [439] mergesat/shift-add+brent-kung/bf16_mul_mono = 95.267515
  [435] mergesat/shift-add+ripple/bf16_mul_mono = 96.610541
  [434] minisat/shift-add+ripple/bf16_mul_mono = T/O
  [438] minisat/shift-add+brent-kung/bf16_mul_mono = T/O
  [440] cadical/shift-add+g-only/bf16_mul_mono = 29.208020
  [444] cadical/dadda+ripple/bf16_mul_mono = 32.623824
  [441] cryptominisat/shift-add+g-only/bf16_mul_mono = 52.678691
  [445] cryptominisat/dadda+ripple/bf16_mul_mono = 95.779757
  [447] mergesat/dadda+ripple/bf16_mul_mono = 96.305736
  [443] mergesat/shift-add+g-only/bf16_mul_mono = 96.911747
  [442] minisat/shift-add+g-only/bf16_mul_mono = T/O
  [446] minisat/dadda+ripple/bf16_mul_mono = T/O
  [448] cadical/dadda+brent-kung/bf16_mul_mono = 32.658211
  [452] cadical/dadda+g-only/bf16_mul_mono = 32.688764
  [453] cryptominisat/dadda+g-only/bf16_mul_mono = 96.670736
  [449] cryptominisat/dadda+brent-kung/bf16_mul_mono = 98.132114
  [451] mergesat/dadda+brent-kung/bf16_mul_mono = 98.499608
  [455] mergesat/dadda+g-only/bf16_mul_mono = 97.915809
  [450] minisat/dadda+brent-kung/bf16_mul_mono = T/O
  [454] minisat/dadda+g-only/bf16_mul_mono = T/O
  [456] cadical/comba+ripple/bf16_mul_mono = 27.668245
  [460] cadical/comba+brent-kung/bf16_mul_mono = 27.619836
  [457] cryptominisat/comba+ripple/bf16_mul_mono = 88.245219
  [461] cryptominisat/comba+brent-kung/bf16_mul_mono = 88.851290
  [459] mergesat/comba+ripple/bf16_mul_mono = 101.529760
  [463] mergesat/comba+brent-kung/bf16_mul_mono = 102.779980
  [458] minisat/comba+ripple/bf16_mul_mono = T/O
  [462] minisat/comba+brent-kung/bf16_mul_mono = T/O
  [464] cadical/comba+g-only/bf16_mul_mono = 27.684351
  [468] cadical/comba-cs+ripple/bf16_mul_mono = 29.106126
  [469] cryptominisat/comba-cs+ripple/bf16_mul_mono = 72.658312
  [465] cryptominisat/comba+g-only/bf16_mul_mono = 88.093176
  [467] mergesat/comba+g-only/bf16_mul_mono = 102.188518
  [471] mergesat/comba-cs+ripple/bf16_mul_mono = 112.976485
  [466] minisat/comba+g-only/bf16_mul_mono = T/O
  [470] minisat/comba-cs+ripple/bf16_mul_mono = T/O
  [472] cadical/comba-cs+brent-kung/bf16_mul_mono = 29.117081
  [476] cadical/comba-cs+g-only/bf16_mul_mono = 29.029009
  [473] cryptominisat/comba-cs+brent-kung/bf16_mul_mono = 72.112648
  [477] cryptominisat/comba-cs+g-only/bf16_mul_mono = 72.341534
  [479] mergesat/comba-cs+g-only/bf16_mul_mono = 113.960787
  [475] mergesat/comba-cs+brent-kung/bf16_mul_mono = 114.504350
  [474] minisat/comba-cs+brent-kung/bf16_mul_mono = T/O
  [478] minisat/comba-cs+g-only/bf16_mul_mono = T/O
  [484] cadical/shift-add+brent-kung/checked_mul_16 = .389727
  [480] cadical/shift-add+ripple/checked_mul_16 = .390112
  [483] mergesat/shift-add+ripple/checked_mul_16 = 9.156660
  [487] mergesat/shift-add+brent-kung/checked_mul_16 = 9.177766
  [486] minisat/shift-add+brent-kung/checked_mul_16 = 21.967494
  [482] minisat/shift-add+ripple/checked_mul_16 = 21.972412
  [481] cryptominisat/shift-add+ripple/checked_mul_16 = 42.644699
  [485] cryptominisat/shift-add+brent-kung/checked_mul_16 = 42.717857
  [492] cadical/dadda+ripple/checked_mul_16 = .279183
  [488] cadical/shift-add+g-only/checked_mul_16 = .389787
  [494] minisat/dadda+ripple/checked_mul_16 = 4.992214
  [495] mergesat/dadda+ripple/checked_mul_16 = 5.615692
  [491] mergesat/shift-add+g-only/checked_mul_16 = 9.137963
  [493] cryptominisat/dadda+ripple/checked_mul_16 = 19.418062
  [490] minisat/shift-add+g-only/checked_mul_16 = 21.998518
  [489] cryptominisat/shift-add+g-only/checked_mul_16 = 42.367855
  [500] cadical/dadda+g-only/checked_mul_16 = .278984
  [496] cadical/dadda+brent-kung/checked_mul_16 = .390806
  [502] minisat/dadda+g-only/checked_mul_16 = 5.002491
  [503] mergesat/dadda+g-only/checked_mul_16 = 5.622287
  [499] mergesat/dadda+brent-kung/checked_mul_16 = 6.745583
  [501] cryptominisat/dadda+g-only/checked_mul_16 = 19.316485
  [498] minisat/dadda+brent-kung/checked_mul_16 = 23.009017
  [497] cryptominisat/dadda+brent-kung/checked_mul_16 = 23.664858
  [504] cadical/comba+ripple/checked_mul_16 = .624900
  [508] cadical/comba+brent-kung/checked_mul_16 = T/O
  [511] mergesat/comba+brent-kung/checked_mul_16 = T/O
  [510] minisat/comba+brent-kung/checked_mul_16 = T/O
  [509] cryptominisat/comba+brent-kung/checked_mul_16 = T/O
  [507] mergesat/comba+ripple/checked_mul_16 = 11.858695
  [506] minisat/comba+ripple/checked_mul_16 = 32.571894
  [505] cryptominisat/comba+ripple/checked_mul_16 = 47.829830
  [516] cadical/comba-cs+ripple/checked_mul_16 = .389936
  [512] cadical/comba+g-only/checked_mul_16 = .625764
  [519] mergesat/comba-cs+ripple/checked_mul_16 = 9.117327
  [515] mergesat/comba+g-only/checked_mul_16 = 12.019184
  [518] minisat/comba-cs+ripple/checked_mul_16 = 21.990022
  [514] minisat/comba+g-only/checked_mul_16 = 32.590238
  [517] cryptominisat/comba-cs+ripple/checked_mul_16 = 43.195179
  [513] cryptominisat/comba+g-only/checked_mul_16 = 47.991379
  [524] cadical/comba-cs+g-only/checked_mul_16 = .389510
  [520] cadical/comba-cs+brent-kung/checked_mul_16 = .389983
  [527] mergesat/comba-cs+g-only/checked_mul_16 = 9.125874
  [523] mergesat/comba-cs+brent-kung/checked_mul_16 = 9.122759
  [526] minisat/comba-cs+g-only/checked_mul_16 = 21.980075
  [522] minisat/comba-cs+brent-kung/checked_mul_16 = 22.009900
  [521] cryptominisat/comba-cs+brent-kung/checked_mul_16 = 43.010034
  [525] cryptominisat/comba-cs+g-only/checked_mul_16 = 43.035926
  [530] minisat/shift-add+ripple/comm_16 = .006881
  [528] cadical/shift-add+ripple/comm_16 = .007338
  [534] minisat/shift-add+brent-kung/comm_16 = .006887
  [532] cadical/shift-add+brent-kung/comm_16 = .007252
  [529] cryptominisat/shift-add+ripple/comm_16 = T/O
  [533] cryptominisat/shift-add+brent-kung/comm_16 = T/O
  [531] mergesat/shift-add+ripple/comm_16 = T/O
  [535] mergesat/shift-add+brent-kung/comm_16 = T/O
  [538] minisat/shift-add+g-only/comm_16 = .006882
  [536] cadical/shift-add+g-only/comm_16 = .007283
  [542] minisat/dadda+ripple/comm_16 = .006953
  [540] cadical/dadda+ripple/comm_16 = .007386
  [537] cryptominisat/shift-add+g-only/comm_16 = T/O
  [541] cryptominisat/dadda+ripple/comm_16 = T/O
  [539] mergesat/shift-add+g-only/comm_16 = T/O
  [543] mergesat/dadda+ripple/comm_16 = T/O
  [546] minisat/dadda+brent-kung/comm_16 = .007096
  [544] cadical/dadda+brent-kung/comm_16 = .007573
  [550] minisat/dadda+g-only/comm_16 = .007055
  [548] cadical/dadda+g-only/comm_16 = .007444
  [545] cryptominisat/dadda+brent-kung/comm_16 = T/O
  [549] cryptominisat/dadda+g-only/comm_16 = T/O
  [551] mergesat/dadda+g-only/comm_16 = T/O
  [547] mergesat/dadda+brent-kung/comm_16 = T/O
  [554] minisat/comba+ripple/comm_16 = .008861
  [552] cadical/comba+ripple/comm_16 = .009470
  [559] mergesat/comba+brent-kung/comm_16 = T/O
  [556] cadical/comba+brent-kung/comm_16 = T/O
  [557] cryptominisat/comba+brent-kung/comm_16 = T/O
  [558] minisat/comba+brent-kung/comm_16 = T/O
  [553] cryptominisat/comba+ripple/comm_16 = T/O
  [555] mergesat/comba+ripple/comm_16 = T/O
  [562] minisat/comba+g-only/comm_16 = .008693
  [566] minisat/comba-cs+ripple/comm_16 = .008229
  [560] cadical/comba+g-only/comm_16 = .009502
  [564] cadical/comba-cs+ripple/comm_16 = .008978
  [567] mergesat/comba-cs+ripple/comm_16 = 12.452307
  [561] cryptominisat/comba+g-only/comm_16 = T/O
  [565] cryptominisat/comba-cs+ripple/comm_16 = T/O
  [563] mergesat/comba+g-only/comm_16 = T/O
  [570] minisat/comba-cs+brent-kung/comm_16 = .008445
  [574] minisat/comba-cs+g-only/comm_16 = .008388
  [568] cadical/comba-cs+brent-kung/comm_16 = .009054
  [572] cadical/comba-cs+g-only/comm_16 = .009016
  [575] mergesat/comba-cs+g-only/comm_16 = 12.527158
  [571] mergesat/comba-cs+brent-kung/comm_16 = 12.486737
  [569] cryptominisat/comba-cs+brent-kung/comm_16 = T/O
  [573] cryptominisat/comba-cs+g-only/comm_16 = T/O
  [578] minisat/shift-add+ripple/comm_20 = .007683
  [582] minisat/shift-add+brent-kung/comm_20 = .007705
  [576] cadical/shift-add+ripple/comm_20 = .008470
  [580] cadical/shift-add+brent-kung/comm_20 = .008530
  [577] cryptominisat/shift-add+ripple/comm_20 = T/O
  [581] cryptominisat/shift-add+brent-kung/comm_20 = T/O
  [579] mergesat/shift-add+ripple/comm_20 = T/O
  [583] mergesat/shift-add+brent-kung/comm_20 = T/O
  [586] minisat/shift-add+g-only/comm_20 = .007652
  [590] minisat/dadda+ripple/comm_20 = .007903
  [584] cadical/shift-add+g-only/comm_20 = .008504
  [588] cadical/dadda+ripple/comm_20 = .008513
  [585] cryptominisat/shift-add+g-only/comm_20 = T/O
  [589] cryptominisat/dadda+ripple/comm_20 = T/O
  [587] mergesat/shift-add+g-only/comm_20 = T/O
  [591] mergesat/dadda+ripple/comm_20 = T/O
  [594] minisat/dadda+brent-kung/comm_20 = .007975
  [598] minisat/dadda+g-only/comm_20 = .007811
  [592] cadical/dadda+brent-kung/comm_20 = .008790
  [596] cadical/dadda+g-only/comm_20 = .008448
  [593] cryptominisat/dadda+brent-kung/comm_20 = T/O
  [597] cryptominisat/dadda+g-only/comm_20 = T/O
  [599] mergesat/dadda+g-only/comm_20 = T/O
  [595] mergesat/dadda+brent-kung/comm_20 = T/O
  [602] minisat/comba+ripple/comm_20 = .010625
  [600] cadical/comba+ripple/comm_20 = .011936
  [604] cadical/comba+brent-kung/comm_20 = T/O
  [607] mergesat/comba+brent-kung/comm_20 = T/O
  [606] minisat/comba+brent-kung/comm_20 = T/O
  [605] cryptominisat/comba+brent-kung/comm_20 = T/O
  [601] cryptominisat/comba+ripple/comm_20 = T/O
  [603] mergesat/comba+ripple/comm_20 = T/O
  [614] minisat/comba-cs+ripple/comm_20 = .009789
  [610] minisat/comba+g-only/comm_20 = .010547
  [612] cadical/comba-cs+ripple/comm_20 = .010733
  [608] cadical/comba+g-only/comm_20 = .011934
  [615] mergesat/comba-cs+ripple/comm_20 = 46.758512
  [609] cryptominisat/comba+g-only/comm_20 = T/O
  [613] cryptominisat/comba-cs+ripple/comm_20 = T/O
  [611] mergesat/comba+g-only/comm_20 = T/O
  [618] minisat/comba-cs+brent-kung/comm_20 = .009730
  [622] minisat/comba-cs+g-only/comm_20 = .009751
  [616] cadical/comba-cs+brent-kung/comm_20 = .010910
  [620] cadical/comba-cs+g-only/comm_20 = .010765
  [623] mergesat/comba-cs+g-only/comm_20 = 46.585699
  [619] mergesat/comba-cs+brent-kung/comm_20 = 46.585364
  [617] cryptominisat/comba-cs+brent-kung/comm_20 = T/O
  [621] cryptominisat/comba-cs+g-only/comm_20 = T/O
  [626] minisat/shift-add+ripple/comm_32 = .011291
  [630] minisat/shift-add+brent-kung/comm_32 = .011241
  [624] cadical/shift-add+ripple/comm_32 = .013108
  [628] cadical/shift-add+brent-kung/comm_32 = .013089
  [625] cryptominisat/shift-add+ripple/comm_32 = T/O
  [629] cryptominisat/shift-add+brent-kung/comm_32 = T/O
  [627] mergesat/shift-add+ripple/comm_32 = T/O
  [631] mergesat/shift-add+brent-kung/comm_32 = T/O
  [634] minisat/shift-add+g-only/comm_32 = .011163
  [638] minisat/dadda+ripple/comm_32 = .011469
  [632] cadical/shift-add+g-only/comm_32 = .012990
  [636] cadical/dadda+ripple/comm_32 = .012991
  [633] cryptominisat/shift-add+g-only/comm_32 = T/O
  [637] cryptominisat/dadda+ripple/comm_32 = T/O
  [635] mergesat/shift-add+g-only/comm_32 = T/O
  [639] mergesat/dadda+ripple/comm_32 = T/O
  [646] minisat/dadda+g-only/comm_32 = .011598
  [642] minisat/dadda+brent-kung/comm_32 = .011845
  [640] cadical/dadda+brent-kung/comm_32 = .013516
  [644] cadical/dadda+g-only/comm_32 = .013181
  [641] cryptominisat/dadda+brent-kung/comm_32 = T/O
  [645] cryptominisat/dadda+g-only/comm_32 = T/O
  [643] mergesat/dadda+brent-kung/comm_32 = T/O
  [647] mergesat/dadda+g-only/comm_32 = T/O
  [650] minisat/comba+ripple/comm_32 = .018501
  [648] cadical/comba+ripple/comm_32 = .022709
  [653] cryptominisat/comba+brent-kung/comm_32 = T/O
  [652] cadical/comba+brent-kung/comm_32 = T/O
  [655] mergesat/comba+brent-kung/comm_32 = T/O
  [654] minisat/comba+brent-kung/comm_32 = T/O
  [649] cryptominisat/comba+ripple/comm_32 = T/O
  [651] mergesat/comba+ripple/comm_32 = T/O
  [662] minisat/comba-cs+ripple/comm_32 = .011344
  [660] cadical/comba-cs+ripple/comm_32 = .013175
  [658] minisat/comba+g-only/comm_32 = .018374
  [656] cadical/comba+g-only/comm_32 = .022559
  [661] cryptominisat/comba-cs+ripple/comm_32 = T/O
  [657] cryptominisat/comba+g-only/comm_32 = T/O
  [663] mergesat/comba-cs+ripple/comm_32 = T/O
  [659] mergesat/comba+g-only/comm_32 = T/O
  [666] minisat/comba-cs+brent-kung/comm_32 = .011280
  [670] minisat/comba-cs+g-only/comm_32 = .011145
  [664] cadical/comba-cs+brent-kung/comm_32 = .012952
  [668] cadical/comba-cs+g-only/comm_32 = .012983
  [665] cryptominisat/comba-cs+brent-kung/comm_32 = T/O
  [669] cryptominisat/comba-cs+g-only/comm_32 = T/O
  [667] mergesat/comba-cs+brent-kung/comm_32 = T/O
  [671] mergesat/comba-cs+g-only/comm_32 = T/O
  [674] minisat/shift-add+ripple/comm_8 = .005760
  [672] cadical/shift-add+ripple/comm_8 = .006100
  [676] cadical/shift-add+brent-kung/comm_8 = .005877
  [678] minisat/shift-add+brent-kung/comm_8 = .005856
  [673] cryptominisat/shift-add+ripple/comm_8 = 1.646025
  [677] cryptominisat/shift-add+brent-kung/comm_8 = 1.652189
  [679] mergesat/shift-add+brent-kung/comm_8 = 2.647189
  [675] mergesat/shift-add+ripple/comm_8 = 2.655685
  [680] cadical/shift-add+g-only/comm_8 = .005975
  [682] minisat/shift-add+g-only/comm_8 = .005896
  [684] cadical/dadda+ripple/comm_8 = .005978
  [686] minisat/dadda+ripple/comm_8 = .005813
  [687] mergesat/dadda+ripple/comm_8 = 1.012256
  [685] cryptominisat/dadda+ripple/comm_8 = 1.049220
  [681] cryptominisat/shift-add+g-only/comm_8 = 1.648770
  [683] mergesat/shift-add+g-only/comm_8 = 2.650336
  [688] cadical/dadda+brent-kung/comm_8 = .006120
  [690] minisat/dadda+brent-kung/comm_8 = .005884
  [694] minisat/dadda+g-only/comm_8 = .005784
  [692] cadical/dadda+g-only/comm_8 = .005963
  [691] mergesat/dadda+brent-kung/comm_8 = .697063
  [695] mergesat/dadda+g-only/comm_8 = 1.014781
  [693] cryptominisat/dadda+g-only/comm_8 = 1.060167
  [689] cryptominisat/dadda+brent-kung/comm_8 = 1.177434
  [698] minisat/comba+ripple/comm_8 = .006454
  [696] cadical/comba+ripple/comm_8 = .006674
  [699] mergesat/comba+ripple/comm_8 = .239062
  [697] cryptominisat/comba+ripple/comm_8 = .530655
  [702] minisat/comba+brent-kung/comm_8 = T/O
  [703] mergesat/comba+brent-kung/comm_8 = T/O
  [701] cryptominisat/comba+brent-kung/comm_8 = T/O
  [700] cadical/comba+brent-kung/comm_8 = T/O
  [704] cadical/comba+g-only/comm_8 = .006855
  [706] minisat/comba+g-only/comm_8 = .006799
  [710] minisat/comba-cs+ripple/comm_8 = .006644
  [708] cadical/comba-cs+ripple/comm_8 = .006772
  [707] mergesat/comba+g-only/comm_8 = .239363
  [711] mergesat/comba-cs+ripple/comm_8 = .400423
  [705] cryptominisat/comba+g-only/comm_8 = .534591
  [709] cryptominisat/comba-cs+ripple/comm_8 = 1.393009
  [714] minisat/comba-cs+brent-kung/comm_8 = .006164
  [712] cadical/comba-cs+brent-kung/comm_8 = .006325
  [716] cadical/comba-cs+g-only/comm_8 = .006321
  [718] minisat/comba-cs+g-only/comm_8 = .006051
  [715] mergesat/comba-cs+brent-kung/comm_8 = .399458
  [719] mergesat/comba-cs+g-only/comm_8 = .400514
  [717] cryptominisat/comba-cs+g-only/comm_8 = 1.398036
  [713] cryptominisat/comba-cs+brent-kung/comm_8 = 1.403815
  [720] cadical/shift-add+ripple/crypto_square_mod = .018667
  [724] cadical/shift-add+brent-kung/crypto_square_mod = .021351
  [722] minisat/shift-add+ripple/crypto_square_mod = .034815
  [725] cryptominisat/shift-add+brent-kung/crypto_square_mod = .037577
  [726] minisat/shift-add+brent-kung/crypto_square_mod = .039202
  [723] mergesat/shift-add+ripple/crypto_square_mod = .058665
  [727] mergesat/shift-add+brent-kung/crypto_square_mod = .166119
  [721] cryptominisat/shift-add+ripple/crypto_square_mod = .190001
  [728] cadical/shift-add+g-only/crypto_square_mod = .018382
  [732] cadical/dadda+ripple/crypto_square_mod = .018743
  [733] cryptominisat/dadda+ripple/crypto_square_mod = .033440
  [730] minisat/shift-add+g-only/crypto_square_mod = .034800
  [734] minisat/dadda+ripple/crypto_square_mod = .034941
  [731] mergesat/shift-add+g-only/crypto_square_mod = .058595
  [735] mergesat/dadda+ripple/crypto_square_mod = .103130
  [729] cryptominisat/shift-add+g-only/crypto_square_mod = .188962
  [740] cadical/dadda+g-only/crypto_square_mod = .018499
  [736] cadical/dadda+brent-kung/crypto_square_mod = .021650
  [741] cryptominisat/dadda+g-only/crypto_square_mod = .033087
  [742] minisat/dadda+g-only/crypto_square_mod = .035535
  [738] minisat/dadda+brent-kung/crypto_square_mod = .040582
  [739] mergesat/dadda+brent-kung/crypto_square_mod = .067489
  [743] mergesat/dadda+g-only/crypto_square_mod = .102429
  [737] cryptominisat/dadda+brent-kung/crypto_square_mod = .211733
  [744] cadical/comba+ripple/crypto_square_mod = .020525
  [746] minisat/comba+ripple/crypto_square_mod = .039431
  [745] cryptominisat/comba+ripple/crypto_square_mod = .065001
  [747] mergesat/comba+ripple/crypto_square_mod = .068382
  [750] minisat/comba+brent-kung/crypto_square_mod = T/O
  [751] mergesat/comba+brent-kung/crypto_square_mod = T/O
  [748] cadical/comba+brent-kung/crypto_square_mod = T/O
  [749] cryptominisat/comba+brent-kung/crypto_square_mod = T/O
  [756] cadical/comba-cs+ripple/crypto_square_mod = .020840
  [752] cadical/comba+g-only/crypto_square_mod = .021318
  [754] minisat/comba+g-only/crypto_square_mod = .039451
  [758] minisat/comba-cs+ripple/crypto_square_mod = .039430
  [759] mergesat/comba-cs+ripple/crypto_square_mod = .061907
  [753] cryptominisat/comba+g-only/crypto_square_mod = .065382
  [755] mergesat/comba+g-only/crypto_square_mod = .068358
  [757] cryptominisat/comba-cs+ripple/crypto_square_mod = .113293
  [764] cadical/comba-cs+g-only/crypto_square_mod = .020423
  [760] cadical/comba-cs+brent-kung/crypto_square_mod = .024160
  [766] minisat/comba-cs+g-only/crypto_square_mod = .038631
  [762] minisat/comba-cs+brent-kung/crypto_square_mod = .042421
  [767] mergesat/comba-cs+g-only/crypto_square_mod = .063167
  [763] mergesat/comba-cs+brent-kung/crypto_square_mod = .062826
  [765] cryptominisat/comba-cs+g-only/crypto_square_mod = .113273
  [761] cryptominisat/comba-cs+brent-kung/crypto_square_mod = .117428
  [770] minisat/shift-add+ripple/distrib_16 = .008316
  [768] cadical/shift-add+ripple/distrib_16 = .008940
  [774] minisat/shift-add+brent-kung/distrib_16 = .008299
  [772] cadical/shift-add+brent-kung/distrib_16 = .009002
  [773] cryptominisat/shift-add+brent-kung/distrib_16 = T/O
  [769] cryptominisat/shift-add+ripple/distrib_16 = T/O
  [771] mergesat/shift-add+ripple/distrib_16 = T/O
  [775] mergesat/shift-add+brent-kung/distrib_16 = T/O
  [778] minisat/shift-add+g-only/distrib_16 = .008261
  [776] cadical/shift-add+g-only/distrib_16 = .008864
  [782] minisat/dadda+ripple/distrib_16 = .008309
  [780] cadical/dadda+ripple/distrib_16 = .009007
  [777] cryptominisat/shift-add+g-only/distrib_16 = T/O
  [781] cryptominisat/dadda+ripple/distrib_16 = T/O
  [783] mergesat/dadda+ripple/distrib_16 = T/O
  [779] mergesat/shift-add+g-only/distrib_16 = T/O
  [786] minisat/dadda+brent-kung/distrib_16 = .008701
  [790] minisat/dadda+g-only/distrib_16 = .008274
  [788] cadical/dadda+g-only/distrib_16 = .008974
  [784] cadical/dadda+brent-kung/distrib_16 = .009321
  [785] cryptominisat/dadda+brent-kung/distrib_16 = T/O
  [789] cryptominisat/dadda+g-only/distrib_16 = T/O
  [787] mergesat/dadda+brent-kung/distrib_16 = T/O
  [791] mergesat/dadda+g-only/distrib_16 = T/O
  [794] minisat/comba+ripple/distrib_16 = .011050
  [792] cadical/comba+ripple/distrib_16 = .012181
  [799] mergesat/comba+brent-kung/distrib_16 = T/O
  [796] cadical/comba+brent-kung/distrib_16 = T/O
  [797] cryptominisat/comba+brent-kung/distrib_16 = T/O
  [798] minisat/comba+brent-kung/distrib_16 = T/O
  [793] cryptominisat/comba+ripple/distrib_16 = T/O
  [795] mergesat/comba+ripple/distrib_16 = T/O
  [806] minisat/comba-cs+ripple/distrib_16 = .008290
  [804] cadical/comba-cs+ripple/distrib_16 = .008927
  [802] minisat/comba+g-only/distrib_16 = .010707
  [800] cadical/comba+g-only/distrib_16 = .011903
  [801] cryptominisat/comba+g-only/distrib_16 = T/O
  [805] cryptominisat/comba-cs+ripple/distrib_16 = T/O
  [803] mergesat/comba+g-only/distrib_16 = T/O
  [807] mergesat/comba-cs+ripple/distrib_16 = T/O
  [810] minisat/comba-cs+brent-kung/distrib_16 = .008314
  [814] minisat/comba-cs+g-only/distrib_16 = .008151
  [808] cadical/comba-cs+brent-kung/distrib_16 = .009086
  [812] cadical/comba-cs+g-only/distrib_16 = .008850
  [809] cryptominisat/comba-cs+brent-kung/distrib_16 = T/O
  [813] cryptominisat/comba-cs+g-only/distrib_16 = T/O
  [811] mergesat/comba-cs+brent-kung/distrib_16 = T/O
  [815] mergesat/comba-cs+g-only/distrib_16 = T/O
  [816] cadical/shift-add+ripple/distrib_8 = .006703
  [818] minisat/shift-add+ripple/distrib_8 = .006636
  [820] cadical/shift-add+brent-kung/distrib_8 = .006718
  [822] minisat/shift-add+brent-kung/distrib_8 = .006597
  [817] cryptominisat/shift-add+ripple/distrib_8 = T/O
  [821] cryptominisat/shift-add+brent-kung/distrib_8 = T/O
  [819] mergesat/shift-add+ripple/distrib_8 = T/O
  [823] mergesat/shift-add+brent-kung/distrib_8 = T/O
  [826] minisat/shift-add+g-only/distrib_8 = .006427
  [824] cadical/shift-add+g-only/distrib_8 = .006670
  [828] cadical/dadda+ripple/distrib_8 = .006708
  [830] minisat/dadda+ripple/distrib_8 = .006516
  [825] cryptominisat/shift-add+g-only/distrib_8 = T/O
  [829] cryptominisat/dadda+ripple/distrib_8 = T/O
  [827] mergesat/shift-add+g-only/distrib_8 = T/O
  [831] mergesat/dadda+ripple/distrib_8 = T/O
  [834] minisat/dadda+brent-kung/distrib_8 = .006617
  [832] cadical/dadda+brent-kung/distrib_8 = .006880
  [836] cadical/dadda+g-only/distrib_8 = .006710
  [838] minisat/dadda+g-only/distrib_8 = .006551
  [833] cryptominisat/dadda+brent-kung/distrib_8 = T/O
  [837] cryptominisat/dadda+g-only/distrib_8 = T/O
  [835] mergesat/dadda+brent-kung/distrib_8 = T/O
  [839] mergesat/dadda+g-only/distrib_8 = T/O
  [842] minisat/comba+ripple/distrib_8 = .007191
  [840] cadical/comba+ripple/distrib_8 = .007527
  [845] cryptominisat/comba+brent-kung/distrib_8 = T/O
  [844] cadical/comba+brent-kung/distrib_8 = T/O
  [847] mergesat/comba+brent-kung/distrib_8 = T/O
  [846] minisat/comba+brent-kung/distrib_8 = T/O
  [841] cryptominisat/comba+ripple/distrib_8 = T/O
  [843] mergesat/comba+ripple/distrib_8 = T/O
  [854] minisat/comba-cs+ripple/distrib_8 = .006499
  [850] minisat/comba+g-only/distrib_8 = .007059
  [852] cadical/comba-cs+ripple/distrib_8 = .006842
  [848] cadical/comba+g-only/distrib_8 = .007473
  [849] cryptominisat/comba+g-only/distrib_8 = T/O
  [853] cryptominisat/comba-cs+ripple/distrib_8 = T/O
  [855] mergesat/comba-cs+ripple/distrib_8 = T/O
  [851] mergesat/comba+g-only/distrib_8 = T/O
  [858] minisat/comba-cs+brent-kung/distrib_8 = .006503
  [856] cadical/comba-cs+brent-kung/distrib_8 = .006934
  [862] minisat/comba-cs+g-only/distrib_8 = .006542
  [860] cadical/comba-cs+g-only/distrib_8 = .006717
  [857] cryptominisat/comba-cs+brent-kung/distrib_8 = T/O
  [861] cryptominisat/comba-cs+g-only/distrib_8 = T/O
  [863] mergesat/comba-cs+g-only/distrib_8 = T/O
  [859] mergesat/comba-cs+brent-kung/distrib_8 = T/O
  [864] cadical/shift-add+ripple/div_mul_roundtrip_12 = 3.949184
  [868] cadical/shift-add+brent-kung/div_mul_roundtrip_12 = 6.044866
  [865] cryptominisat/shift-add+ripple/div_mul_roundtrip_12 = 9.534588
  [867] mergesat/shift-add+ripple/div_mul_roundtrip_12 = 10.329020
  [866] minisat/shift-add+ripple/div_mul_roundtrip_12 = 11.948979
  [869] cryptominisat/shift-add+brent-kung/div_mul_roundtrip_12 = 13.909594
  [871] mergesat/shift-add+brent-kung/div_mul_roundtrip_12 = 15.172861
  [870] minisat/shift-add+brent-kung/div_mul_roundtrip_12 = 18.154723
  [872] cadical/shift-add+g-only/div_mul_roundtrip_12 = 3.996088
  [876] cadical/dadda+ripple/div_mul_roundtrip_12 = 4.184266
  [873] cryptominisat/shift-add+g-only/div_mul_roundtrip_12 = 9.580695
  [877] cryptominisat/dadda+ripple/div_mul_roundtrip_12 = 10.062764
  [875] mergesat/shift-add+g-only/div_mul_roundtrip_12 = 10.294906
  [874] minisat/shift-add+g-only/div_mul_roundtrip_12 = 11.936797
  [879] mergesat/dadda+ripple/div_mul_roundtrip_12 = 12.039166
  [878] minisat/dadda+ripple/div_mul_roundtrip_12 = 13.410494
  [884] cadical/dadda+g-only/div_mul_roundtrip_12 = 4.188465
  [880] cadical/dadda+brent-kung/div_mul_roundtrip_12 = 5.703295
  [885] cryptominisat/dadda+g-only/div_mul_roundtrip_12 = 10.136831
  [887] mergesat/dadda+g-only/div_mul_roundtrip_12 = 12.096993
  [886] minisat/dadda+g-only/div_mul_roundtrip_12 = 13.419276
  [881] cryptominisat/dadda+brent-kung/div_mul_roundtrip_12 = 14.071250
  [883] mergesat/dadda+brent-kung/div_mul_roundtrip_12 = 15.544641
  [882] minisat/dadda+brent-kung/div_mul_roundtrip_12 = 20.822282
  [892] cadical/comba+brent-kung/div_mul_roundtrip_12 = T/O
  [893] cryptominisat/comba+brent-kung/div_mul_roundtrip_12 = T/O
  [894] minisat/comba+brent-kung/div_mul_roundtrip_12 = T/O
  [888] cadical/comba+ripple/div_mul_roundtrip_12 = 3.814037
  [895] mergesat/comba+brent-kung/div_mul_roundtrip_12 = T/O
  [889] cryptominisat/comba+ripple/div_mul_roundtrip_12 = 9.913247
  [891] mergesat/comba+ripple/div_mul_roundtrip_12 = 12.054838
  [890] minisat/comba+ripple/div_mul_roundtrip_12 = 12.795375
  [896] cadical/comba+g-only/div_mul_roundtrip_12 = 3.823849
  [900] cadical/comba-cs+ripple/div_mul_roundtrip_12 = 3.978199
  [901] cryptominisat/comba-cs+ripple/div_mul_roundtrip_12 = 9.813649
  [897] cryptominisat/comba+g-only/div_mul_roundtrip_12 = 10.059790
  [902] minisat/comba-cs+ripple/div_mul_roundtrip_12 = 10.889332
  [903] mergesat/comba-cs+ripple/div_mul_roundtrip_12 = 11.302079
  [899] mergesat/comba+g-only/div_mul_roundtrip_12 = 12.162043
  [898] minisat/comba+g-only/div_mul_roundtrip_12 = 12.843601
  [908] cadical/comba-cs+g-only/div_mul_roundtrip_12 = 3.988098
  [904] cadical/comba-cs+brent-kung/div_mul_roundtrip_12 = 6.061267
  [909] cryptominisat/comba-cs+g-only/div_mul_roundtrip_12 = 9.713169
  [910] minisat/comba-cs+g-only/div_mul_roundtrip_12 = 10.878441
  [911] mergesat/comba-cs+g-only/div_mul_roundtrip_12 = 11.392219
  [905] cryptominisat/comba-cs+brent-kung/div_mul_roundtrip_12 = 13.586059
  [907] mergesat/comba-cs+brent-kung/div_mul_roundtrip_12 = 16.428609
  [906] minisat/comba-cs+brent-kung/div_mul_roundtrip_12 = 18.620501
  [914] minisat/shift-add+ripple/equiv_unsat_8add_16 = .006860
  [912] cadical/shift-add+ripple/equiv_unsat_8add_16 = .007353
  [918] minisat/shift-add+brent-kung/equiv_unsat_8add_16 = .007526
  [916] cadical/shift-add+brent-kung/equiv_unsat_8add_16 = .008053
  [915] mergesat/shift-add+ripple/equiv_unsat_8add_16 = .080411
  [919] mergesat/shift-add+brent-kung/equiv_unsat_8add_16 = .142928
  [913] cryptominisat/shift-add+ripple/equiv_unsat_8add_16 = .189312
  [917] cryptominisat/shift-add+brent-kung/equiv_unsat_8add_16 = .488764
  [922] minisat/shift-add+g-only/equiv_unsat_8add_16 = .006775
  [920] cadical/shift-add+g-only/equiv_unsat_8add_16 = .007408
  [926] minisat/dadda+ripple/equiv_unsat_8add_16 = .006855
  [924] cadical/dadda+ripple/equiv_unsat_8add_16 = .007256
  [923] mergesat/shift-add+g-only/equiv_unsat_8add_16 = .080568
  [927] mergesat/dadda+ripple/equiv_unsat_8add_16 = .080654
  [921] cryptominisat/shift-add+g-only/equiv_unsat_8add_16 = .189232
  [925] cryptominisat/dadda+ripple/equiv_unsat_8add_16 = .189051
  [930] minisat/dadda+brent-kung/equiv_unsat_8add_16 = .007635
  [934] minisat/dadda+g-only/equiv_unsat_8add_16 = .006905
  [932] cadical/dadda+g-only/equiv_unsat_8add_16 = .007455
  [928] cadical/dadda+brent-kung/equiv_unsat_8add_16 = .008205
  [935] mergesat/dadda+g-only/equiv_unsat_8add_16 = .080389
  [931] mergesat/dadda+brent-kung/equiv_unsat_8add_16 = .142489
  [933] cryptominisat/dadda+g-only/equiv_unsat_8add_16 = .188641
  [929] cryptominisat/dadda+brent-kung/equiv_unsat_8add_16 = .486144
  [938] minisat/comba+ripple/equiv_unsat_8add_16 = .006876
  [936] cadical/comba+ripple/equiv_unsat_8add_16 = .007417
  [942] minisat/comba+brent-kung/equiv_unsat_8add_16 = .007618
  [940] cadical/comba+brent-kung/equiv_unsat_8add_16 = .008171
  [939] mergesat/comba+ripple/equiv_unsat_8add_16 = .080342
  [943] mergesat/comba+brent-kung/equiv_unsat_8add_16 = .142215
  [937] cryptominisat/comba+ripple/equiv_unsat_8add_16 = .189203
  [941] cryptominisat/comba+brent-kung/equiv_unsat_8add_16 = .489280
  [946] minisat/comba+g-only/equiv_unsat_8add_16 = .006839
  [944] cadical/comba+g-only/equiv_unsat_8add_16 = .007406
  [950] minisat/comba-cs+ripple/equiv_unsat_8add_16 = .006776
  [948] cadical/comba-cs+ripple/equiv_unsat_8add_16 = .007229
  [951] mergesat/comba-cs+ripple/equiv_unsat_8add_16 = .080399
  [947] mergesat/comba+g-only/equiv_unsat_8add_16 = .081044
  [945] cryptominisat/comba+g-only/equiv_unsat_8add_16 = .189650
  [949] cryptominisat/comba-cs+ripple/equiv_unsat_8add_16 = .189315
  [958] minisat/comba-cs+g-only/equiv_unsat_8add_16 = .006820
  [956] cadical/comba-cs+g-only/equiv_unsat_8add_16 = .007337
  [954] minisat/comba-cs+brent-kung/equiv_unsat_8add_16 = .007665
  [952] cadical/comba-cs+brent-kung/equiv_unsat_8add_16 = .008116
  [959] mergesat/comba-cs+g-only/equiv_unsat_8add_16 = .080594
  [955] mergesat/comba-cs+brent-kung/equiv_unsat_8add_16 = .142472
  [957] cryptominisat/comba-cs+g-only/equiv_unsat_8add_16 = .189342
  [953] cryptominisat/comba-cs+brent-kung/equiv_unsat_8add_16 = .485934
  [960] cadical/shift-add+ripple/factor_12 = .006341
  [961] cryptominisat/shift-add+ripple/factor_12 = .006653
  [964] cadical/shift-add+brent-kung/factor_12 = .006248
  [965] cryptominisat/shift-add+brent-kung/factor_12 = .006779
  [962] minisat/shift-add+ripple/factor_12 = .007001
  [966] minisat/shift-add+brent-kung/factor_12 = .006997
  [963] mergesat/shift-add+ripple/factor_12 = .011676
  [967] mergesat/shift-add+brent-kung/factor_12 = .011818
  [968] cadical/shift-add+g-only/factor_12 = .006283
  [972] cadical/dadda+ripple/factor_12 = .006190
  [969] cryptominisat/shift-add+g-only/factor_12 = .006747
  [970] minisat/shift-add+g-only/factor_12 = .007137
  [973] cryptominisat/dadda+ripple/factor_12 = .006868
  [974] minisat/dadda+ripple/factor_12 = .007157
  [975] mergesat/dadda+ripple/factor_12 = .009631
  [971] mergesat/shift-add+g-only/factor_12 = .011947
  [976] cadical/dadda+brent-kung/factor_12 = .006316
  [980] cadical/dadda+g-only/factor_12 = .006112
  [977] cryptominisat/dadda+brent-kung/factor_12 = .006937
  [981] cryptominisat/dadda+g-only/factor_12 = .006779
  [978] minisat/dadda+brent-kung/factor_12 = .007333
  [982] minisat/dadda+g-only/factor_12 = .007038
  [979] mergesat/dadda+brent-kung/factor_12 = .009496
  [983] mergesat/dadda+g-only/factor_12 = .009705
  [984] cadical/comba+ripple/factor_12 = .006803
  [986] minisat/comba+ripple/factor_12 = .008068
  [985] cryptominisat/comba+ripple/factor_12 = .008370
  [987] mergesat/comba+ripple/factor_12 = .008850
  [990] minisat/comba+brent-kung/factor_12 = T/O
  [991] mergesat/comba+brent-kung/factor_12 = T/O
  [989] cryptominisat/comba+brent-kung/factor_12 = T/O
  [988] cadical/comba+brent-kung/factor_12 = T/O
  [996] cadical/comba-cs+ripple/factor_12 = .007248
  [992] cadical/comba+g-only/factor_12 = .007435
  [994] minisat/comba+g-only/factor_12 = .008826
  [998] minisat/comba-cs+ripple/factor_12 = .008473
  [997] cryptominisat/comba-cs+ripple/factor_12 = .008506
  [993] cryptominisat/comba+g-only/factor_12 = .009122
  [995] mergesat/comba+g-only/factor_12 = .009602
  [999] mergesat/comba-cs+ripple/factor_12 = .009596
  [1000] cadical/comba-cs+brent-kung/factor_12 = .006832
  [1004] cadical/comba-cs+g-only/factor_12 = .007000
  [1001] cryptominisat/comba-cs+brent-kung/factor_12 = .008197
  [1002] minisat/comba-cs+brent-kung/factor_12 = .007972
  [1005] cryptominisat/comba-cs+g-only/factor_12 = .007878
  [1006] minisat/comba-cs+g-only/factor_12 = .008087
  [1003] mergesat/comba-cs+brent-kung/factor_12 = .009484
  [1007] mergesat/comba-cs+g-only/factor_12 = .009657
  [1008] cadical/shift-add+ripple/factor_16 = .006935
  [1012] cadical/shift-add+brent-kung/factor_16 = .006606
  [1009] cryptominisat/shift-add+ripple/factor_16 = .007804
  [1013] cryptominisat/shift-add+brent-kung/factor_16 = .007656
  [1010] minisat/shift-add+ripple/factor_16 = .008932
  [1014] minisat/shift-add+brent-kung/factor_16 = .009058
  [1011] mergesat/shift-add+ripple/factor_16 = .017135
  [1015] mergesat/shift-add+brent-kung/factor_16 = .016949
  [1016] cadical/shift-add+g-only/factor_16 = .006684
  [1020] cadical/dadda+ripple/factor_16 = .006937
  [1017] cryptominisat/shift-add+g-only/factor_16 = .007695
  [1018] minisat/shift-add+g-only/factor_16 = .008858
  [1022] minisat/dadda+ripple/factor_16 = .008530
  [1021] cryptominisat/dadda+ripple/factor_16 = .009204
  [1023] mergesat/dadda+ripple/factor_16 = .010364
  [1019] mergesat/shift-add+g-only/factor_16 = .017079
  [1024] cadical/dadda+brent-kung/factor_16 = .006773
  [1028] cadical/dadda+g-only/factor_16 = .006560
  [1026] minisat/dadda+brent-kung/factor_16 = .008578
  [1030] minisat/dadda+g-only/factor_16 = .008309
  [1025] cryptominisat/dadda+brent-kung/factor_16 = .009318
  [1029] cryptominisat/dadda+g-only/factor_16 = .009182
  [1027] mergesat/dadda+brent-kung/factor_16 = .010190
  [1031] mergesat/dadda+g-only/factor_16 = .010419
  [1032] cadical/comba+ripple/factor_16 = .007920
  [1034] minisat/comba+ripple/factor_16 = .010499
  [1035] mergesat/comba+ripple/factor_16 = .011195
  [1033] cryptominisat/comba+ripple/factor_16 = .012300
  [1038] minisat/comba+brent-kung/factor_16 = T/O
  [1039] mergesat/comba+brent-kung/factor_16 = T/O
  [1037] cryptominisat/comba+brent-kung/factor_16 = T/O
  [1036] cadical/comba+brent-kung/factor_16 = T/O
  [1040] cadical/comba+g-only/factor_16 = .008396
  [1044] cadical/comba-cs+ripple/factor_16 = .007988
  [1046] minisat/comba-cs+ripple/factor_16 = .010050
  [1042] minisat/comba+g-only/factor_16 = .011007
  [1045] cryptominisat/comba-cs+ripple/factor_16 = .011154
  [1043] mergesat/comba+g-only/factor_16 = .011748
  [1041] cryptominisat/comba+g-only/factor_16 = .012569
  [1047] mergesat/comba-cs+ripple/factor_16 = .013300
  [1048] cadical/comba-cs+brent-kung/factor_16 = .007558
  [1052] cadical/comba-cs+g-only/factor_16 = .007589
  [1050] minisat/comba-cs+brent-kung/factor_16 = .009616
  [1054] minisat/comba-cs+g-only/factor_16 = .009780
  [1049] cryptominisat/comba-cs+brent-kung/factor_16 = .010712
  [1053] cryptominisat/comba-cs+g-only/factor_16 = .010549
  [1051] mergesat/comba-cs+brent-kung/factor_16 = .012749
  [1055] mergesat/comba-cs+g-only/factor_16 = .012807
  [1056] cadical/shift-add+ripple/factor_20 = .007379
  [1060] cadical/shift-add+brent-kung/factor_20 = .007158
  [1057] cryptominisat/shift-add+ripple/factor_20 = .008446
  [1061] cryptominisat/shift-add+brent-kung/factor_20 = .008419
  [1058] minisat/shift-add+ripple/factor_20 = .009281
  [1062] minisat/shift-add+brent-kung/factor_20 = .009156
  [1059] mergesat/shift-add+ripple/factor_20 = .010571
  [1063] mergesat/shift-add+brent-kung/factor_20 = .010341
  [1064] cadical/shift-add+g-only/factor_20 = .007388
  [1068] cadical/dadda+ripple/factor_20 = .007273
  [1065] cryptominisat/shift-add+g-only/factor_20 = .008407
  [1066] minisat/shift-add+g-only/factor_20 = .009229
  [1069] cryptominisat/dadda+ripple/factor_20 = .009889
  [1070] minisat/dadda+ripple/factor_20 = .010427
  [1067] mergesat/shift-add+g-only/factor_20 = .010447
  [1071] mergesat/dadda+ripple/factor_20 = .010606
  [1072] cadical/dadda+brent-kung/factor_20 = .007499
  [1076] cadical/dadda+g-only/factor_20 = .007207
  [1077] cryptominisat/dadda+g-only/factor_20 = .009944
  [1073] cryptominisat/dadda+brent-kung/factor_20 = .010402
  [1074] minisat/dadda+brent-kung/factor_20 = .010184
  [1078] minisat/dadda+g-only/factor_20 = .010158
  [1079] mergesat/dadda+g-only/factor_20 = .010432
  [1075] mergesat/dadda+brent-kung/factor_20 = .011369
  [1080] cadical/comba+ripple/factor_20 = .008955
  [1082] minisat/comba+ripple/factor_20 = .012527
  [1083] mergesat/comba+ripple/factor_20 = .014549
  [1081] cryptominisat/comba+ripple/factor_20 = .015941
  [1085] cryptominisat/comba+brent-kung/factor_20 = T/O
  [1086] minisat/comba+brent-kung/factor_20 = T/O
  [1084] cadical/comba+brent-kung/factor_20 = T/O
  [1087] mergesat/comba+brent-kung/factor_20 = T/O
  [1088] cadical/comba+g-only/factor_20 = .009796
  [1092] cadical/comba-cs+ripple/factor_20 = .009295
  [1090] minisat/comba+g-only/factor_20 = .012722
  [1093] cryptominisat/comba-cs+ripple/factor_20 = .013208
  [1094] minisat/comba-cs+ripple/factor_20 = .013389
  [1091] mergesat/comba+g-only/factor_20 = .015188
  [1095] mergesat/comba-cs+ripple/factor_20 = .014846
  [1089] cryptominisat/comba+g-only/factor_20 = .016251
  [1096] cadical/comba-cs+brent-kung/factor_20 = .008768
  [1100] cadical/comba-cs+g-only/factor_20 = .008675
  [1097] cryptominisat/comba-cs+brent-kung/factor_20 = .012744
  [1101] cryptominisat/comba-cs+g-only/factor_20 = .012797
  [1098] minisat/comba-cs+brent-kung/factor_20 = .013104
  [1102] minisat/comba-cs+g-only/factor_20 = .012906
  [1099] mergesat/comba-cs+brent-kung/factor_20 = .014594
  [1103] mergesat/comba-cs+g-only/factor_20 = .014543
  [1109] cryptominisat/shift-add+brent-kung/fixedpoint_mul_16 = .011876
  [1105] cryptominisat/shift-add+ripple/fixedpoint_mul_16 = .011954
  [1106] minisat/shift-add+ripple/fixedpoint_mul_16 = .012343
  [1110] minisat/shift-add+brent-kung/fixedpoint_mul_16 = .012437
  [1107] mergesat/shift-add+ripple/fixedpoint_mul_16 = .014274
  [1111] mergesat/shift-add+brent-kung/fixedpoint_mul_16 = .014234
  [1104] cadical/shift-add+ripple/fixedpoint_mul_16 = .024545
  [1108] cadical/shift-add+brent-kung/fixedpoint_mul_16 = .024452
  [1113] cryptominisat/shift-add+g-only/fixedpoint_mul_16 = .011885
  [1114] minisat/shift-add+g-only/fixedpoint_mul_16 = .012298
  [1117] cryptominisat/dadda+ripple/fixedpoint_mul_16 = .012572
  [1118] minisat/dadda+ripple/fixedpoint_mul_16 = .012673
  [1115] mergesat/shift-add+g-only/fixedpoint_mul_16 = .014137
  [1119] mergesat/dadda+ripple/fixedpoint_mul_16 = .014954
  [1112] cadical/shift-add+g-only/fixedpoint_mul_16 = .024467
  [1116] cadical/dadda+ripple/fixedpoint_mul_16 = .028999
  [1122] minisat/dadda+brent-kung/fixedpoint_mul_16 = .013304
  [1125] cryptominisat/dadda+g-only/fixedpoint_mul_16 = .012822
  [1126] minisat/dadda+g-only/fixedpoint_mul_16 = .012766
  [1127] mergesat/dadda+g-only/fixedpoint_mul_16 = .015015
  [1123] mergesat/dadda+brent-kung/fixedpoint_mul_16 = .017534
  [1121] cryptominisat/dadda+brent-kung/fixedpoint_mul_16 = .020304
  [1124] cadical/dadda+g-only/fixedpoint_mul_16 = .029392
  [1120] cadical/dadda+brent-kung/fixedpoint_mul_16 = .030578
  [1130] minisat/comba+ripple/fixedpoint_mul_16 = .017843
  [1129] cryptominisat/comba+ripple/fixedpoint_mul_16 = .019665
  [1131] mergesat/comba+ripple/fixedpoint_mul_16 = .024119
  [1128] cadical/comba+ripple/fixedpoint_mul_16 = .049514
  [1134] minisat/comba+brent-kung/fixedpoint_mul_16 = T/O
  [1132] cadical/comba+brent-kung/fixedpoint_mul_16 = T/O
  [1133] cryptominisat/comba+brent-kung/fixedpoint_mul_16 = T/O
  [1135] mergesat/comba+brent-kung/fixedpoint_mul_16 = T/O
  [1141] cryptominisat/comba-cs+ripple/fixedpoint_mul_16 = .012440
  [1142] minisat/comba-cs+ripple/fixedpoint_mul_16 = .012851
  [1143] mergesat/comba-cs+ripple/fixedpoint_mul_16 = .014924
  [1138] minisat/comba+g-only/fixedpoint_mul_16 = .018261
  [1137] cryptominisat/comba+g-only/fixedpoint_mul_16 = .020404
  [1139] mergesat/comba+g-only/fixedpoint_mul_16 = .024418
  [1140] cadical/comba-cs+ripple/fixedpoint_mul_16 = .024832
  [1136] cadical/comba+g-only/fixedpoint_mul_16 = .049520
  [1145] cryptominisat/comba-cs+brent-kung/fixedpoint_mul_16 = .012022
  [1149] cryptominisat/comba-cs+g-only/fixedpoint_mul_16 = .011850
  [1146] minisat/comba-cs+brent-kung/fixedpoint_mul_16 = .012392
  [1150] minisat/comba-cs+g-only/fixedpoint_mul_16 = .012290
  [1147] mergesat/comba-cs+brent-kung/fixedpoint_mul_16 = .014023
  [1151] mergesat/comba-cs+g-only/fixedpoint_mul_16 = .014059
  [1144] cadical/comba-cs+brent-kung/fixedpoint_mul_16 = .024391
  [1148] cadical/comba-cs+g-only/fixedpoint_mul_16 = .024554
  [1152] cadical/shift-add+ripple/float_mul_comm = .021507
  [1156] cadical/shift-add+brent-kung/float_mul_comm = .021282
  [1158] minisat/shift-add+brent-kung/float_mul_comm = .050570
  [1154] minisat/shift-add+ripple/float_mul_comm = .051635
  [1155] mergesat/shift-add+ripple/float_mul_comm = .109319
  [1159] mergesat/shift-add+brent-kung/float_mul_comm = .109175
  [1157] cryptominisat/shift-add+brent-kung/float_mul_comm = .242544
  [1153] cryptominisat/shift-add+ripple/float_mul_comm = .242261
  [1160] cadical/shift-add+g-only/float_mul_comm = .021151
  [1164] cadical/dadda+ripple/float_mul_comm = .021771
  [1166] minisat/dadda+ripple/float_mul_comm = .047562
  [1162] minisat/shift-add+g-only/float_mul_comm = .050799
  [1163] mergesat/shift-add+g-only/float_mul_comm = .109076
  [1165] cryptominisat/dadda+ripple/float_mul_comm = .121342
  [1167] mergesat/dadda+ripple/float_mul_comm = .191110
  [1161] cryptominisat/shift-add+g-only/float_mul_comm = .240307
  [1168] cadical/dadda+brent-kung/float_mul_comm = .021650
  [1172] cadical/dadda+g-only/float_mul_comm = .021659
  [1170] minisat/dadda+brent-kung/float_mul_comm = .047975
  [1174] minisat/dadda+g-only/float_mul_comm = .047505
  [1169] cryptominisat/dadda+brent-kung/float_mul_comm = .120185
  [1173] cryptominisat/dadda+g-only/float_mul_comm = .123075
  [1171] mergesat/dadda+brent-kung/float_mul_comm = .190459
  [1175] mergesat/dadda+g-only/float_mul_comm = .191034
  [1176] cadical/comba+ripple/float_mul_comm = .030182
  [1180] cadical/comba+brent-kung/float_mul_comm = .029952
  [1177] cryptominisat/comba+ripple/float_mul_comm = .059036
  [1181] cryptominisat/comba+brent-kung/float_mul_comm = .059167
  [1178] minisat/comba+ripple/float_mul_comm = .093361
  [1182] minisat/comba+brent-kung/float_mul_comm = .094343
  [1179] mergesat/comba+ripple/float_mul_comm = .110451
  [1183] mergesat/comba+brent-kung/float_mul_comm = .110170
  [1188] cadical/comba-cs+ripple/float_mul_comm = .021302
  [1184] cadical/comba+g-only/float_mul_comm = .029595
  [1190] minisat/comba-cs+ripple/float_mul_comm = .051016
  [1185] cryptominisat/comba+g-only/float_mul_comm = .058498
  [1186] minisat/comba+g-only/float_mul_comm = .091976
  [1187] mergesat/comba+g-only/float_mul_comm = .109259
  [1191] mergesat/comba-cs+ripple/float_mul_comm = .110412
  [1189] cryptominisat/comba-cs+ripple/float_mul_comm = .239688
  [1192] cadical/comba-cs+brent-kung/float_mul_comm = .021590
  [1196] cadical/comba-cs+g-only/float_mul_comm = .021346
  [1194] minisat/comba-cs+brent-kung/float_mul_comm = .050754
  [1198] minisat/comba-cs+g-only/float_mul_comm = .050503
  [1195] mergesat/comba-cs+brent-kung/float_mul_comm = .109564
  [1199] mergesat/comba-cs+g-only/float_mul_comm = .109452
  [1197] cryptominisat/comba-cs+g-only/float_mul_comm = .239650
  [1193] cryptominisat/comba-cs+brent-kung/float_mul_comm = .243322
  [1200] cadical/shift-add+ripple/float_mul_comm_v2 = T/O
  [1204] cadical/shift-add+brent-kung/float_mul_comm_v2 = T/O
  [1201] cryptominisat/shift-add+ripple/float_mul_comm_v2 = T/O
  [1202] minisat/shift-add+ripple/float_mul_comm_v2 = T/O
  [1205] cryptominisat/shift-add+brent-kung/float_mul_comm_v2 = T/O
  [1206] minisat/shift-add+brent-kung/float_mul_comm_v2 = T/O
  [1207] mergesat/shift-add+brent-kung/float_mul_comm_v2 = T/O
  [1203] mergesat/shift-add+ripple/float_mul_comm_v2 = T/O
  [1208] cadical/shift-add+g-only/float_mul_comm_v2 = T/O
  [1212] cadical/dadda+ripple/float_mul_comm_v2 = T/O
  [1209] cryptominisat/shift-add+g-only/float_mul_comm_v2 = T/O
  [1214] minisat/dadda+ripple/float_mul_comm_v2 = T/O
  [1210] minisat/shift-add+g-only/float_mul_comm_v2 = T/O
  [1213] cryptominisat/dadda+ripple/float_mul_comm_v2 = T/O
  [1211] mergesat/shift-add+g-only/float_mul_comm_v2 = T/O
  [1215] mergesat/dadda+ripple/float_mul_comm_v2 = T/O
  [1216] cadical/dadda+brent-kung/float_mul_comm_v2 = T/O
  [1220] cadical/dadda+g-only/float_mul_comm_v2 = T/O
  [1218] minisat/dadda+brent-kung/float_mul_comm_v2 = T/O
  [1222] minisat/dadda+g-only/float_mul_comm_v2 = T/O
  [1217] cryptominisat/dadda+brent-kung/float_mul_comm_v2 = T/O
  [1221] cryptominisat/dadda+g-only/float_mul_comm_v2 = T/O
  [1219] mergesat/dadda+brent-kung/float_mul_comm_v2 = T/O
  [1223] mergesat/dadda+g-only/float_mul_comm_v2 = T/O
  [1224] cadical/comba+ripple/float_mul_comm_v2 = T/O
  [1228] cadical/comba+brent-kung/float_mul_comm_v2 = T/O
  [1226] minisat/comba+ripple/float_mul_comm_v2 = T/O
  [1230] minisat/comba+brent-kung/float_mul_comm_v2 = T/O
  [1225] cryptominisat/comba+ripple/float_mul_comm_v2 = T/O
  [1229] cryptominisat/comba+brent-kung/float_mul_comm_v2 = T/O
  [1227] mergesat/comba+ripple/float_mul_comm_v2 = T/O
  [1231] mergesat/comba+brent-kung/float_mul_comm_v2 = T/O
  [1232] cadical/comba+g-only/float_mul_comm_v2 = T/O
  [1236] cadical/comba-cs+ripple/float_mul_comm_v2 = T/O
  [1234] minisat/comba+g-only/float_mul_comm_v2 = T/O
  [1237] cryptominisat/comba-cs+ripple/float_mul_comm_v2 = T/O
  [1238] minisat/comba-cs+ripple/float_mul_comm_v2 = T/O
  [1233] cryptominisat/comba+g-only/float_mul_comm_v2 = T/O
  [1235] mergesat/comba+g-only/float_mul_comm_v2 = T/O
  [1239] mergesat/comba-cs+ripple/float_mul_comm_v2 = T/O
  [1240] cadical/comba-cs+brent-kung/float_mul_comm_v2 = T/O
  [1244] cadical/comba-cs+g-only/float_mul_comm_v2 = T/O
  [1241] cryptominisat/comba-cs+brent-kung/float_mul_comm_v2 = T/O
  [1245] cryptominisat/comba-cs+g-only/float_mul_comm_v2 = T/O
  [1242] minisat/comba-cs+brent-kung/float_mul_comm_v2 = T/O
  [1246] minisat/comba-cs+g-only/float_mul_comm_v2 = T/O
  [1243] mergesat/comba-cs+brent-kung/float_mul_comm_v2 = T/O
  [1247] mergesat/comba-cs+g-only/float_mul_comm_v2 = T/O
  [1249] cryptominisat/shift-add+ripple/gf256_mul_assoc = .032030
  [1250] minisat/shift-add+ripple/gf256_mul_assoc = .032319
  [1251] mergesat/shift-add+ripple/gf256_mul_assoc = .034054
  [1254] minisat/shift-add+brent-kung/gf256_mul_assoc = .035677
  [1248] cadical/shift-add+ripple/gf256_mul_assoc = .053424
  [1253] cryptominisat/shift-add+brent-kung/gf256_mul_assoc = .057667
  [1252] cadical/shift-add+brent-kung/gf256_mul_assoc = .060597
  [1255] mergesat/shift-add+brent-kung/gf256_mul_assoc = .597001
  [1261] cryptominisat/dadda+ripple/gf256_mul_assoc = .022597
  [1262] minisat/dadda+ripple/gf256_mul_assoc = .026242
  [1257] cryptominisat/shift-add+g-only/gf256_mul_assoc = .032007
  [1258] minisat/shift-add+g-only/gf256_mul_assoc = .032199
  [1259] mergesat/shift-add+g-only/gf256_mul_assoc = .034394
  [1256] cadical/shift-add+g-only/gf256_mul_assoc = .053657
  [1263] mergesat/dadda+ripple/gf256_mul_assoc = .053094
  [1260] cadical/dadda+ripple/gf256_mul_assoc = .055376
  [1269] cryptominisat/dadda+g-only/gf256_mul_assoc = .022468
  [1270] minisat/dadda+g-only/gf256_mul_assoc = .026277
  [1266] minisat/dadda+brent-kung/gf256_mul_assoc = .047037
  [1271] mergesat/dadda+g-only/gf256_mul_assoc = .053274
  [1268] cadical/dadda+g-only/gf256_mul_assoc = .055097
  [1265] cryptominisat/dadda+brent-kung/gf256_mul_assoc = .060836
  [1264] cadical/dadda+brent-kung/gf256_mul_assoc = .065912
  [1267] mergesat/dadda+brent-kung/gf256_mul_assoc = 1.160555
  [1274] minisat/comba+ripple/gf256_mul_assoc = .026351
  [1273] cryptominisat/comba+ripple/gf256_mul_assoc = .060973
  [1275] mergesat/comba+ripple/gf256_mul_assoc = .066429
  [1272] cadical/comba+ripple/gf256_mul_assoc = .083762
  [1276] cadical/comba+brent-kung/gf256_mul_assoc = T/O
  [1278] minisat/comba+brent-kung/gf256_mul_assoc = T/O
  [1279] mergesat/comba+brent-kung/gf256_mul_assoc = T/O
  [1277] cryptominisat/comba+brent-kung/gf256_mul_assoc = T/O
  [1282] minisat/comba+g-only/gf256_mul_assoc = .026919
  [1285] cryptominisat/comba-cs+ripple/gf256_mul_assoc = .032556
  [1286] minisat/comba-cs+ripple/gf256_mul_assoc = .032760
  [1287] mergesat/comba-cs+ripple/gf256_mul_assoc = .034227
  [1284] cadical/comba-cs+ripple/gf256_mul_assoc = .053718
  [1281] cryptominisat/comba+g-only/gf256_mul_assoc = .061519
  [1283] mergesat/comba+g-only/gf256_mul_assoc = .066973
  [1280] cadical/comba+g-only/gf256_mul_assoc = .084380
  [1293] cryptominisat/comba-cs+g-only/gf256_mul_assoc = .032112
  [1294] minisat/comba-cs+g-only/gf256_mul_assoc = .032421
  [1295] mergesat/comba-cs+g-only/gf256_mul_assoc = .034161
  [1290] minisat/comba-cs+brent-kung/gf256_mul_assoc = .036250
  [1292] cadical/comba-cs+g-only/gf256_mul_assoc = .053466
  [1289] cryptominisat/comba-cs+brent-kung/gf256_mul_assoc = .057516
  [1288] cadical/comba-cs+brent-kung/gf256_mul_assoc = .061220
  [1291] mergesat/comba-cs+brent-kung/gf256_mul_assoc = .600583
  [1296] cadical/shift-add+ripple/half_mul_comm = .009749
  [1300] cadical/shift-add+brent-kung/half_mul_comm = .009920
  [1298] minisat/shift-add+ripple/half_mul_comm = .018529
  [1302] minisat/shift-add+brent-kung/half_mul_comm = .018362
  [1299] mergesat/shift-add+ripple/half_mul_comm = .028781
  [1303] mergesat/shift-add+brent-kung/half_mul_comm = .028635
  [1297] cryptominisat/shift-add+ripple/half_mul_comm = .043860
  [1301] cryptominisat/shift-add+brent-kung/half_mul_comm = .043877
  [1304] cadical/shift-add+g-only/half_mul_comm = .009877
  [1308] cadical/dadda+ripple/half_mul_comm = .009760
  [1309] cryptominisat/dadda+ripple/half_mul_comm = .017548
  [1306] minisat/shift-add+g-only/half_mul_comm = .018480
  [1310] minisat/dadda+ripple/half_mul_comm = .017815
  [1307] mergesat/shift-add+g-only/half_mul_comm = .028745
  [1311] mergesat/dadda+ripple/half_mul_comm = .032002
  [1305] cryptominisat/shift-add+g-only/half_mul_comm = .043802
  [1312] cadical/dadda+brent-kung/half_mul_comm = .010027
  [1316] cadical/dadda+g-only/half_mul_comm = .009904
  [1313] cryptominisat/dadda+brent-kung/half_mul_comm = .017381
  [1317] cryptominisat/dadda+g-only/half_mul_comm = .017352
  [1314] minisat/dadda+brent-kung/half_mul_comm = .018027
  [1318] minisat/dadda+g-only/half_mul_comm = .017848
  [1315] mergesat/dadda+brent-kung/half_mul_comm = .032075
  [1319] mergesat/dadda+g-only/half_mul_comm = .031987
  [1320] cadical/comba+ripple/half_mul_comm = .011592
  [1324] cadical/comba+brent-kung/half_mul_comm = .011497
  [1321] cryptominisat/comba+ripple/half_mul_comm = .019212
  [1325] cryptominisat/comba+brent-kung/half_mul_comm = .019245
  [1322] minisat/comba+ripple/half_mul_comm = .020381
  [1326] minisat/comba+brent-kung/half_mul_comm = .020489
  [1323] mergesat/comba+ripple/half_mul_comm = .029774
  [1327] mergesat/comba+brent-kung/half_mul_comm = .029658
  [1332] cadical/comba-cs+ripple/half_mul_comm = .009937
  [1328] cadical/comba+g-only/half_mul_comm = .011444
  [1333] cryptominisat/comba-cs+ripple/half_mul_comm = .016730
  [1329] cryptominisat/comba+g-only/half_mul_comm = .019283
  [1330] minisat/comba+g-only/half_mul_comm = .020405
  [1334] minisat/comba-cs+ripple/half_mul_comm = .023449
  [1331] mergesat/comba+g-only/half_mul_comm = .029822
  [1335] mergesat/comba-cs+ripple/half_mul_comm = .034391
  [1336] cadical/comba-cs+brent-kung/half_mul_comm = .009901
  [1340] cadical/comba-cs+g-only/half_mul_comm = .009963
  [1337] cryptominisat/comba-cs+brent-kung/half_mul_comm = .016745
  [1341] cryptominisat/comba-cs+g-only/half_mul_comm = .016801
  [1338] minisat/comba-cs+brent-kung/half_mul_comm = .023250
  [1342] minisat/comba-cs+g-only/half_mul_comm = .023027
  [1339] mergesat/comba-cs+brent-kung/half_mul_comm = .034363
  [1343] mergesat/comba-cs+g-only/half_mul_comm = .034446
  [1344] cadical/shift-add+ripple/half_mul_comm_v2 = T/O
  [1348] cadical/shift-add+brent-kung/half_mul_comm_v2 = T/O
  [1346] minisat/shift-add+ripple/half_mul_comm_v2 = T/O
  [1350] minisat/shift-add+brent-kung/half_mul_comm_v2 = T/O
  [1345] cryptominisat/shift-add+ripple/half_mul_comm_v2 = T/O
  [1349] cryptominisat/shift-add+brent-kung/half_mul_comm_v2 = T/O
  [1347] mergesat/shift-add+ripple/half_mul_comm_v2 = T/O
  [1351] mergesat/shift-add+brent-kung/half_mul_comm_v2 = T/O
  [1352] cadical/shift-add+g-only/half_mul_comm_v2 = T/O
  [1354] minisat/shift-add+g-only/half_mul_comm_v2 = T/O
  [1356] cadical/dadda+ripple/half_mul_comm_v2 = T/O
  [1358] minisat/dadda+ripple/half_mul_comm_v2 = T/O
  [1353] cryptominisat/shift-add+g-only/half_mul_comm_v2 = T/O
  [1357] cryptominisat/dadda+ripple/half_mul_comm_v2 = T/O
  [1355] mergesat/shift-add+g-only/half_mul_comm_v2 = T/O
  [1359] mergesat/dadda+ripple/half_mul_comm_v2 = T/O
  [1360] cadical/dadda+brent-kung/half_mul_comm_v2 = T/O
  [1362] minisat/dadda+brent-kung/half_mul_comm_v2 = T/O
  [1364] cadical/dadda+g-only/half_mul_comm_v2 = T/O
  [1366] minisat/dadda+g-only/half_mul_comm_v2 = T/O
  [1361] cryptominisat/dadda+brent-kung/half_mul_comm_v2 = T/O
  [1365] cryptominisat/dadda+g-only/half_mul_comm_v2 = T/O
  [1363] mergesat/dadda+brent-kung/half_mul_comm_v2 = T/O
  [1367] mergesat/dadda+g-only/half_mul_comm_v2 = T/O
  [1368] cadical/comba+ripple/half_mul_comm_v2 = 116.316791
  [1372] cadical/comba+brent-kung/half_mul_comm_v2 = 116.851480
  [1370] minisat/comba+ripple/half_mul_comm_v2 = T/O
  [1374] minisat/comba+brent-kung/half_mul_comm_v2 = T/O
  [1369] cryptominisat/comba+ripple/half_mul_comm_v2 = T/O
  [1373] cryptominisat/comba+brent-kung/half_mul_comm_v2 = T/O
  [1371] mergesat/comba+ripple/half_mul_comm_v2 = T/O
  [1375] mergesat/comba+brent-kung/half_mul_comm_v2 = T/O
  [1376] cadical/comba+g-only/half_mul_comm_v2 = 116.185923
  [1380] cadical/comba-cs+ripple/half_mul_comm_v2 = T/O
  [1378] minisat/comba+g-only/half_mul_comm_v2 = T/O
  [1382] minisat/comba-cs+ripple/half_mul_comm_v2 = T/O
  [1377] cryptominisat/comba+g-only/half_mul_comm_v2 = T/O
  [1381] cryptominisat/comba-cs+ripple/half_mul_comm_v2 = T/O
  [1379] mergesat/comba+g-only/half_mul_comm_v2 = T/O
  [1383] mergesat/comba-cs+ripple/half_mul_comm_v2 = T/O
  [1384] cadical/comba-cs+brent-kung/half_mul_comm_v2 = T/O
  [1386] minisat/comba-cs+brent-kung/half_mul_comm_v2 = T/O
  [1388] cadical/comba-cs+g-only/half_mul_comm_v2 = T/O
  [1390] minisat/comba-cs+g-only/half_mul_comm_v2 = T/O
  [1385] cryptominisat/comba-cs+brent-kung/half_mul_comm_v2 = T/O
  [1389] cryptominisat/comba-cs+g-only/half_mul_comm_v2 = T/O
  [1391] mergesat/comba-cs+g-only/half_mul_comm_v2 = T/O
  [1387] mergesat/comba-cs+brent-kung/half_mul_comm_v2 = T/O
  [1392] cadical/shift-add+ripple/hw_mul_equiv_12 = 17.235055
  [1396] cadical/shift-add+brent-kung/hw_mul_equiv_12 = 19.895697
  [1395] mergesat/shift-add+ripple/hw_mul_equiv_12 = 34.694290
  [1399] mergesat/shift-add+brent-kung/hw_mul_equiv_12 = 64.755347
  [1393] cryptominisat/shift-add+ripple/hw_mul_equiv_12 = 76.562543
  [1397] cryptominisat/shift-add+brent-kung/hw_mul_equiv_12 = 113.568844
  [1394] minisat/shift-add+ripple/hw_mul_equiv_12 = 118.907616
  [1398] minisat/shift-add+brent-kung/hw_mul_equiv_12 = T/O
  [1400] cadical/shift-add+g-only/hw_mul_equiv_12 = 17.199429
  [1403] mergesat/shift-add+g-only/hw_mul_equiv_12 = 34.870433
  [1401] cryptominisat/shift-add+g-only/hw_mul_equiv_12 = 77.565306
  [1402] minisat/shift-add+g-only/hw_mul_equiv_12 = 119.146511
  [1406] minisat/dadda+ripple/hw_mul_equiv_12 = T/O
  [1404] cadical/dadda+ripple/hw_mul_equiv_12 = T/O
  [1405] cryptominisat/dadda+ripple/hw_mul_equiv_12 = T/O
  [1407] mergesat/dadda+ripple/hw_mul_equiv_12 = T/O
  [1410] minisat/dadda+brent-kung/hw_mul_equiv_12 = T/O
  [1408] cadical/dadda+brent-kung/hw_mul_equiv_12 = T/O
  [1414] minisat/dadda+g-only/hw_mul_equiv_12 = T/O
  [1412] cadical/dadda+g-only/hw_mul_equiv_12 = T/O
  [1413] cryptominisat/dadda+g-only/hw_mul_equiv_12 = T/O
  [1409] cryptominisat/dadda+brent-kung/hw_mul_equiv_12 = T/O
  [1411] mergesat/dadda+brent-kung/hw_mul_equiv_12 = T/O
  [1415] mergesat/dadda+g-only/hw_mul_equiv_12 = T/O
  [1422] minisat/comba+brent-kung/hw_mul_equiv_12 = T/O
  [1420] cadical/comba+brent-kung/hw_mul_equiv_12 = T/O
  [1421] cryptominisat/comba+brent-kung/hw_mul_equiv_12 = T/O
  [1423] mergesat/comba+brent-kung/hw_mul_equiv_12 = T/O
  [1418] minisat/comba+ripple/hw_mul_equiv_12 = T/O
  [1416] cadical/comba+ripple/hw_mul_equiv_12 = T/O
  [1417] cryptominisat/comba+ripple/hw_mul_equiv_12 = T/O
  [1419] mergesat/comba+ripple/hw_mul_equiv_12 = T/O
  [1430] minisat/comba-cs+ripple/hw_mul_equiv_12 = T/O
  [1428] cadical/comba-cs+ripple/hw_mul_equiv_12 = T/O
  [1424] cadical/comba+g-only/hw_mul_equiv_12 = T/O
  [1426] minisat/comba+g-only/hw_mul_equiv_12 = T/O
  [1425] cryptominisat/comba+g-only/hw_mul_equiv_12 = T/O
  [1429] cryptominisat/comba-cs+ripple/hw_mul_equiv_12 = T/O
  [1427] mergesat/comba+g-only/hw_mul_equiv_12 = T/O
  [1431] mergesat/comba-cs+ripple/hw_mul_equiv_12 = T/O
  [1432] cadical/comba-cs+brent-kung/hw_mul_equiv_12 = T/O
  [1434] minisat/comba-cs+brent-kung/hw_mul_equiv_12 = T/O
  [1438] minisat/comba-cs+g-only/hw_mul_equiv_12 = T/O
  [1436] cadical/comba-cs+g-only/hw_mul_equiv_12 = T/O
  [1433] cryptominisat/comba-cs+brent-kung/hw_mul_equiv_12 = T/O
  [1437] cryptominisat/comba-cs+g-only/hw_mul_equiv_12 = T/O
  [1435] mergesat/comba-cs+brent-kung/hw_mul_equiv_12 = T/O
  [1439] mergesat/comba-cs+g-only/hw_mul_equiv_12 = T/O
  [1440] cadical/shift-add+ripple/mixed_arith_8 = .010919
  [1442] minisat/shift-add+ripple/mixed_arith_8 = .010564
  [1446] minisat/shift-add+brent-kung/mixed_arith_8 = .010653
  [1444] cadical/shift-add+brent-kung/mixed_arith_8 = .010993
  [1441] cryptominisat/shift-add+ripple/mixed_arith_8 = T/O
  [1445] cryptominisat/shift-add+brent-kung/mixed_arith_8 = T/O
  [1443] mergesat/shift-add+ripple/mixed_arith_8 = T/O
  [1447] mergesat/shift-add+brent-kung/mixed_arith_8 = T/O
  [1450] minisat/shift-add+g-only/mixed_arith_8 = .010486
  [1448] cadical/shift-add+g-only/mixed_arith_8 = .010928
  [1454] minisat/dadda+ripple/mixed_arith_8 = .010643
  [1452] cadical/dadda+ripple/mixed_arith_8 = .010833
  [1449] cryptominisat/shift-add+g-only/mixed_arith_8 = T/O
  [1453] cryptominisat/dadda+ripple/mixed_arith_8 = T/O
  [1455] mergesat/dadda+ripple/mixed_arith_8 = T/O
  [1451] mergesat/shift-add+g-only/mixed_arith_8 = T/O
  [1458] minisat/dadda+brent-kung/mixed_arith_8 = .010828
  [1456] cadical/dadda+brent-kung/mixed_arith_8 = .011239
  [1462] minisat/dadda+g-only/mixed_arith_8 = .010555
  [1460] cadical/dadda+g-only/mixed_arith_8 = .010878
  [1457] cryptominisat/dadda+brent-kung/mixed_arith_8 = T/O
  [1461] cryptominisat/dadda+g-only/mixed_arith_8 = T/O
  [1459] mergesat/dadda+brent-kung/mixed_arith_8 = T/O
  [1463] mergesat/dadda+g-only/mixed_arith_8 = T/O
  [1466] minisat/comba+ripple/mixed_arith_8 = .011648
  [1464] cadical/comba+ripple/mixed_arith_8 = .012127
  [1469] cryptominisat/comba+brent-kung/mixed_arith_8 = T/O
  [1470] minisat/comba+brent-kung/mixed_arith_8 = T/O
  [1468] cadical/comba+brent-kung/mixed_arith_8 = T/O
  [1471] mergesat/comba+brent-kung/mixed_arith_8 = T/O
  [1465] cryptominisat/comba+ripple/mixed_arith_8 = T/O
  [1467] mergesat/comba+ripple/mixed_arith_8 = T/O
  [1478] minisat/comba-cs+ripple/mixed_arith_8 = .010498
  [1476] cadical/comba-cs+ripple/mixed_arith_8 = .010995
  [1474] minisat/comba+g-only/mixed_arith_8 = .011491
  [1472] cadical/comba+g-only/mixed_arith_8 = .012083
  [1473] cryptominisat/comba+g-only/mixed_arith_8 = T/O
  [1477] cryptominisat/comba-cs+ripple/mixed_arith_8 = T/O
  [1475] mergesat/comba+g-only/mixed_arith_8 = T/O
  [1479] mergesat/comba-cs+ripple/mixed_arith_8 = T/O
  [1482] minisat/comba-cs+brent-kung/mixed_arith_8 = .010570
  [1480] cadical/comba-cs+brent-kung/mixed_arith_8 = .010943
  [1486] minisat/comba-cs+g-only/mixed_arith_8 = .010581
  [1484] cadical/comba-cs+g-only/mixed_arith_8 = .010909
  [1481] cryptominisat/comba-cs+brent-kung/mixed_arith_8 = T/O
  [1485] cryptominisat/comba-cs+g-only/mixed_arith_8 = T/O
  [1483] mergesat/comba-cs+brent-kung/mixed_arith_8 = T/O
  [1487] mergesat/comba-cs+g-only/mixed_arith_8 = T/O
  [1494] minisat/shift-add+brent-kung/mul_ineq_12 = .341791
  [1490] minisat/shift-add+ripple/mul_ineq_12 = .341974
  [1488] cadical/shift-add+ripple/mul_ineq_12 = .522661
  [1492] cadical/shift-add+brent-kung/mul_ineq_12 = .522345
  [1491] mergesat/shift-add+ripple/mul_ineq_12 = .844974
  [1495] mergesat/shift-add+brent-kung/mul_ineq_12 = .846202
  [1493] cryptominisat/shift-add+brent-kung/mul_ineq_12 = .986467
  [1489] cryptominisat/shift-add+ripple/mul_ineq_12 = .989755
  [1498] minisat/shift-add+g-only/mul_ineq_12 = .342731
  [1502] minisat/dadda+ripple/mul_ineq_12 = .414774
  [1500] cadical/dadda+ripple/mul_ineq_12 = .414359
  [1496] cadical/shift-add+g-only/mul_ineq_12 = .521802
  [1499] mergesat/shift-add+g-only/mul_ineq_12 = .846157
  [1503] mergesat/dadda+ripple/mul_ineq_12 = .851072
  [1501] cryptominisat/dadda+ripple/mul_ineq_12 = .963782
  [1497] cryptominisat/shift-add+g-only/mul_ineq_12 = .986486
  [1510] minisat/dadda+g-only/mul_ineq_12 = .407446
  [1506] minisat/dadda+brent-kung/mul_ineq_12 = .410457
  [1508] cadical/dadda+g-only/mul_ineq_12 = .414252
  [1504] cadical/dadda+brent-kung/mul_ineq_12 = .466394
  [1511] mergesat/dadda+g-only/mul_ineq_12 = .851028
  [1507] mergesat/dadda+brent-kung/mul_ineq_12 = .958705
  [1509] cryptominisat/dadda+g-only/mul_ineq_12 = .964887
  [1505] cryptominisat/dadda+brent-kung/mul_ineq_12 = 1.218307
  [1512] cadical/comba+ripple/mul_ineq_12 = .485042
  [1514] minisat/comba+ripple/mul_ineq_12 = .558002
  [1515] mergesat/comba+ripple/mul_ineq_12 = .970795
  [1513] cryptominisat/comba+ripple/mul_ineq_12 = 1.540304
  [1516] cadical/comba+brent-kung/mul_ineq_12 = T/O
  [1517] cryptominisat/comba+brent-kung/mul_ineq_12 = T/O
  [1518] minisat/comba+brent-kung/mul_ineq_12 = T/O
  [1519] mergesat/comba+brent-kung/mul_ineq_12 = T/O
  [1526] minisat/comba-cs+ripple/mul_ineq_12 = .342691
  [1520] cadical/comba+g-only/mul_ineq_12 = .488781
  [1524] cadical/comba-cs+ripple/mul_ineq_12 = .523031
  [1522] minisat/comba+g-only/mul_ineq_12 = .558270
  [1527] mergesat/comba-cs+ripple/mul_ineq_12 = .844059
  [1523] mergesat/comba+g-only/mul_ineq_12 = .973114
  [1525] cryptominisat/comba-cs+ripple/mul_ineq_12 = .995518
  [1521] cryptominisat/comba+g-only/mul_ineq_12 = 1.531693
  [1534] minisat/comba-cs+g-only/mul_ineq_12 = .341554
  [1530] minisat/comba-cs+brent-kung/mul_ineq_12 = .342183
  [1528] cadical/comba-cs+brent-kung/mul_ineq_12 = .521713
  [1532] cadical/comba-cs+g-only/mul_ineq_12 = .521887
  [1535] mergesat/comba-cs+g-only/mul_ineq_12 = .844599
  [1531] mergesat/comba-cs+brent-kung/mul_ineq_12 = .846042
  [1529] cryptominisat/comba-cs+brent-kung/mul_ineq_12 = .986380
  [1533] cryptominisat/comba-cs+g-only/mul_ineq_12 = .992148
  [1536] cadical/shift-add+ripple/mul_no_overflow_16 = .009931
  [1540] cadical/shift-add+brent-kung/mul_no_overflow_16 = .010940
  [1538] minisat/shift-add+ripple/mul_no_overflow_16 = .015197
  [1542] minisat/shift-add+brent-kung/mul_no_overflow_16 = .016726
  [1537] cryptominisat/shift-add+ripple/mul_no_overflow_16 = .017587
  [1541] cryptominisat/shift-add+brent-kung/mul_no_overflow_16 = .019098
  [1543] mergesat/shift-add+brent-kung/mul_no_overflow_16 = .019738
  [1539] mergesat/shift-add+ripple/mul_no_overflow_16 = .020600
  [1544] cadical/shift-add+g-only/mul_no_overflow_16 = .009947
  [1548] cadical/dadda+ripple/mul_no_overflow_16 = .009851
  [1546] minisat/shift-add+g-only/mul_no_overflow_16 = .015232
  [1550] minisat/dadda+ripple/mul_no_overflow_16 = .015433
  [1545] cryptominisat/shift-add+g-only/mul_no_overflow_16 = .017722
  [1547] mergesat/shift-add+g-only/mul_no_overflow_16 = .020701
  [1551] mergesat/dadda+ripple/mul_no_overflow_16 = .020262
  [1549] cryptominisat/dadda+ripple/mul_no_overflow_16 = .027059
  [1556] cadical/dadda+g-only/mul_no_overflow_16 = .009925
  [1552] cadical/dadda+brent-kung/mul_no_overflow_16 = .011202
  [1558] minisat/dadda+g-only/mul_no_overflow_16 = .015497
  [1554] minisat/dadda+brent-kung/mul_no_overflow_16 = .016942
  [1555] mergesat/dadda+brent-kung/mul_no_overflow_16 = .019939
  [1559] mergesat/dadda+g-only/mul_no_overflow_16 = .020151
  [1553] cryptominisat/dadda+brent-kung/mul_no_overflow_16 = .022971
  [1557] cryptominisat/dadda+g-only/mul_no_overflow_16 = .026986
  [1560] cadical/comba+ripple/mul_no_overflow_16 = .011302
  [1562] minisat/comba+ripple/mul_no_overflow_16 = .016894
  [1563] mergesat/comba+ripple/mul_no_overflow_16 = .024037
  [1561] cryptominisat/comba+ripple/mul_no_overflow_16 = .026875
  [1565] cryptominisat/comba+brent-kung/mul_no_overflow_16 = T/O
  [1567] mergesat/comba+brent-kung/mul_no_overflow_16 = T/O
  [1566] minisat/comba+brent-kung/mul_no_overflow_16 = T/O
  [1564] cadical/comba+brent-kung/mul_no_overflow_16 = T/O
  [1568] cadical/comba+g-only/mul_no_overflow_16 = .011998
  [1572] cadical/comba-cs+ripple/mul_no_overflow_16 = .011326
  [1570] minisat/comba+g-only/mul_no_overflow_16 = .017675
  [1574] minisat/comba-cs+ripple/mul_no_overflow_16 = .017294
  [1575] mergesat/comba-cs+ripple/mul_no_overflow_16 = .023523
  [1571] mergesat/comba+g-only/mul_no_overflow_16 = .024708
  [1569] cryptominisat/comba+g-only/mul_no_overflow_16 = .027336
  [1573] cryptominisat/comba-cs+ripple/mul_no_overflow_16 = .032376
  [1580] cadical/comba-cs+g-only/mul_no_overflow_16 = .010925
  [1576] cadical/comba-cs+brent-kung/mul_no_overflow_16 = .012022
  [1582] minisat/comba-cs+g-only/mul_no_overflow_16 = .016454
  [1578] minisat/comba-cs+brent-kung/mul_no_overflow_16 = .018483
  [1583] mergesat/comba-cs+g-only/mul_no_overflow_16 = .022602
  [1579] mergesat/comba-cs+brent-kung/mul_no_overflow_16 = .023302
  [1577] cryptominisat/comba-cs+brent-kung/mul_no_overflow_16 = .030330
  [1581] cryptominisat/comba-cs+g-only/mul_no_overflow_16 = .031824
  [1584] cadical/shift-add+ripple/overflow_detect_16 = .343710
  [1588] cadical/shift-add+brent-kung/overflow_detect_16 = .343319
  [1587] mergesat/shift-add+ripple/overflow_detect_16 = 85.705021
  [1591] mergesat/shift-add+brent-kung/overflow_detect_16 = 86.415101
  [1586] minisat/shift-add+ripple/overflow_detect_16 = T/O
  [1590] minisat/shift-add+brent-kung/overflow_detect_16 = T/O
  [1585] cryptominisat/shift-add+ripple/overflow_detect_16 = T/O
  [1589] cryptominisat/shift-add+brent-kung/overflow_detect_16 = T/O
  [1596] cadical/dadda+ripple/overflow_detect_16 = .177128
  [1592] cadical/shift-add+g-only/overflow_detect_16 = .343250
  [1599] mergesat/dadda+ripple/overflow_detect_16 = 2.986477
  [1597] cryptominisat/dadda+ripple/overflow_detect_16 = 6.543143
  [1598] minisat/dadda+ripple/overflow_detect_16 = 19.076327
  [1595] mergesat/shift-add+g-only/overflow_detect_16 = 81.635552
  [1594] minisat/shift-add+g-only/overflow_detect_16 = T/O
  [1593] cryptominisat/shift-add+g-only/overflow_detect_16 = T/O
  [1604] cadical/dadda+g-only/overflow_detect_16 = .177133
  [1600] cadical/dadda+brent-kung/overflow_detect_16 = .370005
  [1603] mergesat/dadda+brent-kung/overflow_detect_16 = 1.838879
  [1607] mergesat/dadda+g-only/overflow_detect_16 = 2.968792
  [1605] cryptominisat/dadda+g-only/overflow_detect_16 = 6.497715
  [1601] cryptominisat/dadda+brent-kung/overflow_detect_16 = 7.684735
  [1602] minisat/dadda+brent-kung/overflow_detect_16 = 17.990912
  [1606] minisat/dadda+g-only/overflow_detect_16 = 19.086069
  [1608] cadical/comba+ripple/overflow_detect_16 = .731123
  [1613] cryptominisat/comba+brent-kung/overflow_detect_16 = T/O
  [1614] minisat/comba+brent-kung/overflow_detect_16 = T/O
  [1612] cadical/comba+brent-kung/overflow_detect_16 = T/O
  [1615] mergesat/comba+brent-kung/overflow_detect_16 = T/O
  [1611] mergesat/comba+ripple/overflow_detect_16 = 27.502052
  [1610] minisat/comba+ripple/overflow_detect_16 = T/O
  [1609] cryptominisat/comba+ripple/overflow_detect_16 = T/O
  [1620] cadical/comba-cs+ripple/overflow_detect_16 = .343338
  [1616] cadical/comba+g-only/overflow_detect_16 = .733932
  [1619] mergesat/comba+g-only/overflow_detect_16 = 28.290370
  [1623] mergesat/comba-cs+ripple/overflow_detect_16 = 84.521721
  [1618] minisat/comba+g-only/overflow_detect_16 = T/O
  [1622] minisat/comba-cs+ripple/overflow_detect_16 = T/O
  [1617] cryptominisat/comba+g-only/overflow_detect_16 = T/O
  [1621] cryptominisat/comba-cs+ripple/overflow_detect_16 = T/O
  [1624] cadical/comba-cs+brent-kung/overflow_detect_16 = .343180
  [1628] cadical/comba-cs+g-only/overflow_detect_16 = .343014
  [1631] mergesat/comba-cs+g-only/overflow_detect_16 = 84.934816
  [1627] mergesat/comba-cs+brent-kung/overflow_detect_16 = 85.965929
  [1626] minisat/comba-cs+brent-kung/overflow_detect_16 = T/O
  [1630] minisat/comba-cs+g-only/overflow_detect_16 = T/O
  [1625] cryptominisat/comba-cs+brent-kung/overflow_detect_16 = T/O
  [1629] cryptominisat/comba-cs+g-only/overflow_detect_16 = T/O
  [1632] cadical/shift-add+ripple/strength_chain_16 = 1.033231
  [1634] minisat/shift-add+ripple/strength_chain_16 = 1.312009
  [1636] cadical/shift-add+brent-kung/strength_chain_16 = 1.359876
  [1638] minisat/shift-add+brent-kung/strength_chain_16 = 1.600211
  [1635] mergesat/shift-add+ripple/strength_chain_16 = 2.075762
  [1633] cryptominisat/shift-add+ripple/strength_chain_16 = 2.348900
  [1637] cryptominisat/shift-add+brent-kung/strength_chain_16 = 3.377996
  [1639] mergesat/shift-add+brent-kung/strength_chain_16 = 3.379145
  [1644] cadical/dadda+ripple/strength_chain_16 = .711062
  [1640] cadical/shift-add+g-only/strength_chain_16 = 1.031909
  [1642] minisat/shift-add+g-only/strength_chain_16 = 1.310550
  [1646] minisat/dadda+ripple/strength_chain_16 = 1.476938
  [1645] cryptominisat/dadda+ripple/strength_chain_16 = 1.897446
  [1647] mergesat/dadda+ripple/strength_chain_16 = 2.051153
  [1643] mergesat/shift-add+g-only/strength_chain_16 = 2.079366
  [1641] cryptominisat/shift-add+g-only/strength_chain_16 = 2.338459
  [1652] cadical/dadda+g-only/strength_chain_16 = .711439
  [1648] cadical/dadda+brent-kung/strength_chain_16 = .850100
  [1654] minisat/dadda+g-only/strength_chain_16 = 1.476811
  [1653] cryptominisat/dadda+g-only/strength_chain_16 = 1.897546
  [1650] minisat/dadda+brent-kung/strength_chain_16 = 2.020257
  [1655] mergesat/dadda+g-only/strength_chain_16 = 2.056304
  [1649] cryptominisat/dadda+brent-kung/strength_chain_16 = 3.111533
  [1651] mergesat/dadda+brent-kung/strength_chain_16 = 5.887228
  [1656] cadical/comba+ripple/strength_chain_16 = 1.458697
  [1658] minisat/comba+ripple/strength_chain_16 = 2.576702
  [1660] cadical/comba+brent-kung/strength_chain_16 = T/O
  [1662] minisat/comba+brent-kung/strength_chain_16 = T/O
  [1661] cryptominisat/comba+brent-kung/strength_chain_16 = T/O
  [1663] mergesat/comba+brent-kung/strength_chain_16 = T/O
  [1657] cryptominisat/comba+ripple/strength_chain_16 = 5.579205
  [1659] mergesat/comba+ripple/strength_chain_16 = 6.625470
  [1668] cadical/comba-cs+ripple/strength_chain_16 = 1.423462
  [1664] cadical/comba+g-only/strength_chain_16 = 1.462612
  [1669] cryptominisat/comba-cs+ripple/strength_chain_16 = 1.781060
  [1666] minisat/comba+g-only/strength_chain_16 = 2.574029
  [1670] minisat/comba-cs+ripple/strength_chain_16 = 3.125943
  [1671] mergesat/comba-cs+ripple/strength_chain_16 = 3.895048
  [1665] cryptominisat/comba+g-only/strength_chain_16 = 5.572424
  [1667] mergesat/comba+g-only/strength_chain_16 = 6.601134
  [1672] cadical/comba-cs+brent-kung/strength_chain_16 = 1.257309
  [1674] minisat/comba-cs+brent-kung/strength_chain_16 = 1.280800
  [1676] cadical/comba-cs+g-only/strength_chain_16 = 1.424386
  [1677] cryptominisat/comba-cs+g-only/strength_chain_16 = 1.787985
  [1673] cryptominisat/comba-cs+brent-kung/strength_chain_16 = 2.720657
  [1675] mergesat/comba-cs+brent-kung/strength_chain_16 = 3.106808
  [1678] minisat/comba-cs+g-only/strength_chain_16 = 3.126355
  [1679] mergesat/comba-cs+g-only/strength_chain_16 = 3.889566
  [1682] minisat/shift-add+ripple/strength_red_16 = .013097
  [1681] cryptominisat/shift-add+ripple/strength_red_16 = .019436
  [1680] cadical/shift-add+ripple/strength_red_16 = .021478
  [1685] cryptominisat/shift-add+brent-kung/strength_red_16 = .024609
  [1686] minisat/shift-add+brent-kung/strength_red_16 = .028091
  [1684] cadical/shift-add+brent-kung/strength_red_16 = .034623
  [1687] mergesat/shift-add+brent-kung/strength_red_16 = .049683
  [1683] mergesat/shift-add+ripple/strength_red_16 = .068004
  [1694] minisat/dadda+ripple/strength_red_16 = .011080
  [1690] minisat/shift-add+g-only/strength_red_16 = .013184
  [1692] cadical/dadda+ripple/strength_red_16 = .018909
  [1689] cryptominisat/shift-add+g-only/strength_red_16 = .019519
  [1693] cryptominisat/dadda+ripple/strength_red_16 = .019940
  [1688] cadical/shift-add+g-only/strength_red_16 = .021557
  [1695] mergesat/dadda+ripple/strength_red_16 = .053307
  [1691] mergesat/shift-add+g-only/strength_red_16 = .068339
  [1702] minisat/dadda+g-only/strength_red_16 = .010944
  [1700] cadical/dadda+g-only/strength_red_16 = .018858
  [1701] cryptominisat/dadda+g-only/strength_red_16 = .019717
  [1697] cryptominisat/dadda+brent-kung/strength_red_16 = .028365
  [1696] cadical/dadda+brent-kung/strength_red_16 = .031926
  [1698] minisat/dadda+brent-kung/strength_red_16 = .034840
  [1703] mergesat/dadda+g-only/strength_red_16 = .053137
  [1699] mergesat/dadda+brent-kung/strength_red_16 = .093545
  [1706] minisat/comba+ripple/strength_red_16 = .034757
  [1705] cryptominisat/comba+ripple/strength_red_16 = .038200
  [1704] cadical/comba+ripple/strength_red_16 = .044247
  [1707] mergesat/comba+ripple/strength_red_16 = .078630
  [1711] mergesat/comba+brent-kung/strength_red_16 = T/O
  [1708] cadical/comba+brent-kung/strength_red_16 = T/O
  [1710] minisat/comba+brent-kung/strength_red_16 = T/O
  [1709] cryptominisat/comba+brent-kung/strength_red_16 = T/O
  [1718] minisat/comba-cs+ripple/strength_red_16 = .012374
  [1717] cryptominisat/comba-cs+ripple/strength_red_16 = .015852
  [1716] cadical/comba-cs+ripple/strength_red_16 = .016533
  [1714] minisat/comba+g-only/strength_red_16 = .034604
  [1713] cryptominisat/comba+g-only/strength_red_16 = .038776
  [1712] cadical/comba+g-only/strength_red_16 = .044075
  [1715] mergesat/comba+g-only/strength_red_16 = .079198
  [1719] mergesat/comba-cs+ripple/strength_red_16 = .104405
  [1726] minisat/comba-cs+g-only/strength_red_16 = .011901
  [1725] cryptominisat/comba-cs+g-only/strength_red_16 = .015692
  [1724] cadical/comba-cs+g-only/strength_red_16 = .016413
  [1722] minisat/comba-cs+brent-kung/strength_red_16 = .019417
  [1721] cryptominisat/comba-cs+brent-kung/strength_red_16 = .020582
  [1720] cadical/comba-cs+brent-kung/strength_red_16 = .027456
  [1723] mergesat/comba-cs+brent-kung/strength_red_16 = .078048
  [1727] mergesat/comba-cs+g-only/strength_red_16 = .104773
All 1728 jobs complete.
