Starting (smt2, jobs=8, runs=3, timeout=120s)...
# smt2 suite
  [0] cadical/shift-add+ripple/add_chain_16 = .179933
  [2] minisat/shift-add+ripple/add_chain_16 = .356575
  [3] mergesat/shift-add+ripple/add_chain_16 = .392680
  [1] cryptominisat/shift-add+ripple/add_chain_16 = .558509
  [4] cadical/shift-add+brent-kung/add_chain_16 = .919309
  [7] mergesat/shift-add+brent-kung/add_chain_16 = 1.802043
  [6] minisat/shift-add+brent-kung/add_chain_16 = 2.625665
  [5] cryptominisat/shift-add+brent-kung/add_chain_16 = 4.922324
  [8] cadical/shift-add+g-only/add_chain_16 = .180198
  [12] cadical/dadda+ripple/add_chain_16 = .180508
  [10] minisat/shift-add+g-only/add_chain_16 = .356359
  [14] minisat/dadda+ripple/add_chain_16 = .356152
  [15] mergesat/dadda+ripple/add_chain_16 = .391897
  [11] mergesat/shift-add+g-only/add_chain_16 = .391397
  [9] cryptominisat/shift-add+g-only/add_chain_16 = .558376
  [13] cryptominisat/dadda+ripple/add_chain_16 = .559247
  [20] cadical/dadda+g-only/add_chain_16 = .181071
  [22] minisat/dadda+g-only/add_chain_16 = .357363
  [23] mergesat/dadda+g-only/add_chain_16 = .393009
  [21] cryptominisat/dadda+g-only/add_chain_16 = .559362
  [16] cadical/dadda+brent-kung/add_chain_16 = .919819
  [19] mergesat/dadda+brent-kung/add_chain_16 = 1.805784
  [18] minisat/dadda+brent-kung/add_chain_16 = 2.626796
  [17] cryptominisat/dadda+brent-kung/add_chain_16 = 4.904925
  [24] cadical/comba+ripple/add_chain_16 = .180758
  [26] minisat/comba+ripple/add_chain_16 = .356482
  [27] mergesat/comba+ripple/add_chain_16 = .392137
  [25] cryptominisat/comba+ripple/add_chain_16 = .560267
  [28] cadical/comba+brent-kung/add_chain_16 = .917881
  [31] mergesat/comba+brent-kung/add_chain_16 = 1.807798
  [30] minisat/comba+brent-kung/add_chain_16 = 2.625863
  [29] cryptominisat/comba+brent-kung/add_chain_16 = 4.920228
  [32] cadical/comba+g-only/add_chain_16 = .180585
  [36] cadical/comba-cs+ripple/add_chain_16 = .180469
  [38] minisat/comba-cs+ripple/add_chain_16 = .356240
  [34] minisat/comba+g-only/add_chain_16 = .356604
  [35] mergesat/comba+g-only/add_chain_16 = .391794
  [39] mergesat/comba-cs+ripple/add_chain_16 = .391526
  [37] cryptominisat/comba-cs+ripple/add_chain_16 = .557985
  [33] cryptominisat/comba+g-only/add_chain_16 = .559364
  [44] cadical/comba-cs+g-only/add_chain_16 = .180620
  [46] minisat/comba-cs+g-only/add_chain_16 = .356504
  [47] mergesat/comba-cs+g-only/add_chain_16 = .392371
  [45] cryptominisat/comba-cs+g-only/add_chain_16 = .561022
  [40] cadical/comba-cs+brent-kung/add_chain_16 = .918712
  [43] mergesat/comba-cs+brent-kung/add_chain_16 = 1.802759
  [42] minisat/comba-cs+brent-kung/add_chain_16 = 2.625407
  [41] cryptominisat/comba-cs+brent-kung/add_chain_16 = 4.865949
  [48] cadical/shift-add+ripple/add_chain_32 = .326570
  [51] mergesat/shift-add+ripple/add_chain_32 = .768191
  [52] cadical/shift-add+brent-kung/add_chain_32 = 1.701673
  [49] cryptominisat/shift-add+ripple/add_chain_32 = 1.925947
  [50] minisat/shift-add+ripple/add_chain_32 = 3.018378
  [55] mergesat/shift-add+brent-kung/add_chain_32 = 3.296079
  [54] minisat/shift-add+brent-kung/add_chain_32 = 10.181003
  [53] cryptominisat/shift-add+brent-kung/add_chain_32 = 11.367359
  [56] cadical/shift-add+g-only/add_chain_32 = .325856
  [60] cadical/dadda+ripple/add_chain_32 = .326147
  [59] mergesat/shift-add+g-only/add_chain_32 = .765134
  [63] mergesat/dadda+ripple/add_chain_32 = .765036
  [57] cryptominisat/shift-add+g-only/add_chain_32 = 1.891487
  [61] cryptominisat/dadda+ripple/add_chain_32 = 1.894630
  [58] minisat/shift-add+g-only/add_chain_32 = 3.012067
  [62] minisat/dadda+ripple/add_chain_32 = 3.012168
  [68] cadical/dadda+g-only/add_chain_32 = .326359
  [71] mergesat/dadda+g-only/add_chain_32 = .767497
  [64] cadical/dadda+brent-kung/add_chain_32 = 1.702930
  [69] cryptominisat/dadda+g-only/add_chain_32 = 1.896664
  [70] minisat/dadda+g-only/add_chain_32 = 3.016035
  [67] mergesat/dadda+brent-kung/add_chain_32 = 3.270994
  [66] minisat/dadda+brent-kung/add_chain_32 = 10.214466
  [65] cryptominisat/dadda+brent-kung/add_chain_32 = 11.342048
  [72] cadical/comba+ripple/add_chain_32 = .326935
  [75] mergesat/comba+ripple/add_chain_32 = .769515
  [76] cadical/comba+brent-kung/add_chain_32 = 1.699736
  [73] cryptominisat/comba+ripple/add_chain_32 = 1.904709
  [74] minisat/comba+ripple/add_chain_32 = 3.021259
  [79] mergesat/comba+brent-kung/add_chain_32 = 3.293704
  [78] minisat/comba+brent-kung/add_chain_32 = 10.180804
  [77] cryptominisat/comba+brent-kung/add_chain_32 = 11.343282
  [80] cadical/comba+g-only/add_chain_32 = .327403
  [84] cadical/comba-cs+ripple/add_chain_32 = .326939
  [87] mergesat/comba-cs+ripple/add_chain_32 = .772253
  [83] mergesat/comba+g-only/add_chain_32 = .773339
  [81] cryptominisat/comba+g-only/add_chain_32 = 1.931352
  [85] cryptominisat/comba-cs+ripple/add_chain_32 = 1.935613
  [82] minisat/comba+g-only/add_chain_32 = 3.017867
  [86] minisat/comba-cs+ripple/add_chain_32 = 3.015875
  [92] cadical/comba-cs+g-only/add_chain_32 = .329025
  [95] mergesat/comba-cs+g-only/add_chain_32 = .771818
  [88] cadical/comba-cs+brent-kung/add_chain_32 = 1.706104
  [93] cryptominisat/comba-cs+g-only/add_chain_32 = 1.951377
  [94] minisat/comba-cs+g-only/add_chain_32 = 3.022031
  [91] mergesat/comba-cs+brent-kung/add_chain_32 = 3.328243
  [90] minisat/comba-cs+brent-kung/add_chain_32 = 10.189503
  [89] cryptominisat/comba-cs+brent-kung/add_chain_32 = 11.796027
  [96] cadical/shift-add+ripple/add_overflow_16 = .008357
  [98] minisat/shift-add+ripple/add_overflow_16 = .008052
  [97] cryptominisat/shift-add+ripple/add_overflow_16 = .009190
  [99] mergesat/shift-add+ripple/add_overflow_16 = .009609
  [102] minisat/shift-add+brent-kung/add_overflow_16 = T/O
  [100] cadical/shift-add+brent-kung/add_overflow_16 = T/O
  [103] mergesat/shift-add+brent-kung/add_overflow_16 = T/O
  [101] cryptominisat/shift-add+brent-kung/add_overflow_16 = T/O
  [106] minisat/shift-add+g-only/add_overflow_16 = .008165
  [104] cadical/shift-add+g-only/add_overflow_16 = .008203
  [110] minisat/dadda+ripple/add_overflow_16 = .007882
  [108] cadical/dadda+ripple/add_overflow_16 = .008008
  [105] cryptominisat/shift-add+g-only/add_overflow_16 = .009307
  [109] cryptominisat/dadda+ripple/add_overflow_16 = .009026
  [107] mergesat/shift-add+g-only/add_overflow_16 = .009674
  [111] mergesat/dadda+ripple/add_overflow_16 = .009664
  [116] cadical/dadda+g-only/add_overflow_16 = .008276
  [118] minisat/dadda+g-only/add_overflow_16 = .008068
  [117] cryptominisat/dadda+g-only/add_overflow_16 = .009048
  [119] mergesat/dadda+g-only/add_overflow_16 = .009622
  [112] cadical/dadda+brent-kung/add_overflow_16 = T/O
  [115] mergesat/dadda+brent-kung/add_overflow_16 = T/O
  [113] cryptominisat/dadda+brent-kung/add_overflow_16 = T/O
  [114] minisat/dadda+brent-kung/add_overflow_16 = T/O
  [122] minisat/comba+ripple/add_overflow_16 = .008115
  [120] cadical/comba+ripple/add_overflow_16 = .008250
  [121] cryptominisat/comba+ripple/add_overflow_16 = .009120
  [123] mergesat/comba+ripple/add_overflow_16 = .009560
  [125] cryptominisat/comba+brent-kung/add_overflow_16 = T/O
  [124] cadical/comba+brent-kung/add_overflow_16 = T/O
  [127] mergesat/comba+brent-kung/add_overflow_16 = T/O
  [126] minisat/comba+brent-kung/add_overflow_16 = T/O
  [130] minisat/comba+g-only/add_overflow_16 = .007982
  [128] cadical/comba+g-only/add_overflow_16 = .008148
  [132] cadical/comba-cs+ripple/add_overflow_16 = .008014
  [134] minisat/comba-cs+ripple/add_overflow_16 = .007804
  [129] cryptominisat/comba+g-only/add_overflow_16 = .009109
  [133] cryptominisat/comba-cs+ripple/add_overflow_16 = .009221
  [131] mergesat/comba+g-only/add_overflow_16 = .009906
  [135] mergesat/comba-cs+ripple/add_overflow_16 = .009616
  [142] minisat/comba-cs+g-only/add_overflow_16 = .007964
  [140] cadical/comba-cs+g-only/add_overflow_16 = .008158
  [141] cryptominisat/comba-cs+g-only/add_overflow_16 = .009081
  [143] mergesat/comba-cs+g-only/add_overflow_16 = .009570
  [138] minisat/comba-cs+brent-kung/add_overflow_16 = T/O
  [139] mergesat/comba-cs+brent-kung/add_overflow_16 = T/O
  [136] cadical/comba-cs+brent-kung/add_overflow_16 = T/O
  [137] cryptominisat/comba-cs+brent-kung/add_overflow_16 = T/O
  [146] minisat/shift-add+ripple/add_sub_cancel_16 = .007845
  [145] cryptominisat/shift-add+ripple/add_sub_cancel_16 = .008622
  [144] cadical/shift-add+ripple/add_sub_cancel_16 = .008651
  [149] cryptominisat/shift-add+brent-kung/add_sub_cancel_16 = .010395
  [150] minisat/shift-add+brent-kung/add_sub_cancel_16 = .011556
  [147] mergesat/shift-add+ripple/add_sub_cancel_16 = .012973
  [148] cadical/shift-add+brent-kung/add_sub_cancel_16 = .015266
  [151] mergesat/shift-add+brent-kung/add_sub_cancel_16 = .016700
  [154] minisat/shift-add+g-only/add_sub_cancel_16 = .007787
  [158] minisat/dadda+ripple/add_sub_cancel_16 = .007645
  [153] cryptominisat/shift-add+g-only/add_sub_cancel_16 = .008580
  [156] cadical/dadda+ripple/add_sub_cancel_16 = .008524
  [152] cadical/shift-add+g-only/add_sub_cancel_16 = .008784
  [157] cryptominisat/dadda+ripple/add_sub_cancel_16 = .008497
  [159] mergesat/dadda+ripple/add_sub_cancel_16 = .013091
  [155] mergesat/shift-add+g-only/add_sub_cancel_16 = .013552
  [166] minisat/dadda+g-only/add_sub_cancel_16 = .007778
  [165] cryptominisat/dadda+g-only/add_sub_cancel_16 = .008505
  [164] cadical/dadda+g-only/add_sub_cancel_16 = .008523
  [161] cryptominisat/dadda+brent-kung/add_sub_cancel_16 = .010587
  [162] minisat/dadda+brent-kung/add_sub_cancel_16 = .011554
  [167] mergesat/dadda+g-only/add_sub_cancel_16 = .012980
  [160] cadical/dadda+brent-kung/add_sub_cancel_16 = .015634
  [163] mergesat/dadda+brent-kung/add_sub_cancel_16 = .016797
  [170] minisat/comba+ripple/add_sub_cancel_16 = .007940
  [168] cadical/comba+ripple/add_sub_cancel_16 = .008617
  [169] cryptominisat/comba+ripple/add_sub_cancel_16 = .008664
  [173] cryptominisat/comba+brent-kung/add_sub_cancel_16 = .010507
  [174] minisat/comba+brent-kung/add_sub_cancel_16 = .011520
  [171] mergesat/comba+ripple/add_sub_cancel_16 = .013059
  [172] cadical/comba+brent-kung/add_sub_cancel_16 = .015445
  [175] mergesat/comba+brent-kung/add_sub_cancel_16 = .016817
  [178] minisat/comba+g-only/add_sub_cancel_16 = .007829
  [182] minisat/comba-cs+ripple/add_sub_cancel_16 = .007705
  [177] cryptominisat/comba+g-only/add_sub_cancel_16 = .008631
  [176] cadical/comba+g-only/add_sub_cancel_16 = .008550
  [181] cryptominisat/comba-cs+ripple/add_sub_cancel_16 = .008441
  [180] cadical/comba-cs+ripple/add_sub_cancel_16 = .008434
  [179] mergesat/comba+g-only/add_sub_cancel_16 = .012964
  [183] mergesat/comba-cs+ripple/add_sub_cancel_16 = .013129
  [190] minisat/comba-cs+g-only/add_sub_cancel_16 = .007749
  [189] cryptominisat/comba-cs+g-only/add_sub_cancel_16 = .008514
  [188] cadical/comba-cs+g-only/add_sub_cancel_16 = .008440
  [185] cryptominisat/comba-cs+brent-kung/add_sub_cancel_16 = .010709
  [186] minisat/comba-cs+brent-kung/add_sub_cancel_16 = .011404
  [191] mergesat/comba-cs+g-only/add_sub_cancel_16 = .012793
  [184] cadical/comba-cs+brent-kung/add_sub_cancel_16 = .015928
  [187] mergesat/comba-cs+brent-kung/add_sub_cancel_16 = .016705
  [196] cadical/shift-add+brent-kung/assoc_8 = 27.394544
  [192] cadical/shift-add+ripple/assoc_8 = 27.427779
  [197] cryptominisat/shift-add+brent-kung/assoc_8 = 89.999677
  [193] cryptominisat/shift-add+ripple/assoc_8 = 90.185794
  [195] mergesat/shift-add+ripple/assoc_8 = 107.411542
  [199] mergesat/shift-add+brent-kung/assoc_8 = 107.080244
  [194] minisat/shift-add+ripple/assoc_8 = T/O
  [198] minisat/shift-add+brent-kung/assoc_8 = T/O
  [200] cadical/shift-add+g-only/assoc_8 = 27.297446
  [201] cryptominisat/shift-add+g-only/assoc_8 = 88.448309
  [203] mergesat/shift-add+g-only/assoc_8 = 106.372129
  [206] minisat/dadda+ripple/assoc_8 = T/O
  [202] minisat/shift-add+g-only/assoc_8 = T/O
  [204] cadical/dadda+ripple/assoc_8 = T/O
  [205] cryptominisat/dadda+ripple/assoc_8 = T/O
  [207] mergesat/dadda+ripple/assoc_8 = T/O
  [210] minisat/dadda+brent-kung/assoc_8 = T/O
  [208] cadical/dadda+brent-kung/assoc_8 = T/O
  [212] cadical/dadda+g-only/assoc_8 = T/O
  [214] minisat/dadda+g-only/assoc_8 = T/O
  [209] cryptominisat/dadda+brent-kung/assoc_8 = T/O
  [213] cryptominisat/dadda+g-only/assoc_8 = T/O
  [215] mergesat/dadda+g-only/assoc_8 = T/O
  [211] mergesat/dadda+brent-kung/assoc_8 = T/O
  [222] minisat/comba+brent-kung/assoc_8 = T/O
  [223] mergesat/comba+brent-kung/assoc_8 = T/O
  [220] cadical/comba+brent-kung/assoc_8 = T/O
  [221] cryptominisat/comba+brent-kung/assoc_8 = T/O
  [218] minisat/comba+ripple/assoc_8 = T/O
  [216] cadical/comba+ripple/assoc_8 = T/O
  [217] cryptominisat/comba+ripple/assoc_8 = T/O
  [219] mergesat/comba+ripple/assoc_8 = T/O
  [228] cadical/comba-cs+ripple/assoc_8 = 27.195467
  [229] cryptominisat/comba-cs+ripple/assoc_8 = 89.808700
  [231] mergesat/comba-cs+ripple/assoc_8 = 107.544668
  [226] minisat/comba+g-only/assoc_8 = T/O
  [224] cadical/comba+g-only/assoc_8 = T/O
  [230] minisat/comba-cs+ripple/assoc_8 = T/O
  [225] cryptominisat/comba+g-only/assoc_8 = T/O
  [227] mergesat/comba+g-only/assoc_8 = T/O
  [236] cadical/comba-cs+g-only/assoc_8 = 27.350959
  [232] cadical/comba-cs+brent-kung/assoc_8 = 27.391487
  [237] cryptominisat/comba-cs+g-only/assoc_8 = 89.883906
  [233] cryptominisat/comba-cs+brent-kung/assoc_8 = 90.318028
  [235] mergesat/comba-cs+brent-kung/assoc_8 = 107.074159
  [239] mergesat/comba-cs+g-only/assoc_8 = 107.801094
  [234] minisat/comba-cs+brent-kung/assoc_8 = T/O
  [238] minisat/comba-cs+g-only/assoc_8 = T/O
  [242] minisat/shift-add+ripple/barrett_red_8 = .006894
  [246] minisat/shift-add+brent-kung/barrett_red_8 = .006917
  [241] cryptominisat/shift-add+ripple/barrett_red_8 = .007428
  [245] cryptominisat/shift-add+brent-kung/barrett_red_8 = .007757
  [243] mergesat/shift-add+ripple/barrett_red_8 = .008192
  [247] mergesat/shift-add+brent-kung/barrett_red_8 = .009184
  [240] cadical/shift-add+ripple/barrett_red_8 = .013011
  [244] cadical/shift-add+brent-kung/barrett_red_8 = .013181
  [250] minisat/shift-add+g-only/barrett_red_8 = .006949
  [254] minisat/dadda+ripple/barrett_red_8 = .006724
  [249] cryptominisat/shift-add+g-only/barrett_red_8 = .007787
  [251] mergesat/shift-add+g-only/barrett_red_8 = .008028
  [253] cryptominisat/dadda+ripple/barrett_red_8 = .008064
  [255] mergesat/dadda+ripple/barrett_red_8 = .009276
  [248] cadical/shift-add+g-only/barrett_red_8 = .012929
  [252] cadical/dadda+ripple/barrett_red_8 = .012970
  [262] minisat/dadda+g-only/barrett_red_8 = .006752
  [258] minisat/dadda+brent-kung/barrett_red_8 = .007345
  [257] cryptominisat/dadda+brent-kung/barrett_red_8 = .007855
  [261] cryptominisat/dadda+g-only/barrett_red_8 = .007997
  [259] mergesat/dadda+brent-kung/barrett_red_8 = .008624
  [263] mergesat/dadda+g-only/barrett_red_8 = .009334
  [260] cadical/dadda+g-only/barrett_red_8 = .013061
  [256] cadical/dadda+brent-kung/barrett_red_8 = .013928
  [266] minisat/comba+ripple/barrett_red_8 = .009257
  [267] mergesat/comba+ripple/barrett_red_8 = .014429
  [264] cadical/comba+ripple/barrett_red_8 = .017877
  [265] cryptominisat/comba+ripple/barrett_red_8 = .021131
  [271] mergesat/comba+brent-kung/barrett_red_8 = T/O
  [269] cryptominisat/comba+brent-kung/barrett_red_8 = T/O
  [270] minisat/comba+brent-kung/barrett_red_8 = T/O
  [268] cadical/comba+brent-kung/barrett_red_8 = T/O
  [278] minisat/comba-cs+ripple/barrett_red_8 = .006874
  [277] cryptominisat/comba-cs+ripple/barrett_red_8 = .007496
  [279] mergesat/comba-cs+ripple/barrett_red_8 = .008089
  [274] minisat/comba+g-only/barrett_red_8 = .009117
  [276] cadical/comba-cs+ripple/barrett_red_8 = .013097
  [275] mergesat/comba+g-only/barrett_red_8 = .014298
  [272] cadical/comba+g-only/barrett_red_8 = .017792
  [273] cryptominisat/comba+g-only/barrett_red_8 = .021077
  [282] minisat/comba-cs+brent-kung/barrett_red_8 = .007167
  [286] minisat/comba-cs+g-only/barrett_red_8 = .006745
  [281] cryptominisat/comba-cs+brent-kung/barrett_red_8 = .007784
  [285] cryptominisat/comba-cs+g-only/barrett_red_8 = .007404
  [287] mergesat/comba-cs+g-only/barrett_red_8 = .008003
  [283] mergesat/comba-cs+brent-kung/barrett_red_8 = .009031
  [280] cadical/comba-cs+brent-kung/barrett_red_8 = .013301
  [284] cadical/comba-cs+g-only/barrett_red_8 = .012531
  [288] cadical/shift-add+ripple/bf16_mul_comm = .009035
  [292] cadical/shift-add+brent-kung/bf16_mul_comm = .009009
  [295] mergesat/shift-add+brent-kung/bf16_mul_comm = .043337
  [291] mergesat/shift-add+ripple/bf16_mul_comm = .043454
  [294] minisat/shift-add+brent-kung/bf16_mul_comm = .044926
  [290] minisat/shift-add+ripple/bf16_mul_comm = .045125
  [293] cryptominisat/shift-add+brent-kung/bf16_mul_comm = .277089
  [289] cryptominisat/shift-add+ripple/bf16_mul_comm = .278029
  [296] cadical/shift-add+g-only/bf16_mul_comm = .009074
  [300] cadical/dadda+ripple/bf16_mul_comm = .008875
  [303] mergesat/dadda+ripple/bf16_mul_comm = .031442
  [302] minisat/dadda+ripple/bf16_mul_comm = .031821
  [299] mergesat/shift-add+g-only/bf16_mul_comm = .043395
  [298] minisat/shift-add+g-only/bf16_mul_comm = .044725
  [301] cryptominisat/dadda+ripple/bf16_mul_comm = .044655
  [297] cryptominisat/shift-add+g-only/bf16_mul_comm = .276592
  [304] cadical/dadda+brent-kung/bf16_mul_comm = .009336
  [308] cadical/dadda+g-only/bf16_mul_comm = .009109
  [307] mergesat/dadda+brent-kung/bf16_mul_comm = .031548
  [311] mergesat/dadda+g-only/bf16_mul_comm = .031156
  [306] minisat/dadda+brent-kung/bf16_mul_comm = .031816
  [310] minisat/dadda+g-only/bf16_mul_comm = .031654
  [305] cryptominisat/dadda+brent-kung/bf16_mul_comm = .044831
  [309] cryptominisat/dadda+g-only/bf16_mul_comm = .044959
  [312] cadical/comba+ripple/bf16_mul_comm = .009920
  [316] cadical/comba+brent-kung/bf16_mul_comm = .009757
  [314] minisat/comba+ripple/bf16_mul_comm = .025370
  [318] minisat/comba+brent-kung/bf16_mul_comm = .025228
  [313] cryptominisat/comba+ripple/bf16_mul_comm = .045035
  [317] cryptominisat/comba+brent-kung/bf16_mul_comm = .044838
  [315] mergesat/comba+ripple/bf16_mul_comm = .058292
  [319] mergesat/comba+brent-kung/bf16_mul_comm = .058654
  [324] cadical/comba-cs+ripple/bf16_mul_comm = .009086
  [320] cadical/comba+g-only/bf16_mul_comm = .010024
  [322] minisat/comba+g-only/bf16_mul_comm = .025500
  [327] mergesat/comba-cs+ripple/bf16_mul_comm = .032604
  [326] minisat/comba-cs+ripple/bf16_mul_comm = .040096
  [321] cryptominisat/comba+g-only/bf16_mul_comm = .045280
  [323] mergesat/comba+g-only/bf16_mul_comm = .058412
  [325] cryptominisat/comba-cs+ripple/bf16_mul_comm = .238702
  [328] cadical/comba-cs+brent-kung/bf16_mul_comm = .009334
  [332] cadical/comba-cs+g-only/bf16_mul_comm = .009077
  [331] mergesat/comba-cs+brent-kung/bf16_mul_comm = .032604
  [335] mergesat/comba-cs+g-only/bf16_mul_comm = .032744
  [330] minisat/comba-cs+brent-kung/bf16_mul_comm = .040129
  [334] minisat/comba-cs+g-only/bf16_mul_comm = .039953
  [329] cryptominisat/comba-cs+brent-kung/bf16_mul_comm = .238429
  [333] cryptominisat/comba-cs+g-only/bf16_mul_comm = .238396
  [340] cadical/shift-add+brent-kung/bf16_mul_comm_v2 = 23.259567
  [336] cadical/shift-add+ripple/bf16_mul_comm_v2 = 23.285980
  [341] cryptominisat/shift-add+brent-kung/bf16_mul_comm_v2 = 53.477237
  [337] cryptominisat/shift-add+ripple/bf16_mul_comm_v2 = 54.854598
  [339] mergesat/shift-add+ripple/bf16_mul_comm_v2 = 89.895251
  [343] mergesat/shift-add+brent-kung/bf16_mul_comm_v2 = 90.966519
  [338] minisat/shift-add+ripple/bf16_mul_comm_v2 = T/O
  [342] minisat/shift-add+brent-kung/bf16_mul_comm_v2 = T/O
  [344] cadical/shift-add+g-only/bf16_mul_comm_v2 = 23.097484
  [348] cadical/dadda+ripple/bf16_mul_comm_v2 = 28.212215
  [345] cryptominisat/shift-add+g-only/bf16_mul_comm_v2 = 54.391542
  [349] cryptominisat/dadda+ripple/bf16_mul_comm_v2 = 61.734648
  [350] minisat/dadda+ripple/bf16_mul_comm_v2 = 90.218395
  [347] mergesat/shift-add+g-only/bf16_mul_comm_v2 = 91.760205
  [351] mergesat/dadda+ripple/bf16_mul_comm_v2 = 115.531233
  [346] minisat/shift-add+g-only/bf16_mul_comm_v2 = T/O
  [352] cadical/dadda+brent-kung/bf16_mul_comm_v2 = 28.079592
  [356] cadical/dadda+g-only/bf16_mul_comm_v2 = 28.304992
  [357] cryptominisat/dadda+g-only/bf16_mul_comm_v2 = 63.119181
  [353] cryptominisat/dadda+brent-kung/bf16_mul_comm_v2 = 62.888977
  [358] minisat/dadda+g-only/bf16_mul_comm_v2 = 90.444842
  [354] minisat/dadda+brent-kung/bf16_mul_comm_v2 = 90.526970
  [359] mergesat/dadda+g-only/bf16_mul_comm_v2 = T/O
  [355] mergesat/dadda+brent-kung/bf16_mul_comm_v2 = T/O
  [360] cadical/comba+ripple/bf16_mul_comm_v2 = 10.660853
  [364] cadical/comba+brent-kung/bf16_mul_comm_v2 = 10.673386
  [365] cryptominisat/comba+brent-kung/bf16_mul_comm_v2 = 44.608685
  [361] cryptominisat/comba+ripple/bf16_mul_comm_v2 = 45.167920
  [362] minisat/comba+ripple/bf16_mul_comm_v2 = T/O
  [366] minisat/comba+brent-kung/bf16_mul_comm_v2 = T/O
  [363] mergesat/comba+ripple/bf16_mul_comm_v2 = T/O
  [367] mergesat/comba+brent-kung/bf16_mul_comm_v2 = T/O
  [368] cadical/comba+g-only/bf16_mul_comm_v2 = 10.693017
  [372] cadical/comba-cs+ripple/bf16_mul_comm_v2 = 11.235796
  [369] cryptominisat/comba+g-only/bf16_mul_comm_v2 = 45.749842
  [373] cryptominisat/comba-cs+ripple/bf16_mul_comm_v2 = 53.471548
  [370] minisat/comba+g-only/bf16_mul_comm_v2 = T/O
  [374] minisat/comba-cs+ripple/bf16_mul_comm_v2 = T/O
  [371] mergesat/comba+g-only/bf16_mul_comm_v2 = T/O
  [375] mergesat/comba-cs+ripple/bf16_mul_comm_v2 = T/O
  [376] cadical/comba-cs+brent-kung/bf16_mul_comm_v2 = 11.281877
  [380] cadical/comba-cs+g-only/bf16_mul_comm_v2 = 11.301573
  [377] cryptominisat/comba-cs+brent-kung/bf16_mul_comm_v2 = 52.867451
  [381] cryptominisat/comba-cs+g-only/bf16_mul_comm_v2 = 53.043557
  [378] minisat/comba-cs+brent-kung/bf16_mul_comm_v2 = T/O
  [382] minisat/comba-cs+g-only/bf16_mul_comm_v2 = T/O
  [379] mergesat/comba-cs+brent-kung/bf16_mul_comm_v2 = T/O
  [383] mergesat/comba-cs+g-only/bf16_mul_comm_v2 = T/O
  [386] minisat/shift-add+ripple/bf16_mul_const = .020129
  [390] minisat/shift-add+brent-kung/bf16_mul_const = .020047
  [384] cadical/shift-add+ripple/bf16_mul_const = .030889
  [388] cadical/shift-add+brent-kung/bf16_mul_const = .030352
  [387] mergesat/shift-add+ripple/bf16_mul_const = .038461
  [391] mergesat/shift-add+brent-kung/bf16_mul_const = .038263
  [385] cryptominisat/shift-add+ripple/bf16_mul_const = .049725
  [389] cryptominisat/shift-add+brent-kung/bf16_mul_const = .049680
  [394] minisat/shift-add+g-only/bf16_mul_const = .019977
  [398] minisat/dadda+ripple/bf16_mul_const = .023127
  [396] cadical/dadda+ripple/bf16_mul_const = .028578
  [392] cadical/shift-add+g-only/bf16_mul_const = .030625
  [399] mergesat/dadda+ripple/bf16_mul_const = .037776
  [397] cryptominisat/dadda+ripple/bf16_mul_const = .038202
  [395] mergesat/shift-add+g-only/bf16_mul_const = .038371
  [393] cryptominisat/shift-add+g-only/bf16_mul_const = .049380
  [402] minisat/dadda+brent-kung/bf16_mul_const = .023197
  [406] minisat/dadda+g-only/bf16_mul_const = .023137
  [400] cadical/dadda+brent-kung/bf16_mul_const = .028498
  [404] cadical/dadda+g-only/bf16_mul_const = .028439
  [403] mergesat/dadda+brent-kung/bf16_mul_const = .037827
  [405] cryptominisat/dadda+g-only/bf16_mul_const = .038087
  [401] cryptominisat/dadda+brent-kung/bf16_mul_const = .038221
  [407] mergesat/dadda+g-only/bf16_mul_const = .037808
  [410] minisat/comba+ripple/bf16_mul_const = .022641
  [414] minisat/comba+brent-kung/bf16_mul_const = .022409
  [412] cadical/comba+brent-kung/bf16_mul_const = .032309
  [408] cadical/comba+ripple/bf16_mul_const = .032860
  [409] cryptominisat/comba+ripple/bf16_mul_const = .041928
  [413] cryptominisat/comba+brent-kung/bf16_mul_const = .041859
  [411] mergesat/comba+ripple/bf16_mul_const = .089108
  [415] mergesat/comba+brent-kung/bf16_mul_const = .089598
  [422] minisat/comba-cs+ripple/bf16_mul_const = .021282
  [418] minisat/comba+g-only/bf16_mul_const = .022505
  [420] cadical/comba-cs+ripple/bf16_mul_const = .028563
  [416] cadical/comba+g-only/bf16_mul_const = .032460
  [421] cryptominisat/comba-cs+ripple/bf16_mul_const = .033118
  [417] cryptominisat/comba+g-only/bf16_mul_const = .041596
  [423] mergesat/comba-cs+ripple/bf16_mul_const = .048073
  [419] mergesat/comba+g-only/bf16_mul_const = .089658
  [426] minisat/comba-cs+brent-kung/bf16_mul_const = .021394
  [430] minisat/comba-cs+g-only/bf16_mul_const = .021526
  [424] cadical/comba-cs+brent-kung/bf16_mul_const = .028640
  [428] cadical/comba-cs+g-only/bf16_mul_const = .028583
  [425] cryptominisat/comba-cs+brent-kung/bf16_mul_const = .033532
  [429] cryptominisat/comba-cs+g-only/bf16_mul_const = .033336
  [427] mergesat/comba-cs+brent-kung/bf16_mul_const = .048061
  [431] mergesat/comba-cs+g-only/bf16_mul_const = .047997
  [432] cadical/shift-add+ripple/bf16_mul_mono = 29.082258
  [436] cadical/shift-add+brent-kung/bf16_mul_mono = 29.141715
  [433] cryptominisat/shift-add+ripple/bf16_mul_mono = 55.384292
  [437] cryptominisat/shift-add+brent-kung/bf16_mul_mono = 55.509264
  [439] mergesat/shift-add+brent-kung/bf16_mul_mono = 102.123706
  [435] mergesat/shift-add+ripple/bf16_mul_mono = 100.795587
  [438] minisat/shift-add+brent-kung/bf16_mul_mono = T/O
  [434] minisat/shift-add+ripple/bf16_mul_mono = T/O
  [440] cadical/shift-add+g-only/bf16_mul_mono = 29.238677
  [444] cadical/dadda+ripple/bf16_mul_mono = 32.669682
  [441] cryptominisat/shift-add+g-only/bf16_mul_mono = 54.936811
  [445] cryptominisat/dadda+ripple/bf16_mul_mono = 101.293687
  [447] mergesat/dadda+ripple/bf16_mul_mono = 102.201037
  [443] mergesat/shift-add+g-only/bf16_mul_mono = 103.178758
  [442] minisat/shift-add+g-only/bf16_mul_mono = T/O
  [446] minisat/dadda+ripple/bf16_mul_mono = T/O
  [452] cadical/dadda+g-only/bf16_mul_mono = 32.967056
  [448] cadical/dadda+brent-kung/bf16_mul_mono = 33.231219
  [451] mergesat/dadda+brent-kung/bf16_mul_mono = 102.885131
  [453] cryptominisat/dadda+g-only/bf16_mul_mono = 102.493700
  [455] mergesat/dadda+g-only/bf16_mul_mono = 103.739545
  [449] cryptominisat/dadda+brent-kung/bf16_mul_mono = 103.572764
  [450] minisat/dadda+brent-kung/bf16_mul_mono = T/O
  [454] minisat/dadda+g-only/bf16_mul_mono = T/O
  [456] cadical/comba+ripple/bf16_mul_mono = 27.723350
  [460] cadical/comba+brent-kung/bf16_mul_mono = 27.638350
  [457] cryptominisat/comba+ripple/bf16_mul_mono = 91.125370
  [461] cryptominisat/comba+brent-kung/bf16_mul_mono = 91.969423
  [463] mergesat/comba+brent-kung/bf16_mul_mono = 104.464961
  [459] mergesat/comba+ripple/bf16_mul_mono = 106.802561
  [458] minisat/comba+ripple/bf16_mul_mono = T/O
  [462] minisat/comba+brent-kung/bf16_mul_mono = T/O
  [464] cadical/comba+g-only/bf16_mul_mono = 27.650750
  [468] cadical/comba-cs+ripple/bf16_mul_mono = 29.038418
  [469] cryptominisat/comba-cs+ripple/bf16_mul_mono = 74.788967
  [465] cryptominisat/comba+g-only/bf16_mul_mono = 90.509784
  [467] mergesat/comba+g-only/bf16_mul_mono = 105.148799
  [471] mergesat/comba-cs+ripple/bf16_mul_mono = 115.464601
  [466] minisat/comba+g-only/bf16_mul_mono = T/O
  [470] minisat/comba-cs+ripple/bf16_mul_mono = T/O
  [476] cadical/comba-cs+g-only/bf16_mul_mono = 28.968643
  [472] cadical/comba-cs+brent-kung/bf16_mul_mono = 29.061520
  [473] cryptominisat/comba-cs+brent-kung/bf16_mul_mono = 72.658542
  [477] cryptominisat/comba-cs+g-only/bf16_mul_mono = 73.110241
  [475] mergesat/comba-cs+brent-kung/bf16_mul_mono = 113.209205
  [479] mergesat/comba-cs+g-only/bf16_mul_mono = 112.887697
  [474] minisat/comba-cs+brent-kung/bf16_mul_mono = T/O
  [478] minisat/comba-cs+g-only/bf16_mul_mono = T/O
  [484] cadical/shift-add+brent-kung/checked_mul_16 = .388895
  [480] cadical/shift-add+ripple/checked_mul_16 = .389584
  [487] mergesat/shift-add+brent-kung/checked_mul_16 = 9.107809
  [483] mergesat/shift-add+ripple/checked_mul_16 = 9.165030
  [482] minisat/shift-add+ripple/checked_mul_16 = 21.866355
  [486] minisat/shift-add+brent-kung/checked_mul_16 = 21.894886
  [485] cryptominisat/shift-add+brent-kung/checked_mul_16 = 43.087699
  [481] cryptominisat/shift-add+ripple/checked_mul_16 = 43.074197
  [492] cadical/dadda+ripple/checked_mul_16 = .278161
  [488] cadical/shift-add+g-only/checked_mul_16 = .388974
  [494] minisat/dadda+ripple/checked_mul_16 = 4.966231
  [495] mergesat/dadda+ripple/checked_mul_16 = 5.629803
  [491] mergesat/shift-add+g-only/checked_mul_16 = 9.084179
  [493] cryptominisat/dadda+ripple/checked_mul_16 = 19.402408
  [490] minisat/shift-add+g-only/checked_mul_16 = 21.879950
  [489] cryptominisat/shift-add+g-only/checked_mul_16 = 42.827183
  [500] cadical/dadda+g-only/checked_mul_16 = .278325
  [496] cadical/dadda+brent-kung/checked_mul_16 = .389559
  [502] minisat/dadda+g-only/checked_mul_16 = 4.971332
  [503] mergesat/dadda+g-only/checked_mul_16 = 5.621879
  [499] mergesat/dadda+brent-kung/checked_mul_16 = 6.750784
  [501] cryptominisat/dadda+g-only/checked_mul_16 = 19.385221
  [498] minisat/dadda+brent-kung/checked_mul_16 = 22.871134
  [497] cryptominisat/dadda+brent-kung/checked_mul_16 = 23.685910
  [504] cadical/comba+ripple/checked_mul_16 = .626218
  [508] cadical/comba+brent-kung/checked_mul_16 = T/O
  [511] mergesat/comba+brent-kung/checked_mul_16 = T/O
  [509] cryptominisat/comba+brent-kung/checked_mul_16 = T/O
  [510] minisat/comba+brent-kung/checked_mul_16 = T/O
  [507] mergesat/comba+ripple/checked_mul_16 = 11.931477
  [506] minisat/comba+ripple/checked_mul_16 = 32.423694
  [505] cryptominisat/comba+ripple/checked_mul_16 = 47.267501
  [516] cadical/comba-cs+ripple/checked_mul_16 = .389788
  [512] cadical/comba+g-only/checked_mul_16 = .625264
  [519] mergesat/comba-cs+ripple/checked_mul_16 = 9.206133
  [515] mergesat/comba+g-only/checked_mul_16 = 12.007108
  [518] minisat/comba-cs+ripple/checked_mul_16 = 21.949466
  [514] minisat/comba+g-only/checked_mul_16 = 32.524932
  [517] cryptominisat/comba-cs+ripple/checked_mul_16 = 42.917646
  [513] cryptominisat/comba+g-only/checked_mul_16 = 48.196420
  [520] cadical/comba-cs+brent-kung/checked_mul_16 = .389625
  [524] cadical/comba-cs+g-only/checked_mul_16 = .389421
  [523] mergesat/comba-cs+brent-kung/checked_mul_16 = 9.161901
  [527] mergesat/comba-cs+g-only/checked_mul_16 = 9.177042
  [522] minisat/comba-cs+brent-kung/checked_mul_16 = 21.868802
  [526] minisat/comba-cs+g-only/checked_mul_16 = 21.914688
  [525] cryptominisat/comba-cs+g-only/checked_mul_16 = 42.887598
  [521] cryptominisat/comba-cs+brent-kung/checked_mul_16 = 43.512607
  [530] minisat/shift-add+ripple/comm_16 = T/O
  [528] cadical/shift-add+ripple/comm_16 = T/O
  [532] cadical/shift-add+brent-kung/comm_16 = T/O
  [534] minisat/shift-add+brent-kung/comm_16 = T/O
  [529] cryptominisat/shift-add+ripple/comm_16 = T/O
  [533] cryptominisat/shift-add+brent-kung/comm_16 = T/O
  [531] mergesat/shift-add+ripple/comm_16 = T/O
  [535] mergesat/shift-add+brent-kung/comm_16 = T/O
  [536] cadical/shift-add+g-only/comm_16 = T/O
  [542] minisat/dadda+ripple/comm_16 = T/O
  [540] cadical/dadda+ripple/comm_16 = T/O
  [538] minisat/shift-add+g-only/comm_16 = T/O
  [537] cryptominisat/shift-add+g-only/comm_16 = T/O
  [541] cryptominisat/dadda+ripple/comm_16 = T/O
  [539] mergesat/shift-add+g-only/comm_16 = T/O
  [543] mergesat/dadda+ripple/comm_16 = T/O
  [546] minisat/dadda+brent-kung/comm_16 = T/O
  [544] cadical/dadda+brent-kung/comm_16 = T/O
  [548] cadical/dadda+g-only/comm_16 = T/O
  [550] minisat/dadda+g-only/comm_16 = T/O
  [545] cryptominisat/dadda+brent-kung/comm_16 = T/O
  [549] cryptominisat/dadda+g-only/comm_16 = T/O
  [547] mergesat/dadda+brent-kung/comm_16 = T/O
  [551] mergesat/dadda+g-only/comm_16 = T/O
  [558] minisat/comba+brent-kung/comm_16 = T/O
  [557] cryptominisat/comba+brent-kung/comm_16 = T/O
  [559] mergesat/comba+brent-kung/comm_16 = T/O
  [556] cadical/comba+brent-kung/comm_16 = T/O
  [552] cadical/comba+ripple/comm_16 = 24.316959
  [554] minisat/comba+ripple/comm_16 = T/O
  [553] cryptominisat/comba+ripple/comm_16 = T/O
  [555] mergesat/comba+ripple/comm_16 = T/O
  [564] cadical/comba-cs+ripple/comm_16 = 5.466593
  [567] mergesat/comba-cs+ripple/comm_16 = 12.644162
  [560] cadical/comba+g-only/comm_16 = 24.503674
  [562] minisat/comba+g-only/comm_16 = T/O
  [566] minisat/comba-cs+ripple/comm_16 = T/O
  [561] cryptominisat/comba+g-only/comm_16 = T/O
  [565] cryptominisat/comba-cs+ripple/comm_16 = T/O
  [563] mergesat/comba+g-only/comm_16 = T/O
  [568] cadical/comba-cs+brent-kung/comm_16 = 5.455858
  [572] cadical/comba-cs+g-only/comm_16 = 5.461903
  [575] mergesat/comba-cs+g-only/comm_16 = 12.473538
  [571] mergesat/comba-cs+brent-kung/comm_16 = 12.543527
  [570] minisat/comba-cs+brent-kung/comm_16 = T/O
  [574] minisat/comba-cs+g-only/comm_16 = T/O
  [569] cryptominisat/comba-cs+brent-kung/comm_16 = T/O
  [573] cryptominisat/comba-cs+g-only/comm_16 = T/O
  [576] cadical/shift-add+ripple/comm_20 = T/O
  [578] minisat/shift-add+ripple/comm_20 = T/O
  [582] minisat/shift-add+brent-kung/comm_20 = T/O
  [580] cadical/shift-add+brent-kung/comm_20 = T/O
  [577] cryptominisat/shift-add+ripple/comm_20 = T/O
  [581] cryptominisat/shift-add+brent-kung/comm_20 = T/O
  [579] mergesat/shift-add+ripple/comm_20 = T/O
  [583] mergesat/shift-add+brent-kung/comm_20 = T/O
  [586] minisat/shift-add+g-only/comm_20 = T/O
  [588] cadical/dadda+ripple/comm_20 = T/O
  [584] cadical/shift-add+g-only/comm_20 = T/O
  [590] minisat/dadda+ripple/comm_20 = T/O
  [585] cryptominisat/shift-add+g-only/comm_20 = T/O
  [589] cryptominisat/dadda+ripple/comm_20 = T/O
  [587] mergesat/shift-add+g-only/comm_20 = T/O
  [591] mergesat/dadda+ripple/comm_20 = T/O
  [594] minisat/dadda+brent-kung/comm_20 = T/O
  [596] cadical/dadda+g-only/comm_20 = T/O
  [592] cadical/dadda+brent-kung/comm_20 = T/O
  [598] minisat/dadda+g-only/comm_20 = T/O
  [593] cryptominisat/dadda+brent-kung/comm_20 = T/O
  [597] cryptominisat/dadda+g-only/comm_20 = T/O
  [599] mergesat/dadda+g-only/comm_20 = T/O
  [595] mergesat/dadda+brent-kung/comm_20 = T/O
  [604] cadical/comba+brent-kung/comm_20 = T/O
  [607] mergesat/comba+brent-kung/comm_20 = T/O
  [605] cryptominisat/comba+brent-kung/comm_20 = T/O
  [606] minisat/comba+brent-kung/comm_20 = T/O
  [600] cadical/comba+ripple/comm_20 = T/O
  [602] minisat/comba+ripple/comm_20 = T/O
  [601] cryptominisat/comba+ripple/comm_20 = T/O
  [603] mergesat/comba+ripple/comm_20 = T/O
  [612] cadical/comba-cs+ripple/comm_20 = 35.010253
  [615] mergesat/comba-cs+ripple/comm_20 = 48.376221
  [608] cadical/comba+g-only/comm_20 = T/O
  [610] minisat/comba+g-only/comm_20 = T/O
  [614] minisat/comba-cs+ripple/comm_20 = T/O
  [609] cryptominisat/comba+g-only/comm_20 = T/O
  [613] cryptominisat/comba-cs+ripple/comm_20 = T/O
  [611] mergesat/comba+g-only/comm_20 = T/O
  [616] cadical/comba-cs+brent-kung/comm_20 = 35.044745
  [620] cadical/comba-cs+g-only/comm_20 = 35.127479
  [623] mergesat/comba-cs+g-only/comm_20 = 48.107258
  [619] mergesat/comba-cs+brent-kung/comm_20 = 47.739051
  [618] minisat/comba-cs+brent-kung/comm_20 = T/O
  [622] minisat/comba-cs+g-only/comm_20 = T/O
  [617] cryptominisat/comba-cs+brent-kung/comm_20 = T/O
  [621] cryptominisat/comba-cs+g-only/comm_20 = T/O
  [624] cadical/shift-add+ripple/comm_32 = T/O
  [628] cadical/shift-add+brent-kung/comm_32 = T/O
  [625] cryptominisat/shift-add+ripple/comm_32 = T/O
  [626] minisat/shift-add+ripple/comm_32 = T/O
  [630] minisat/shift-add+brent-kung/comm_32 = T/O
  [629] cryptominisat/shift-add+brent-kung/comm_32 = T/O
  [627] mergesat/shift-add+ripple/comm_32 = T/O
  [631] mergesat/shift-add+brent-kung/comm_32 = T/O
  [636] cadical/dadda+ripple/comm_32 = T/O
  [632] cadical/shift-add+g-only/comm_32 = T/O
  [633] cryptominisat/shift-add+g-only/comm_32 = T/O
  [638] minisat/dadda+ripple/comm_32 = T/O
  [634] minisat/shift-add+g-only/comm_32 = T/O
  [637] cryptominisat/dadda+ripple/comm_32 = T/O
  [635] mergesat/shift-add+g-only/comm_32 = T/O
  [639] mergesat/dadda+ripple/comm_32 = T/O
  [644] cadical/dadda+g-only/comm_32 = T/O
  [640] cadical/dadda+brent-kung/comm_32 = T/O
  [646] minisat/dadda+g-only/comm_32 = T/O
  [641] cryptominisat/dadda+brent-kung/comm_32 = T/O
  [642] minisat/dadda+brent-kung/comm_32 = T/O
  [645] cryptominisat/dadda+g-only/comm_32 = T/O
  [643] mergesat/dadda+brent-kung/comm_32 = T/O
  [647] mergesat/dadda+g-only/comm_32 = T/O
  [654] minisat/comba+brent-kung/comm_32 = T/O
  [653] cryptominisat/comba+brent-kung/comm_32 = T/O
  [652] cadical/comba+brent-kung/comm_32 = T/O
  [655] mergesat/comba+brent-kung/comm_32 = T/O
  [648] cadical/comba+ripple/comm_32 = T/O
  [650] minisat/comba+ripple/comm_32 = T/O
  [649] cryptominisat/comba+ripple/comm_32 = T/O
  [651] mergesat/comba+ripple/comm_32 = T/O
  [656] cadical/comba+g-only/comm_32 = T/O
  [660] cadical/comba-cs+ripple/comm_32 = T/O
  [661] cryptominisat/comba-cs+ripple/comm_32 = T/O
  [658] minisat/comba+g-only/comm_32 = T/O
  [662] minisat/comba-cs+ripple/comm_32 = T/O
  [657] cryptominisat/comba+g-only/comm_32 = T/O
  [663] mergesat/comba-cs+ripple/comm_32 = T/O
  [659] mergesat/comba+g-only/comm_32 = T/O
  [664] cadical/comba-cs+brent-kung/comm_32 = T/O
  [668] cadical/comba-cs+g-only/comm_32 = T/O
  [665] cryptominisat/comba-cs+brent-kung/comm_32 = T/O
  [666] minisat/comba-cs+brent-kung/comm_32 = T/O
  [670] minisat/comba-cs+g-only/comm_32 = T/O
  [669] cryptominisat/comba-cs+g-only/comm_32 = T/O
  [667] mergesat/comba-cs+brent-kung/comm_32 = T/O
  [671] mergesat/comba-cs+g-only/comm_32 = T/O
  [672] cadical/shift-add+ripple/comm_8 = .722081
  [676] cadical/shift-add+brent-kung/comm_8 = .723053
  [677] cryptominisat/shift-add+brent-kung/comm_8 = 1.660707
  [673] cryptominisat/shift-add+ripple/comm_8 = 1.665666
  [674] minisat/shift-add+ripple/comm_8 = 2.111947
  [678] minisat/shift-add+brent-kung/comm_8 = 2.112878
  [679] mergesat/shift-add+brent-kung/comm_8 = 2.653536
  [675] mergesat/shift-add+ripple/comm_8 = 2.659783
  [684] cadical/dadda+ripple/comm_8 = .167296
  [686] minisat/dadda+ripple/comm_8 = .407608
  [680] cadical/shift-add+g-only/comm_8 = .723154
  [687] mergesat/dadda+ripple/comm_8 = 1.012728
  [685] cryptominisat/dadda+ripple/comm_8 = 1.060127
  [681] cryptominisat/shift-add+g-only/comm_8 = 1.664260
  [682] minisat/shift-add+g-only/comm_8 = 2.113445
  [683] mergesat/shift-add+g-only/comm_8 = 2.667924
  [692] cadical/dadda+g-only/comm_8 = .167033
  [688] cadical/dadda+brent-kung/comm_8 = .201500
  [694] minisat/dadda+g-only/comm_8 = .407125
  [690] minisat/dadda+brent-kung/comm_8 = .444460
  [691] mergesat/dadda+brent-kung/comm_8 = .695866
  [695] mergesat/dadda+g-only/comm_8 = 1.014925
  [693] cryptominisat/dadda+g-only/comm_8 = 1.054225
  [689] cryptominisat/dadda+brent-kung/comm_8 = 1.177805
  [696] cadical/comba+ripple/comm_8 = .094381
  [698] minisat/comba+ripple/comm_8 = .213917
  [699] mergesat/comba+ripple/comm_8 = .239365
  [697] cryptominisat/comba+ripple/comm_8 = .542684
  [703] mergesat/comba+brent-kung/comm_8 = T/O
  [701] cryptominisat/comba+brent-kung/comm_8 = T/O
  [700] cadical/comba+brent-kung/comm_8 = T/O
  [702] minisat/comba+brent-kung/comm_8 = T/O
  [708] cadical/comba-cs+ripple/comm_8 = .090767
  [704] cadical/comba+g-only/comm_8 = .094073
  [706] minisat/comba+g-only/comm_8 = .214359
  [707] mergesat/comba+g-only/comm_8 = .239455
  [711] mergesat/comba-cs+ripple/comm_8 = .400274
  [710] minisat/comba-cs+ripple/comm_8 = .462073
  [705] cryptominisat/comba+g-only/comm_8 = .544108
  [709] cryptominisat/comba-cs+ripple/comm_8 = 1.407477
  [712] cadical/comba-cs+brent-kung/comm_8 = .090760
  [716] cadical/comba-cs+g-only/comm_8 = .090484
  [715] mergesat/comba-cs+brent-kung/comm_8 = .399930
  [719] mergesat/comba-cs+g-only/comm_8 = .400071
  [714] minisat/comba-cs+brent-kung/comm_8 = .462713
  [718] minisat/comba-cs+g-only/comm_8 = .462111
  [717] cryptominisat/comba-cs+g-only/comm_8 = 1.421813
  [713] cryptominisat/comba-cs+brent-kung/comm_8 = 1.423398
  [720] cadical/shift-add+ripple/crypto_square_mod = .018594
  [724] cadical/shift-add+brent-kung/crypto_square_mod = .021510
  [722] minisat/shift-add+ripple/crypto_square_mod = .035396
  [725] cryptominisat/shift-add+brent-kung/crypto_square_mod = .038477
  [726] minisat/shift-add+brent-kung/crypto_square_mod = .039142
  [723] mergesat/shift-add+ripple/crypto_square_mod = .058851
  [727] mergesat/shift-add+brent-kung/crypto_square_mod = .168018
  [721] cryptominisat/shift-add+ripple/crypto_square_mod = .190660
  [732] cadical/dadda+ripple/crypto_square_mod = .018381
  [728] cadical/shift-add+g-only/crypto_square_mod = .018694
  [733] cryptominisat/dadda+ripple/crypto_square_mod = .033922
  [730] minisat/shift-add+g-only/crypto_square_mod = .035342
  [734] minisat/dadda+ripple/crypto_square_mod = .035888
  [731] mergesat/shift-add+g-only/crypto_square_mod = .059080
  [735] mergesat/dadda+ripple/crypto_square_mod = .103505
  [729] cryptominisat/shift-add+g-only/crypto_square_mod = .191058
  [740] cadical/dadda+g-only/crypto_square_mod = .018620
  [736] cadical/dadda+brent-kung/crypto_square_mod = .021534
  [741] cryptominisat/dadda+g-only/crypto_square_mod = .034043
  [742] minisat/dadda+g-only/crypto_square_mod = .035831
  [738] minisat/dadda+brent-kung/crypto_square_mod = .040491
  [739] mergesat/dadda+brent-kung/crypto_square_mod = .067501
  [743] mergesat/dadda+g-only/crypto_square_mod = .102728
  [737] cryptominisat/dadda+brent-kung/crypto_square_mod = .213146
  [744] cadical/comba+ripple/crypto_square_mod = .020755
  [746] minisat/comba+ripple/crypto_square_mod = .039778
  [745] cryptominisat/comba+ripple/crypto_square_mod = .065155
  [747] mergesat/comba+ripple/crypto_square_mod = .069065
  [751] mergesat/comba+brent-kung/crypto_square_mod = T/O
  [748] cadical/comba+brent-kung/crypto_square_mod = T/O
  [749] cryptominisat/comba+brent-kung/crypto_square_mod = T/O
  [750] minisat/comba+brent-kung/crypto_square_mod = T/O
  [756] cadical/comba-cs+ripple/crypto_square_mod = .020898
  [752] cadical/comba+g-only/crypto_square_mod = .021654
  [754] minisat/comba+g-only/crypto_square_mod = .040117
  [758] minisat/comba-cs+ripple/crypto_square_mod = .039612
  [759] mergesat/comba-cs+ripple/crypto_square_mod = .061681
  [753] cryptominisat/comba+g-only/crypto_square_mod = .065830
  [755] mergesat/comba+g-only/crypto_square_mod = .071164
  [757] cryptominisat/comba-cs+ripple/crypto_square_mod = .115515
  [764] cadical/comba-cs+g-only/crypto_square_mod = .020402
  [760] cadical/comba-cs+brent-kung/crypto_square_mod = .024429
  [766] minisat/comba-cs+g-only/crypto_square_mod = .039230
  [762] minisat/comba-cs+brent-kung/crypto_square_mod = .042154
  [767] mergesat/comba-cs+g-only/crypto_square_mod = .062004
  [763] mergesat/comba-cs+brent-kung/crypto_square_mod = .062827
  [765] cryptominisat/comba-cs+g-only/crypto_square_mod = .113376
  [761] cryptominisat/comba-cs+brent-kung/crypto_square_mod = .116277
  [768] cadical/shift-add+ripple/distrib_16 = T/O
  [770] minisat/shift-add+ripple/distrib_16 = T/O
  [772] cadical/shift-add+brent-kung/distrib_16 = T/O
  [774] minisat/shift-add+brent-kung/distrib_16 = T/O
  [773] cryptominisat/shift-add+brent-kung/distrib_16 = T/O
  [769] cryptominisat/shift-add+ripple/distrib_16 = T/O
  [771] mergesat/shift-add+ripple/distrib_16 = T/O
  [775] mergesat/shift-add+brent-kung/distrib_16 = T/O
  [776] cadical/shift-add+g-only/distrib_16 = T/O
  [780] cadical/dadda+ripple/distrib_16 = T/O
  [778] minisat/shift-add+g-only/distrib_16 = T/O
  [782] minisat/dadda+ripple/distrib_16 = T/O
  [777] cryptominisat/shift-add+g-only/distrib_16 = T/O
  [781] cryptominisat/dadda+ripple/distrib_16 = T/O
  [783] mergesat/dadda+ripple/distrib_16 = T/O
  [779] mergesat/shift-add+g-only/distrib_16 = T/O
  [784] cadical/dadda+brent-kung/distrib_16 = T/O
  [786] minisat/dadda+brent-kung/distrib_16 = T/O
  [788] cadical/dadda+g-only/distrib_16 = T/O
  [785] cryptominisat/dadda+brent-kung/distrib_16 = T/O
  [790] minisat/dadda+g-only/distrib_16 = T/O
  [789] cryptominisat/dadda+g-only/distrib_16 = T/O
  [787] mergesat/dadda+brent-kung/distrib_16 = T/O
  [791] mergesat/dadda+g-only/distrib_16 = T/O
  [799] mergesat/comba+brent-kung/distrib_16 = T/O
  [797] cryptominisat/comba+brent-kung/distrib_16 = T/O
  [796] cadical/comba+brent-kung/distrib_16 = T/O
  [798] minisat/comba+brent-kung/distrib_16 = T/O
  [792] cadical/comba+ripple/distrib_16 = T/O
  [794] minisat/comba+ripple/distrib_16 = T/O
  [793] cryptominisat/comba+ripple/distrib_16 = T/O
  [795] mergesat/comba+ripple/distrib_16 = T/O
  [800] cadical/comba+g-only/distrib_16 = T/O
  [804] cadical/comba-cs+ripple/distrib_16 = T/O
  [806] minisat/comba-cs+ripple/distrib_16 = T/O
  [802] minisat/comba+g-only/distrib_16 = T/O
  [801] cryptominisat/comba+g-only/distrib_16 = T/O
  [805] cryptominisat/comba-cs+ripple/distrib_16 = T/O
  [803] mergesat/comba+g-only/distrib_16 = T/O
  [807] mergesat/comba-cs+ripple/distrib_16 = T/O
  [808] cadical/comba-cs+brent-kung/distrib_16 = T/O
  [812] cadical/comba-cs+g-only/distrib_16 = T/O
  [810] minisat/comba-cs+brent-kung/distrib_16 = T/O
  [814] minisat/comba-cs+g-only/distrib_16 = T/O
  [809] cryptominisat/comba-cs+brent-kung/distrib_16 = T/O
  [813] cryptominisat/comba-cs+g-only/distrib_16 = T/O
  [811] mergesat/comba-cs+brent-kung/distrib_16 = T/O
  [815] mergesat/comba-cs+g-only/distrib_16 = T/O
  [816] cadical/shift-add+ripple/distrib_8 = 79.281746
  [818] minisat/shift-add+ripple/distrib_8 = T/O
  [822] minisat/shift-add+brent-kung/distrib_8 = T/O
  [820] cadical/shift-add+brent-kung/distrib_8 = T/O
  [817] cryptominisat/shift-add+ripple/distrib_8 = T/O
  [821] cryptominisat/shift-add+brent-kung/distrib_8 = T/O
  [819] mergesat/shift-add+ripple/distrib_8 = T/O
  [823] mergesat/shift-add+brent-kung/distrib_8 = T/O
  [824] cadical/shift-add+g-only/distrib_8 = 79.295529
  [830] minisat/dadda+ripple/distrib_8 = T/O
  [826] minisat/shift-add+g-only/distrib_8 = T/O
  [828] cadical/dadda+ripple/distrib_8 = T/O
  [825] cryptominisat/shift-add+g-only/distrib_8 = T/O
  [829] cryptominisat/dadda+ripple/distrib_8 = T/O
  [827] mergesat/shift-add+g-only/distrib_8 = T/O
  [831] mergesat/dadda+ripple/distrib_8 = T/O
  [834] minisat/dadda+brent-kung/distrib_8 = T/O
  [838] minisat/dadda+g-only/distrib_8 = T/O
  [832] cadical/dadda+brent-kung/distrib_8 = T/O
  [836] cadical/dadda+g-only/distrib_8 = T/O
  [833] cryptominisat/dadda+brent-kung/distrib_8 = T/O
  [837] cryptominisat/dadda+g-only/distrib_8 = T/O
  [835] mergesat/dadda+brent-kung/distrib_8 = T/O
  [839] mergesat/dadda+g-only/distrib_8 = T/O
  [847] mergesat/comba+brent-kung/distrib_8 = T/O
  [845] cryptominisat/comba+brent-kung/distrib_8 = T/O
  [846] minisat/comba+brent-kung/distrib_8 = T/O
  [844] cadical/comba+brent-kung/distrib_8 = T/O
  [842] minisat/comba+ripple/distrib_8 = T/O
  [840] cadical/comba+ripple/distrib_8 = T/O
  [841] cryptominisat/comba+ripple/distrib_8 = T/O
  [843] mergesat/comba+ripple/distrib_8 = T/O
  [852] cadical/comba-cs+ripple/distrib_8 = 79.221563
  [850] minisat/comba+g-only/distrib_8 = T/O
  [854] minisat/comba-cs+ripple/distrib_8 = T/O
  [848] cadical/comba+g-only/distrib_8 = T/O
  [849] cryptominisat/comba+g-only/distrib_8 = T/O
  [853] cryptominisat/comba-cs+ripple/distrib_8 = T/O
  [851] mergesat/comba+g-only/distrib_8 = T/O
  [855] mergesat/comba-cs+ripple/distrib_8 = T/O
  [860] cadical/comba-cs+g-only/distrib_8 = 79.061145
  [858] minisat/comba-cs+brent-kung/distrib_8 = T/O
  [856] cadical/comba-cs+brent-kung/distrib_8 = T/O
  [862] minisat/comba-cs+g-only/distrib_8 = T/O
  [857] cryptominisat/comba-cs+brent-kung/distrib_8 = T/O
  [861] cryptominisat/comba-cs+g-only/distrib_8 = T/O
  [859] mergesat/comba-cs+brent-kung/distrib_8 = T/O
  [863] mergesat/comba-cs+g-only/distrib_8 = T/O
  [864] cadical/shift-add+ripple/div_mul_roundtrip_12 = 4.074227
  [868] cadical/shift-add+brent-kung/div_mul_roundtrip_12 = 6.244006
  [865] cryptominisat/shift-add+ripple/div_mul_roundtrip_12 = 9.772097
  [867] mergesat/shift-add+ripple/div_mul_roundtrip_12 = 10.340414
  [866] minisat/shift-add+ripple/div_mul_roundtrip_12 = 12.103491
  [869] cryptominisat/shift-add+brent-kung/div_mul_roundtrip_12 = 14.132357
  [871] mergesat/shift-add+brent-kung/div_mul_roundtrip_12 = 15.150731
  [870] minisat/shift-add+brent-kung/div_mul_roundtrip_12 = 18.463765
  [872] cadical/shift-add+g-only/div_mul_roundtrip_12 = 4.063636
  [876] cadical/dadda+ripple/div_mul_roundtrip_12 = 4.295205
  [873] cryptominisat/shift-add+g-only/div_mul_roundtrip_12 = 9.758954
  [877] cryptominisat/dadda+ripple/div_mul_roundtrip_12 = 10.272628
  [875] mergesat/shift-add+g-only/div_mul_roundtrip_12 = 10.309886
  [879] mergesat/dadda+ripple/div_mul_roundtrip_12 = 12.048338
  [874] minisat/shift-add+g-only/div_mul_roundtrip_12 = 12.113455
  [878] minisat/dadda+ripple/div_mul_roundtrip_12 = 13.600925
  [884] cadical/dadda+g-only/div_mul_roundtrip_12 = 4.304278
  [880] cadical/dadda+brent-kung/div_mul_roundtrip_12 = 5.883095
  [885] cryptominisat/dadda+g-only/div_mul_roundtrip_12 = 10.249396
  [887] mergesat/dadda+g-only/div_mul_roundtrip_12 = 12.068661
  [886] minisat/dadda+g-only/div_mul_roundtrip_12 = 13.641885
  [881] cryptominisat/dadda+brent-kung/div_mul_roundtrip_12 = 14.213262
  [883] mergesat/dadda+brent-kung/div_mul_roundtrip_12 = 15.650956
  [882] minisat/dadda+brent-kung/div_mul_roundtrip_12 = 21.148398
  [895] mergesat/comba+brent-kung/div_mul_roundtrip_12 = T/O
  [893] cryptominisat/comba+brent-kung/div_mul_roundtrip_12 = T/O
  [894] minisat/comba+brent-kung/div_mul_roundtrip_12 = T/O
  [888] cadical/comba+ripple/div_mul_roundtrip_12 = 3.935068
  [892] cadical/comba+brent-kung/div_mul_roundtrip_12 = T/O
  [889] cryptominisat/comba+ripple/div_mul_roundtrip_12 = 10.195478
  [891] mergesat/comba+ripple/div_mul_roundtrip_12 = 12.031176
  [890] minisat/comba+ripple/div_mul_roundtrip_12 = 12.963543
  [896] cadical/comba+g-only/div_mul_roundtrip_12 = 3.932643
  [900] cadical/comba-cs+ripple/div_mul_roundtrip_12 = 4.110776
  [901] cryptominisat/comba-cs+ripple/div_mul_roundtrip_12 = 9.942211
  [897] cryptominisat/comba+g-only/div_mul_roundtrip_12 = 10.238333
  [902] minisat/comba-cs+ripple/div_mul_roundtrip_12 = 11.015640
  [903] mergesat/comba-cs+ripple/div_mul_roundtrip_12 = 11.389749
  [899] mergesat/comba+g-only/div_mul_roundtrip_12 = 12.087365
  [898] minisat/comba+g-only/div_mul_roundtrip_12 = 12.983977
  [908] cadical/comba-cs+g-only/div_mul_roundtrip_12 = 4.100453
  [904] cadical/comba-cs+brent-kung/div_mul_roundtrip_12 = 6.245032
  [909] cryptominisat/comba-cs+g-only/div_mul_roundtrip_12 = 9.898750
  [910] minisat/comba-cs+g-only/div_mul_roundtrip_12 = 11.032623
  [911] mergesat/comba-cs+g-only/div_mul_roundtrip_12 = 11.309089
  [905] cryptominisat/comba-cs+brent-kung/div_mul_roundtrip_12 = 13.839656
  [907] mergesat/comba-cs+brent-kung/div_mul_roundtrip_12 = 16.298151
  [906] minisat/comba-cs+brent-kung/div_mul_roundtrip_12 = 18.924652
  [914] minisat/shift-add+ripple/equiv_unsat_8add_16 = .006946
  [912] cadical/shift-add+ripple/equiv_unsat_8add_16 = .007525
  [918] minisat/shift-add+brent-kung/equiv_unsat_8add_16 = .007715
  [916] cadical/shift-add+brent-kung/equiv_unsat_8add_16 = .008034
  [915] mergesat/shift-add+ripple/equiv_unsat_8add_16 = .080606
  [919] mergesat/shift-add+brent-kung/equiv_unsat_8add_16 = .142598
  [913] cryptominisat/shift-add+ripple/equiv_unsat_8add_16 = .190721
  [917] cryptominisat/shift-add+brent-kung/equiv_unsat_8add_16 = .488926
  [922] minisat/shift-add+g-only/equiv_unsat_8add_16 = .006822
  [920] cadical/shift-add+g-only/equiv_unsat_8add_16 = .007445
  [926] minisat/dadda+ripple/equiv_unsat_8add_16 = .006954
  [924] cadical/dadda+ripple/equiv_unsat_8add_16 = .007421
  [923] mergesat/shift-add+g-only/equiv_unsat_8add_16 = .080641
  [927] mergesat/dadda+ripple/equiv_unsat_8add_16 = .080634
  [921] cryptominisat/shift-add+g-only/equiv_unsat_8add_16 = .190693
  [925] cryptominisat/dadda+ripple/equiv_unsat_8add_16 = .191184
  [934] minisat/dadda+g-only/equiv_unsat_8add_16 = .006931
  [930] minisat/dadda+brent-kung/equiv_unsat_8add_16 = .007739
  [932] cadical/dadda+g-only/equiv_unsat_8add_16 = .007408
  [928] cadical/dadda+brent-kung/equiv_unsat_8add_16 = .008183
  [935] mergesat/dadda+g-only/equiv_unsat_8add_16 = .080246
  [931] mergesat/dadda+brent-kung/equiv_unsat_8add_16 = .142759
  [933] cryptominisat/dadda+g-only/equiv_unsat_8add_16 = .190436
  [929] cryptominisat/dadda+brent-kung/equiv_unsat_8add_16 = .488898
  [938] minisat/comba+ripple/equiv_unsat_8add_16 = .006853
  [936] cadical/comba+ripple/equiv_unsat_8add_16 = .007342
  [942] minisat/comba+brent-kung/equiv_unsat_8add_16 = .007633
  [940] cadical/comba+brent-kung/equiv_unsat_8add_16 = .008098
  [939] mergesat/comba+ripple/equiv_unsat_8add_16 = .080610
  [943] mergesat/comba+brent-kung/equiv_unsat_8add_16 = .142891
  [937] cryptominisat/comba+ripple/equiv_unsat_8add_16 = .190799
  [941] cryptominisat/comba+brent-kung/equiv_unsat_8add_16 = .490096
  [946] minisat/comba+g-only/equiv_unsat_8add_16 = .006855
  [944] cadical/comba+g-only/equiv_unsat_8add_16 = .007395
  [950] minisat/comba-cs+ripple/equiv_unsat_8add_16 = .006785
  [948] cadical/comba-cs+ripple/equiv_unsat_8add_16 = .007312
  [947] mergesat/comba+g-only/equiv_unsat_8add_16 = .080722
  [951] mergesat/comba-cs+ripple/equiv_unsat_8add_16 = .080744
  [945] cryptominisat/comba+g-only/equiv_unsat_8add_16 = .191004
  [949] cryptominisat/comba-cs+ripple/equiv_unsat_8add_16 = .190807
  [958] minisat/comba-cs+g-only/equiv_unsat_8add_16 = .006871
  [956] cadical/comba-cs+g-only/equiv_unsat_8add_16 = .007462
  [954] minisat/comba-cs+brent-kung/equiv_unsat_8add_16 = .007694
  [952] cadical/comba-cs+brent-kung/equiv_unsat_8add_16 = .008146
  [959] mergesat/comba-cs+g-only/equiv_unsat_8add_16 = .080268
  [955] mergesat/comba-cs+brent-kung/equiv_unsat_8add_16 = .142389
  [957] cryptominisat/comba-cs+g-only/equiv_unsat_8add_16 = .190681
  [953] cryptominisat/comba-cs+brent-kung/equiv_unsat_8add_16 = .489498
  [960] cadical/shift-add+ripple/factor_12 = .006199
  [961] cryptominisat/shift-add+ripple/factor_12 = .006609
  [964] cadical/shift-add+brent-kung/factor_12 = .006178
  [962] minisat/shift-add+ripple/factor_12 = .007040
  [965] cryptominisat/shift-add+brent-kung/factor_12 = .006585
  [966] minisat/shift-add+brent-kung/factor_12 = .007039
  [963] mergesat/shift-add+ripple/factor_12 = .011742
  [967] mergesat/shift-add+brent-kung/factor_12 = .011573
  [968] cadical/shift-add+g-only/factor_12 = .006281
  [972] cadical/dadda+ripple/factor_12 = .006172
  [969] cryptominisat/shift-add+g-only/factor_12 = .006663
  [970] minisat/shift-add+g-only/factor_12 = .007126
  [973] cryptominisat/dadda+ripple/factor_12 = .006878
  [974] minisat/dadda+ripple/factor_12 = .007200
  [975] mergesat/dadda+ripple/factor_12 = .009668
  [971] mergesat/shift-add+g-only/factor_12 = .011532
  [976] cadical/dadda+brent-kung/factor_12 = .006368
  [980] cadical/dadda+g-only/factor_12 = .006152
  [977] cryptominisat/dadda+brent-kung/factor_12 = .006981
  [981] cryptominisat/dadda+g-only/factor_12 = .006903
  [978] minisat/dadda+brent-kung/factor_12 = .007411
  [982] minisat/dadda+g-only/factor_12 = .007082
  [979] mergesat/dadda+brent-kung/factor_12 = .009733
  [983] mergesat/dadda+g-only/factor_12 = .009635
  [984] cadical/comba+ripple/factor_12 = .006891
  [986] minisat/comba+ripple/factor_12 = .008151
  [985] cryptominisat/comba+ripple/factor_12 = .008433
  [987] mergesat/comba+ripple/factor_12 = .008824
  [988] cadical/comba+brent-kung/factor_12 = T/O
  [990] minisat/comba+brent-kung/factor_12 = T/O
  [989] cryptominisat/comba+brent-kung/factor_12 = T/O
  [991] mergesat/comba+brent-kung/factor_12 = T/O
  [992] cadical/comba+g-only/factor_12 = .007510
  [996] cadical/comba-cs+ripple/factor_12 = .007119
  [994] minisat/comba+g-only/factor_12 = .008607
  [997] cryptominisat/comba-cs+ripple/factor_12 = .008539
  [993] cryptominisat/comba+g-only/factor_12 = .009019
  [998] minisat/comba-cs+ripple/factor_12 = .008375
  [995] mergesat/comba+g-only/factor_12 = .009598
  [999] mergesat/comba-cs+ripple/factor_12 = .009924
  [1000] cadical/comba-cs+brent-kung/factor_12 = .006877
  [1004] cadical/comba-cs+g-only/factor_12 = .006700
  [1002] minisat/comba-cs+brent-kung/factor_12 = .007971
  [1001] cryptominisat/comba-cs+brent-kung/factor_12 = .007979
  [1006] minisat/comba-cs+g-only/factor_12 = .007957
  [1005] cryptominisat/comba-cs+g-only/factor_12 = .007972
  [1003] mergesat/comba-cs+brent-kung/factor_12 = .009552
  [1007] mergesat/comba-cs+g-only/factor_12 = .009474
  [1008] cadical/shift-add+ripple/factor_16 = .006830
  [1012] cadical/shift-add+brent-kung/factor_16 = .006650
  [1009] cryptominisat/shift-add+ripple/factor_16 = .007699
  [1013] cryptominisat/shift-add+brent-kung/factor_16 = .007848
  [1010] minisat/shift-add+ripple/factor_16 = .008948
  [1014] minisat/shift-add+brent-kung/factor_16 = .008902
  [1011] mergesat/shift-add+ripple/factor_16 = .016984
  [1015] mergesat/shift-add+brent-kung/factor_16 = .016949
  [1016] cadical/shift-add+g-only/factor_16 = .006669
  [1020] cadical/dadda+ripple/factor_16 = .006681
  [1017] cryptominisat/shift-add+g-only/factor_16 = .007666
  [1022] minisat/dadda+ripple/factor_16 = .008343
  [1018] minisat/shift-add+g-only/factor_16 = .008941
  [1021] cryptominisat/dadda+ripple/factor_16 = .009235
  [1023] mergesat/dadda+ripple/factor_16 = .010231
  [1019] mergesat/shift-add+g-only/factor_16 = .017343
  [1024] cadical/dadda+brent-kung/factor_16 = .006871
  [1028] cadical/dadda+g-only/factor_16 = .006653
  [1026] minisat/dadda+brent-kung/factor_16 = .008604
  [1030] minisat/dadda+g-only/factor_16 = .008304
  [1025] cryptominisat/dadda+brent-kung/factor_16 = .009461
  [1029] cryptominisat/dadda+g-only/factor_16 = .009387
  [1027] mergesat/dadda+brent-kung/factor_16 = .010092
  [1031] mergesat/dadda+g-only/factor_16 = .010232
  [1032] cadical/comba+ripple/factor_16 = .007957
  [1034] minisat/comba+ripple/factor_16 = .010626
  [1035] mergesat/comba+ripple/factor_16 = .011224
  [1033] cryptominisat/comba+ripple/factor_16 = .012159
  [1036] cadical/comba+brent-kung/factor_16 = T/O
  [1037] cryptominisat/comba+brent-kung/factor_16 = T/O
  [1038] minisat/comba+brent-kung/factor_16 = T/O
  [1039] mergesat/comba+brent-kung/factor_16 = T/O
  [1040] cadical/comba+g-only/factor_16 = .008773
  [1044] cadical/comba-cs+ripple/factor_16 = .008046
  [1046] minisat/comba-cs+ripple/factor_16 = .010338
  [1042] minisat/comba+g-only/factor_16 = .011191
  [1045] cryptominisat/comba-cs+ripple/factor_16 = .011376
  [1043] mergesat/comba+g-only/factor_16 = .011924
  [1041] cryptominisat/comba+g-only/factor_16 = .012968
  [1047] mergesat/comba-cs+ripple/factor_16 = .013024
  [1048] cadical/comba-cs+brent-kung/factor_16 = .007694
  [1052] cadical/comba-cs+g-only/factor_16 = .007470
  [1050] minisat/comba-cs+brent-kung/factor_16 = .009879
  [1054] minisat/comba-cs+g-only/factor_16 = .009779
  [1049] cryptominisat/comba-cs+brent-kung/factor_16 = .010852
  [1053] cryptominisat/comba-cs+g-only/factor_16 = .010681
  [1051] mergesat/comba-cs+brent-kung/factor_16 = .013037
  [1055] mergesat/comba-cs+g-only/factor_16 = .012750
  [1056] cadical/shift-add+ripple/factor_20 = .007458
  [1060] cadical/shift-add+brent-kung/factor_20 = .007264
  [1057] cryptominisat/shift-add+ripple/factor_20 = .008378
  [1061] cryptominisat/shift-add+brent-kung/factor_20 = .008364
  [1058] minisat/shift-add+ripple/factor_20 = .009282
  [1062] minisat/shift-add+brent-kung/factor_20 = .009430
  [1059] mergesat/shift-add+ripple/factor_20 = .010363
  [1063] mergesat/shift-add+brent-kung/factor_20 = .010421
  [1064] cadical/shift-add+g-only/factor_20 = .007415
  [1068] cadical/dadda+ripple/factor_20 = .007289
  [1065] cryptominisat/shift-add+g-only/factor_20 = .008392
  [1066] minisat/shift-add+g-only/factor_20 = .009280
  [1069] cryptominisat/dadda+ripple/factor_20 = .009916
  [1070] minisat/dadda+ripple/factor_20 = .010272
  [1067] mergesat/shift-add+g-only/factor_20 = .010715
  [1071] mergesat/dadda+ripple/factor_20 = .010726
  [1076] cadical/dadda+g-only/factor_20 = .007532
  [1072] cadical/dadda+brent-kung/factor_20 = .007767
  [1077] cryptominisat/dadda+g-only/factor_20 = .009957
  [1078] minisat/dadda+g-only/factor_20 = .010193
  [1074] minisat/dadda+brent-kung/factor_20 = .010318
  [1073] cryptominisat/dadda+brent-kung/factor_20 = .010464
  [1079] mergesat/dadda+g-only/factor_20 = .010570
  [1075] mergesat/dadda+brent-kung/factor_20 = .011379
  [1080] cadical/comba+ripple/factor_20 = .009104
  [1082] minisat/comba+ripple/factor_20 = .012474
  [1083] mergesat/comba+ripple/factor_20 = .014586
  [1081] cryptominisat/comba+ripple/factor_20 = .015799
  [1084] cadical/comba+brent-kung/factor_20 = T/O
  [1085] cryptominisat/comba+brent-kung/factor_20 = T/O
  [1086] minisat/comba+brent-kung/factor_20 = T/O
  [1087] mergesat/comba+brent-kung/factor_20 = T/O
  [1088] cadical/comba+g-only/factor_20 = .009723
  [1092] cadical/comba-cs+ripple/factor_20 = .009253
  [1090] minisat/comba+g-only/factor_20 = .013020
  [1093] cryptominisat/comba-cs+ripple/factor_20 = .013298
  [1094] minisat/comba-cs+ripple/factor_20 = .013411
  [1091] mergesat/comba+g-only/factor_20 = .015334
  [1095] mergesat/comba-cs+ripple/factor_20 = .014878
  [1089] cryptominisat/comba+g-only/factor_20 = .016578
  [1096] cadical/comba-cs+brent-kung/factor_20 = .008879
  [1100] cadical/comba-cs+g-only/factor_20 = .008844
  [1097] cryptominisat/comba-cs+brent-kung/factor_20 = .012819
  [1101] cryptominisat/comba-cs+g-only/factor_20 = .012884
  [1098] minisat/comba-cs+brent-kung/factor_20 = .013249
  [1102] minisat/comba-cs+g-only/factor_20 = .013031
  [1099] mergesat/comba-cs+brent-kung/factor_20 = .014352
  [1103] mergesat/comba-cs+g-only/factor_20 = .014667
  [1105] cryptominisat/shift-add+ripple/fixedpoint_mul_16 = .012096
  [1109] cryptominisat/shift-add+brent-kung/fixedpoint_mul_16 = .011876
  [1106] minisat/shift-add+ripple/fixedpoint_mul_16 = .012543
  [1110] minisat/shift-add+brent-kung/fixedpoint_mul_16 = .012649
  [1107] mergesat/shift-add+ripple/fixedpoint_mul_16 = .014469
  [1111] mergesat/shift-add+brent-kung/fixedpoint_mul_16 = .014318
  [1104] cadical/shift-add+ripple/fixedpoint_mul_16 = .024969
  [1108] cadical/shift-add+brent-kung/fixedpoint_mul_16 = .024487
  [1113] cryptominisat/shift-add+g-only/fixedpoint_mul_16 = .011818
  [1114] minisat/shift-add+g-only/fixedpoint_mul_16 = .012461
  [1118] minisat/dadda+ripple/fixedpoint_mul_16 = .012719
  [1117] cryptominisat/dadda+ripple/fixedpoint_mul_16 = .012704
  [1115] mergesat/shift-add+g-only/fixedpoint_mul_16 = .014258
  [1119] mergesat/dadda+ripple/fixedpoint_mul_16 = .015160
  [1112] cadical/shift-add+g-only/fixedpoint_mul_16 = .024715
  [1116] cadical/dadda+ripple/fixedpoint_mul_16 = .029132
  [1125] cryptominisat/dadda+g-only/fixedpoint_mul_16 = .012453
  [1122] minisat/dadda+brent-kung/fixedpoint_mul_16 = .013147
  [1126] minisat/dadda+g-only/fixedpoint_mul_16 = .012902
  [1127] mergesat/dadda+g-only/fixedpoint_mul_16 = .014901
  [1123] mergesat/dadda+brent-kung/fixedpoint_mul_16 = .017447
  [1121] cryptominisat/dadda+brent-kung/fixedpoint_mul_16 = .020249
  [1124] cadical/dadda+g-only/fixedpoint_mul_16 = .028703
  [1120] cadical/dadda+brent-kung/fixedpoint_mul_16 = .030499
  [1130] minisat/comba+ripple/fixedpoint_mul_16 = .017915
  [1129] cryptominisat/comba+ripple/fixedpoint_mul_16 = .019464
  [1131] mergesat/comba+ripple/fixedpoint_mul_16 = .024114
  [1128] cadical/comba+ripple/fixedpoint_mul_16 = .049606
  [1132] cadical/comba+brent-kung/fixedpoint_mul_16 = T/O
  [1135] mergesat/comba+brent-kung/fixedpoint_mul_16 = T/O
  [1133] cryptominisat/comba+brent-kung/fixedpoint_mul_16 = T/O
  [1134] minisat/comba+brent-kung/fixedpoint_mul_16 = T/O
  [1141] cryptominisat/comba-cs+ripple/fixedpoint_mul_16 = .012562
  [1142] minisat/comba-cs+ripple/fixedpoint_mul_16 = .013148
  [1143] mergesat/comba-cs+ripple/fixedpoint_mul_16 = .014906
  [1138] minisat/comba+g-only/fixedpoint_mul_16 = .018311
  [1137] cryptominisat/comba+g-only/fixedpoint_mul_16 = .020106
  [1139] mergesat/comba+g-only/fixedpoint_mul_16 = .024357
  [1140] cadical/comba-cs+ripple/fixedpoint_mul_16 = .025636
  [1136] cadical/comba+g-only/fixedpoint_mul_16 = .049409
  [1145] cryptominisat/comba-cs+brent-kung/fixedpoint_mul_16 = .011898
  [1149] cryptominisat/comba-cs+g-only/fixedpoint_mul_16 = .011712
  [1146] minisat/comba-cs+brent-kung/fixedpoint_mul_16 = .012494
  [1150] minisat/comba-cs+g-only/fixedpoint_mul_16 = .012317
  [1147] mergesat/comba-cs+brent-kung/fixedpoint_mul_16 = .014179
  [1151] mergesat/comba-cs+g-only/fixedpoint_mul_16 = .014267
  [1144] cadical/comba-cs+brent-kung/fixedpoint_mul_16 = .024617
  [1148] cadical/comba-cs+g-only/fixedpoint_mul_16 = .024274
  [1152] cadical/shift-add+ripple/float_mul_comm = .021628
  [1156] cadical/shift-add+brent-kung/float_mul_comm = .021360
  [1154] minisat/shift-add+ripple/float_mul_comm = .051182
  [1158] minisat/shift-add+brent-kung/float_mul_comm = .052126
  [1155] mergesat/shift-add+ripple/float_mul_comm = .109978
  [1159] mergesat/shift-add+brent-kung/float_mul_comm = .109076
  [1157] cryptominisat/shift-add+brent-kung/float_mul_comm = .241137
  [1153] cryptominisat/shift-add+ripple/float_mul_comm = .242472
  [1160] cadical/shift-add+g-only/float_mul_comm = .021183
  [1164] cadical/dadda+ripple/float_mul_comm = .021841
  [1166] minisat/dadda+ripple/float_mul_comm = .048151
  [1162] minisat/shift-add+g-only/float_mul_comm = .051498
  [1163] mergesat/shift-add+g-only/float_mul_comm = .109422
  [1165] cryptominisat/dadda+ripple/float_mul_comm = .122048
  [1167] mergesat/dadda+ripple/float_mul_comm = .191534
  [1161] cryptominisat/shift-add+g-only/float_mul_comm = .244087
  [1168] cadical/dadda+brent-kung/float_mul_comm = .021822
  [1172] cadical/dadda+g-only/float_mul_comm = .021802
  [1170] minisat/dadda+brent-kung/float_mul_comm = .048468
  [1174] minisat/dadda+g-only/float_mul_comm = .047937
  [1173] cryptominisat/dadda+g-only/float_mul_comm = .120684
  [1169] cryptominisat/dadda+brent-kung/float_mul_comm = .122472
  [1175] mergesat/dadda+g-only/float_mul_comm = .191799
  [1171] mergesat/dadda+brent-kung/float_mul_comm = .191267
  [1176] cadical/comba+ripple/float_mul_comm = .030068
  [1180] cadical/comba+brent-kung/float_mul_comm = .029920
  [1177] cryptominisat/comba+ripple/float_mul_comm = .059500
  [1181] cryptominisat/comba+brent-kung/float_mul_comm = .059398
  [1178] minisat/comba+ripple/float_mul_comm = .093173
  [1182] minisat/comba+brent-kung/float_mul_comm = .093939
  [1183] mergesat/comba+brent-kung/float_mul_comm = .111646
  [1179] mergesat/comba+ripple/float_mul_comm = .109797
  [1188] cadical/comba-cs+ripple/float_mul_comm = .021467
  [1184] cadical/comba+g-only/float_mul_comm = .029415
  [1190] minisat/comba-cs+ripple/float_mul_comm = .051562
  [1185] cryptominisat/comba+g-only/float_mul_comm = .058630
  [1186] minisat/comba+g-only/float_mul_comm = .093237
  [1187] mergesat/comba+g-only/float_mul_comm = .108810
  [1191] mergesat/comba-cs+ripple/float_mul_comm = .109939
  [1189] cryptominisat/comba-cs+ripple/float_mul_comm = .240680
  [1192] cadical/comba-cs+brent-kung/float_mul_comm = .021843
  [1196] cadical/comba-cs+g-only/float_mul_comm = .021384
  [1194] minisat/comba-cs+brent-kung/float_mul_comm = .051188
  [1198] minisat/comba-cs+g-only/float_mul_comm = .051035
  [1195] mergesat/comba-cs+brent-kung/float_mul_comm = .110246
  [1199] mergesat/comba-cs+g-only/float_mul_comm = .109232
  [1197] cryptominisat/comba-cs+g-only/float_mul_comm = .240583
  [1193] cryptominisat/comba-cs+brent-kung/float_mul_comm = .242788
  [1200] cadical/shift-add+ripple/float_mul_comm_v2 = T/O
  [1204] cadical/shift-add+brent-kung/float_mul_comm_v2 = T/O
  [1201] cryptominisat/shift-add+ripple/float_mul_comm_v2 = T/O
  [1205] cryptominisat/shift-add+brent-kung/float_mul_comm_v2 = T/O
  [1202] minisat/shift-add+ripple/float_mul_comm_v2 = T/O
  [1206] minisat/shift-add+brent-kung/float_mul_comm_v2 = T/O
  [1203] mergesat/shift-add+ripple/float_mul_comm_v2 = T/O
  [1207] mergesat/shift-add+brent-kung/float_mul_comm_v2 = T/O
  [1208] cadical/shift-add+g-only/float_mul_comm_v2 = T/O
  [1212] cadical/dadda+ripple/float_mul_comm_v2 = T/O
  [1209] cryptominisat/shift-add+g-only/float_mul_comm_v2 = T/O
  [1214] minisat/dadda+ripple/float_mul_comm_v2 = T/O
  [1210] minisat/shift-add+g-only/float_mul_comm_v2 = T/O
  [1213] cryptominisat/dadda+ripple/float_mul_comm_v2 = T/O
  [1215] mergesat/dadda+ripple/float_mul_comm_v2 = T/O
  [1211] mergesat/shift-add+g-only/float_mul_comm_v2 = T/O
  [1216] cadical/dadda+brent-kung/float_mul_comm_v2 = T/O
  [1220] cadical/dadda+g-only/float_mul_comm_v2 = T/O
  [1222] minisat/dadda+g-only/float_mul_comm_v2 = T/O
  [1218] minisat/dadda+brent-kung/float_mul_comm_v2 = T/O
  [1217] cryptominisat/dadda+brent-kung/float_mul_comm_v2 = T/O
  [1221] cryptominisat/dadda+g-only/float_mul_comm_v2 = T/O
  [1219] mergesat/dadda+brent-kung/float_mul_comm_v2 = T/O
  [1223] mergesat/dadda+g-only/float_mul_comm_v2 = T/O
  [1224] cadical/comba+ripple/float_mul_comm_v2 = T/O
  [1228] cadical/comba+brent-kung/float_mul_comm_v2 = T/O
  [1230] minisat/comba+brent-kung/float_mul_comm_v2 = T/O
  [1226] minisat/comba+ripple/float_mul_comm_v2 = T/O
  [1225] cryptominisat/comba+ripple/float_mul_comm_v2 = T/O
  [1229] cryptominisat/comba+brent-kung/float_mul_comm_v2 = T/O
  [1227] mergesat/comba+ripple/float_mul_comm_v2 = T/O
  [1231] mergesat/comba+brent-kung/float_mul_comm_v2 = T/O
  [1236] cadical/comba-cs+ripple/float_mul_comm_v2 = T/O
  [1232] cadical/comba+g-only/float_mul_comm_v2 = T/O
  [1237] cryptominisat/comba-cs+ripple/float_mul_comm_v2 = T/O
  [1234] minisat/comba+g-only/float_mul_comm_v2 = T/O
  [1238] minisat/comba-cs+ripple/float_mul_comm_v2 = T/O
  [1233] cryptominisat/comba+g-only/float_mul_comm_v2 = T/O
  [1235] mergesat/comba+g-only/float_mul_comm_v2 = T/O
  [1239] mergesat/comba-cs+ripple/float_mul_comm_v2 = T/O
  [1240] cadical/comba-cs+brent-kung/float_mul_comm_v2 = T/O
  [1244] cadical/comba-cs+g-only/float_mul_comm_v2 = T/O
  [1241] cryptominisat/comba-cs+brent-kung/float_mul_comm_v2 = T/O
  [1245] cryptominisat/comba-cs+g-only/float_mul_comm_v2 = T/O
  [1242] minisat/comba-cs+brent-kung/float_mul_comm_v2 = T/O
  [1246] minisat/comba-cs+g-only/float_mul_comm_v2 = T/O
  [1243] mergesat/comba-cs+brent-kung/float_mul_comm_v2 = T/O
  [1247] mergesat/comba-cs+g-only/float_mul_comm_v2 = T/O
  [1249] cryptominisat/shift-add+ripple/gf256_mul_assoc = .032285
  [1250] minisat/shift-add+ripple/gf256_mul_assoc = .032593
  [1251] mergesat/shift-add+ripple/gf256_mul_assoc = .034119
  [1254] minisat/shift-add+brent-kung/gf256_mul_assoc = .036381
  [1248] cadical/shift-add+ripple/gf256_mul_assoc = .054477
  [1253] cryptominisat/shift-add+brent-kung/gf256_mul_assoc = .058003
  [1252] cadical/shift-add+brent-kung/gf256_mul_assoc = .061577
  [1255] mergesat/shift-add+brent-kung/gf256_mul_assoc = .597090
  [1261] cryptominisat/dadda+ripple/gf256_mul_assoc = .022645
  [1262] minisat/dadda+ripple/gf256_mul_assoc = .026437
  [1257] cryptominisat/shift-add+g-only/gf256_mul_assoc = .032242
  [1258] minisat/shift-add+g-only/gf256_mul_assoc = .032711
  [1259] mergesat/shift-add+g-only/gf256_mul_assoc = .033968
  [1263] mergesat/dadda+ripple/gf256_mul_assoc = .053124
  [1256] cadical/shift-add+g-only/gf256_mul_assoc = .054224
  [1260] cadical/dadda+ripple/gf256_mul_assoc = .056208
  [1269] cryptominisat/dadda+g-only/gf256_mul_assoc = .022606
  [1270] minisat/dadda+g-only/gf256_mul_assoc = .026306
  [1266] minisat/dadda+brent-kung/gf256_mul_assoc = .047274
  [1271] mergesat/dadda+g-only/gf256_mul_assoc = .053415
  [1268] cadical/dadda+g-only/gf256_mul_assoc = .055726
  [1265] cryptominisat/dadda+brent-kung/gf256_mul_assoc = .061509
  [1264] cadical/dadda+brent-kung/gf256_mul_assoc = .066973
  [1267] mergesat/dadda+brent-kung/gf256_mul_assoc = 1.160500
  [1274] minisat/comba+ripple/gf256_mul_assoc = .026618
  [1273] cryptominisat/comba+ripple/gf256_mul_assoc = .061285
  [1275] mergesat/comba+ripple/gf256_mul_assoc = .066422
  [1272] cadical/comba+ripple/gf256_mul_assoc = .085595
  [1278] minisat/comba+brent-kung/gf256_mul_assoc = T/O
  [1276] cadical/comba+brent-kung/gf256_mul_assoc = T/O
  [1279] mergesat/comba+brent-kung/gf256_mul_assoc = T/O
  [1277] cryptominisat/comba+brent-kung/gf256_mul_assoc = T/O
  [1282] minisat/comba+g-only/gf256_mul_assoc = .026793
  [1285] cryptominisat/comba-cs+ripple/gf256_mul_assoc = .032676
  [1286] minisat/comba-cs+ripple/gf256_mul_assoc = .033336
  [1287] mergesat/comba-cs+ripple/gf256_mul_assoc = .034161
  [1284] cadical/comba-cs+ripple/gf256_mul_assoc = .054459
  [1281] cryptominisat/comba+g-only/gf256_mul_assoc = .061777
  [1283] mergesat/comba+g-only/gf256_mul_assoc = .066426
  [1280] cadical/comba+g-only/gf256_mul_assoc = .084757
  [1293] cryptominisat/comba-cs+g-only/gf256_mul_assoc = .032248
  [1294] minisat/comba-cs+g-only/gf256_mul_assoc = .032677
  [1295] mergesat/comba-cs+g-only/gf256_mul_assoc = .033727
  [1290] minisat/comba-cs+brent-kung/gf256_mul_assoc = .035997
  [1292] cadical/comba-cs+g-only/gf256_mul_assoc = .054167
  [1289] cryptominisat/comba-cs+brent-kung/gf256_mul_assoc = .057960
  [1288] cadical/comba-cs+brent-kung/gf256_mul_assoc = .061249
  [1291] mergesat/comba-cs+brent-kung/gf256_mul_assoc = .596371
  [1296] cadical/shift-add+ripple/half_mul_comm = .009880
  [1300] cadical/shift-add+brent-kung/half_mul_comm = .009857
  [1298] minisat/shift-add+ripple/half_mul_comm = .018580
  [1302] minisat/shift-add+brent-kung/half_mul_comm = .018454
  [1299] mergesat/shift-add+ripple/half_mul_comm = .028723
  [1303] mergesat/shift-add+brent-kung/half_mul_comm = .028677
  [1297] cryptominisat/shift-add+ripple/half_mul_comm = .044340
  [1301] cryptominisat/shift-add+brent-kung/half_mul_comm = .043827
  [1304] cadical/shift-add+g-only/half_mul_comm = .009915
  [1308] cadical/dadda+ripple/half_mul_comm = .009981
  [1309] cryptominisat/dadda+ripple/half_mul_comm = .017421
  [1310] minisat/dadda+ripple/half_mul_comm = .017960
  [1306] minisat/shift-add+g-only/half_mul_comm = .018611
  [1307] mergesat/shift-add+g-only/half_mul_comm = .028791
  [1311] mergesat/dadda+ripple/half_mul_comm = .031941
  [1305] cryptominisat/shift-add+g-only/half_mul_comm = .044218
  [1312] cadical/dadda+brent-kung/half_mul_comm = .009914
  [1316] cadical/dadda+g-only/half_mul_comm = .010098
  [1313] cryptominisat/dadda+brent-kung/half_mul_comm = .017537
  [1317] cryptominisat/dadda+g-only/half_mul_comm = .017282
  [1314] minisat/dadda+brent-kung/half_mul_comm = .018111
  [1318] minisat/dadda+g-only/half_mul_comm = .018004
  [1315] mergesat/dadda+brent-kung/half_mul_comm = .032016
  [1319] mergesat/dadda+g-only/half_mul_comm = .032181
  [1320] cadical/comba+ripple/half_mul_comm = .011505
  [1324] cadical/comba+brent-kung/half_mul_comm = .011451
  [1321] cryptominisat/comba+ripple/half_mul_comm = .019465
  [1325] cryptominisat/comba+brent-kung/half_mul_comm = .019368
  [1322] minisat/comba+ripple/half_mul_comm = .020484
  [1326] minisat/comba+brent-kung/half_mul_comm = .020511
  [1323] mergesat/comba+ripple/half_mul_comm = .030008
  [1327] mergesat/comba+brent-kung/half_mul_comm = .029841
  [1332] cadical/comba-cs+ripple/half_mul_comm = .010012
  [1328] cadical/comba+g-only/half_mul_comm = .011579
  [1333] cryptominisat/comba-cs+ripple/half_mul_comm = .016710
  [1329] cryptominisat/comba+g-only/half_mul_comm = .019319
  [1330] minisat/comba+g-only/half_mul_comm = .020650
  [1334] minisat/comba-cs+ripple/half_mul_comm = .023287
  [1331] mergesat/comba+g-only/half_mul_comm = .030122
  [1335] mergesat/comba-cs+ripple/half_mul_comm = .034403
  [1336] cadical/comba-cs+brent-kung/half_mul_comm = .010002
  [1340] cadical/comba-cs+g-only/half_mul_comm = .009969
  [1337] cryptominisat/comba-cs+brent-kung/half_mul_comm = .016923
  [1341] cryptominisat/comba-cs+g-only/half_mul_comm = .016788
  [1338] minisat/comba-cs+brent-kung/half_mul_comm = .023387
  [1342] minisat/comba-cs+g-only/half_mul_comm = .023544
  [1339] mergesat/comba-cs+brent-kung/half_mul_comm = .034479
  [1343] mergesat/comba-cs+g-only/half_mul_comm = .034430
  [1346] minisat/shift-add+ripple/half_mul_comm_v2 = T/O
  [1344] cadical/shift-add+ripple/half_mul_comm_v2 = T/O
  [1348] cadical/shift-add+brent-kung/half_mul_comm_v2 = T/O
  [1350] minisat/shift-add+brent-kung/half_mul_comm_v2 = T/O
  [1345] cryptominisat/shift-add+ripple/half_mul_comm_v2 = T/O
  [1349] cryptominisat/shift-add+brent-kung/half_mul_comm_v2 = T/O
  [1347] mergesat/shift-add+ripple/half_mul_comm_v2 = T/O
  [1351] mergesat/shift-add+brent-kung/half_mul_comm_v2 = T/O
  [1352] cadical/shift-add+g-only/half_mul_comm_v2 = T/O
  [1354] minisat/shift-add+g-only/half_mul_comm_v2 = T/O
  [1358] minisat/dadda+ripple/half_mul_comm_v2 = T/O
  [1356] cadical/dadda+ripple/half_mul_comm_v2 = T/O
  [1353] cryptominisat/shift-add+g-only/half_mul_comm_v2 = T/O
  [1357] cryptominisat/dadda+ripple/half_mul_comm_v2 = T/O
  [1359] mergesat/dadda+ripple/half_mul_comm_v2 = T/O
  [1355] mergesat/shift-add+g-only/half_mul_comm_v2 = T/O
  [1362] minisat/dadda+brent-kung/half_mul_comm_v2 = T/O
  [1360] cadical/dadda+brent-kung/half_mul_comm_v2 = T/O
  [1364] cadical/dadda+g-only/half_mul_comm_v2 = T/O
  [1366] minisat/dadda+g-only/half_mul_comm_v2 = T/O
  [1361] cryptominisat/dadda+brent-kung/half_mul_comm_v2 = T/O
  [1365] cryptominisat/dadda+g-only/half_mul_comm_v2 = T/O
  [1363] mergesat/dadda+brent-kung/half_mul_comm_v2 = T/O
  [1367] mergesat/dadda+g-only/half_mul_comm_v2 = T/O
  [1368] cadical/comba+ripple/half_mul_comm_v2 = T/O
  [1372] cadical/comba+brent-kung/half_mul_comm_v2 = T/O
  [1374] minisat/comba+brent-kung/half_mul_comm_v2 = T/O
  [1370] minisat/comba+ripple/half_mul_comm_v2 = T/O
  [1369] cryptominisat/comba+ripple/half_mul_comm_v2 = T/O
  [1373] cryptominisat/comba+brent-kung/half_mul_comm_v2 = T/O
  [1371] mergesat/comba+ripple/half_mul_comm_v2 = T/O
  [1375] mergesat/comba+brent-kung/half_mul_comm_v2 = T/O
  [1376] cadical/comba+g-only/half_mul_comm_v2 = T/O
  [1382] minisat/comba-cs+ripple/half_mul_comm_v2 = T/O
  [1378] minisat/comba+g-only/half_mul_comm_v2 = T/O
  [1380] cadical/comba-cs+ripple/half_mul_comm_v2 = T/O
  [1377] cryptominisat/comba+g-only/half_mul_comm_v2 = T/O
  [1381] cryptominisat/comba-cs+ripple/half_mul_comm_v2 = T/O
  [1379] mergesat/comba+g-only/half_mul_comm_v2 = T/O
  [1383] mergesat/comba-cs+ripple/half_mul_comm_v2 = T/O
  [1384] cadical/comba-cs+brent-kung/half_mul_comm_v2 = T/O
  [1386] minisat/comba-cs+brent-kung/half_mul_comm_v2 = T/O
  [1388] cadical/comba-cs+g-only/half_mul_comm_v2 = T/O
  [1390] minisat/comba-cs+g-only/half_mul_comm_v2 = T/O
  [1385] cryptominisat/comba-cs+brent-kung/half_mul_comm_v2 = T/O
  [1389] cryptominisat/comba-cs+g-only/half_mul_comm_v2 = T/O
  [1387] mergesat/comba-cs+brent-kung/half_mul_comm_v2 = T/O
  [1391] mergesat/comba-cs+g-only/half_mul_comm_v2 = T/O
  [1392] cadical/shift-add+ripple/hw_mul_equiv_12 = 18.147901
  [1396] cadical/shift-add+brent-kung/hw_mul_equiv_12 = 20.996652
  [1395] mergesat/shift-add+ripple/hw_mul_equiv_12 = 34.908676
  [1399] mergesat/shift-add+brent-kung/hw_mul_equiv_12 = 64.786702
  [1393] cryptominisat/shift-add+ripple/hw_mul_equiv_12 = 78.749330
  [1397] cryptominisat/shift-add+brent-kung/hw_mul_equiv_12 = 117.486410
  [1394] minisat/shift-add+ripple/hw_mul_equiv_12 = T/O
  [1398] minisat/shift-add+brent-kung/hw_mul_equiv_12 = T/O
  [1400] cadical/shift-add+g-only/hw_mul_equiv_12 = 18.132515
  [1403] mergesat/shift-add+g-only/hw_mul_equiv_12 = 35.220511
  [1401] cryptominisat/shift-add+g-only/hw_mul_equiv_12 = 78.848075
  [1402] minisat/shift-add+g-only/hw_mul_equiv_12 = T/O
  [1406] minisat/dadda+ripple/hw_mul_equiv_12 = T/O
  [1404] cadical/dadda+ripple/hw_mul_equiv_12 = T/O
  [1405] cryptominisat/dadda+ripple/hw_mul_equiv_12 = T/O
  [1407] mergesat/dadda+ripple/hw_mul_equiv_12 = T/O
  [1410] minisat/dadda+brent-kung/hw_mul_equiv_12 = T/O
  [1408] cadical/dadda+brent-kung/hw_mul_equiv_12 = T/O
  [1414] minisat/dadda+g-only/hw_mul_equiv_12 = T/O
  [1412] cadical/dadda+g-only/hw_mul_equiv_12 = T/O
  [1409] cryptominisat/dadda+brent-kung/hw_mul_equiv_12 = T/O
  [1413] cryptominisat/dadda+g-only/hw_mul_equiv_12 = T/O
  [1411] mergesat/dadda+brent-kung/hw_mul_equiv_12 = T/O
  [1415] mergesat/dadda+g-only/hw_mul_equiv_12 = T/O
  [1423] mergesat/comba+brent-kung/hw_mul_equiv_12 = T/O
  [1420] cadical/comba+brent-kung/hw_mul_equiv_12 = T/O
  [1421] cryptominisat/comba+brent-kung/hw_mul_equiv_12 = T/O
  [1422] minisat/comba+brent-kung/hw_mul_equiv_12 = T/O
  [1416] cadical/comba+ripple/hw_mul_equiv_12 = T/O
  [1418] minisat/comba+ripple/hw_mul_equiv_12 = T/O
  [1417] cryptominisat/comba+ripple/hw_mul_equiv_12 = T/O
  [1419] mergesat/comba+ripple/hw_mul_equiv_12 = T/O
  [1426] minisat/comba+g-only/hw_mul_equiv_12 = T/O
  [1430] minisat/comba-cs+ripple/hw_mul_equiv_12 = T/O
  [1424] cadical/comba+g-only/hw_mul_equiv_12 = T/O
  [1428] cadical/comba-cs+ripple/hw_mul_equiv_12 = T/O
  [1425] cryptominisat/comba+g-only/hw_mul_equiv_12 = T/O
  [1429] cryptominisat/comba-cs+ripple/hw_mul_equiv_12 = T/O
  [1427] mergesat/comba+g-only/hw_mul_equiv_12 = T/O
  [1431] mergesat/comba-cs+ripple/hw_mul_equiv_12 = T/O
  [1432] cadical/comba-cs+brent-kung/hw_mul_equiv_12 = T/O
  [1434] minisat/comba-cs+brent-kung/hw_mul_equiv_12 = T/O
  [1438] minisat/comba-cs+g-only/hw_mul_equiv_12 = T/O
  [1436] cadical/comba-cs+g-only/hw_mul_equiv_12 = T/O
  [1433] cryptominisat/comba-cs+brent-kung/hw_mul_equiv_12 = T/O
  [1437] cryptominisat/comba-cs+g-only/hw_mul_equiv_12 = T/O
  [1435] mergesat/comba-cs+brent-kung/hw_mul_equiv_12 = T/O
  [1439] mergesat/comba-cs+g-only/hw_mul_equiv_12 = T/O
  [1442] minisat/shift-add+ripple/mixed_arith_8 = T/O
  [1440] cadical/shift-add+ripple/mixed_arith_8 = T/O
  [1446] minisat/shift-add+brent-kung/mixed_arith_8 = T/O
  [1444] cadical/shift-add+brent-kung/mixed_arith_8 = T/O
  [1441] cryptominisat/shift-add+ripple/mixed_arith_8 = T/O
  [1445] cryptominisat/shift-add+brent-kung/mixed_arith_8 = T/O
  [1443] mergesat/shift-add+ripple/mixed_arith_8 = T/O
  [1447] mergesat/shift-add+brent-kung/mixed_arith_8 = T/O
  [1450] minisat/shift-add+g-only/mixed_arith_8 = T/O
  [1448] cadical/shift-add+g-only/mixed_arith_8 = T/O
  [1452] cadical/dadda+ripple/mixed_arith_8 = T/O
  [1454] minisat/dadda+ripple/mixed_arith_8 = T/O
  [1453] cryptominisat/dadda+ripple/mixed_arith_8 = T/O
  [1449] cryptominisat/shift-add+g-only/mixed_arith_8 = T/O
  [1455] mergesat/dadda+ripple/mixed_arith_8 = T/O
  [1451] mergesat/shift-add+g-only/mixed_arith_8 = T/O
  [1458] minisat/dadda+brent-kung/mixed_arith_8 = T/O
  [1456] cadical/dadda+brent-kung/mixed_arith_8 = T/O
  [1460] cadical/dadda+g-only/mixed_arith_8 = T/O
  [1462] minisat/dadda+g-only/mixed_arith_8 = T/O
  [1457] cryptominisat/dadda+brent-kung/mixed_arith_8 = T/O
  [1461] cryptominisat/dadda+g-only/mixed_arith_8 = T/O
  [1463] mergesat/dadda+g-only/mixed_arith_8 = T/O
  [1459] mergesat/dadda+brent-kung/mixed_arith_8 = T/O
  [1470] minisat/comba+brent-kung/mixed_arith_8 = T/O
  [1471] mergesat/comba+brent-kung/mixed_arith_8 = T/O
  [1468] cadical/comba+brent-kung/mixed_arith_8 = T/O
  [1469] cryptominisat/comba+brent-kung/mixed_arith_8 = T/O
  [1466] minisat/comba+ripple/mixed_arith_8 = T/O
  [1464] cadical/comba+ripple/mixed_arith_8 = T/O
  [1465] cryptominisat/comba+ripple/mixed_arith_8 = T/O
  [1467] mergesat/comba+ripple/mixed_arith_8 = T/O
  [1474] minisat/comba+g-only/mixed_arith_8 = T/O
  [1472] cadical/comba+g-only/mixed_arith_8 = T/O
  [1476] cadical/comba-cs+ripple/mixed_arith_8 = T/O
  [1478] minisat/comba-cs+ripple/mixed_arith_8 = T/O
  [1473] cryptominisat/comba+g-only/mixed_arith_8 = T/O
  [1477] cryptominisat/comba-cs+ripple/mixed_arith_8 = T/O
  [1475] mergesat/comba+g-only/mixed_arith_8 = T/O
  [1479] mergesat/comba-cs+ripple/mixed_arith_8 = T/O
  [1482] minisat/comba-cs+brent-kung/mixed_arith_8 = T/O
  [1486] minisat/comba-cs+g-only/mixed_arith_8 = T/O
  [1480] cadical/comba-cs+brent-kung/mixed_arith_8 = T/O
  [1484] cadical/comba-cs+g-only/mixed_arith_8 = T/O
  [1481] cryptominisat/comba-cs+brent-kung/mixed_arith_8 = T/O
  [1485] cryptominisat/comba-cs+g-only/mixed_arith_8 = T/O
  [1483] mergesat/comba-cs+brent-kung/mixed_arith_8 = T/O
  [1487] mergesat/comba-cs+g-only/mixed_arith_8 = T/O
  [1494] minisat/shift-add+brent-kung/mul_ineq_12 = .346879
  [1490] minisat/shift-add+ripple/mul_ineq_12 = .346924
  [1492] cadical/shift-add+brent-kung/mul_ineq_12 = .533050
  [1488] cadical/shift-add+ripple/mul_ineq_12 = .534554
  [1495] mergesat/shift-add+brent-kung/mul_ineq_12 = .846987
  [1491] mergesat/shift-add+ripple/mul_ineq_12 = .847072
  [1489] cryptominisat/shift-add+ripple/mul_ineq_12 = .999973
  [1493] cryptominisat/shift-add+brent-kung/mul_ineq_12 = 1.000002
  [1498] minisat/shift-add+g-only/mul_ineq_12 = .347325
  [1502] minisat/dadda+ripple/mul_ineq_12 = .412427
  [1500] cadical/dadda+ripple/mul_ineq_12 = .423104
  [1496] cadical/shift-add+g-only/mul_ineq_12 = .532547
  [1499] mergesat/shift-add+g-only/mul_ineq_12 = .846100
  [1503] mergesat/dadda+ripple/mul_ineq_12 = .852830
  [1501] cryptominisat/dadda+ripple/mul_ineq_12 = .984095
  [1497] cryptominisat/shift-add+g-only/mul_ineq_12 = .999106
  [1510] minisat/dadda+g-only/mul_ineq_12 = .412657
  [1506] minisat/dadda+brent-kung/mul_ineq_12 = .416197
  [1508] cadical/dadda+g-only/mul_ineq_12 = .423198
  [1504] cadical/dadda+brent-kung/mul_ineq_12 = .476573
  [1511] mergesat/dadda+g-only/mul_ineq_12 = .849196
  [1507] mergesat/dadda+brent-kung/mul_ineq_12 = .959026
  [1509] cryptominisat/dadda+g-only/mul_ineq_12 = .981175
  [1505] cryptominisat/dadda+brent-kung/mul_ineq_12 = 1.248853
  [1512] cadical/comba+ripple/mul_ineq_12 = .495703
  [1514] minisat/comba+ripple/mul_ineq_12 = .564839
  [1515] mergesat/comba+ripple/mul_ineq_12 = .973611
  [1513] cryptominisat/comba+ripple/mul_ineq_12 = 1.544017
  [1516] cadical/comba+brent-kung/mul_ineq_12 = T/O
  [1519] mergesat/comba+brent-kung/mul_ineq_12 = T/O
  [1518] minisat/comba+brent-kung/mul_ineq_12 = T/O
  [1517] cryptominisat/comba+brent-kung/mul_ineq_12 = T/O
  [1526] minisat/comba-cs+ripple/mul_ineq_12 = .347726
  [1520] cadical/comba+g-only/mul_ineq_12 = .498121
  [1524] cadical/comba-cs+ripple/mul_ineq_12 = .532979
  [1522] minisat/comba+g-only/mul_ineq_12 = .565546
  [1527] mergesat/comba-cs+ripple/mul_ineq_12 = .845989
  [1523] mergesat/comba+g-only/mul_ineq_12 = .974609
  [1525] cryptominisat/comba-cs+ripple/mul_ineq_12 = 1.003726
  [1521] cryptominisat/comba+g-only/mul_ineq_12 = 1.554557
  [1530] minisat/comba-cs+brent-kung/mul_ineq_12 = .347429
  [1534] minisat/comba-cs+g-only/mul_ineq_12 = .347333
  [1528] cadical/comba-cs+brent-kung/mul_ineq_12 = .531805
  [1532] cadical/comba-cs+g-only/mul_ineq_12 = .533331
  [1535] mergesat/comba-cs+g-only/mul_ineq_12 = .845923
  [1531] mergesat/comba-cs+brent-kung/mul_ineq_12 = .847075
  [1529] cryptominisat/comba-cs+brent-kung/mul_ineq_12 = .997016
  [1533] cryptominisat/comba-cs+g-only/mul_ineq_12 = .999633
  [1536] cadical/shift-add+ripple/mul_no_overflow_16 = .009885
  [1540] cadical/shift-add+brent-kung/mul_no_overflow_16 = .011020
  [1538] minisat/shift-add+ripple/mul_no_overflow_16 = .015145
  [1542] minisat/shift-add+brent-kung/mul_no_overflow_16 = .016819
  [1537] cryptominisat/shift-add+ripple/mul_no_overflow_16 = .017897
  [1541] cryptominisat/shift-add+brent-kung/mul_no_overflow_16 = .018835
  [1543] mergesat/shift-add+brent-kung/mul_no_overflow_16 = .019808
  [1539] mergesat/shift-add+ripple/mul_no_overflow_16 = .020452
  [1544] cadical/shift-add+g-only/mul_no_overflow_16 = .009777
  [1548] cadical/dadda+ripple/mul_no_overflow_16 = .009728
  [1546] minisat/shift-add+g-only/mul_no_overflow_16 = .015185
  [1550] minisat/dadda+ripple/mul_no_overflow_16 = .015351
  [1545] cryptominisat/shift-add+g-only/mul_no_overflow_16 = .017745
  [1547] mergesat/shift-add+g-only/mul_no_overflow_16 = .020517
  [1551] mergesat/dadda+ripple/mul_no_overflow_16 = .020195
  [1549] cryptominisat/dadda+ripple/mul_no_overflow_16 = .026835
  [1556] cadical/dadda+g-only/mul_no_overflow_16 = .009817
  [1552] cadical/dadda+brent-kung/mul_no_overflow_16 = .010811
  [1558] minisat/dadda+g-only/mul_no_overflow_16 = .015635
  [1554] minisat/dadda+brent-kung/mul_no_overflow_16 = .016900
  [1555] mergesat/dadda+brent-kung/mul_no_overflow_16 = .019956
  [1559] mergesat/dadda+g-only/mul_no_overflow_16 = .020299
  [1553] cryptominisat/dadda+brent-kung/mul_no_overflow_16 = .022926
  [1557] cryptominisat/dadda+g-only/mul_no_overflow_16 = .026839
  [1560] cadical/comba+ripple/mul_no_overflow_16 = .011274
  [1562] minisat/comba+ripple/mul_no_overflow_16 = .016906
  [1563] mergesat/comba+ripple/mul_no_overflow_16 = .023986
  [1561] cryptominisat/comba+ripple/mul_no_overflow_16 = .026748
  [1566] minisat/comba+brent-kung/mul_no_overflow_16 = T/O
  [1567] mergesat/comba+brent-kung/mul_no_overflow_16 = T/O
  [1565] cryptominisat/comba+brent-kung/mul_no_overflow_16 = T/O
  [1564] cadical/comba+brent-kung/mul_no_overflow_16 = T/O
  [1568] cadical/comba+g-only/mul_no_overflow_16 = .011990
  [1572] cadical/comba-cs+ripple/mul_no_overflow_16 = .011602
  [1570] minisat/comba+g-only/mul_no_overflow_16 = .017747
  [1574] minisat/comba-cs+ripple/mul_no_overflow_16 = .017042
  [1575] mergesat/comba-cs+ripple/mul_no_overflow_16 = .023167
  [1571] mergesat/comba+g-only/mul_no_overflow_16 = .024324
  [1569] cryptominisat/comba+g-only/mul_no_overflow_16 = .027724
  [1573] cryptominisat/comba-cs+ripple/mul_no_overflow_16 = .032405
  [1580] cadical/comba-cs+g-only/mul_no_overflow_16 = .010976
  [1576] cadical/comba-cs+brent-kung/mul_no_overflow_16 = .011850
  [1582] minisat/comba-cs+g-only/mul_no_overflow_16 = .016660
  [1578] minisat/comba-cs+brent-kung/mul_no_overflow_16 = .018452
  [1583] mergesat/comba-cs+g-only/mul_no_overflow_16 = .022672
  [1579] mergesat/comba-cs+brent-kung/mul_no_overflow_16 = .023360
  [1577] cryptominisat/comba-cs+brent-kung/mul_no_overflow_16 = .030473
  [1581] cryptominisat/comba-cs+g-only/mul_no_overflow_16 = .032218
  [1588] cadical/shift-add+brent-kung/overflow_detect_16 = .351643
  [1584] cadical/shift-add+ripple/overflow_detect_16 = .352189
  [1587] mergesat/shift-add+ripple/overflow_detect_16 = 85.191034
  [1591] mergesat/shift-add+brent-kung/overflow_detect_16 = 85.693896
  [1586] minisat/shift-add+ripple/overflow_detect_16 = T/O
  [1590] minisat/shift-add+brent-kung/overflow_detect_16 = T/O
  [1585] cryptominisat/shift-add+ripple/overflow_detect_16 = T/O
  [1589] cryptominisat/shift-add+brent-kung/overflow_detect_16 = T/O
  [1596] cadical/dadda+ripple/overflow_detect_16 = .180898
  [1592] cadical/shift-add+g-only/overflow_detect_16 = .351922
  [1599] mergesat/dadda+ripple/overflow_detect_16 = 2.980001
  [1597] cryptominisat/dadda+ripple/overflow_detect_16 = 6.632783
  [1598] minisat/dadda+ripple/overflow_detect_16 = 19.580013
  [1595] mergesat/shift-add+g-only/overflow_detect_16 = 81.895642
  [1594] minisat/shift-add+g-only/overflow_detect_16 = T/O
  [1593] cryptominisat/shift-add+g-only/overflow_detect_16 = T/O
  [1604] cadical/dadda+g-only/overflow_detect_16 = .181265
  [1600] cadical/dadda+brent-kung/overflow_detect_16 = .379389
  [1603] mergesat/dadda+brent-kung/overflow_detect_16 = 1.838173
  [1607] mergesat/dadda+g-only/overflow_detect_16 = 2.985934
  [1605] cryptominisat/dadda+g-only/overflow_detect_16 = 6.614167
  [1601] cryptominisat/dadda+brent-kung/overflow_detect_16 = 7.774629
  [1602] minisat/dadda+brent-kung/overflow_detect_16 = 18.455064
  [1606] minisat/dadda+g-only/overflow_detect_16 = 19.498727
  [1608] cadical/comba+ripple/overflow_detect_16 = .751870
  [1614] minisat/comba+brent-kung/overflow_detect_16 = T/O
  [1615] mergesat/comba+brent-kung/overflow_detect_16 = T/O
  [1612] cadical/comba+brent-kung/overflow_detect_16 = T/O
  [1613] cryptominisat/comba+brent-kung/overflow_detect_16 = T/O
  [1611] mergesat/comba+ripple/overflow_detect_16 = 27.448307
  [1610] minisat/comba+ripple/overflow_detect_16 = T/O
  [1609] cryptominisat/comba+ripple/overflow_detect_16 = T/O
  [1620] cadical/comba-cs+ripple/overflow_detect_16 = .352064
  [1616] cadical/comba+g-only/overflow_detect_16 = .752470
  [1619] mergesat/comba+g-only/overflow_detect_16 = 28.354625
  [1623] mergesat/comba-cs+ripple/overflow_detect_16 = 83.550896
  [1618] minisat/comba+g-only/overflow_detect_16 = T/O
  [1622] minisat/comba-cs+ripple/overflow_detect_16 = T/O
  [1621] cryptominisat/comba-cs+ripple/overflow_detect_16 = T/O
  [1617] cryptominisat/comba+g-only/overflow_detect_16 = T/O
  [1624] cadical/comba-cs+brent-kung/overflow_detect_16 = .351737
  [1628] cadical/comba-cs+g-only/overflow_detect_16 = .351572
  [1631] mergesat/comba-cs+g-only/overflow_detect_16 = 85.629661
  [1627] mergesat/comba-cs+brent-kung/overflow_detect_16 = 85.634528
  [1626] minisat/comba-cs+brent-kung/overflow_detect_16 = T/O
  [1630] minisat/comba-cs+g-only/overflow_detect_16 = T/O
  [1625] cryptominisat/comba-cs+brent-kung/overflow_detect_16 = T/O
  [1629] cryptominisat/comba-cs+g-only/overflow_detect_16 = T/O
  [1632] cadical/shift-add+ripple/strength_chain_16 = 1.073058
  [1634] minisat/shift-add+ripple/strength_chain_16 = 1.334241
  [1636] cadical/shift-add+brent-kung/strength_chain_16 = 1.418970
  [1638] minisat/shift-add+brent-kung/strength_chain_16 = 1.626302
  [1635] mergesat/shift-add+ripple/strength_chain_16 = 2.082082
  [1633] cryptominisat/shift-add+ripple/strength_chain_16 = 2.341465
  [1639] mergesat/shift-add+brent-kung/strength_chain_16 = 3.368740
  [1637] cryptominisat/shift-add+brent-kung/strength_chain_16 = 3.394609
  [1644] cadical/dadda+ripple/strength_chain_16 = .735786
  [1640] cadical/shift-add+g-only/strength_chain_16 = 1.071635
  [1642] minisat/shift-add+g-only/strength_chain_16 = 1.334637
  [1646] minisat/dadda+ripple/strength_chain_16 = 1.505481
  [1645] cryptominisat/dadda+ripple/strength_chain_16 = 1.914761
  [1647] mergesat/dadda+ripple/strength_chain_16 = 2.057542
  [1643] mergesat/shift-add+g-only/strength_chain_16 = 2.083734
  [1641] cryptominisat/shift-add+g-only/strength_chain_16 = 2.338668
  [1652] cadical/dadda+g-only/strength_chain_16 = .735784
  [1648] cadical/dadda+brent-kung/strength_chain_16 = .878145
  [1654] minisat/dadda+g-only/strength_chain_16 = 1.505989
  [1653] cryptominisat/dadda+g-only/strength_chain_16 = 1.911912
  [1655] mergesat/dadda+g-only/strength_chain_16 = 2.059505
  [1650] minisat/dadda+brent-kung/strength_chain_16 = 2.060626
  [1649] cryptominisat/dadda+brent-kung/strength_chain_16 = 3.133522
  [1651] mergesat/dadda+brent-kung/strength_chain_16 = 5.889589
  [1656] cadical/comba+ripple/strength_chain_16 = 1.505974
  [1658] minisat/comba+ripple/strength_chain_16 = 2.618446
  [1662] minisat/comba+brent-kung/strength_chain_16 = T/O
  [1663] mergesat/comba+brent-kung/strength_chain_16 = T/O
  [1660] cadical/comba+brent-kung/strength_chain_16 = T/O
  [1661] cryptominisat/comba+brent-kung/strength_chain_16 = T/O
  [1657] cryptominisat/comba+ripple/strength_chain_16 = 5.600890
  [1659] mergesat/comba+ripple/strength_chain_16 = 6.612112
  [1668] cadical/comba-cs+ripple/strength_chain_16 = 1.489894
  [1664] cadical/comba+g-only/strength_chain_16 = 1.505012
  [1669] cryptominisat/comba-cs+ripple/strength_chain_16 = 1.789370
  [1666] minisat/comba+g-only/strength_chain_16 = 2.620691
  [1670] minisat/comba-cs+ripple/strength_chain_16 = 3.179062
  [1671] mergesat/comba-cs+ripple/strength_chain_16 = 3.906903
  [1665] cryptominisat/comba+g-only/strength_chain_16 = 5.594912
  [1667] mergesat/comba+g-only/strength_chain_16 = 6.644073
  [1672] cadical/comba-cs+brent-kung/strength_chain_16 = 1.301961
  [1674] minisat/comba-cs+brent-kung/strength_chain_16 = 1.303657
  [1676] cadical/comba-cs+g-only/strength_chain_16 = 1.488538
  [1677] cryptominisat/comba-cs+g-only/strength_chain_16 = 1.787572
  [1673] cryptominisat/comba-cs+brent-kung/strength_chain_16 = 2.709267
  [1675] mergesat/comba-cs+brent-kung/strength_chain_16 = 3.114467
  [1678] minisat/comba-cs+g-only/strength_chain_16 = 3.182769
  [1679] mergesat/comba-cs+g-only/strength_chain_16 = 3.888829
  [1682] minisat/shift-add+ripple/strength_red_16 = .013133
  [1681] cryptominisat/shift-add+ripple/strength_red_16 = .019656
  [1680] cadical/shift-add+ripple/strength_red_16 = .021659
  [1685] cryptominisat/shift-add+brent-kung/strength_red_16 = .024985
  [1686] minisat/shift-add+brent-kung/strength_red_16 = .028446
  [1684] cadical/shift-add+brent-kung/strength_red_16 = .034918
  [1687] mergesat/shift-add+brent-kung/strength_red_16 = .049790
  [1683] mergesat/shift-add+ripple/strength_red_16 = .068172
  [1694] minisat/dadda+ripple/strength_red_16 = .011052
  [1690] minisat/shift-add+g-only/strength_red_16 = .013238
  [1692] cadical/dadda+ripple/strength_red_16 = .019165
  [1689] cryptominisat/shift-add+g-only/strength_red_16 = .019697
  [1693] cryptominisat/dadda+ripple/strength_red_16 = .020032
  [1688] cadical/shift-add+g-only/strength_red_16 = .021927
  [1695] mergesat/dadda+ripple/strength_red_16 = .052931
  [1691] mergesat/shift-add+g-only/strength_red_16 = .068271
  [1702] minisat/dadda+g-only/strength_red_16 = .011033
  [1700] cadical/dadda+g-only/strength_red_16 = .019009
  [1701] cryptominisat/dadda+g-only/strength_red_16 = .019896
  [1697] cryptominisat/dadda+brent-kung/strength_red_16 = .028547
  [1696] cadical/dadda+brent-kung/strength_red_16 = .032513
  [1698] minisat/dadda+brent-kung/strength_red_16 = .035247
  [1703] mergesat/dadda+g-only/strength_red_16 = .053160
  [1699] mergesat/dadda+brent-kung/strength_red_16 = .093818
  [1706] minisat/comba+ripple/strength_red_16 = .035120
  [1705] cryptominisat/comba+ripple/strength_red_16 = .038572
  [1704] cadical/comba+ripple/strength_red_16 = .045188
  [1707] mergesat/comba+ripple/strength_red_16 = .079215
  [1711] mergesat/comba+brent-kung/strength_red_16 = T/O
  [1708] cadical/comba+brent-kung/strength_red_16 = T/O
  [1709] cryptominisat/comba+brent-kung/strength_red_16 = T/O
  [1710] minisat/comba+brent-kung/strength_red_16 = T/O
  [1718] minisat/comba-cs+ripple/strength_red_16 = .012619
  [1717] cryptominisat/comba-cs+ripple/strength_red_16 = .015950
  [1716] cadical/comba-cs+ripple/strength_red_16 = .016788
  [1714] minisat/comba+g-only/strength_red_16 = .035552
  [1713] cryptominisat/comba+g-only/strength_red_16 = .038750
  [1712] cadical/comba+g-only/strength_red_16 = .045977
  [1715] mergesat/comba+g-only/strength_red_16 = .078793
  [1719] mergesat/comba-cs+ripple/strength_red_16 = .104586
  [1726] minisat/comba-cs+g-only/strength_red_16 = .012120
  [1725] cryptominisat/comba-cs+g-only/strength_red_16 = .015696
  [1724] cadical/comba-cs+g-only/strength_red_16 = .016520
  [1722] minisat/comba-cs+brent-kung/strength_red_16 = .019666
  [1721] cryptominisat/comba-cs+brent-kung/strength_red_16 = .020319
  [1720] cadical/comba-cs+brent-kung/strength_red_16 = .027570
  [1723] mergesat/comba-cs+brent-kung/strength_red_16 = .077835
  [1727] mergesat/comba-cs+g-only/strength_red_16 = .104719
All 1728 jobs complete.
