Starting (smt2, jobs=8, runs=3, timeout=120s)...
# smt2 suite
  [0] cadical/shift-add+ripple/add_chain_16 = .180195
  [2] minisat/shift-add+ripple/add_chain_16 = .356310
  [3] mergesat/shift-add+ripple/add_chain_16 = .391797
  [1] cryptominisat/shift-add+ripple/add_chain_16 = .560321
  [4] cadical/shift-add+brent-kung/add_chain_16 = .920056
  [7] mergesat/shift-add+brent-kung/add_chain_16 = 1.805549
  [6] minisat/shift-add+brent-kung/add_chain_16 = 2.621154
  [5] cryptominisat/shift-add+brent-kung/add_chain_16 = 4.914497
  [8] cadical/shift-add+g-only/add_chain_16 = .180107
  [12] cadical/dadda+ripple/add_chain_16 = .179820
  [14] minisat/dadda+ripple/add_chain_16 = .355751
  [10] minisat/shift-add+g-only/add_chain_16 = .356231
  [15] mergesat/dadda+ripple/add_chain_16 = .392601
  [11] mergesat/shift-add+g-only/add_chain_16 = .392667
  [9] cryptominisat/shift-add+g-only/add_chain_16 = .561366
  [13] cryptominisat/dadda+ripple/add_chain_16 = .561101
  [20] cadical/dadda+g-only/add_chain_16 = .180598
  [22] minisat/dadda+g-only/add_chain_16 = .356581
  [23] mergesat/dadda+g-only/add_chain_16 = .393218
  [21] cryptominisat/dadda+g-only/add_chain_16 = .564557
  [16] cadical/dadda+brent-kung/add_chain_16 = .918059
  [19] mergesat/dadda+brent-kung/add_chain_16 = 1.806701
  [18] minisat/dadda+brent-kung/add_chain_16 = 2.615498
  [17] cryptominisat/dadda+brent-kung/add_chain_16 = 4.916633
  [24] cadical/comba+ripple/add_chain_16 = .180303
  [26] minisat/comba+ripple/add_chain_16 = .358453
  [27] mergesat/comba+ripple/add_chain_16 = .391951
  [25] cryptominisat/comba+ripple/add_chain_16 = .563173
  [28] cadical/comba+brent-kung/add_chain_16 = .918633
  [31] mergesat/comba+brent-kung/add_chain_16 = 1.807920
  [30] minisat/comba+brent-kung/add_chain_16 = 2.618259
  [29] cryptominisat/comba+brent-kung/add_chain_16 = 4.939095
  [36] cadical/comba-cs+ripple/add_chain_16 = .180027
  [32] cadical/comba+g-only/add_chain_16 = .180220
  [34] minisat/comba+g-only/add_chain_16 = .356208
  [38] minisat/comba-cs+ripple/add_chain_16 = .355848
  [35] mergesat/comba+g-only/add_chain_16 = .391595
  [39] mergesat/comba-cs+ripple/add_chain_16 = .392087
  [33] cryptominisat/comba+g-only/add_chain_16 = .560601
  [37] cryptominisat/comba-cs+ripple/add_chain_16 = .561526
  [44] cadical/comba-cs+g-only/add_chain_16 = .180945
  [46] minisat/comba-cs+g-only/add_chain_16 = .357306
  [47] mergesat/comba-cs+g-only/add_chain_16 = .393880
  [45] cryptominisat/comba-cs+g-only/add_chain_16 = .561878
  [40] cadical/comba-cs+brent-kung/add_chain_16 = .918530
  [43] mergesat/comba-cs+brent-kung/add_chain_16 = 1.801757
  [42] minisat/comba-cs+brent-kung/add_chain_16 = 2.623321
  [41] cryptominisat/comba-cs+brent-kung/add_chain_16 = 4.908824
  [48] cadical/shift-add+ripple/add_chain_32 = .326807
  [51] mergesat/shift-add+ripple/add_chain_32 = .768490
  [52] cadical/shift-add+brent-kung/add_chain_32 = 1.701977
  [49] cryptominisat/shift-add+ripple/add_chain_32 = 1.926744
  [50] minisat/shift-add+ripple/add_chain_32 = 3.015347
  [55] mergesat/shift-add+brent-kung/add_chain_32 = 3.292849
  [54] minisat/shift-add+brent-kung/add_chain_32 = 10.162905
  [53] cryptominisat/shift-add+brent-kung/add_chain_32 = 11.437495
  [56] cadical/shift-add+g-only/add_chain_32 = .326225
  [60] cadical/dadda+ripple/add_chain_32 = .326642
  [59] mergesat/shift-add+g-only/add_chain_32 = .766986
  [63] mergesat/dadda+ripple/add_chain_32 = .766896
  [61] cryptominisat/dadda+ripple/add_chain_32 = 1.895740
  [57] cryptominisat/shift-add+g-only/add_chain_32 = 1.895368
  [62] minisat/dadda+ripple/add_chain_32 = 3.008467
  [58] minisat/shift-add+g-only/add_chain_32 = 3.013415
  [68] cadical/dadda+g-only/add_chain_32 = .326307
  [71] mergesat/dadda+g-only/add_chain_32 = .769055
  [64] cadical/dadda+brent-kung/add_chain_32 = 1.695482
  [69] cryptominisat/dadda+g-only/add_chain_32 = 1.908429
  [70] minisat/dadda+g-only/add_chain_32 = 3.013888
  [67] mergesat/dadda+brent-kung/add_chain_32 = 3.278439
  [66] minisat/dadda+brent-kung/add_chain_32 = 10.147679
  [65] cryptominisat/dadda+brent-kung/add_chain_32 = 11.433948
  [72] cadical/comba+ripple/add_chain_32 = .326812
  [75] mergesat/comba+ripple/add_chain_32 = .767547
  [76] cadical/comba+brent-kung/add_chain_32 = 1.698146
  [73] cryptominisat/comba+ripple/add_chain_32 = 1.915825
  [74] minisat/comba+ripple/add_chain_32 = 3.015824
  [79] mergesat/comba+brent-kung/add_chain_32 = 3.289100
  [78] minisat/comba+brent-kung/add_chain_32 = 10.140683
  [77] cryptominisat/comba+brent-kung/add_chain_32 = 11.546345
  [84] cadical/comba-cs+ripple/add_chain_32 = .326089
  [80] cadical/comba+g-only/add_chain_32 = .326604
  [83] mergesat/comba+g-only/add_chain_32 = .767203
  [87] mergesat/comba-cs+ripple/add_chain_32 = .768102
  [85] cryptominisat/comba-cs+ripple/add_chain_32 = 1.911716
  [81] cryptominisat/comba+g-only/add_chain_32 = 1.914443
  [86] minisat/comba-cs+ripple/add_chain_32 = 3.013451
  [82] minisat/comba+g-only/add_chain_32 = 3.013309
  [92] cadical/comba-cs+g-only/add_chain_32 = .328890
  [95] mergesat/comba-cs+g-only/add_chain_32 = .773856
  [88] cadical/comba-cs+brent-kung/add_chain_32 = 1.710285
  [93] cryptominisat/comba-cs+g-only/add_chain_32 = 1.955829
  [94] minisat/comba-cs+g-only/add_chain_32 = 3.025664
  [91] mergesat/comba-cs+brent-kung/add_chain_32 = 3.331779
  [90] minisat/comba-cs+brent-kung/add_chain_32 = 10.191624
  [89] cryptominisat/comba-cs+brent-kung/add_chain_32 = 11.926683
  [96] cadical/shift-add+ripple/add_overflow_16 = .008312
  [98] minisat/shift-add+ripple/add_overflow_16 = .008086
  [97] cryptominisat/shift-add+ripple/add_overflow_16 = .009394
  [99] mergesat/shift-add+ripple/add_overflow_16 = .010140
  [100] cadical/shift-add+brent-kung/add_overflow_16 = T/O
  [102] minisat/shift-add+brent-kung/add_overflow_16 = T/O
  [101] cryptominisat/shift-add+brent-kung/add_overflow_16 = T/O
  [103] mergesat/shift-add+brent-kung/add_overflow_16 = T/O
  [110] minisat/dadda+ripple/add_overflow_16 = .008037
  [106] minisat/shift-add+g-only/add_overflow_16 = .008215
  [108] cadical/dadda+ripple/add_overflow_16 = .008116
  [104] cadical/shift-add+g-only/add_overflow_16 = .008396
  [109] cryptominisat/dadda+ripple/add_overflow_16 = .009208
  [105] cryptominisat/shift-add+g-only/add_overflow_16 = .009339
  [107] mergesat/shift-add+g-only/add_overflow_16 = .010014
  [111] mergesat/dadda+ripple/add_overflow_16 = .010364
  [118] minisat/dadda+g-only/add_overflow_16 = .008128
  [116] cadical/dadda+g-only/add_overflow_16 = .008405
  [117] cryptominisat/dadda+g-only/add_overflow_16 = .009296
  [119] mergesat/dadda+g-only/add_overflow_16 = .010125
  [114] minisat/dadda+brent-kung/add_overflow_16 = T/O
  [112] cadical/dadda+brent-kung/add_overflow_16 = T/O
  [113] cryptominisat/dadda+brent-kung/add_overflow_16 = T/O
  [115] mergesat/dadda+brent-kung/add_overflow_16 = T/O
  [122] minisat/comba+ripple/add_overflow_16 = .007931
  [120] cadical/comba+ripple/add_overflow_16 = .008413
  [121] cryptominisat/comba+ripple/add_overflow_16 = .009371
  [123] mergesat/comba+ripple/add_overflow_16 = .009713
  [124] cadical/comba+brent-kung/add_overflow_16 = T/O
  [126] minisat/comba+brent-kung/add_overflow_16 = T/O
  [127] mergesat/comba+brent-kung/add_overflow_16 = T/O
  [125] cryptominisat/comba+brent-kung/add_overflow_16 = T/O
  [130] minisat/comba+g-only/add_overflow_16 = .008027
  [128] cadical/comba+g-only/add_overflow_16 = .008263
  [132] cadical/comba-cs+ripple/add_overflow_16 = .008264
  [134] minisat/comba-cs+ripple/add_overflow_16 = .007967
  [129] cryptominisat/comba+g-only/add_overflow_16 = .009177
  [131] mergesat/comba+g-only/add_overflow_16 = .009792
  [133] cryptominisat/comba-cs+ripple/add_overflow_16 = .009548
  [135] mergesat/comba-cs+ripple/add_overflow_16 = .010028
  [140] cadical/comba-cs+g-only/add_overflow_16 = .008316
  [142] minisat/comba-cs+g-only/add_overflow_16 = .008052
  [141] cryptominisat/comba-cs+g-only/add_overflow_16 = .009218
  [143] mergesat/comba-cs+g-only/add_overflow_16 = .009721
  [136] cadical/comba-cs+brent-kung/add_overflow_16 = T/O
  [139] mergesat/comba-cs+brent-kung/add_overflow_16 = T/O
  [137] cryptominisat/comba-cs+brent-kung/add_overflow_16 = T/O
  [138] minisat/comba-cs+brent-kung/add_overflow_16 = T/O
  [146] minisat/shift-add+ripple/add_sub_cancel_16 = .007968
  [144] cadical/shift-add+ripple/add_sub_cancel_16 = .008765
  [145] cryptominisat/shift-add+ripple/add_sub_cancel_16 = .008698
  [149] cryptominisat/shift-add+brent-kung/add_sub_cancel_16 = .010979
  [150] minisat/shift-add+brent-kung/add_sub_cancel_16 = .011930
  [147] mergesat/shift-add+ripple/add_sub_cancel_16 = .013366
  [148] cadical/shift-add+brent-kung/add_sub_cancel_16 = .015924
  [151] mergesat/shift-add+brent-kung/add_sub_cancel_16 = .017631
  [154] minisat/shift-add+g-only/add_sub_cancel_16 = .007954
  [158] minisat/dadda+ripple/add_sub_cancel_16 = .007694
  [152] cadical/shift-add+g-only/add_sub_cancel_16 = .008953
  [153] cryptominisat/shift-add+g-only/add_sub_cancel_16 = .008717
  [157] cryptominisat/dadda+ripple/add_sub_cancel_16 = .008464
  [156] cadical/dadda+ripple/add_sub_cancel_16 = .009029
  [155] mergesat/shift-add+g-only/add_sub_cancel_16 = .013570
  [159] mergesat/dadda+ripple/add_sub_cancel_16 = .013759
  [166] minisat/dadda+g-only/add_sub_cancel_16 = .007782
  [164] cadical/dadda+g-only/add_sub_cancel_16 = .008786
  [165] cryptominisat/dadda+g-only/add_sub_cancel_16 = .008727
  [161] cryptominisat/dadda+brent-kung/add_sub_cancel_16 = .010625
  [162] minisat/dadda+brent-kung/add_sub_cancel_16 = .011930
  [167] mergesat/dadda+g-only/add_sub_cancel_16 = .013184
  [160] cadical/dadda+brent-kung/add_sub_cancel_16 = .016247
  [163] mergesat/dadda+brent-kung/add_sub_cancel_16 = .017398
  [170] minisat/comba+ripple/add_sub_cancel_16 = .007979
  [168] cadical/comba+ripple/add_sub_cancel_16 = .009238
  [169] cryptominisat/comba+ripple/add_sub_cancel_16 = .008956
  [173] cryptominisat/comba+brent-kung/add_sub_cancel_16 = .011161
  [171] mergesat/comba+ripple/add_sub_cancel_16 = .013011
  [174] minisat/comba+brent-kung/add_sub_cancel_16 = .012197
  [172] cadical/comba+brent-kung/add_sub_cancel_16 = .015836
  [175] mergesat/comba+brent-kung/add_sub_cancel_16 = .017465
  [178] minisat/comba+g-only/add_sub_cancel_16 = .007946
  [182] minisat/comba-cs+ripple/add_sub_cancel_16 = .007947
  [176] cadical/comba+g-only/add_sub_cancel_16 = .008848
  [177] cryptominisat/comba+g-only/add_sub_cancel_16 = .008693
  [181] cryptominisat/comba-cs+ripple/add_sub_cancel_16 = .008776
  [180] cadical/comba-cs+ripple/add_sub_cancel_16 = .009116
  [179] mergesat/comba+g-only/add_sub_cancel_16 = .013524
  [183] mergesat/comba-cs+ripple/add_sub_cancel_16 = .014067
  [190] minisat/comba-cs+g-only/add_sub_cancel_16 = .008149
  [188] cadical/comba-cs+g-only/add_sub_cancel_16 = .008643
  [189] cryptominisat/comba-cs+g-only/add_sub_cancel_16 = .008680
  [185] cryptominisat/comba-cs+brent-kung/add_sub_cancel_16 = .010722
  [186] minisat/comba-cs+brent-kung/add_sub_cancel_16 = .011841
  [191] mergesat/comba-cs+g-only/add_sub_cancel_16 = .012988
  [184] cadical/comba-cs+brent-kung/add_sub_cancel_16 = .016574
  [187] mergesat/comba-cs+brent-kung/add_sub_cancel_16 = .017724
  [196] cadical/shift-add+brent-kung/assoc_8 = 27.570460
  [192] cadical/shift-add+ripple/assoc_8 = 27.587541
  [193] cryptominisat/shift-add+ripple/assoc_8 = 90.144495
  [197] cryptominisat/shift-add+brent-kung/assoc_8 = 90.877126
  [199] mergesat/shift-add+brent-kung/assoc_8 = 107.673193
  [195] mergesat/shift-add+ripple/assoc_8 = 107.759458
  [194] minisat/shift-add+ripple/assoc_8 = T/O
  [198] minisat/shift-add+brent-kung/assoc_8 = T/O
  [200] cadical/shift-add+g-only/assoc_8 = 27.440389
  [201] cryptominisat/shift-add+g-only/assoc_8 = 89.749436
  [203] mergesat/shift-add+g-only/assoc_8 = 106.011636
  [202] minisat/shift-add+g-only/assoc_8 = T/O
  [206] minisat/dadda+ripple/assoc_8 = T/O
  [204] cadical/dadda+ripple/assoc_8 = T/O
  [205] cryptominisat/dadda+ripple/assoc_8 = T/O
  [207] mergesat/dadda+ripple/assoc_8 = T/O
  [210] minisat/dadda+brent-kung/assoc_8 = T/O
  [208] cadical/dadda+brent-kung/assoc_8 = T/O
  [214] minisat/dadda+g-only/assoc_8 = T/O
  [212] cadical/dadda+g-only/assoc_8 = T/O
  [209] cryptominisat/dadda+brent-kung/assoc_8 = T/O
  [213] cryptominisat/dadda+g-only/assoc_8 = T/O
  [215] mergesat/dadda+g-only/assoc_8 = T/O
  [211] mergesat/dadda+brent-kung/assoc_8 = T/O
  [222] minisat/comba+brent-kung/assoc_8 = T/O
  [220] cadical/comba+brent-kung/assoc_8 = T/O
  [221] cryptominisat/comba+brent-kung/assoc_8 = T/O
  [223] mergesat/comba+brent-kung/assoc_8 = T/O
  [218] minisat/comba+ripple/assoc_8 = T/O
  [216] cadical/comba+ripple/assoc_8 = T/O
  [217] cryptominisat/comba+ripple/assoc_8 = T/O
  [219] mergesat/comba+ripple/assoc_8 = T/O
  [228] cadical/comba-cs+ripple/assoc_8 = 27.234399
  [229] cryptominisat/comba-cs+ripple/assoc_8 = 87.461596
  [231] mergesat/comba-cs+ripple/assoc_8 = 105.219364
  [230] minisat/comba-cs+ripple/assoc_8 = T/O
  [226] minisat/comba+g-only/assoc_8 = T/O
  [224] cadical/comba+g-only/assoc_8 = T/O
  [225] cryptominisat/comba+g-only/assoc_8 = T/O
  [227] mergesat/comba+g-only/assoc_8 = T/O
  [232] cadical/comba-cs+brent-kung/assoc_8 = 27.285890
  [236] cadical/comba-cs+g-only/assoc_8 = 27.366681
  [237] cryptominisat/comba-cs+g-only/assoc_8 = 86.331520
  [233] cryptominisat/comba-cs+brent-kung/assoc_8 = 86.638620
  [239] mergesat/comba-cs+g-only/assoc_8 = 104.337239
  [235] mergesat/comba-cs+brent-kung/assoc_8 = 104.669813
  [234] minisat/comba-cs+brent-kung/assoc_8 = T/O
  [238] minisat/comba-cs+g-only/assoc_8 = T/O
  [242] minisat/shift-add+ripple/barrett_red_8 = .007001
  [246] minisat/shift-add+brent-kung/barrett_red_8 = .007322
  [241] cryptominisat/shift-add+ripple/barrett_red_8 = .007529
  [245] cryptominisat/shift-add+brent-kung/barrett_red_8 = .008089
  [243] mergesat/shift-add+ripple/barrett_red_8 = .008172
  [247] mergesat/shift-add+brent-kung/barrett_red_8 = .009415
  [240] cadical/shift-add+ripple/barrett_red_8 = .013679
  [244] cadical/shift-add+brent-kung/barrett_red_8 = .014406
  [249] cryptominisat/shift-add+g-only/barrett_red_8 = .007701
  [254] minisat/dadda+ripple/barrett_red_8 = .006851
  [250] minisat/shift-add+g-only/barrett_red_8 = .007204
  [251] mergesat/shift-add+g-only/barrett_red_8 = .008206
  [253] cryptominisat/dadda+ripple/barrett_red_8 = .008364
  [255] mergesat/dadda+ripple/barrett_red_8 = .009989
  [248] cadical/shift-add+g-only/barrett_red_8 = .013082
  [252] cadical/dadda+ripple/barrett_red_8 = .013579
  [258] minisat/dadda+brent-kung/barrett_red_8 = .007415
  [262] minisat/dadda+g-only/barrett_red_8 = .006979
  [257] cryptominisat/dadda+brent-kung/barrett_red_8 = .008419
  [261] cryptominisat/dadda+g-only/barrett_red_8 = .008230
  [259] mergesat/dadda+brent-kung/barrett_red_8 = .008923
  [263] mergesat/dadda+g-only/barrett_red_8 = .009842
  [260] cadical/dadda+g-only/barrett_red_8 = .014112
  [256] cadical/dadda+brent-kung/barrett_red_8 = .014629
  [266] minisat/comba+ripple/barrett_red_8 = .009390
  [267] mergesat/comba+ripple/barrett_red_8 = .014658
  [264] cadical/comba+ripple/barrett_red_8 = .017945
  [265] cryptominisat/comba+ripple/barrett_red_8 = .021337
  [271] mergesat/comba+brent-kung/barrett_red_8 = T/O
  [268] cadical/comba+brent-kung/barrett_red_8 = T/O
  [270] minisat/comba+brent-kung/barrett_red_8 = T/O
  [269] cryptominisat/comba+brent-kung/barrett_red_8 = T/O
  [278] minisat/comba-cs+ripple/barrett_red_8 = .007024
  [277] cryptominisat/comba-cs+ripple/barrett_red_8 = .007572
  [279] mergesat/comba-cs+ripple/barrett_red_8 = .008223
  [274] minisat/comba+g-only/barrett_red_8 = .009421
  [276] cadical/comba-cs+ripple/barrett_red_8 = .012973
  [275] mergesat/comba+g-only/barrett_red_8 = .014606
  [272] cadical/comba+g-only/barrett_red_8 = .017893
  [273] cryptominisat/comba+g-only/barrett_red_8 = .022564
  [286] minisat/comba-cs+g-only/barrett_red_8 = .007135
  [282] minisat/comba-cs+brent-kung/barrett_red_8 = .007368
  [285] cryptominisat/comba-cs+g-only/barrett_red_8 = .007820
  [281] cryptominisat/comba-cs+brent-kung/barrett_red_8 = .008045
  [287] mergesat/comba-cs+g-only/barrett_red_8 = .008390
  [283] mergesat/comba-cs+brent-kung/barrett_red_8 = .009528
  [280] cadical/comba-cs+brent-kung/barrett_red_8 = .013671
  [284] cadical/comba-cs+g-only/barrett_red_8 = .013148
  [288] cadical/shift-add+ripple/bf16_mul_comm = .009510
  [292] cadical/shift-add+brent-kung/bf16_mul_comm = .009191
  [291] mergesat/shift-add+ripple/bf16_mul_comm = .044272
  [295] mergesat/shift-add+brent-kung/bf16_mul_comm = .043714
  [290] minisat/shift-add+ripple/bf16_mul_comm = .045074
  [294] minisat/shift-add+brent-kung/bf16_mul_comm = .045048
  [293] cryptominisat/shift-add+brent-kung/bf16_mul_comm = .278717
  [289] cryptominisat/shift-add+ripple/bf16_mul_comm = .279306
  [300] cadical/dadda+ripple/bf16_mul_comm = .009256
  [296] cadical/shift-add+g-only/bf16_mul_comm = .009534
  [303] mergesat/dadda+ripple/bf16_mul_comm = .032101
  [302] minisat/dadda+ripple/bf16_mul_comm = .032049
  [299] mergesat/shift-add+g-only/bf16_mul_comm = .043835
  [298] minisat/shift-add+g-only/bf16_mul_comm = .045623
  [301] cryptominisat/dadda+ripple/bf16_mul_comm = .045333
  [297] cryptominisat/shift-add+g-only/bf16_mul_comm = .281130
  [308] cadical/dadda+g-only/bf16_mul_comm = .009118
  [304] cadical/dadda+brent-kung/bf16_mul_comm = .009589
  [306] minisat/dadda+brent-kung/bf16_mul_comm = .032223
  [311] mergesat/dadda+g-only/bf16_mul_comm = .031770
  [307] mergesat/dadda+brent-kung/bf16_mul_comm = .032956
  [310] minisat/dadda+g-only/bf16_mul_comm = .032782
  [309] cryptominisat/dadda+g-only/bf16_mul_comm = .045672
  [305] cryptominisat/dadda+brent-kung/bf16_mul_comm = .046067
  [312] cadical/comba+ripple/bf16_mul_comm = .010326
  [316] cadical/comba+brent-kung/bf16_mul_comm = .010129
  [314] minisat/comba+ripple/bf16_mul_comm = .025871
  [318] minisat/comba+brent-kung/bf16_mul_comm = .026050
  [313] cryptominisat/comba+ripple/bf16_mul_comm = .046397
  [317] cryptominisat/comba+brent-kung/bf16_mul_comm = .045756
  [319] mergesat/comba+brent-kung/bf16_mul_comm = .059014
  [315] mergesat/comba+ripple/bf16_mul_comm = .059700
  [324] cadical/comba-cs+ripple/bf16_mul_comm = .009349
  [320] cadical/comba+g-only/bf16_mul_comm = .010051
  [322] minisat/comba+g-only/bf16_mul_comm = .025689
  [327] mergesat/comba-cs+ripple/bf16_mul_comm = .033720
  [326] minisat/comba-cs+ripple/bf16_mul_comm = .040619
  [321] cryptominisat/comba+g-only/bf16_mul_comm = .045610
  [323] mergesat/comba+g-only/bf16_mul_comm = .058881
  [325] cryptominisat/comba-cs+ripple/bf16_mul_comm = .238959
  [328] cadical/comba-cs+brent-kung/bf16_mul_comm = .009629
  [332] cadical/comba-cs+g-only/bf16_mul_comm = .009293
  [331] mergesat/comba-cs+brent-kung/bf16_mul_comm = .033008
  [335] mergesat/comba-cs+g-only/bf16_mul_comm = .032756
  [334] minisat/comba-cs+g-only/bf16_mul_comm = .041182
  [330] minisat/comba-cs+brent-kung/bf16_mul_comm = .041136
  [329] cryptominisat/comba-cs+brent-kung/bf16_mul_comm = .240419
  [333] cryptominisat/comba-cs+g-only/bf16_mul_comm = .240430
  [336] cadical/shift-add+ripple/bf16_mul_comm_v2 = 23.385090
  [340] cadical/shift-add+brent-kung/bf16_mul_comm_v2 = 23.438282
  [341] cryptominisat/shift-add+brent-kung/bf16_mul_comm_v2 = 56.875486
  [337] cryptominisat/shift-add+ripple/bf16_mul_comm_v2 = 57.305573
  [339] mergesat/shift-add+ripple/bf16_mul_comm_v2 = 94.340064
  [343] mergesat/shift-add+brent-kung/bf16_mul_comm_v2 = 94.706646
  [338] minisat/shift-add+ripple/bf16_mul_comm_v2 = T/O
  [342] minisat/shift-add+brent-kung/bf16_mul_comm_v2 = T/O
  [344] cadical/shift-add+g-only/bf16_mul_comm_v2 = 23.508741
  [348] cadical/dadda+ripple/bf16_mul_comm_v2 = 28.890409
  [345] cryptominisat/shift-add+g-only/bf16_mul_comm_v2 = 58.626860
  [349] cryptominisat/dadda+ripple/bf16_mul_comm_v2 = 66.445985
  [350] minisat/dadda+ripple/bf16_mul_comm_v2 = 90.876961
  [347] mergesat/shift-add+g-only/bf16_mul_comm_v2 = 98.478684
  [351] mergesat/dadda+ripple/bf16_mul_comm_v2 = T/O
  [346] minisat/shift-add+g-only/bf16_mul_comm_v2 = T/O
  [356] cadical/dadda+g-only/bf16_mul_comm_v2 = 28.453243
  [352] cadical/dadda+brent-kung/bf16_mul_comm_v2 = 28.428313
  [353] cryptominisat/dadda+brent-kung/bf16_mul_comm_v2 = 64.772100
  [357] cryptominisat/dadda+g-only/bf16_mul_comm_v2 = 64.527674
  [354] minisat/dadda+brent-kung/bf16_mul_comm_v2 = 90.177535
  [358] minisat/dadda+g-only/bf16_mul_comm_v2 = 90.060412
  [355] mergesat/dadda+brent-kung/bf16_mul_comm_v2 = T/O
  [359] mergesat/dadda+g-only/bf16_mul_comm_v2 = T/O
  [364] cadical/comba+brent-kung/bf16_mul_comm_v2 = 10.676834
  [360] cadical/comba+ripple/bf16_mul_comm_v2 = 10.671367
  [365] cryptominisat/comba+brent-kung/bf16_mul_comm_v2 = 44.870573
  [361] cryptominisat/comba+ripple/bf16_mul_comm_v2 = 44.714654
  [366] minisat/comba+brent-kung/bf16_mul_comm_v2 = T/O
  [362] minisat/comba+ripple/bf16_mul_comm_v2 = T/O
  [363] mergesat/comba+ripple/bf16_mul_comm_v2 = T/O
  [367] mergesat/comba+brent-kung/bf16_mul_comm_v2 = T/O
  [368] cadical/comba+g-only/bf16_mul_comm_v2 = 10.759950
  [372] cadical/comba-cs+ripple/bf16_mul_comm_v2 = 11.304746
  [369] cryptominisat/comba+g-only/bf16_mul_comm_v2 = 45.761146
  [373] cryptominisat/comba-cs+ripple/bf16_mul_comm_v2 = 53.483698
  [370] minisat/comba+g-only/bf16_mul_comm_v2 = T/O
  [374] minisat/comba-cs+ripple/bf16_mul_comm_v2 = T/O
  [375] mergesat/comba-cs+ripple/bf16_mul_comm_v2 = T/O
  [371] mergesat/comba+g-only/bf16_mul_comm_v2 = T/O
  [376] cadical/comba-cs+brent-kung/bf16_mul_comm_v2 = 11.274796
  [380] cadical/comba-cs+g-only/bf16_mul_comm_v2 = 11.259197
  [377] cryptominisat/comba-cs+brent-kung/bf16_mul_comm_v2 = 51.833904
  [381] cryptominisat/comba-cs+g-only/bf16_mul_comm_v2 = 51.592001
  [378] minisat/comba-cs+brent-kung/bf16_mul_comm_v2 = T/O
  [382] minisat/comba-cs+g-only/bf16_mul_comm_v2 = T/O
  [379] mergesat/comba-cs+brent-kung/bf16_mul_comm_v2 = T/O
  [383] mergesat/comba-cs+g-only/bf16_mul_comm_v2 = T/O
  [386] minisat/shift-add+ripple/bf16_mul_const = .020629
  [390] minisat/shift-add+brent-kung/bf16_mul_const = .020320
  [384] cadical/shift-add+ripple/bf16_mul_const = .031474
  [388] cadical/shift-add+brent-kung/bf16_mul_const = .030775
  [387] mergesat/shift-add+ripple/bf16_mul_const = .038691
  [391] mergesat/shift-add+brent-kung/bf16_mul_const = .039215
  [385] cryptominisat/shift-add+ripple/bf16_mul_const = .051095
  [389] cryptominisat/shift-add+brent-kung/bf16_mul_const = .050338
  [394] minisat/shift-add+g-only/bf16_mul_const = .020542
  [398] minisat/dadda+ripple/bf16_mul_const = .023767
  [396] cadical/dadda+ripple/bf16_mul_const = .029826
  [392] cadical/shift-add+g-only/bf16_mul_const = .031923
  [395] mergesat/shift-add+g-only/bf16_mul_const = .038982
  [399] mergesat/dadda+ripple/bf16_mul_const = .039255
  [397] cryptominisat/dadda+ripple/bf16_mul_const = .039327
  [393] cryptominisat/shift-add+g-only/bf16_mul_const = .051071
  [402] minisat/dadda+brent-kung/bf16_mul_const = .023806
  [406] minisat/dadda+g-only/bf16_mul_const = .023572
  [400] cadical/dadda+brent-kung/bf16_mul_const = .029967
  [404] cadical/dadda+g-only/bf16_mul_const = .029185
  [401] cryptominisat/dadda+brent-kung/bf16_mul_const = .038679
  [407] mergesat/dadda+g-only/bf16_mul_const = .038410
  [403] mergesat/dadda+brent-kung/bf16_mul_const = .038644
  [405] cryptominisat/dadda+g-only/bf16_mul_const = .038522
  [410] minisat/comba+ripple/bf16_mul_const = .023251
  [414] minisat/comba+brent-kung/bf16_mul_const = .022763
  [408] cadical/comba+ripple/bf16_mul_const = .033750
  [412] cadical/comba+brent-kung/bf16_mul_const = .032882
  [409] cryptominisat/comba+ripple/bf16_mul_const = .042578
  [413] cryptominisat/comba+brent-kung/bf16_mul_const = .042477
  [415] mergesat/comba+brent-kung/bf16_mul_const = .090759
  [411] mergesat/comba+ripple/bf16_mul_const = .091563
  [422] minisat/comba-cs+ripple/bf16_mul_const = .021632
  [418] minisat/comba+g-only/bf16_mul_const = .022760
  [420] cadical/comba-cs+ripple/bf16_mul_const = .029162
  [416] cadical/comba+g-only/bf16_mul_const = .033122
  [421] cryptominisat/comba-cs+ripple/bf16_mul_const = .034217
  [417] cryptominisat/comba+g-only/bf16_mul_const = .042533
  [423] mergesat/comba-cs+ripple/bf16_mul_const = .049252
  [419] mergesat/comba+g-only/bf16_mul_const = .089585
  [426] minisat/comba-cs+brent-kung/bf16_mul_const = .022147
  [430] minisat/comba-cs+g-only/bf16_mul_const = .021523
  [428] cadical/comba-cs+g-only/bf16_mul_const = .029327
  [424] cadical/comba-cs+brent-kung/bf16_mul_const = .029637
  [425] cryptominisat/comba-cs+brent-kung/bf16_mul_const = .034037
  [429] cryptominisat/comba-cs+g-only/bf16_mul_const = .034121
  [431] mergesat/comba-cs+g-only/bf16_mul_const = .048787
  [427] mergesat/comba-cs+brent-kung/bf16_mul_const = .049436
  [436] cadical/shift-add+brent-kung/bf16_mul_mono = 29.530749
  [432] cadical/shift-add+ripple/bf16_mul_mono = 29.653203
  [433] cryptominisat/shift-add+ripple/bf16_mul_mono = 56.910058
  [437] cryptominisat/shift-add+brent-kung/bf16_mul_mono = 57.716367
  [439] mergesat/shift-add+brent-kung/bf16_mul_mono = 102.926340
  [435] mergesat/shift-add+ripple/bf16_mul_mono = 102.915019
  [438] minisat/shift-add+brent-kung/bf16_mul_mono = T/O
  [434] minisat/shift-add+ripple/bf16_mul_mono = T/O
  [440] cadical/shift-add+g-only/bf16_mul_mono = 29.323351
  [444] cadical/dadda+ripple/bf16_mul_mono = 32.739160
  [441] cryptominisat/shift-add+g-only/bf16_mul_mono = 54.554266
  [447] mergesat/dadda+ripple/bf16_mul_mono = 99.867142
  [445] cryptominisat/dadda+ripple/bf16_mul_mono = 100.912232
  [443] mergesat/shift-add+g-only/bf16_mul_mono = 102.602281
  [442] minisat/shift-add+g-only/bf16_mul_mono = T/O
  [446] minisat/dadda+ripple/bf16_mul_mono = T/O
  [448] cadical/dadda+brent-kung/bf16_mul_mono = 32.791660
  [452] cadical/dadda+g-only/bf16_mul_mono = 32.842006
  [453] cryptominisat/dadda+g-only/bf16_mul_mono = 100.490275
  [455] mergesat/dadda+g-only/bf16_mul_mono = 100.822520
  [451] mergesat/dadda+brent-kung/bf16_mul_mono = 101.724791
  [449] cryptominisat/dadda+brent-kung/bf16_mul_mono = 102.231662
  [450] minisat/dadda+brent-kung/bf16_mul_mono = T/O
  [454] minisat/dadda+g-only/bf16_mul_mono = T/O
  [460] cadical/comba+brent-kung/bf16_mul_mono = 27.762000
  [456] cadical/comba+ripple/bf16_mul_mono = 27.838265
  [461] cryptominisat/comba+brent-kung/bf16_mul_mono = 93.264798
  [457] cryptominisat/comba+ripple/bf16_mul_mono = 93.220340
  [459] mergesat/comba+ripple/bf16_mul_mono = 106.350857
  [463] mergesat/comba+brent-kung/bf16_mul_mono = 106.170206
  [458] minisat/comba+ripple/bf16_mul_mono = T/O
  [462] minisat/comba+brent-kung/bf16_mul_mono = T/O
  [464] cadical/comba+g-only/bf16_mul_mono = 27.725764
  [468] cadical/comba-cs+ripple/bf16_mul_mono = 29.218027
  [469] cryptominisat/comba-cs+ripple/bf16_mul_mono = 74.941547
  [465] cryptominisat/comba+g-only/bf16_mul_mono = 91.848575
  [467] mergesat/comba+g-only/bf16_mul_mono = 104.941267
  [471] mergesat/comba-cs+ripple/bf16_mul_mono = 115.873324
  [470] minisat/comba-cs+ripple/bf16_mul_mono = T/O
  [466] minisat/comba+g-only/bf16_mul_mono = T/O
  [476] cadical/comba-cs+g-only/bf16_mul_mono = 29.203923
  [472] cadical/comba-cs+brent-kung/bf16_mul_mono = 29.313552
  [477] cryptominisat/comba-cs+g-only/bf16_mul_mono = 74.882522
  [473] cryptominisat/comba-cs+brent-kung/bf16_mul_mono = 75.076149
  [479] mergesat/comba-cs+g-only/bf16_mul_mono = 116.232666
  [475] mergesat/comba-cs+brent-kung/bf16_mul_mono = 117.089209
  [474] minisat/comba-cs+brent-kung/bf16_mul_mono = T/O
  [478] minisat/comba-cs+g-only/bf16_mul_mono = T/O
  [480] cadical/shift-add+ripple/checked_mul_16 = .389352
  [484] cadical/shift-add+brent-kung/checked_mul_16 = .388906
  [487] mergesat/shift-add+brent-kung/checked_mul_16 = 9.168467
  [483] mergesat/shift-add+ripple/checked_mul_16 = 9.278191
  [482] minisat/shift-add+ripple/checked_mul_16 = 21.907431
  [486] minisat/shift-add+brent-kung/checked_mul_16 = 21.951768
  [481] cryptominisat/shift-add+ripple/checked_mul_16 = 43.435601
  [485] cryptominisat/shift-add+brent-kung/checked_mul_16 = 43.198650
  [492] cadical/dadda+ripple/checked_mul_16 = .278275
  [488] cadical/shift-add+g-only/checked_mul_16 = .389415
  [494] minisat/dadda+ripple/checked_mul_16 = 4.971052
  [495] mergesat/dadda+ripple/checked_mul_16 = 5.650834
  [491] mergesat/shift-add+g-only/checked_mul_16 = 9.085821
  [493] cryptominisat/dadda+ripple/checked_mul_16 = 19.353315
  [490] minisat/shift-add+g-only/checked_mul_16 = 21.873479
  [489] cryptominisat/shift-add+g-only/checked_mul_16 = 42.534842
  [500] cadical/dadda+g-only/checked_mul_16 = .278429
  [496] cadical/dadda+brent-kung/checked_mul_16 = .389920
  [502] minisat/dadda+g-only/checked_mul_16 = 4.965821
  [503] mergesat/dadda+g-only/checked_mul_16 = 5.642413
  [499] mergesat/dadda+brent-kung/checked_mul_16 = 6.760526
  [501] cryptominisat/dadda+g-only/checked_mul_16 = 19.289638
  [498] minisat/dadda+brent-kung/checked_mul_16 = 22.919171
  [497] cryptominisat/dadda+brent-kung/checked_mul_16 = 23.605962
  [504] cadical/comba+ripple/checked_mul_16 = .626492
  [508] cadical/comba+brent-kung/checked_mul_16 = T/O
  [509] cryptominisat/comba+brent-kung/checked_mul_16 = T/O
  [510] minisat/comba+brent-kung/checked_mul_16 = T/O
  [511] mergesat/comba+brent-kung/checked_mul_16 = T/O
  [507] mergesat/comba+ripple/checked_mul_16 = 11.842479
  [506] minisat/comba+ripple/checked_mul_16 = 32.422987
  [505] cryptominisat/comba+ripple/checked_mul_16 = 47.723840
  [516] cadical/comba-cs+ripple/checked_mul_16 = .388815
  [512] cadical/comba+g-only/checked_mul_16 = .626331
  [519] mergesat/comba-cs+ripple/checked_mul_16 = 9.183790
  [515] mergesat/comba+g-only/checked_mul_16 = 12.057772
  [518] minisat/comba-cs+ripple/checked_mul_16 = 21.900298
  [514] minisat/comba+g-only/checked_mul_16 = 32.355804
  [517] cryptominisat/comba-cs+ripple/checked_mul_16 = 43.490692
  [513] cryptominisat/comba+g-only/checked_mul_16 = 48.057100
  [520] cadical/comba-cs+brent-kung/checked_mul_16 = .389107
  [524] cadical/comba-cs+g-only/checked_mul_16 = .388976
  [523] mergesat/comba-cs+brent-kung/checked_mul_16 = 9.147218
  [527] mergesat/comba-cs+g-only/checked_mul_16 = 9.183745
  [522] minisat/comba-cs+brent-kung/checked_mul_16 = 21.895489
  [526] minisat/comba-cs+g-only/checked_mul_16 = 21.934923
  [525] cryptominisat/comba-cs+g-only/checked_mul_16 = 42.586447
  [521] cryptominisat/comba-cs+brent-kung/checked_mul_16 = 43.005799
  [530] minisat/shift-add+ripple/comm_16 = T/O
  [532] cadical/shift-add+brent-kung/comm_16 = T/O
  [534] minisat/shift-add+brent-kung/comm_16 = T/O
  [528] cadical/shift-add+ripple/comm_16 = T/O
  [529] cryptominisat/shift-add+ripple/comm_16 = T/O
  [533] cryptominisat/shift-add+brent-kung/comm_16 = T/O
  [531] mergesat/shift-add+ripple/comm_16 = T/O
  [535] mergesat/shift-add+brent-kung/comm_16 = T/O
  [538] minisat/shift-add+g-only/comm_16 = T/O
  [536] cadical/shift-add+g-only/comm_16 = T/O
  [540] cadical/dadda+ripple/comm_16 = T/O
  [542] minisat/dadda+ripple/comm_16 = T/O
  [537] cryptominisat/shift-add+g-only/comm_16 = T/O
  [541] cryptominisat/dadda+ripple/comm_16 = T/O
  [539] mergesat/shift-add+g-only/comm_16 = T/O
  [543] mergesat/dadda+ripple/comm_16 = T/O
  [546] minisat/dadda+brent-kung/comm_16 = T/O
  [548] cadical/dadda+g-only/comm_16 = T/O
  [544] cadical/dadda+brent-kung/comm_16 = T/O
  [550] minisat/dadda+g-only/comm_16 = T/O
  [545] cryptominisat/dadda+brent-kung/comm_16 = T/O
  [549] cryptominisat/dadda+g-only/comm_16 = T/O
  [547] mergesat/dadda+brent-kung/comm_16 = T/O
  [551] mergesat/dadda+g-only/comm_16 = T/O
  [557] cryptominisat/comba+brent-kung/comm_16 = T/O
  [558] minisat/comba+brent-kung/comm_16 = T/O
  [559] mergesat/comba+brent-kung/comm_16 = T/O
  [556] cadical/comba+brent-kung/comm_16 = T/O
  [552] cadical/comba+ripple/comm_16 = 24.368595
  [554] minisat/comba+ripple/comm_16 = T/O
  [553] cryptominisat/comba+ripple/comm_16 = T/O
  [555] mergesat/comba+ripple/comm_16 = T/O
  [564] cadical/comba-cs+ripple/comm_16 = 5.455567
  [567] mergesat/comba-cs+ripple/comm_16 = 12.636475
  [560] cadical/comba+g-only/comm_16 = 24.641326
  [562] minisat/comba+g-only/comm_16 = T/O
  [566] minisat/comba-cs+ripple/comm_16 = T/O
  [561] cryptominisat/comba+g-only/comm_16 = T/O
  [565] cryptominisat/comba-cs+ripple/comm_16 = T/O
  [563] mergesat/comba+g-only/comm_16 = T/O
  [568] cadical/comba-cs+brent-kung/comm_16 = 5.459872
  [572] cadical/comba-cs+g-only/comm_16 = 5.463935
  [571] mergesat/comba-cs+brent-kung/comm_16 = 12.549675
  [575] mergesat/comba-cs+g-only/comm_16 = 12.589986
  [570] minisat/comba-cs+brent-kung/comm_16 = T/O
  [574] minisat/comba-cs+g-only/comm_16 = T/O
  [569] cryptominisat/comba-cs+brent-kung/comm_16 = T/O
  [573] cryptominisat/comba-cs+g-only/comm_16 = T/O
  [576] cadical/shift-add+ripple/comm_20 = T/O
  [580] cadical/shift-add+brent-kung/comm_20 = T/O
  [578] minisat/shift-add+ripple/comm_20 = T/O
  [582] minisat/shift-add+brent-kung/comm_20 = T/O
  [577] cryptominisat/shift-add+ripple/comm_20 = T/O
  [581] cryptominisat/shift-add+brent-kung/comm_20 = T/O
  [579] mergesat/shift-add+ripple/comm_20 = T/O
  [583] mergesat/shift-add+brent-kung/comm_20 = T/O
  [584] cadical/shift-add+g-only/comm_20 = T/O
  [588] cadical/dadda+ripple/comm_20 = T/O
  [586] minisat/shift-add+g-only/comm_20 = T/O
  [590] minisat/dadda+ripple/comm_20 = T/O
  [585] cryptominisat/shift-add+g-only/comm_20 = T/O
  [589] cryptominisat/dadda+ripple/comm_20 = T/O
  [587] mergesat/shift-add+g-only/comm_20 = T/O
  [591] mergesat/dadda+ripple/comm_20 = T/O
  [596] cadical/dadda+g-only/comm_20 = T/O
  [592] cadical/dadda+brent-kung/comm_20 = T/O
  [594] minisat/dadda+brent-kung/comm_20 = T/O
  [598] minisat/dadda+g-only/comm_20 = T/O
  [593] cryptominisat/dadda+brent-kung/comm_20 = T/O
  [597] cryptominisat/dadda+g-only/comm_20 = T/O
  [595] mergesat/dadda+brent-kung/comm_20 = T/O
  [599] mergesat/dadda+g-only/comm_20 = T/O
  [605] cryptominisat/comba+brent-kung/comm_20 = T/O
  [604] cadical/comba+brent-kung/comm_20 = T/O
  [606] minisat/comba+brent-kung/comm_20 = T/O
  [607] mergesat/comba+brent-kung/comm_20 = T/O
  [600] cadical/comba+ripple/comm_20 = T/O
  [602] minisat/comba+ripple/comm_20 = T/O
  [601] cryptominisat/comba+ripple/comm_20 = T/O
  [603] mergesat/comba+ripple/comm_20 = T/O
  [612] cadical/comba-cs+ripple/comm_20 = 35.146772
  [615] mergesat/comba-cs+ripple/comm_20 = 48.416286
  [608] cadical/comba+g-only/comm_20 = T/O
  [610] minisat/comba+g-only/comm_20 = T/O
  [614] minisat/comba-cs+ripple/comm_20 = T/O
  [609] cryptominisat/comba+g-only/comm_20 = T/O
  [613] cryptominisat/comba-cs+ripple/comm_20 = T/O
  [611] mergesat/comba+g-only/comm_20 = T/O
  [616] cadical/comba-cs+brent-kung/comm_20 = 35.003977
  [620] cadical/comba-cs+g-only/comm_20 = 35.120274
  [619] mergesat/comba-cs+brent-kung/comm_20 = 47.744014
  [623] mergesat/comba-cs+g-only/comm_20 = 48.509792
  [618] minisat/comba-cs+brent-kung/comm_20 = T/O
  [622] minisat/comba-cs+g-only/comm_20 = T/O
  [617] cryptominisat/comba-cs+brent-kung/comm_20 = T/O
  [621] cryptominisat/comba-cs+g-only/comm_20 = T/O
  [624] cadical/shift-add+ripple/comm_32 = T/O
  [628] cadical/shift-add+brent-kung/comm_32 = T/O
  [625] cryptominisat/shift-add+ripple/comm_32 = T/O
  [626] minisat/shift-add+ripple/comm_32 = T/O
  [629] cryptominisat/shift-add+brent-kung/comm_32 = T/O
  [630] minisat/shift-add+brent-kung/comm_32 = T/O
  [627] mergesat/shift-add+ripple/comm_32 = T/O
  [631] mergesat/shift-add+brent-kung/comm_32 = T/O
  [632] cadical/shift-add+g-only/comm_32 = T/O
  [636] cadical/dadda+ripple/comm_32 = T/O
  [633] cryptominisat/shift-add+g-only/comm_32 = T/O
  [634] minisat/shift-add+g-only/comm_32 = T/O
  [638] minisat/dadda+ripple/comm_32 = T/O
  [637] cryptominisat/dadda+ripple/comm_32 = T/O
  [635] mergesat/shift-add+g-only/comm_32 = T/O
  [639] mergesat/dadda+ripple/comm_32 = T/O
  [640] cadical/dadda+brent-kung/comm_32 = T/O
  [644] cadical/dadda+g-only/comm_32 = T/O
  [641] cryptominisat/dadda+brent-kung/comm_32 = T/O
  [646] minisat/dadda+g-only/comm_32 = T/O
  [642] minisat/dadda+brent-kung/comm_32 = T/O
  [645] cryptominisat/dadda+g-only/comm_32 = T/O
  [647] mergesat/dadda+g-only/comm_32 = T/O
  [643] mergesat/dadda+brent-kung/comm_32 = T/O
  [655] mergesat/comba+brent-kung/comm_32 = T/O
  [653] cryptominisat/comba+brent-kung/comm_32 = T/O
  [652] cadical/comba+brent-kung/comm_32 = T/O
  [654] minisat/comba+brent-kung/comm_32 = T/O
  [648] cadical/comba+ripple/comm_32 = T/O
  [650] minisat/comba+ripple/comm_32 = T/O
  [649] cryptominisat/comba+ripple/comm_32 = T/O
  [651] mergesat/comba+ripple/comm_32 = T/O
  [656] cadical/comba+g-only/comm_32 = T/O
  [660] cadical/comba-cs+ripple/comm_32 = T/O
  [661] cryptominisat/comba-cs+ripple/comm_32 = T/O
  [662] minisat/comba-cs+ripple/comm_32 = T/O
  [658] minisat/comba+g-only/comm_32 = T/O
  [657] cryptominisat/comba+g-only/comm_32 = T/O
  [663] mergesat/comba-cs+ripple/comm_32 = T/O
  [659] mergesat/comba+g-only/comm_32 = T/O
  [664] cadical/comba-cs+brent-kung/comm_32 = T/O
  [668] cadical/comba-cs+g-only/comm_32 = T/O
  [665] cryptominisat/comba-cs+brent-kung/comm_32 = T/O
  [666] minisat/comba-cs+brent-kung/comm_32 = T/O
  [669] cryptominisat/comba-cs+g-only/comm_32 = T/O
  [670] minisat/comba-cs+g-only/comm_32 = T/O
  [667] mergesat/comba-cs+brent-kung/comm_32 = T/O
  [671] mergesat/comba-cs+g-only/comm_32 = T/O
  [676] cadical/shift-add+brent-kung/comm_8 = .690909
  [672] cadical/shift-add+ripple/comm_8 = .691520
  [677] cryptominisat/shift-add+brent-kung/comm_8 = 1.649221
  [673] cryptominisat/shift-add+ripple/comm_8 = 1.659782
  [674] minisat/shift-add+ripple/comm_8 = 2.070502
  [678] minisat/shift-add+brent-kung/comm_8 = 2.071301
  [675] mergesat/shift-add+ripple/comm_8 = 2.654242
  [679] mergesat/shift-add+brent-kung/comm_8 = 2.660537
  [684] cadical/dadda+ripple/comm_8 = .161129
  [686] minisat/dadda+ripple/comm_8 = .399485
  [680] cadical/shift-add+g-only/comm_8 = .691622
  [687] mergesat/dadda+ripple/comm_8 = 1.014078
  [685] cryptominisat/dadda+ripple/comm_8 = 1.048810
  [681] cryptominisat/shift-add+g-only/comm_8 = 1.650696
  [682] minisat/shift-add+g-only/comm_8 = 2.070534
  [683] mergesat/shift-add+g-only/comm_8 = 2.659829
  [692] cadical/dadda+g-only/comm_8 = .161115
  [688] cadical/dadda+brent-kung/comm_8 = .194308
  [694] minisat/dadda+g-only/comm_8 = .399661
  [690] minisat/dadda+brent-kung/comm_8 = .436838
  [691] mergesat/dadda+brent-kung/comm_8 = .696976
  [695] mergesat/dadda+g-only/comm_8 = 1.013595
  [693] cryptominisat/dadda+g-only/comm_8 = 1.052206
  [689] cryptominisat/dadda+brent-kung/comm_8 = 1.179007
  [696] cadical/comba+ripple/comm_8 = .092834
  [698] minisat/comba+ripple/comm_8 = .209904
  [699] mergesat/comba+ripple/comm_8 = .238977
  [697] cryptominisat/comba+ripple/comm_8 = .533998
  [702] minisat/comba+brent-kung/comm_8 = T/O
  [701] cryptominisat/comba+brent-kung/comm_8 = T/O
  [700] cadical/comba+brent-kung/comm_8 = T/O
  [703] mergesat/comba+brent-kung/comm_8 = T/O
  [708] cadical/comba-cs+ripple/comm_8 = .088384
  [704] cadical/comba+g-only/comm_8 = .092168
  [706] minisat/comba+g-only/comm_8 = .210169
  [707] mergesat/comba+g-only/comm_8 = .238959
  [711] mergesat/comba-cs+ripple/comm_8 = .402031
  [710] minisat/comba-cs+ripple/comm_8 = .452886
  [705] cryptominisat/comba+g-only/comm_8 = .534826
  [709] cryptominisat/comba-cs+ripple/comm_8 = 1.387868
  [712] cadical/comba-cs+brent-kung/comm_8 = .088773
  [716] cadical/comba-cs+g-only/comm_8 = .088166
  [715] mergesat/comba-cs+brent-kung/comm_8 = .399953
  [719] mergesat/comba-cs+g-only/comm_8 = .399684
  [718] minisat/comba-cs+g-only/comm_8 = .452277
  [714] minisat/comba-cs+brent-kung/comm_8 = .453046
  [717] cryptominisat/comba-cs+g-only/comm_8 = 1.399921
  [713] cryptominisat/comba-cs+brent-kung/comm_8 = 1.404717
  [720] cadical/shift-add+ripple/crypto_square_mod = .018426
  [724] cadical/shift-add+brent-kung/crypto_square_mod = .021061
  [722] minisat/shift-add+ripple/crypto_square_mod = .035450
  [725] cryptominisat/shift-add+brent-kung/crypto_square_mod = .037586
  [726] minisat/shift-add+brent-kung/crypto_square_mod = .039464
  [723] mergesat/shift-add+ripple/crypto_square_mod = .059011
  [727] mergesat/shift-add+brent-kung/crypto_square_mod = .166153
  [721] cryptominisat/shift-add+ripple/crypto_square_mod = .190208
  [728] cadical/shift-add+g-only/crypto_square_mod = .018471
  [732] cadical/dadda+ripple/crypto_square_mod = .018284
  [733] cryptominisat/dadda+ripple/crypto_square_mod = .033636
  [730] minisat/shift-add+g-only/crypto_square_mod = .035306
  [734] minisat/dadda+ripple/crypto_square_mod = .035607
  [731] mergesat/shift-add+g-only/crypto_square_mod = .059404
  [735] mergesat/dadda+ripple/crypto_square_mod = .102864
  [729] cryptominisat/shift-add+g-only/crypto_square_mod = .189123
  [740] cadical/dadda+g-only/crypto_square_mod = .018411
  [736] cadical/dadda+brent-kung/crypto_square_mod = .021515
  [741] cryptominisat/dadda+g-only/crypto_square_mod = .033127
  [742] minisat/dadda+g-only/crypto_square_mod = .035846
  [738] minisat/dadda+brent-kung/crypto_square_mod = .040966
  [739] mergesat/dadda+brent-kung/crypto_square_mod = .067602
  [743] mergesat/dadda+g-only/crypto_square_mod = .102901
  [737] cryptominisat/dadda+brent-kung/crypto_square_mod = .211417
  [744] cadical/comba+ripple/crypto_square_mod = .020949
  [746] minisat/comba+ripple/crypto_square_mod = .039649
  [745] cryptominisat/comba+ripple/crypto_square_mod = .065769
  [747] mergesat/comba+ripple/crypto_square_mod = .068725
  [749] cryptominisat/comba+brent-kung/crypto_square_mod = T/O
  [750] minisat/comba+brent-kung/crypto_square_mod = T/O
  [748] cadical/comba+brent-kung/crypto_square_mod = T/O
  [751] mergesat/comba+brent-kung/crypto_square_mod = T/O
  [752] cadical/comba+g-only/crypto_square_mod = .021546
  [756] cadical/comba-cs+ripple/crypto_square_mod = .021114
  [754] minisat/comba+g-only/crypto_square_mod = .040269
  [758] minisat/comba-cs+ripple/crypto_square_mod = .039392
  [759] mergesat/comba-cs+ripple/crypto_square_mod = .062104
  [753] cryptominisat/comba+g-only/crypto_square_mod = .065636
  [755] mergesat/comba+g-only/crypto_square_mod = .068173
  [757] cryptominisat/comba-cs+ripple/crypto_square_mod = .113315
  [764] cadical/comba-cs+g-only/crypto_square_mod = .020542
  [760] cadical/comba-cs+brent-kung/crypto_square_mod = .024772
  [766] minisat/comba-cs+g-only/crypto_square_mod = .039096
  [762] minisat/comba-cs+brent-kung/crypto_square_mod = .042716
  [767] mergesat/comba-cs+g-only/crypto_square_mod = .062245
  [763] mergesat/comba-cs+brent-kung/crypto_square_mod = .062689
  [765] cryptominisat/comba-cs+g-only/crypto_square_mod = .112361
  [761] cryptominisat/comba-cs+brent-kung/crypto_square_mod = .117237
  [768] cadical/shift-add+ripple/distrib_16 = T/O
  [772] cadical/shift-add+brent-kung/distrib_16 = T/O
  [770] minisat/shift-add+ripple/distrib_16 = T/O
  [774] minisat/shift-add+brent-kung/distrib_16 = T/O
  [773] cryptominisat/shift-add+brent-kung/distrib_16 = T/O
  [769] cryptominisat/shift-add+ripple/distrib_16 = T/O
  [771] mergesat/shift-add+ripple/distrib_16 = T/O
  [775] mergesat/shift-add+brent-kung/distrib_16 = T/O
  [780] cadical/dadda+ripple/distrib_16 = T/O
  [776] cadical/shift-add+g-only/distrib_16 = T/O
  [778] minisat/shift-add+g-only/distrib_16 = T/O
  [782] minisat/dadda+ripple/distrib_16 = T/O
  [777] cryptominisat/shift-add+g-only/distrib_16 = T/O
  [781] cryptominisat/dadda+ripple/distrib_16 = T/O
  [783] mergesat/dadda+ripple/distrib_16 = T/O
  [779] mergesat/shift-add+g-only/distrib_16 = T/O
  [788] cadical/dadda+g-only/distrib_16 = T/O
  [784] cadical/dadda+brent-kung/distrib_16 = T/O
  [786] minisat/dadda+brent-kung/distrib_16 = T/O
  [790] minisat/dadda+g-only/distrib_16 = T/O
  [785] cryptominisat/dadda+brent-kung/distrib_16 = T/O
  [789] cryptominisat/dadda+g-only/distrib_16 = T/O
  [787] mergesat/dadda+brent-kung/distrib_16 = T/O
  [791] mergesat/dadda+g-only/distrib_16 = T/O
  [799] mergesat/comba+brent-kung/distrib_16 = T/O
  [796] cadical/comba+brent-kung/distrib_16 = T/O
  [797] cryptominisat/comba+brent-kung/distrib_16 = T/O
  [798] minisat/comba+brent-kung/distrib_16 = T/O
  [792] cadical/comba+ripple/distrib_16 = T/O
  [794] minisat/comba+ripple/distrib_16 = T/O
  [793] cryptominisat/comba+ripple/distrib_16 = T/O
  [795] mergesat/comba+ripple/distrib_16 = T/O
  [800] cadical/comba+g-only/distrib_16 = T/O
  [804] cadical/comba-cs+ripple/distrib_16 = T/O
  [806] minisat/comba-cs+ripple/distrib_16 = T/O
  [802] minisat/comba+g-only/distrib_16 = T/O
  [801] cryptominisat/comba+g-only/distrib_16 = T/O
  [805] cryptominisat/comba-cs+ripple/distrib_16 = T/O
  [803] mergesat/comba+g-only/distrib_16 = T/O
  [807] mergesat/comba-cs+ripple/distrib_16 = T/O
  [808] cadical/comba-cs+brent-kung/distrib_16 = T/O
  [812] cadical/comba-cs+g-only/distrib_16 = T/O
  [814] minisat/comba-cs+g-only/distrib_16 = T/O
  [810] minisat/comba-cs+brent-kung/distrib_16 = T/O
  [809] cryptominisat/comba-cs+brent-kung/distrib_16 = T/O
  [813] cryptominisat/comba-cs+g-only/distrib_16 = T/O
  [811] mergesat/comba-cs+brent-kung/distrib_16 = T/O
  [815] mergesat/comba-cs+g-only/distrib_16 = T/O
  [816] cadical/shift-add+ripple/distrib_8 = 72.962117
  [818] minisat/shift-add+ripple/distrib_8 = T/O
  [822] minisat/shift-add+brent-kung/distrib_8 = T/O
  [820] cadical/shift-add+brent-kung/distrib_8 = T/O
  [817] cryptominisat/shift-add+ripple/distrib_8 = T/O
  [821] cryptominisat/shift-add+brent-kung/distrib_8 = T/O
  [819] mergesat/shift-add+ripple/distrib_8 = T/O
  [823] mergesat/shift-add+brent-kung/distrib_8 = T/O
  [824] cadical/shift-add+g-only/distrib_8 = 72.735291
  [826] minisat/shift-add+g-only/distrib_8 = T/O
  [830] minisat/dadda+ripple/distrib_8 = T/O
  [828] cadical/dadda+ripple/distrib_8 = T/O
  [825] cryptominisat/shift-add+g-only/distrib_8 = T/O
  [829] cryptominisat/dadda+ripple/distrib_8 = T/O
  [827] mergesat/shift-add+g-only/distrib_8 = T/O
  [831] mergesat/dadda+ripple/distrib_8 = T/O
  [834] minisat/dadda+brent-kung/distrib_8 = T/O
  [832] cadical/dadda+brent-kung/distrib_8 = T/O
  [838] minisat/dadda+g-only/distrib_8 = T/O
  [836] cadical/dadda+g-only/distrib_8 = T/O
  [833] cryptominisat/dadda+brent-kung/distrib_8 = T/O
  [837] cryptominisat/dadda+g-only/distrib_8 = T/O
  [835] mergesat/dadda+brent-kung/distrib_8 = T/O
  [839] mergesat/dadda+g-only/distrib_8 = T/O
  [844] cadical/comba+brent-kung/distrib_8 = T/O
  [845] cryptominisat/comba+brent-kung/distrib_8 = T/O
  [846] minisat/comba+brent-kung/distrib_8 = T/O
  [847] mergesat/comba+brent-kung/distrib_8 = T/O
  [842] minisat/comba+ripple/distrib_8 = T/O
  [840] cadical/comba+ripple/distrib_8 = T/O
  [841] cryptominisat/comba+ripple/distrib_8 = T/O
  [843] mergesat/comba+ripple/distrib_8 = T/O
  [852] cadical/comba-cs+ripple/distrib_8 = 72.823655
  [850] minisat/comba+g-only/distrib_8 = T/O
  [854] minisat/comba-cs+ripple/distrib_8 = T/O
  [848] cadical/comba+g-only/distrib_8 = T/O
  [849] cryptominisat/comba+g-only/distrib_8 = T/O
  [853] cryptominisat/comba-cs+ripple/distrib_8 = T/O
  [851] mergesat/comba+g-only/distrib_8 = T/O
  [855] mergesat/comba-cs+ripple/distrib_8 = T/O
  [860] cadical/comba-cs+g-only/distrib_8 = 72.869807
  [856] cadical/comba-cs+brent-kung/distrib_8 = T/O
  [862] minisat/comba-cs+g-only/distrib_8 = T/O
  [858] minisat/comba-cs+brent-kung/distrib_8 = T/O
  [857] cryptominisat/comba-cs+brent-kung/distrib_8 = T/O
  [861] cryptominisat/comba-cs+g-only/distrib_8 = T/O
  [859] mergesat/comba-cs+brent-kung/distrib_8 = T/O
  [863] mergesat/comba-cs+g-only/distrib_8 = T/O
  [864] cadical/shift-add+ripple/div_mul_roundtrip_12 = 3.944878
  [868] cadical/shift-add+brent-kung/div_mul_roundtrip_12 = 6.034049
  [865] cryptominisat/shift-add+ripple/div_mul_roundtrip_12 = 9.588957
  [867] mergesat/shift-add+ripple/div_mul_roundtrip_12 = 10.332144
  [866] minisat/shift-add+ripple/div_mul_roundtrip_12 = 11.847074
  [869] cryptominisat/shift-add+brent-kung/div_mul_roundtrip_12 = 13.900000
  [871] mergesat/shift-add+brent-kung/div_mul_roundtrip_12 = 15.122285
  [870] minisat/shift-add+brent-kung/div_mul_roundtrip_12 = 18.020108
  [872] cadical/shift-add+g-only/div_mul_roundtrip_12 = 3.938777
  [876] cadical/dadda+ripple/div_mul_roundtrip_12 = 4.176038
  [873] cryptominisat/shift-add+g-only/div_mul_roundtrip_12 = 9.591591
  [877] cryptominisat/dadda+ripple/div_mul_roundtrip_12 = 10.092448
  [875] mergesat/shift-add+g-only/div_mul_roundtrip_12 = 10.311670
  [874] minisat/shift-add+g-only/div_mul_roundtrip_12 = 11.834572
  [879] mergesat/dadda+ripple/div_mul_roundtrip_12 = 12.039914
  [878] minisat/dadda+ripple/div_mul_roundtrip_12 = 13.295220
  [884] cadical/dadda+g-only/div_mul_roundtrip_12 = 4.167446
  [880] cadical/dadda+brent-kung/div_mul_roundtrip_12 = 5.690947
  [885] cryptominisat/dadda+g-only/div_mul_roundtrip_12 = 10.139572
  [887] mergesat/dadda+g-only/div_mul_roundtrip_12 = 12.101656
  [886] minisat/dadda+g-only/div_mul_roundtrip_12 = 13.308771
  [881] cryptominisat/dadda+brent-kung/div_mul_roundtrip_12 = 14.104129
  [883] mergesat/dadda+brent-kung/div_mul_roundtrip_12 = 15.674837
  [882] minisat/dadda+brent-kung/div_mul_roundtrip_12 = 20.611674
  [893] cryptominisat/comba+brent-kung/div_mul_roundtrip_12 = T/O
  [892] cadical/comba+brent-kung/div_mul_roundtrip_12 = T/O
  [894] minisat/comba+brent-kung/div_mul_roundtrip_12 = T/O
  [888] cadical/comba+ripple/div_mul_roundtrip_12 = 3.798291
  [895] mergesat/comba+brent-kung/div_mul_roundtrip_12 = T/O
  [889] cryptominisat/comba+ripple/div_mul_roundtrip_12 = 9.971355
  [891] mergesat/comba+ripple/div_mul_roundtrip_12 = 11.957368
  [890] minisat/comba+ripple/div_mul_roundtrip_12 = 12.743236
  [896] cadical/comba+g-only/div_mul_roundtrip_12 = 3.810539
  [900] cadical/comba-cs+ripple/div_mul_roundtrip_12 = 3.967602
  [901] cryptominisat/comba-cs+ripple/div_mul_roundtrip_12 = 9.781738
  [897] cryptominisat/comba+g-only/div_mul_roundtrip_12 = 10.090543
  [902] minisat/comba-cs+ripple/div_mul_roundtrip_12 = 10.786783
  [903] mergesat/comba-cs+ripple/div_mul_roundtrip_12 = 11.339692
  [899] mergesat/comba+g-only/div_mul_roundtrip_12 = 12.047218
  [898] minisat/comba+g-only/div_mul_roundtrip_12 = 12.768898
  [908] cadical/comba-cs+g-only/div_mul_roundtrip_12 = 3.969229
  [904] cadical/comba-cs+brent-kung/div_mul_roundtrip_12 = 6.045847
  [909] cryptominisat/comba-cs+g-only/div_mul_roundtrip_12 = 9.750280
  [910] minisat/comba-cs+g-only/div_mul_roundtrip_12 = 10.780920
  [911] mergesat/comba-cs+g-only/div_mul_roundtrip_12 = 11.370795
  [905] cryptominisat/comba-cs+brent-kung/div_mul_roundtrip_12 = 13.752365
  [907] mergesat/comba-cs+brent-kung/div_mul_roundtrip_12 = 16.347499
  [906] minisat/comba-cs+brent-kung/div_mul_roundtrip_12 = 18.477422
  [916] cadical/shift-add+brent-kung/equiv_unsat_8add_16 = .012329
  [912] cadical/shift-add+ripple/equiv_unsat_8add_16 = .047610
  [914] minisat/shift-add+ripple/equiv_unsat_8add_16 = .059587
  [915] mergesat/shift-add+ripple/equiv_unsat_8add_16 = .080518
  [918] minisat/shift-add+brent-kung/equiv_unsat_8add_16 = .102013
  [919] mergesat/shift-add+brent-kung/equiv_unsat_8add_16 = .142392
  [913] cryptominisat/shift-add+ripple/equiv_unsat_8add_16 = .189967
  [917] cryptominisat/shift-add+brent-kung/equiv_unsat_8add_16 = .487838
  [920] cadical/shift-add+g-only/equiv_unsat_8add_16 = .047358
  [924] cadical/dadda+ripple/equiv_unsat_8add_16 = .047539
  [922] minisat/shift-add+g-only/equiv_unsat_8add_16 = .059719
  [926] minisat/dadda+ripple/equiv_unsat_8add_16 = .059861
  [923] mergesat/shift-add+g-only/equiv_unsat_8add_16 = .080531
  [927] mergesat/dadda+ripple/equiv_unsat_8add_16 = .080923
  [921] cryptominisat/shift-add+g-only/equiv_unsat_8add_16 = .188971
  [925] cryptominisat/dadda+ripple/equiv_unsat_8add_16 = .188633
  [928] cadical/dadda+brent-kung/equiv_unsat_8add_16 = .012134
  [932] cadical/dadda+g-only/equiv_unsat_8add_16 = .047385
  [934] minisat/dadda+g-only/equiv_unsat_8add_16 = .059664
  [935] mergesat/dadda+g-only/equiv_unsat_8add_16 = .080645
  [930] minisat/dadda+brent-kung/equiv_unsat_8add_16 = .102046
  [931] mergesat/dadda+brent-kung/equiv_unsat_8add_16 = .142768
  [933] cryptominisat/dadda+g-only/equiv_unsat_8add_16 = .189592
  [929] cryptominisat/dadda+brent-kung/equiv_unsat_8add_16 = .485449
  [940] cadical/comba+brent-kung/equiv_unsat_8add_16 = .012378
  [936] cadical/comba+ripple/equiv_unsat_8add_16 = .047443
  [938] minisat/comba+ripple/equiv_unsat_8add_16 = .059866
  [939] mergesat/comba+ripple/equiv_unsat_8add_16 = .080430
  [942] minisat/comba+brent-kung/equiv_unsat_8add_16 = .101941
  [943] mergesat/comba+brent-kung/equiv_unsat_8add_16 = .142731
  [937] cryptominisat/comba+ripple/equiv_unsat_8add_16 = .189542
  [941] cryptominisat/comba+brent-kung/equiv_unsat_8add_16 = .487166
  [944] cadical/comba+g-only/equiv_unsat_8add_16 = .047346
  [948] cadical/comba-cs+ripple/equiv_unsat_8add_16 = .047462
  [946] minisat/comba+g-only/equiv_unsat_8add_16 = .059866
  [950] minisat/comba-cs+ripple/equiv_unsat_8add_16 = .059852
  [947] mergesat/comba+g-only/equiv_unsat_8add_16 = .080572
  [951] mergesat/comba-cs+ripple/equiv_unsat_8add_16 = .080608
  [945] cryptominisat/comba+g-only/equiv_unsat_8add_16 = .188894
  [949] cryptominisat/comba-cs+ripple/equiv_unsat_8add_16 = .188840
  [952] cadical/comba-cs+brent-kung/equiv_unsat_8add_16 = .012540
  [956] cadical/comba-cs+g-only/equiv_unsat_8add_16 = .047354
  [958] minisat/comba-cs+g-only/equiv_unsat_8add_16 = .059720
  [959] mergesat/comba-cs+g-only/equiv_unsat_8add_16 = .080698
  [954] minisat/comba-cs+brent-kung/equiv_unsat_8add_16 = .102135
  [955] mergesat/comba-cs+brent-kung/equiv_unsat_8add_16 = .142665
  [957] cryptominisat/comba-cs+g-only/equiv_unsat_8add_16 = .188803
  [953] cryptominisat/comba-cs+brent-kung/equiv_unsat_8add_16 = .487708
  [960] cadical/shift-add+ripple/factor_12 = .006161
  [964] cadical/shift-add+brent-kung/factor_12 = .006068
  [961] cryptominisat/shift-add+ripple/factor_12 = .006619
  [965] cryptominisat/shift-add+brent-kung/factor_12 = .006549
  [962] minisat/shift-add+ripple/factor_12 = .007063
  [966] minisat/shift-add+brent-kung/factor_12 = .007054
  [963] mergesat/shift-add+ripple/factor_12 = .011539
  [967] mergesat/shift-add+brent-kung/factor_12 = .011517
  [968] cadical/shift-add+g-only/factor_12 = .006408
  [972] cadical/dadda+ripple/factor_12 = .006105
  [969] cryptominisat/shift-add+g-only/factor_12 = .006595
  [970] minisat/shift-add+g-only/factor_12 = .007038
  [973] cryptominisat/dadda+ripple/factor_12 = .006746
  [974] minisat/dadda+ripple/factor_12 = .007013
  [975] mergesat/dadda+ripple/factor_12 = .009611
  [971] mergesat/shift-add+g-only/factor_12 = .011498
  [976] cadical/dadda+brent-kung/factor_12 = .006339
  [980] cadical/dadda+g-only/factor_12 = .006116
  [977] cryptominisat/dadda+brent-kung/factor_12 = .006964
  [978] minisat/dadda+brent-kung/factor_12 = .007345
  [981] cryptominisat/dadda+g-only/factor_12 = .006799
  [982] minisat/dadda+g-only/factor_12 = .007117
  [979] mergesat/dadda+brent-kung/factor_12 = .009755
  [983] mergesat/dadda+g-only/factor_12 = .009794
  [984] cadical/comba+ripple/factor_12 = .006821
  [986] minisat/comba+ripple/factor_12 = .008064
  [985] cryptominisat/comba+ripple/factor_12 = .008467
  [987] mergesat/comba+ripple/factor_12 = .008847
  [991] mergesat/comba+brent-kung/factor_12 = T/O
  [989] cryptominisat/comba+brent-kung/factor_12 = T/O
  [988] cadical/comba+brent-kung/factor_12 = T/O
  [990] minisat/comba+brent-kung/factor_12 = T/O
  [992] cadical/comba+g-only/factor_12 = .007559
  [996] cadical/comba-cs+ripple/factor_12 = .007075
  [994] minisat/comba+g-only/factor_12 = .008838
  [998] minisat/comba-cs+ripple/factor_12 = .008494
  [993] cryptominisat/comba+g-only/factor_12 = .009044
  [997] cryptominisat/comba-cs+ripple/factor_12 = .008537
  [995] mergesat/comba+g-only/factor_12 = .009432
  [999] mergesat/comba-cs+ripple/factor_12 = .009817
  [1000] cadical/comba-cs+brent-kung/factor_12 = .006774
  [1004] cadical/comba-cs+g-only/factor_12 = .006731
  [1001] cryptominisat/comba-cs+brent-kung/factor_12 = .008159
  [1002] minisat/comba-cs+brent-kung/factor_12 = .008063
  [1005] cryptominisat/comba-cs+g-only/factor_12 = .007923
  [1006] minisat/comba-cs+g-only/factor_12 = .007810
  [1003] mergesat/comba-cs+brent-kung/factor_12 = .009323
  [1007] mergesat/comba-cs+g-only/factor_12 = .009586
  [1008] cadical/shift-add+ripple/factor_16 = .006713
  [1012] cadical/shift-add+brent-kung/factor_16 = .006776
  [1009] cryptominisat/shift-add+ripple/factor_16 = .007628
  [1013] cryptominisat/shift-add+brent-kung/factor_16 = .007585
  [1010] minisat/shift-add+ripple/factor_16 = .008887
  [1014] minisat/shift-add+brent-kung/factor_16 = .008978
  [1011] mergesat/shift-add+ripple/factor_16 = .016963
  [1015] mergesat/shift-add+brent-kung/factor_16 = .016969
  [1016] cadical/shift-add+g-only/factor_16 = .006800
  [1020] cadical/dadda+ripple/factor_16 = .006694
  [1017] cryptominisat/shift-add+g-only/factor_16 = .007661
  [1022] minisat/dadda+ripple/factor_16 = .008273
  [1018] minisat/shift-add+g-only/factor_16 = .008847
  [1021] cryptominisat/dadda+ripple/factor_16 = .009328
  [1023] mergesat/dadda+ripple/factor_16 = .010371
  [1019] mergesat/shift-add+g-only/factor_16 = .016918
  [1024] cadical/dadda+brent-kung/factor_16 = .006823
  [1028] cadical/dadda+g-only/factor_16 = .006577
  [1026] minisat/dadda+brent-kung/factor_16 = .008608
  [1030] minisat/dadda+g-only/factor_16 = .008427
  [1025] cryptominisat/dadda+brent-kung/factor_16 = .009351
  [1029] cryptominisat/dadda+g-only/factor_16 = .009236
  [1027] mergesat/dadda+brent-kung/factor_16 = .010097
  [1031] mergesat/dadda+g-only/factor_16 = .010153
  [1032] cadical/comba+ripple/factor_16 = .007975
  [1034] minisat/comba+ripple/factor_16 = .010618
  [1035] mergesat/comba+ripple/factor_16 = .011169
  [1033] cryptominisat/comba+ripple/factor_16 = .012054
  [1036] cadical/comba+brent-kung/factor_16 = T/O
  [1039] mergesat/comba+brent-kung/factor_16 = T/O
  [1037] cryptominisat/comba+brent-kung/factor_16 = T/O
  [1038] minisat/comba+brent-kung/factor_16 = T/O
  [1040] cadical/comba+g-only/factor_16 = .008321
  [1044] cadical/comba-cs+ripple/factor_16 = .007977
  [1046] minisat/comba-cs+ripple/factor_16 = .010329
  [1042] minisat/comba+g-only/factor_16 = .011002
  [1045] cryptominisat/comba-cs+ripple/factor_16 = .011054
  [1043] mergesat/comba+g-only/factor_16 = .011476
  [1041] cryptominisat/comba+g-only/factor_16 = .012734
  [1047] mergesat/comba-cs+ripple/factor_16 = .013344
  [1048] cadical/comba-cs+brent-kung/factor_16 = .007747
  [1052] cadical/comba-cs+g-only/factor_16 = .007558
  [1050] minisat/comba-cs+brent-kung/factor_16 = .009640
  [1054] minisat/comba-cs+g-only/factor_16 = .009628
  [1049] cryptominisat/comba-cs+brent-kung/factor_16 = .010822
  [1053] cryptominisat/comba-cs+g-only/factor_16 = .010698
  [1051] mergesat/comba-cs+brent-kung/factor_16 = .012885
  [1055] mergesat/comba-cs+g-only/factor_16 = .012708
  [1056] cadical/shift-add+ripple/factor_20 = .007406
  [1060] cadical/shift-add+brent-kung/factor_20 = .007296
  [1057] cryptominisat/shift-add+ripple/factor_20 = .008362
  [1061] cryptominisat/shift-add+brent-kung/factor_20 = .008309
  [1058] minisat/shift-add+ripple/factor_20 = .009204
  [1062] minisat/shift-add+brent-kung/factor_20 = .009237
  [1059] mergesat/shift-add+ripple/factor_20 = .010144
  [1063] mergesat/shift-add+brent-kung/factor_20 = .010547
  [1064] cadical/shift-add+g-only/factor_20 = .007317
  [1068] cadical/dadda+ripple/factor_20 = .007315
  [1065] cryptominisat/shift-add+g-only/factor_20 = .008303
  [1066] minisat/shift-add+g-only/factor_20 = .009227
  [1069] cryptominisat/dadda+ripple/factor_20 = .009704
  [1067] mergesat/shift-add+g-only/factor_20 = .010348
  [1070] minisat/dadda+ripple/factor_20 = .010169
  [1071] mergesat/dadda+ripple/factor_20 = .010604
  [1072] cadical/dadda+brent-kung/factor_20 = .007507
  [1076] cadical/dadda+g-only/factor_20 = .007325
  [1077] cryptominisat/dadda+g-only/factor_20 = .009782
  [1073] cryptominisat/dadda+brent-kung/factor_20 = .010469
  [1078] minisat/dadda+g-only/factor_20 = .010345
  [1074] minisat/dadda+brent-kung/factor_20 = .010480
  [1079] mergesat/dadda+g-only/factor_20 = .010794
  [1075] mergesat/dadda+brent-kung/factor_20 = .011535
  [1080] cadical/comba+ripple/factor_20 = .008967
  [1082] minisat/comba+ripple/factor_20 = .012444
  [1083] mergesat/comba+ripple/factor_20 = .014550
  [1081] cryptominisat/comba+ripple/factor_20 = .015851
  [1086] minisat/comba+brent-kung/factor_20 = T/O
  [1084] cadical/comba+brent-kung/factor_20 = T/O
  [1085] cryptominisat/comba+brent-kung/factor_20 = T/O
  [1087] mergesat/comba+brent-kung/factor_20 = T/O
  [1088] cadical/comba+g-only/factor_20 = .009769
  [1092] cadical/comba-cs+ripple/factor_20 = .009266
  [1090] minisat/comba+g-only/factor_20 = .012806
  [1093] cryptominisat/comba-cs+ripple/factor_20 = .013241
  [1094] minisat/comba-cs+ripple/factor_20 = .013515
  [1091] mergesat/comba+g-only/factor_20 = .015151
  [1095] mergesat/comba-cs+ripple/factor_20 = .014784
  [1089] cryptominisat/comba+g-only/factor_20 = .016499
  [1096] cadical/comba-cs+brent-kung/factor_20 = .008792
  [1100] cadical/comba-cs+g-only/factor_20 = .008587
  [1097] cryptominisat/comba-cs+brent-kung/factor_20 = .012791
  [1098] minisat/comba-cs+brent-kung/factor_20 = .013021
  [1101] cryptominisat/comba-cs+g-only/factor_20 = .012751
  [1102] minisat/comba-cs+g-only/factor_20 = .013090
  [1099] mergesat/comba-cs+brent-kung/factor_20 = .014581
  [1103] mergesat/comba-cs+g-only/factor_20 = .014414
  [1105] cryptominisat/shift-add+ripple/fixedpoint_mul_16 = .011926
  [1109] cryptominisat/shift-add+brent-kung/fixedpoint_mul_16 = .011833
  [1106] minisat/shift-add+ripple/fixedpoint_mul_16 = .012577
  [1110] minisat/shift-add+brent-kung/fixedpoint_mul_16 = .012507
  [1107] mergesat/shift-add+ripple/fixedpoint_mul_16 = .014202
  [1111] mergesat/shift-add+brent-kung/fixedpoint_mul_16 = .014272
  [1104] cadical/shift-add+ripple/fixedpoint_mul_16 = .024697
  [1108] cadical/shift-add+brent-kung/fixedpoint_mul_16 = .024643
  [1113] cryptominisat/shift-add+g-only/fixedpoint_mul_16 = .011888
  [1114] minisat/shift-add+g-only/fixedpoint_mul_16 = .012465
  [1117] cryptominisat/dadda+ripple/fixedpoint_mul_16 = .012465
  [1118] minisat/dadda+ripple/fixedpoint_mul_16 = .012890
  [1115] mergesat/shift-add+g-only/fixedpoint_mul_16 = .014232
  [1119] mergesat/dadda+ripple/fixedpoint_mul_16 = .014918
  [1112] cadical/shift-add+g-only/fixedpoint_mul_16 = .024581
  [1116] cadical/dadda+ripple/fixedpoint_mul_16 = .029560
  [1125] cryptominisat/dadda+g-only/fixedpoint_mul_16 = .012514
  [1126] minisat/dadda+g-only/fixedpoint_mul_16 = .012660
  [1122] minisat/dadda+brent-kung/fixedpoint_mul_16 = .013305
  [1127] mergesat/dadda+g-only/fixedpoint_mul_16 = .014870
  [1123] mergesat/dadda+brent-kung/fixedpoint_mul_16 = .017483
  [1121] cryptominisat/dadda+brent-kung/fixedpoint_mul_16 = .020194
  [1124] cadical/dadda+g-only/fixedpoint_mul_16 = .028918
  [1120] cadical/dadda+brent-kung/fixedpoint_mul_16 = .030149
  [1130] minisat/comba+ripple/fixedpoint_mul_16 = .017828
  [1129] cryptominisat/comba+ripple/fixedpoint_mul_16 = .019511
  [1131] mergesat/comba+ripple/fixedpoint_mul_16 = .024732
  [1128] cadical/comba+ripple/fixedpoint_mul_16 = .049652
  [1132] cadical/comba+brent-kung/fixedpoint_mul_16 = T/O
  [1133] cryptominisat/comba+brent-kung/fixedpoint_mul_16 = T/O
  [1135] mergesat/comba+brent-kung/fixedpoint_mul_16 = T/O
  [1134] minisat/comba+brent-kung/fixedpoint_mul_16 = T/O
  [1141] cryptominisat/comba-cs+ripple/fixedpoint_mul_16 = .012537
  [1142] minisat/comba-cs+ripple/fixedpoint_mul_16 = .013023
  [1143] mergesat/comba-cs+ripple/fixedpoint_mul_16 = .014550
  [1138] minisat/comba+g-only/fixedpoint_mul_16 = .018364
  [1137] cryptominisat/comba+g-only/fixedpoint_mul_16 = .020109
  [1139] mergesat/comba+g-only/fixedpoint_mul_16 = .024768
  [1140] cadical/comba-cs+ripple/fixedpoint_mul_16 = .024771
  [1136] cadical/comba+g-only/fixedpoint_mul_16 = .049402
  [1145] cryptominisat/comba-cs+brent-kung/fixedpoint_mul_16 = .011828
  [1149] cryptominisat/comba-cs+g-only/fixedpoint_mul_16 = .011711
  [1146] minisat/comba-cs+brent-kung/fixedpoint_mul_16 = .012357
  [1150] minisat/comba-cs+g-only/fixedpoint_mul_16 = .012320
  [1147] mergesat/comba-cs+brent-kung/fixedpoint_mul_16 = .014142
  [1151] mergesat/comba-cs+g-only/fixedpoint_mul_16 = .014047
  [1144] cadical/comba-cs+brent-kung/fixedpoint_mul_16 = .024495
  [1148] cadical/comba-cs+g-only/fixedpoint_mul_16 = .024420
  [1152] cadical/shift-add+ripple/float_mul_comm = .021645
  [1156] cadical/shift-add+brent-kung/float_mul_comm = .021339
  [1154] minisat/shift-add+ripple/float_mul_comm = .051470
  [1158] minisat/shift-add+brent-kung/float_mul_comm = .051199
  [1155] mergesat/shift-add+ripple/float_mul_comm = .109239
  [1159] mergesat/shift-add+brent-kung/float_mul_comm = .109293
  [1153] cryptominisat/shift-add+ripple/float_mul_comm = .242897
  [1157] cryptominisat/shift-add+brent-kung/float_mul_comm = .243482
  [1160] cadical/shift-add+g-only/float_mul_comm = .021456
  [1164] cadical/dadda+ripple/float_mul_comm = .021852
  [1166] minisat/dadda+ripple/float_mul_comm = .048034
  [1162] minisat/shift-add+g-only/float_mul_comm = .051138
  [1163] mergesat/shift-add+g-only/float_mul_comm = .109163
  [1165] cryptominisat/dadda+ripple/float_mul_comm = .121557
  [1167] mergesat/dadda+ripple/float_mul_comm = .191737
  [1161] cryptominisat/shift-add+g-only/float_mul_comm = .242793
  [1168] cadical/dadda+brent-kung/float_mul_comm = .021932
  [1172] cadical/dadda+g-only/float_mul_comm = .021775
  [1170] minisat/dadda+brent-kung/float_mul_comm = .048163
  [1174] minisat/dadda+g-only/float_mul_comm = .047840
  [1169] cryptominisat/dadda+brent-kung/float_mul_comm = .122134
  [1173] cryptominisat/dadda+g-only/float_mul_comm = .123259
  [1171] mergesat/dadda+brent-kung/float_mul_comm = .190308
  [1175] mergesat/dadda+g-only/float_mul_comm = .191450
  [1180] cadical/comba+brent-kung/float_mul_comm = .029897
  [1176] cadical/comba+ripple/float_mul_comm = .030142
  [1181] cryptominisat/comba+brent-kung/float_mul_comm = .059171
  [1177] cryptominisat/comba+ripple/float_mul_comm = .060077
  [1178] minisat/comba+ripple/float_mul_comm = .092317
  [1182] minisat/comba+brent-kung/float_mul_comm = .091943
  [1179] mergesat/comba+ripple/float_mul_comm = .109570
  [1183] mergesat/comba+brent-kung/float_mul_comm = .110457
  [1188] cadical/comba-cs+ripple/float_mul_comm = .021501
  [1184] cadical/comba+g-only/float_mul_comm = .029406
  [1190] minisat/comba-cs+ripple/float_mul_comm = .051379
  [1185] cryptominisat/comba+g-only/float_mul_comm = .058852
  [1186] minisat/comba+g-only/float_mul_comm = .092164
  [1187] mergesat/comba+g-only/float_mul_comm = .109477
  [1191] mergesat/comba-cs+ripple/float_mul_comm = .110331
  [1189] cryptominisat/comba-cs+ripple/float_mul_comm = .239968
  [1192] cadical/comba-cs+brent-kung/float_mul_comm = .021592
  [1196] cadical/comba-cs+g-only/float_mul_comm = .021208
  [1194] minisat/comba-cs+brent-kung/float_mul_comm = .051042
  [1198] minisat/comba-cs+g-only/float_mul_comm = .050631
  [1195] mergesat/comba-cs+brent-kung/float_mul_comm = .108764
  [1199] mergesat/comba-cs+g-only/float_mul_comm = .110030
  [1197] cryptominisat/comba-cs+g-only/float_mul_comm = .240738
  [1193] cryptominisat/comba-cs+brent-kung/float_mul_comm = .241950
  [1200] cadical/shift-add+ripple/float_mul_comm_v2 = T/O
  [1204] cadical/shift-add+brent-kung/float_mul_comm_v2 = T/O
  [1201] cryptominisat/shift-add+ripple/float_mul_comm_v2 = T/O
  [1205] cryptominisat/shift-add+brent-kung/float_mul_comm_v2 = T/O
  [1202] minisat/shift-add+ripple/float_mul_comm_v2 = T/O
  [1206] minisat/shift-add+brent-kung/float_mul_comm_v2 = T/O
  [1203] mergesat/shift-add+ripple/float_mul_comm_v2 = T/O
  [1207] mergesat/shift-add+brent-kung/float_mul_comm_v2 = T/O
  [1208] cadical/shift-add+g-only/float_mul_comm_v2 = T/O
  [1212] cadical/dadda+ripple/float_mul_comm_v2 = T/O
  [1209] cryptominisat/shift-add+g-only/float_mul_comm_v2 = T/O
  [1210] minisat/shift-add+g-only/float_mul_comm_v2 = T/O
  [1213] cryptominisat/dadda+ripple/float_mul_comm_v2 = T/O
  [1214] minisat/dadda+ripple/float_mul_comm_v2 = T/O
  [1215] mergesat/dadda+ripple/float_mul_comm_v2 = T/O
  [1211] mergesat/shift-add+g-only/float_mul_comm_v2 = T/O
  [1216] cadical/dadda+brent-kung/float_mul_comm_v2 = T/O
  [1220] cadical/dadda+g-only/float_mul_comm_v2 = T/O
  [1218] minisat/dadda+brent-kung/float_mul_comm_v2 = T/O
  [1217] cryptominisat/dadda+brent-kung/float_mul_comm_v2 = T/O
  [1221] cryptominisat/dadda+g-only/float_mul_comm_v2 = T/O
  [1222] minisat/dadda+g-only/float_mul_comm_v2 = T/O
  [1219] mergesat/dadda+brent-kung/float_mul_comm_v2 = T/O
  [1223] mergesat/dadda+g-only/float_mul_comm_v2 = T/O
  [1228] cadical/comba+brent-kung/float_mul_comm_v2 = T/O
  [1224] cadical/comba+ripple/float_mul_comm_v2 = T/O
  [1226] minisat/comba+ripple/float_mul_comm_v2 = T/O
  [1230] minisat/comba+brent-kung/float_mul_comm_v2 = T/O
  [1225] cryptominisat/comba+ripple/float_mul_comm_v2 = T/O
  [1229] cryptominisat/comba+brent-kung/float_mul_comm_v2 = T/O
  [1227] mergesat/comba+ripple/float_mul_comm_v2 = T/O
  [1231] mergesat/comba+brent-kung/float_mul_comm_v2 = T/O
  [1236] cadical/comba-cs+ripple/float_mul_comm_v2 = T/O
  [1232] cadical/comba+g-only/float_mul_comm_v2 = T/O
  [1234] minisat/comba+g-only/float_mul_comm_v2 = T/O
  [1237] cryptominisat/comba-cs+ripple/float_mul_comm_v2 = T/O
  [1233] cryptominisat/comba+g-only/float_mul_comm_v2 = T/O
  [1238] minisat/comba-cs+ripple/float_mul_comm_v2 = T/O
  [1235] mergesat/comba+g-only/float_mul_comm_v2 = T/O
  [1239] mergesat/comba-cs+ripple/float_mul_comm_v2 = T/O
  [1240] cadical/comba-cs+brent-kung/float_mul_comm_v2 = T/O
  [1244] cadical/comba-cs+g-only/float_mul_comm_v2 = T/O
  [1241] cryptominisat/comba-cs+brent-kung/float_mul_comm_v2 = T/O
  [1245] cryptominisat/comba-cs+g-only/float_mul_comm_v2 = T/O
  [1242] minisat/comba-cs+brent-kung/float_mul_comm_v2 = T/O
  [1246] minisat/comba-cs+g-only/float_mul_comm_v2 = T/O
  [1243] mergesat/comba-cs+brent-kung/float_mul_comm_v2 = T/O
  [1247] mergesat/comba-cs+g-only/float_mul_comm_v2 = T/O
  [1249] cryptominisat/shift-add+ripple/gf256_mul_assoc = .032405
  [1250] minisat/shift-add+ripple/gf256_mul_assoc = .032366
  [1251] mergesat/shift-add+ripple/gf256_mul_assoc = .034048
  [1254] minisat/shift-add+brent-kung/gf256_mul_assoc = .036186
  [1248] cadical/shift-add+ripple/gf256_mul_assoc = .053741
  [1253] cryptominisat/shift-add+brent-kung/gf256_mul_assoc = .058001
  [1252] cadical/shift-add+brent-kung/gf256_mul_assoc = .061522
  [1255] mergesat/shift-add+brent-kung/gf256_mul_assoc = .602334
  [1261] cryptominisat/dadda+ripple/gf256_mul_assoc = .022700
  [1262] minisat/dadda+ripple/gf256_mul_assoc = .026376
  [1257] cryptominisat/shift-add+g-only/gf256_mul_assoc = .032381
  [1258] minisat/shift-add+g-only/gf256_mul_assoc = .032336
  [1259] mergesat/shift-add+g-only/gf256_mul_assoc = .034125
  [1263] mergesat/dadda+ripple/gf256_mul_assoc = .053565
  [1256] cadical/shift-add+g-only/gf256_mul_assoc = .054079
  [1260] cadical/dadda+ripple/gf256_mul_assoc = .055660
  [1269] cryptominisat/dadda+g-only/gf256_mul_assoc = .022529
  [1270] minisat/dadda+g-only/gf256_mul_assoc = .026271
  [1266] minisat/dadda+brent-kung/gf256_mul_assoc = .047475
  [1271] mergesat/dadda+g-only/gf256_mul_assoc = .053137
  [1268] cadical/dadda+g-only/gf256_mul_assoc = .055738
  [1265] cryptominisat/dadda+brent-kung/gf256_mul_assoc = .061844
  [1264] cadical/dadda+brent-kung/gf256_mul_assoc = .066105
  [1267] mergesat/dadda+brent-kung/gf256_mul_assoc = 1.173221
  [1274] minisat/comba+ripple/gf256_mul_assoc = .026571
  [1273] cryptominisat/comba+ripple/gf256_mul_assoc = .060868
  [1275] mergesat/comba+ripple/gf256_mul_assoc = .066851
  [1272] cadical/comba+ripple/gf256_mul_assoc = .083366
  [1276] cadical/comba+brent-kung/gf256_mul_assoc = T/O
  [1279] mergesat/comba+brent-kung/gf256_mul_assoc = T/O
  [1277] cryptominisat/comba+brent-kung/gf256_mul_assoc = T/O
  [1278] minisat/comba+brent-kung/gf256_mul_assoc = T/O
  [1282] minisat/comba+g-only/gf256_mul_assoc = .026941
  [1285] cryptominisat/comba-cs+ripple/gf256_mul_assoc = .032250
  [1286] minisat/comba-cs+ripple/gf256_mul_assoc = .032754
  [1287] mergesat/comba-cs+ripple/gf256_mul_assoc = .034587
  [1284] cadical/comba-cs+ripple/gf256_mul_assoc = .054328
  [1281] cryptominisat/comba+g-only/gf256_mul_assoc = .060981
  [1283] mergesat/comba+g-only/gf256_mul_assoc = .065891
  [1280] cadical/comba+g-only/gf256_mul_assoc = .084170
  [1293] cryptominisat/comba-cs+g-only/gf256_mul_assoc = .032129
  [1294] minisat/comba-cs+g-only/gf256_mul_assoc = .032324
  [1295] mergesat/comba-cs+g-only/gf256_mul_assoc = .033768
  [1290] minisat/comba-cs+brent-kung/gf256_mul_assoc = .035969
  [1292] cadical/comba-cs+g-only/gf256_mul_assoc = .053451
  [1289] cryptominisat/comba-cs+brent-kung/gf256_mul_assoc = .058159
  [1288] cadical/comba-cs+brent-kung/gf256_mul_assoc = .061298
  [1291] mergesat/comba-cs+brent-kung/gf256_mul_assoc = .598736
  [1296] cadical/shift-add+ripple/half_mul_comm = .009911
  [1300] cadical/shift-add+brent-kung/half_mul_comm = .009844
  [1298] minisat/shift-add+ripple/half_mul_comm = .018605
  [1302] minisat/shift-add+brent-kung/half_mul_comm = .018648
  [1299] mergesat/shift-add+ripple/half_mul_comm = .028741
  [1303] mergesat/shift-add+brent-kung/half_mul_comm = .028477
  [1297] cryptominisat/shift-add+ripple/half_mul_comm = .044260
  [1301] cryptominisat/shift-add+brent-kung/half_mul_comm = .044128
  [1304] cadical/shift-add+g-only/half_mul_comm = .009799
  [1308] cadical/dadda+ripple/half_mul_comm = .009887
  [1309] cryptominisat/dadda+ripple/half_mul_comm = .017460
  [1310] minisat/dadda+ripple/half_mul_comm = .017957
  [1306] minisat/shift-add+g-only/half_mul_comm = .018687
  [1307] mergesat/shift-add+g-only/half_mul_comm = .028830
  [1311] mergesat/dadda+ripple/half_mul_comm = .031915
  [1305] cryptominisat/shift-add+g-only/half_mul_comm = .044163
  [1312] cadical/dadda+brent-kung/half_mul_comm = .009994
  [1316] cadical/dadda+g-only/half_mul_comm = .009884
  [1313] cryptominisat/dadda+brent-kung/half_mul_comm = .017473
  [1317] cryptominisat/dadda+g-only/half_mul_comm = .017480
  [1314] minisat/dadda+brent-kung/half_mul_comm = .018186
  [1318] minisat/dadda+g-only/half_mul_comm = .018058
  [1315] mergesat/dadda+brent-kung/half_mul_comm = .032103
  [1319] mergesat/dadda+g-only/half_mul_comm = .031915
  [1320] cadical/comba+ripple/half_mul_comm = .011528
  [1324] cadical/comba+brent-kung/half_mul_comm = .011466
  [1321] cryptominisat/comba+ripple/half_mul_comm = .019426
  [1325] cryptominisat/comba+brent-kung/half_mul_comm = .019301
  [1322] minisat/comba+ripple/half_mul_comm = .020531
  [1326] minisat/comba+brent-kung/half_mul_comm = .020708
  [1323] mergesat/comba+ripple/half_mul_comm = .029695
  [1327] mergesat/comba+brent-kung/half_mul_comm = .029704
  [1332] cadical/comba-cs+ripple/half_mul_comm = .009970
  [1328] cadical/comba+g-only/half_mul_comm = .011397
  [1333] cryptominisat/comba-cs+ripple/half_mul_comm = .016809
  [1329] cryptominisat/comba+g-only/half_mul_comm = .019215
  [1330] minisat/comba+g-only/half_mul_comm = .020659
  [1334] minisat/comba-cs+ripple/half_mul_comm = .023493
  [1331] mergesat/comba+g-only/half_mul_comm = .029898
  [1335] mergesat/comba-cs+ripple/half_mul_comm = .034322
  [1336] cadical/comba-cs+brent-kung/half_mul_comm = .009934
  [1340] cadical/comba-cs+g-only/half_mul_comm = .009812
  [1337] cryptominisat/comba-cs+brent-kung/half_mul_comm = .016788
  [1341] cryptominisat/comba-cs+g-only/half_mul_comm = .016821
  [1338] minisat/comba-cs+brent-kung/half_mul_comm = .023382
  [1342] minisat/comba-cs+g-only/half_mul_comm = .023289
  [1339] mergesat/comba-cs+brent-kung/half_mul_comm = .034427
  [1343] mergesat/comba-cs+g-only/half_mul_comm = .034593
  [1344] cadical/shift-add+ripple/half_mul_comm_v2 = T/O
  [1346] minisat/shift-add+ripple/half_mul_comm_v2 = T/O
  [1348] cadical/shift-add+brent-kung/half_mul_comm_v2 = T/O
  [1350] minisat/shift-add+brent-kung/half_mul_comm_v2 = T/O
  [1345] cryptominisat/shift-add+ripple/half_mul_comm_v2 = T/O
  [1349] cryptominisat/shift-add+brent-kung/half_mul_comm_v2 = T/O
  [1347] mergesat/shift-add+ripple/half_mul_comm_v2 = T/O
  [1351] mergesat/shift-add+brent-kung/half_mul_comm_v2 = T/O
  [1352] cadical/shift-add+g-only/half_mul_comm_v2 = T/O
  [1354] minisat/shift-add+g-only/half_mul_comm_v2 = T/O
  [1358] minisat/dadda+ripple/half_mul_comm_v2 = T/O
  [1356] cadical/dadda+ripple/half_mul_comm_v2 = T/O
  [1353] cryptominisat/shift-add+g-only/half_mul_comm_v2 = T/O
  [1357] cryptominisat/dadda+ripple/half_mul_comm_v2 = T/O
  [1355] mergesat/shift-add+g-only/half_mul_comm_v2 = T/O
  [1359] mergesat/dadda+ripple/half_mul_comm_v2 = T/O
  [1360] cadical/dadda+brent-kung/half_mul_comm_v2 = T/O
  [1362] minisat/dadda+brent-kung/half_mul_comm_v2 = T/O
  [1364] cadical/dadda+g-only/half_mul_comm_v2 = T/O
  [1366] minisat/dadda+g-only/half_mul_comm_v2 = T/O
  [1361] cryptominisat/dadda+brent-kung/half_mul_comm_v2 = T/O
  [1365] cryptominisat/dadda+g-only/half_mul_comm_v2 = T/O
  [1363] mergesat/dadda+brent-kung/half_mul_comm_v2 = T/O
  [1367] mergesat/dadda+g-only/half_mul_comm_v2 = T/O
  [1372] cadical/comba+brent-kung/half_mul_comm_v2 = 116.343077
  [1368] cadical/comba+ripple/half_mul_comm_v2 = 116.853554
  [1370] minisat/comba+ripple/half_mul_comm_v2 = T/O
  [1374] minisat/comba+brent-kung/half_mul_comm_v2 = T/O
  [1369] cryptominisat/comba+ripple/half_mul_comm_v2 = T/O
  [1373] cryptominisat/comba+brent-kung/half_mul_comm_v2 = T/O
  [1371] mergesat/comba+ripple/half_mul_comm_v2 = T/O
  [1375] mergesat/comba+brent-kung/half_mul_comm_v2 = T/O
  [1376] cadical/comba+g-only/half_mul_comm_v2 = 116.167429
  [1380] cadical/comba-cs+ripple/half_mul_comm_v2 = T/O
  [1382] minisat/comba-cs+ripple/half_mul_comm_v2 = T/O
  [1378] minisat/comba+g-only/half_mul_comm_v2 = T/O
  [1377] cryptominisat/comba+g-only/half_mul_comm_v2 = T/O
  [1381] cryptominisat/comba-cs+ripple/half_mul_comm_v2 = T/O
  [1379] mergesat/comba+g-only/half_mul_comm_v2 = T/O
  [1383] mergesat/comba-cs+ripple/half_mul_comm_v2 = T/O
  [1386] minisat/comba-cs+brent-kung/half_mul_comm_v2 = T/O
  [1384] cadical/comba-cs+brent-kung/half_mul_comm_v2 = T/O
  [1390] minisat/comba-cs+g-only/half_mul_comm_v2 = T/O
  [1388] cadical/comba-cs+g-only/half_mul_comm_v2 = T/O
  [1385] cryptominisat/comba-cs+brent-kung/half_mul_comm_v2 = T/O
  [1389] cryptominisat/comba-cs+g-only/half_mul_comm_v2 = T/O
  [1387] mergesat/comba-cs+brent-kung/half_mul_comm_v2 = T/O
  [1391] mergesat/comba-cs+g-only/half_mul_comm_v2 = T/O
  [1392] cadical/shift-add+ripple/hw_mul_equiv_12 = 17.161997
  [1396] cadical/shift-add+brent-kung/hw_mul_equiv_12 = 19.990938
  [1395] mergesat/shift-add+ripple/hw_mul_equiv_12 = 34.919673
  [1399] mergesat/shift-add+brent-kung/hw_mul_equiv_12 = 64.202135
  [1393] cryptominisat/shift-add+ripple/hw_mul_equiv_12 = 75.979457
  [1397] cryptominisat/shift-add+brent-kung/hw_mul_equiv_12 = 114.731249
  [1394] minisat/shift-add+ripple/hw_mul_equiv_12 = 118.545583
  [1398] minisat/shift-add+brent-kung/hw_mul_equiv_12 = T/O
  [1400] cadical/shift-add+g-only/hw_mul_equiv_12 = 17.082967
  [1403] mergesat/shift-add+g-only/hw_mul_equiv_12 = 35.405530
  [1401] cryptominisat/shift-add+g-only/hw_mul_equiv_12 = 77.428470
  [1402] minisat/shift-add+g-only/hw_mul_equiv_12 = 118.613039
  [1406] minisat/dadda+ripple/hw_mul_equiv_12 = T/O
  [1404] cadical/dadda+ripple/hw_mul_equiv_12 = T/O
  [1405] cryptominisat/dadda+ripple/hw_mul_equiv_12 = T/O
  [1407] mergesat/dadda+ripple/hw_mul_equiv_12 = T/O
  [1410] minisat/dadda+brent-kung/hw_mul_equiv_12 = T/O
  [1408] cadical/dadda+brent-kung/hw_mul_equiv_12 = T/O
  [1412] cadical/dadda+g-only/hw_mul_equiv_12 = T/O
  [1414] minisat/dadda+g-only/hw_mul_equiv_12 = T/O
  [1413] cryptominisat/dadda+g-only/hw_mul_equiv_12 = T/O
  [1409] cryptominisat/dadda+brent-kung/hw_mul_equiv_12 = T/O
  [1411] mergesat/dadda+brent-kung/hw_mul_equiv_12 = T/O
  [1415] mergesat/dadda+g-only/hw_mul_equiv_12 = T/O
  [1422] minisat/comba+brent-kung/hw_mul_equiv_12 = T/O
  [1420] cadical/comba+brent-kung/hw_mul_equiv_12 = T/O
  [1423] mergesat/comba+brent-kung/hw_mul_equiv_12 = T/O
  [1421] cryptominisat/comba+brent-kung/hw_mul_equiv_12 = T/O
  [1418] minisat/comba+ripple/hw_mul_equiv_12 = T/O
  [1416] cadical/comba+ripple/hw_mul_equiv_12 = T/O
  [1417] cryptominisat/comba+ripple/hw_mul_equiv_12 = T/O
  [1419] mergesat/comba+ripple/hw_mul_equiv_12 = T/O
  [1426] minisat/comba+g-only/hw_mul_equiv_12 = T/O
  [1424] cadical/comba+g-only/hw_mul_equiv_12 = T/O
  [1430] minisat/comba-cs+ripple/hw_mul_equiv_12 = T/O
  [1428] cadical/comba-cs+ripple/hw_mul_equiv_12 = T/O
  [1425] cryptominisat/comba+g-only/hw_mul_equiv_12 = T/O
  [1429] cryptominisat/comba-cs+ripple/hw_mul_equiv_12 = T/O
  [1427] mergesat/comba+g-only/hw_mul_equiv_12 = T/O
  [1431] mergesat/comba-cs+ripple/hw_mul_equiv_12 = T/O
  [1434] minisat/comba-cs+brent-kung/hw_mul_equiv_12 = T/O
  [1438] minisat/comba-cs+g-only/hw_mul_equiv_12 = T/O
  [1432] cadical/comba-cs+brent-kung/hw_mul_equiv_12 = T/O
  [1436] cadical/comba-cs+g-only/hw_mul_equiv_12 = T/O
  [1433] cryptominisat/comba-cs+brent-kung/hw_mul_equiv_12 = T/O
  [1437] cryptominisat/comba-cs+g-only/hw_mul_equiv_12 = T/O
  [1435] mergesat/comba-cs+brent-kung/hw_mul_equiv_12 = T/O
  [1439] mergesat/comba-cs+g-only/hw_mul_equiv_12 = T/O
  [1440] cadical/shift-add+ripple/mixed_arith_8 = T/O
  [1442] minisat/shift-add+ripple/mixed_arith_8 = T/O
  [1446] minisat/shift-add+brent-kung/mixed_arith_8 = T/O
  [1444] cadical/shift-add+brent-kung/mixed_arith_8 = T/O
  [1441] cryptominisat/shift-add+ripple/mixed_arith_8 = T/O
  [1445] cryptominisat/shift-add+brent-kung/mixed_arith_8 = T/O
  [1447] mergesat/shift-add+brent-kung/mixed_arith_8 = T/O
  [1443] mergesat/shift-add+ripple/mixed_arith_8 = T/O
  [1450] minisat/shift-add+g-only/mixed_arith_8 = T/O
  [1448] cadical/shift-add+g-only/mixed_arith_8 = T/O
  [1452] cadical/dadda+ripple/mixed_arith_8 = T/O
  [1454] minisat/dadda+ripple/mixed_arith_8 = T/O
  [1453] cryptominisat/dadda+ripple/mixed_arith_8 = T/O
  [1449] cryptominisat/shift-add+g-only/mixed_arith_8 = T/O
  [1455] mergesat/dadda+ripple/mixed_arith_8 = T/O
  [1451] mergesat/shift-add+g-only/mixed_arith_8 = T/O
  [1458] minisat/dadda+brent-kung/mixed_arith_8 = T/O
  [1456] cadical/dadda+brent-kung/mixed_arith_8 = T/O
  [1462] minisat/dadda+g-only/mixed_arith_8 = T/O
  [1460] cadical/dadda+g-only/mixed_arith_8 = T/O
  [1457] cryptominisat/dadda+brent-kung/mixed_arith_8 = T/O
  [1461] cryptominisat/dadda+g-only/mixed_arith_8 = T/O
  [1463] mergesat/dadda+g-only/mixed_arith_8 = T/O
  [1459] mergesat/dadda+brent-kung/mixed_arith_8 = T/O
  [1470] minisat/comba+brent-kung/mixed_arith_8 = T/O
  [1471] mergesat/comba+brent-kung/mixed_arith_8 = T/O
  [1468] cadical/comba+brent-kung/mixed_arith_8 = T/O
  [1469] cryptominisat/comba+brent-kung/mixed_arith_8 = T/O
  [1466] minisat/comba+ripple/mixed_arith_8 = T/O
  [1464] cadical/comba+ripple/mixed_arith_8 = T/O
  [1465] cryptominisat/comba+ripple/mixed_arith_8 = T/O
  [1467] mergesat/comba+ripple/mixed_arith_8 = T/O
  [1472] cadical/comba+g-only/mixed_arith_8 = T/O
  [1478] minisat/comba-cs+ripple/mixed_arith_8 = T/O
  [1474] minisat/comba+g-only/mixed_arith_8 = T/O
  [1476] cadical/comba-cs+ripple/mixed_arith_8 = T/O
  [1473] cryptominisat/comba+g-only/mixed_arith_8 = T/O
  [1477] cryptominisat/comba-cs+ripple/mixed_arith_8 = T/O
  [1475] mergesat/comba+g-only/mixed_arith_8 = T/O
  [1479] mergesat/comba-cs+ripple/mixed_arith_8 = T/O
  [1480] cadical/comba-cs+brent-kung/mixed_arith_8 = T/O
  [1482] minisat/comba-cs+brent-kung/mixed_arith_8 = T/O
  [1486] minisat/comba-cs+g-only/mixed_arith_8 = T/O
  [1484] cadical/comba-cs+g-only/mixed_arith_8 = T/O
  [1481] cryptominisat/comba-cs+brent-kung/mixed_arith_8 = T/O
  [1485] cryptominisat/comba-cs+g-only/mixed_arith_8 = T/O
  [1483] mergesat/comba-cs+brent-kung/mixed_arith_8 = T/O
  [1487] mergesat/comba-cs+g-only/mixed_arith_8 = T/O
  [1494] minisat/shift-add+brent-kung/mul_ineq_12 = .339805
  [1490] minisat/shift-add+ripple/mul_ineq_12 = .339728
  [1488] cadical/shift-add+ripple/mul_ineq_12 = .521227
  [1492] cadical/shift-add+brent-kung/mul_ineq_12 = .520102
  [1491] mergesat/shift-add+ripple/mul_ineq_12 = .845167
  [1495] mergesat/shift-add+brent-kung/mul_ineq_12 = .846865
  [1493] cryptominisat/shift-add+brent-kung/mul_ineq_12 = .989707
  [1489] cryptominisat/shift-add+ripple/mul_ineq_12 = .993487
  [1498] minisat/shift-add+g-only/mul_ineq_12 = .340270
  [1502] minisat/dadda+ripple/mul_ineq_12 = .404441
  [1500] cadical/dadda+ripple/mul_ineq_12 = .413120
  [1496] cadical/shift-add+g-only/mul_ineq_12 = .519855
  [1499] mergesat/shift-add+g-only/mul_ineq_12 = .845975
  [1503] mergesat/dadda+ripple/mul_ineq_12 = .850599
  [1501] cryptominisat/dadda+ripple/mul_ineq_12 = .963705
  [1497] cryptominisat/shift-add+g-only/mul_ineq_12 = .992522
  [1510] minisat/dadda+g-only/mul_ineq_12 = .404987
  [1506] minisat/dadda+brent-kung/mul_ineq_12 = .407439
  [1508] cadical/dadda+g-only/mul_ineq_12 = .414101
  [1504] cadical/dadda+brent-kung/mul_ineq_12 = .464080
  [1511] mergesat/dadda+g-only/mul_ineq_12 = .850123
  [1507] mergesat/dadda+brent-kung/mul_ineq_12 = .958823
  [1509] cryptominisat/dadda+g-only/mul_ineq_12 = .965777
  [1505] cryptominisat/dadda+brent-kung/mul_ineq_12 = 1.217998
  [1512] cadical/comba+ripple/mul_ineq_12 = .486718
  [1514] minisat/comba+ripple/mul_ineq_12 = .553541
  [1515] mergesat/comba+ripple/mul_ineq_12 = .971448
  [1513] cryptominisat/comba+ripple/mul_ineq_12 = 1.532037
  [1517] cryptominisat/comba+brent-kung/mul_ineq_12 = T/O
  [1519] mergesat/comba+brent-kung/mul_ineq_12 = T/O
  [1518] minisat/comba+brent-kung/mul_ineq_12 = T/O
  [1516] cadical/comba+brent-kung/mul_ineq_12 = T/O
  [1526] minisat/comba-cs+ripple/mul_ineq_12 = .340303
  [1520] cadical/comba+g-only/mul_ineq_12 = .487396
  [1524] cadical/comba-cs+ripple/mul_ineq_12 = .522130
  [1522] minisat/comba+g-only/mul_ineq_12 = .556760
  [1527] mergesat/comba-cs+ripple/mul_ineq_12 = .847291
  [1523] mergesat/comba+g-only/mul_ineq_12 = .972336
  [1525] cryptominisat/comba-cs+ripple/mul_ineq_12 = .993447
  [1521] cryptominisat/comba+g-only/mul_ineq_12 = 1.519994
  [1530] minisat/comba-cs+brent-kung/mul_ineq_12 = .340003
  [1534] minisat/comba-cs+g-only/mul_ineq_12 = .339795
  [1528] cadical/comba-cs+brent-kung/mul_ineq_12 = .520081
  [1532] cadical/comba-cs+g-only/mul_ineq_12 = .520904
  [1531] mergesat/comba-cs+brent-kung/mul_ineq_12 = .845929
  [1535] mergesat/comba-cs+g-only/mul_ineq_12 = .845909
  [1533] cryptominisat/comba-cs+g-only/mul_ineq_12 = .991676
  [1529] cryptominisat/comba-cs+brent-kung/mul_ineq_12 = .991800
  [1536] cadical/shift-add+ripple/mul_no_overflow_16 = .009716
  [1540] cadical/shift-add+brent-kung/mul_no_overflow_16 = .010772
  [1538] minisat/shift-add+ripple/mul_no_overflow_16 = .015117
  [1542] minisat/shift-add+brent-kung/mul_no_overflow_16 = .016692
  [1537] cryptominisat/shift-add+ripple/mul_no_overflow_16 = .017699
  [1541] cryptominisat/shift-add+brent-kung/mul_no_overflow_16 = .018747
  [1543] mergesat/shift-add+brent-kung/mul_no_overflow_16 = .019769
  [1539] mergesat/shift-add+ripple/mul_no_overflow_16 = .020511
  [1544] cadical/shift-add+g-only/mul_no_overflow_16 = .009698
  [1548] cadical/dadda+ripple/mul_no_overflow_16 = .009809
  [1546] minisat/shift-add+g-only/mul_no_overflow_16 = .015300
  [1550] minisat/dadda+ripple/mul_no_overflow_16 = .015357
  [1545] cryptominisat/shift-add+g-only/mul_no_overflow_16 = .017647
  [1551] mergesat/dadda+ripple/mul_no_overflow_16 = .020662
  [1547] mergesat/shift-add+g-only/mul_no_overflow_16 = .020909
  [1549] cryptominisat/dadda+ripple/mul_no_overflow_16 = .026471
  [1556] cadical/dadda+g-only/mul_no_overflow_16 = .009650
  [1552] cadical/dadda+brent-kung/mul_no_overflow_16 = .010988
  [1558] minisat/dadda+g-only/mul_no_overflow_16 = .015462
  [1554] minisat/dadda+brent-kung/mul_no_overflow_16 = .016995
  [1555] mergesat/dadda+brent-kung/mul_no_overflow_16 = .019963
  [1559] mergesat/dadda+g-only/mul_no_overflow_16 = .020292
  [1553] cryptominisat/dadda+brent-kung/mul_no_overflow_16 = .023419
  [1557] cryptominisat/dadda+g-only/mul_no_overflow_16 = .026661
  [1560] cadical/comba+ripple/mul_no_overflow_16 = .010969
  [1562] minisat/comba+ripple/mul_no_overflow_16 = .016828
  [1563] mergesat/comba+ripple/mul_no_overflow_16 = .024021
  [1561] cryptominisat/comba+ripple/mul_no_overflow_16 = .026435
  [1567] mergesat/comba+brent-kung/mul_no_overflow_16 = T/O
  [1565] cryptominisat/comba+brent-kung/mul_no_overflow_16 = T/O
  [1564] cadical/comba+brent-kung/mul_no_overflow_16 = T/O
  [1566] minisat/comba+brent-kung/mul_no_overflow_16 = T/O
  [1568] cadical/comba+g-only/mul_no_overflow_16 = .011855
  [1572] cadical/comba-cs+ripple/mul_no_overflow_16 = .011687
  [1570] minisat/comba+g-only/mul_no_overflow_16 = .017243
  [1574] minisat/comba-cs+ripple/mul_no_overflow_16 = .017287
  [1575] mergesat/comba-cs+ripple/mul_no_overflow_16 = .023376
  [1571] mergesat/comba+g-only/mul_no_overflow_16 = .024611
  [1569] cryptominisat/comba+g-only/mul_no_overflow_16 = .027137
  [1573] cryptominisat/comba-cs+ripple/mul_no_overflow_16 = .032405
  [1580] cadical/comba-cs+g-only/mul_no_overflow_16 = .010819
  [1576] cadical/comba-cs+brent-kung/mul_no_overflow_16 = .011769
  [1582] minisat/comba-cs+g-only/mul_no_overflow_16 = .016534
  [1578] minisat/comba-cs+brent-kung/mul_no_overflow_16 = .018178
  [1583] mergesat/comba-cs+g-only/mul_no_overflow_16 = .022636
  [1579] mergesat/comba-cs+brent-kung/mul_no_overflow_16 = .023423
  [1577] cryptominisat/comba-cs+brent-kung/mul_no_overflow_16 = .030069
  [1581] cryptominisat/comba-cs+g-only/mul_no_overflow_16 = .031776
  [1584] cadical/shift-add+ripple/overflow_detect_16 = .342497
  [1588] cadical/shift-add+brent-kung/overflow_detect_16 = .342657
  [1591] mergesat/shift-add+brent-kung/overflow_detect_16 = 85.500520
  [1587] mergesat/shift-add+ripple/overflow_detect_16 = 85.954770
  [1586] minisat/shift-add+ripple/overflow_detect_16 = T/O
  [1590] minisat/shift-add+brent-kung/overflow_detect_16 = T/O
  [1585] cryptominisat/shift-add+ripple/overflow_detect_16 = T/O
  [1589] cryptominisat/shift-add+brent-kung/overflow_detect_16 = T/O
  [1596] cadical/dadda+ripple/overflow_detect_16 = .176851
  [1592] cadical/shift-add+g-only/overflow_detect_16 = .342375
  [1599] mergesat/dadda+ripple/overflow_detect_16 = 2.985741
  [1597] cryptominisat/dadda+ripple/overflow_detect_16 = 6.565899
  [1598] minisat/dadda+ripple/overflow_detect_16 = 19.013795
  [1595] mergesat/shift-add+g-only/overflow_detect_16 = 82.426384
  [1594] minisat/shift-add+g-only/overflow_detect_16 = T/O
  [1593] cryptominisat/shift-add+g-only/overflow_detect_16 = T/O
  [1604] cadical/dadda+g-only/overflow_detect_16 = .177115
  [1600] cadical/dadda+brent-kung/overflow_detect_16 = .368795
  [1603] mergesat/dadda+brent-kung/overflow_detect_16 = 1.842327
  [1607] mergesat/dadda+g-only/overflow_detect_16 = 2.986451
  [1605] cryptominisat/dadda+g-only/overflow_detect_16 = 6.518175
  [1601] cryptominisat/dadda+brent-kung/overflow_detect_16 = 7.664917
  [1602] minisat/dadda+brent-kung/overflow_detect_16 = 17.912393
  [1606] minisat/dadda+g-only/overflow_detect_16 = 18.972557
  [1608] cadical/comba+ripple/overflow_detect_16 = .733480
  [1613] cryptominisat/comba+brent-kung/overflow_detect_16 = T/O
  [1614] minisat/comba+brent-kung/overflow_detect_16 = T/O
  [1612] cadical/comba+brent-kung/overflow_detect_16 = T/O
  [1615] mergesat/comba+brent-kung/overflow_detect_16 = T/O
  [1611] mergesat/comba+ripple/overflow_detect_16 = 27.294887
  [1610] minisat/comba+ripple/overflow_detect_16 = T/O
  [1609] cryptominisat/comba+ripple/overflow_detect_16 = T/O
  [1620] cadical/comba-cs+ripple/overflow_detect_16 = .342590
  [1616] cadical/comba+g-only/overflow_detect_16 = .733538
  [1619] mergesat/comba+g-only/overflow_detect_16 = 28.142893
  [1623] mergesat/comba-cs+ripple/overflow_detect_16 = 84.257728
  [1618] minisat/comba+g-only/overflow_detect_16 = T/O
  [1622] minisat/comba-cs+ripple/overflow_detect_16 = T/O
  [1621] cryptominisat/comba-cs+ripple/overflow_detect_16 = T/O
  [1617] cryptominisat/comba+g-only/overflow_detect_16 = T/O
  [1624] cadical/comba-cs+brent-kung/overflow_detect_16 = .342524
  [1628] cadical/comba-cs+g-only/overflow_detect_16 = .342185
  [1627] mergesat/comba-cs+brent-kung/overflow_detect_16 = 85.832399
  [1631] mergesat/comba-cs+g-only/overflow_detect_16 = 85.972740
  [1626] minisat/comba-cs+brent-kung/overflow_detect_16 = T/O
  [1630] minisat/comba-cs+g-only/overflow_detect_16 = T/O
  [1625] cryptominisat/comba-cs+brent-kung/overflow_detect_16 = T/O
  [1629] cryptominisat/comba-cs+g-only/overflow_detect_16 = T/O
  [1632] cadical/shift-add+ripple/strength_chain_16 = 1.027223
  [1634] minisat/shift-add+ripple/strength_chain_16 = 1.304869
  [1636] cadical/shift-add+brent-kung/strength_chain_16 = 1.353883
  [1638] minisat/shift-add+brent-kung/strength_chain_16 = 1.593774
  [1635] mergesat/shift-add+ripple/strength_chain_16 = 2.079651
  [1633] cryptominisat/shift-add+ripple/strength_chain_16 = 2.341038
  [1639] mergesat/shift-add+brent-kung/strength_chain_16 = 3.365922
  [1637] cryptominisat/shift-add+brent-kung/strength_chain_16 = 3.377011
  [1644] cadical/dadda+ripple/strength_chain_16 = .707409
  [1640] cadical/shift-add+g-only/strength_chain_16 = 1.025870
  [1642] minisat/shift-add+g-only/strength_chain_16 = 1.306127
  [1646] minisat/dadda+ripple/strength_chain_16 = 1.470502
  [1645] cryptominisat/dadda+ripple/strength_chain_16 = 1.890673
  [1647] mergesat/dadda+ripple/strength_chain_16 = 2.053755
  [1643] mergesat/shift-add+g-only/strength_chain_16 = 2.083934
  [1641] cryptominisat/shift-add+g-only/strength_chain_16 = 2.328752
  [1652] cadical/dadda+g-only/strength_chain_16 = .708273
  [1648] cadical/dadda+brent-kung/strength_chain_16 = .847184
  [1654] minisat/dadda+g-only/strength_chain_16 = 1.477066
  [1653] cryptominisat/dadda+g-only/strength_chain_16 = 1.898341
  [1650] minisat/dadda+brent-kung/strength_chain_16 = 2.009829
  [1655] mergesat/dadda+g-only/strength_chain_16 = 2.059124
  [1649] cryptominisat/dadda+brent-kung/strength_chain_16 = 3.116113
  [1651] mergesat/dadda+brent-kung/strength_chain_16 = 5.877419
  [1656] cadical/comba+ripple/strength_chain_16 = 1.452079
  [1658] minisat/comba+ripple/strength_chain_16 = 2.557049
  [1663] mergesat/comba+brent-kung/strength_chain_16 = T/O
  [1661] cryptominisat/comba+brent-kung/strength_chain_16 = T/O
  [1662] minisat/comba+brent-kung/strength_chain_16 = T/O
  [1660] cadical/comba+brent-kung/strength_chain_16 = T/O
  [1657] cryptominisat/comba+ripple/strength_chain_16 = 5.583738
  [1659] mergesat/comba+ripple/strength_chain_16 = 6.601027
  [1668] cadical/comba-cs+ripple/strength_chain_16 = 1.421190
  [1664] cadical/comba+g-only/strength_chain_16 = 1.451292
  [1669] cryptominisat/comba-cs+ripple/strength_chain_16 = 1.793609
  [1666] minisat/comba+g-only/strength_chain_16 = 2.556897
  [1670] minisat/comba-cs+ripple/strength_chain_16 = 3.112619
  [1671] mergesat/comba-cs+ripple/strength_chain_16 = 3.901972
  [1665] cryptominisat/comba+g-only/strength_chain_16 = 5.573214
  [1667] mergesat/comba+g-only/strength_chain_16 = 6.614514
  [1672] cadical/comba-cs+brent-kung/strength_chain_16 = 1.251772
  [1674] minisat/comba-cs+brent-kung/strength_chain_16 = 1.276395
  [1676] cadical/comba-cs+g-only/strength_chain_16 = 1.417818
  [1677] cryptominisat/comba-cs+g-only/strength_chain_16 = 1.782828
  [1673] cryptominisat/comba-cs+brent-kung/strength_chain_16 = 2.709345
  [1675] mergesat/comba-cs+brent-kung/strength_chain_16 = 3.116502
  [1678] minisat/comba-cs+g-only/strength_chain_16 = 3.113552
  [1679] mergesat/comba-cs+g-only/strength_chain_16 = 3.879725
  [1682] minisat/shift-add+ripple/strength_red_16 = .013050
  [1681] cryptominisat/shift-add+ripple/strength_red_16 = .019349
  [1680] cadical/shift-add+ripple/strength_red_16 = .021417
  [1685] cryptominisat/shift-add+brent-kung/strength_red_16 = .024576
  [1686] minisat/shift-add+brent-kung/strength_red_16 = .028126
  [1684] cadical/shift-add+brent-kung/strength_red_16 = .034319
  [1687] mergesat/shift-add+brent-kung/strength_red_16 = .049781
  [1683] mergesat/shift-add+ripple/strength_red_16 = .068052
  [1694] minisat/dadda+ripple/strength_red_16 = .010922
  [1690] minisat/shift-add+g-only/strength_red_16 = .013071
  [1692] cadical/dadda+ripple/strength_red_16 = .018854
  [1689] cryptominisat/shift-add+g-only/strength_red_16 = .019470
  [1693] cryptominisat/dadda+ripple/strength_red_16 = .019778
  [1688] cadical/shift-add+g-only/strength_red_16 = .021623
  [1695] mergesat/dadda+ripple/strength_red_16 = .053283
  [1691] mergesat/shift-add+g-only/strength_red_16 = .068090
  [1702] minisat/dadda+g-only/strength_red_16 = .010928
  [1700] cadical/dadda+g-only/strength_red_16 = .018760
  [1701] cryptominisat/dadda+g-only/strength_red_16 = .019678
  [1697] cryptominisat/dadda+brent-kung/strength_red_16 = .028357
  [1696] cadical/dadda+brent-kung/strength_red_16 = .032031
  [1698] minisat/dadda+brent-kung/strength_red_16 = .034700
  [1703] mergesat/dadda+g-only/strength_red_16 = .053068
  [1699] mergesat/dadda+brent-kung/strength_red_16 = .093727
  [1706] minisat/comba+ripple/strength_red_16 = .034670
  [1705] cryptominisat/comba+ripple/strength_red_16 = .038110
  [1704] cadical/comba+ripple/strength_red_16 = .044147
  [1707] mergesat/comba+ripple/strength_red_16 = .078996
  [1710] minisat/comba+brent-kung/strength_red_16 = T/O
  [1708] cadical/comba+brent-kung/strength_red_16 = T/O
  [1709] cryptominisat/comba+brent-kung/strength_red_16 = T/O
  [1711] mergesat/comba+brent-kung/strength_red_16 = T/O
  [1718] minisat/comba-cs+ripple/strength_red_16 = .012340
  [1717] cryptominisat/comba-cs+ripple/strength_red_16 = .015733
  [1716] cadical/comba-cs+ripple/strength_red_16 = .016547
  [1714] minisat/comba+g-only/strength_red_16 = .034393
  [1713] cryptominisat/comba+g-only/strength_red_16 = .038338
  [1712] cadical/comba+g-only/strength_red_16 = .044220
  [1715] mergesat/comba+g-only/strength_red_16 = .078798
  [1719] mergesat/comba-cs+ripple/strength_red_16 = .105201
  [1726] minisat/comba-cs+g-only/strength_red_16 = .012116
  [1725] cryptominisat/comba-cs+g-only/strength_red_16 = .015450
  [1724] cadical/comba-cs+g-only/strength_red_16 = .016360
  [1722] minisat/comba-cs+brent-kung/strength_red_16 = .019402
  [1721] cryptominisat/comba-cs+brent-kung/strength_red_16 = .020032
  [1720] cadical/comba-cs+brent-kung/strength_red_16 = .027271
  [1723] mergesat/comba-cs+brent-kung/strength_red_16 = .078125
  [1727] mergesat/comba-cs+g-only/strength_red_16 = .105493
All 1728 jobs complete.
