Starting (smt2, jobs=8, runs=3, timeout=120s)...
# smt2 suite
  [0] cadical/shift-add+ripple/add_chain_16 = .185656
  [2] minisat/shift-add+ripple/add_chain_16 = .357391
  [3] mergesat/shift-add+ripple/add_chain_16 = .391274
  [1] cryptominisat/shift-add+ripple/add_chain_16 = .552736
  [4] cadical/shift-add+brent-kung/add_chain_16 = .953193
  [7] mergesat/shift-add+brent-kung/add_chain_16 = 1.799346
  [6] minisat/shift-add+brent-kung/add_chain_16 = 2.635711
  [5] cryptominisat/shift-add+brent-kung/add_chain_16 = 4.863172
  [12] cadical/dadda+ripple/add_chain_16 = .185492
  [8] cadical/shift-add+g-only/add_chain_16 = .186393
  [10] minisat/shift-add+g-only/add_chain_16 = .356983
  [14] minisat/dadda+ripple/add_chain_16 = .356628
  [15] mergesat/dadda+ripple/add_chain_16 = .391495
  [11] mergesat/shift-add+g-only/add_chain_16 = .392107
  [9] cryptominisat/shift-add+g-only/add_chain_16 = .554272
  [13] cryptominisat/dadda+ripple/add_chain_16 = .554461
  [20] cadical/dadda+g-only/add_chain_16 = .185633
  [22] minisat/dadda+g-only/add_chain_16 = .357292
  [23] mergesat/dadda+g-only/add_chain_16 = .391396
  [21] cryptominisat/dadda+g-only/add_chain_16 = .554927
  [16] cadical/dadda+brent-kung/add_chain_16 = .955087
  [19] mergesat/dadda+brent-kung/add_chain_16 = 1.798700
  [18] minisat/dadda+brent-kung/add_chain_16 = 2.637626
  [17] cryptominisat/dadda+brent-kung/add_chain_16 = 4.852829
  [24] cadical/comba+ripple/add_chain_16 = .185552
  [26] minisat/comba+ripple/add_chain_16 = .357256
  [27] mergesat/comba+ripple/add_chain_16 = .391133
  [25] cryptominisat/comba+ripple/add_chain_16 = .554762
  [28] cadical/comba+brent-kung/add_chain_16 = .955068
  [31] mergesat/comba+brent-kung/add_chain_16 = 1.801978
  [30] minisat/comba+brent-kung/add_chain_16 = 2.640237
  [29] cryptominisat/comba+brent-kung/add_chain_16 = 4.861728
  [32] cadical/comba+g-only/add_chain_16 = .185706
  [36] cadical/comba-cs+ripple/add_chain_16 = .185955
  [34] minisat/comba+g-only/add_chain_16 = .357595
  [38] minisat/comba-cs+ripple/add_chain_16 = .357247
  [39] mergesat/comba-cs+ripple/add_chain_16 = .390605
  [35] mergesat/comba+g-only/add_chain_16 = .391672
  [37] cryptominisat/comba-cs+ripple/add_chain_16 = .553644
  [33] cryptominisat/comba+g-only/add_chain_16 = .554399
  [44] cadical/comba-cs+g-only/add_chain_16 = .185457
  [46] minisat/comba-cs+g-only/add_chain_16 = .357076
  [47] mergesat/comba-cs+g-only/add_chain_16 = .391691
  [45] cryptominisat/comba-cs+g-only/add_chain_16 = .553034
  [40] cadical/comba-cs+brent-kung/add_chain_16 = .955007
  [43] mergesat/comba-cs+brent-kung/add_chain_16 = 1.798559
  [42] minisat/comba-cs+brent-kung/add_chain_16 = 2.639183
  [41] cryptominisat/comba-cs+brent-kung/add_chain_16 = 4.843175
  [48] cadical/shift-add+ripple/add_chain_32 = .335465
  [51] mergesat/shift-add+ripple/add_chain_32 = .766697
  [52] cadical/shift-add+brent-kung/add_chain_32 = 1.757214
  [49] cryptominisat/shift-add+ripple/add_chain_32 = 1.898803
  [50] minisat/shift-add+ripple/add_chain_32 = 3.033419
  [55] mergesat/shift-add+brent-kung/add_chain_32 = 3.274109
  [54] minisat/shift-add+brent-kung/add_chain_32 = 10.247161
  [53] cryptominisat/shift-add+brent-kung/add_chain_32 = 11.363325
  [56] cadical/shift-add+g-only/add_chain_32 = .335811
  [60] cadical/dadda+ripple/add_chain_32 = .335389
  [63] mergesat/dadda+ripple/add_chain_32 = .766008
  [59] mergesat/shift-add+g-only/add_chain_32 = .766794
  [61] cryptominisat/dadda+ripple/add_chain_32 = 1.888357
  [57] cryptominisat/shift-add+g-only/add_chain_32 = 1.886480
  [62] minisat/dadda+ripple/add_chain_32 = 3.031757
  [58] minisat/shift-add+g-only/add_chain_32 = 3.032216
  [68] cadical/dadda+g-only/add_chain_32 = .335368
  [71] mergesat/dadda+g-only/add_chain_32 = .765728
  [64] cadical/dadda+brent-kung/add_chain_32 = 1.761004
  [69] cryptominisat/dadda+g-only/add_chain_32 = 1.903939
  [70] minisat/dadda+g-only/add_chain_32 = 3.033162
  [67] mergesat/dadda+brent-kung/add_chain_32 = 3.265217
  [66] minisat/dadda+brent-kung/add_chain_32 = 10.242907
  [65] cryptominisat/dadda+brent-kung/add_chain_32 = 11.282065
  [72] cadical/comba+ripple/add_chain_32 = .335754
  [75] mergesat/comba+ripple/add_chain_32 = .765912
  [76] cadical/comba+brent-kung/add_chain_32 = 1.757075
  [73] cryptominisat/comba+ripple/add_chain_32 = 1.899786
  [74] minisat/comba+ripple/add_chain_32 = 3.037329
  [79] mergesat/comba+brent-kung/add_chain_32 = 3.268374
  [78] minisat/comba+brent-kung/add_chain_32 = 10.240936
  [77] cryptominisat/comba+brent-kung/add_chain_32 = 11.243300
  [84] cadical/comba-cs+ripple/add_chain_32 = .334664
  [80] cadical/comba+g-only/add_chain_32 = .335694
  [83] mergesat/comba+g-only/add_chain_32 = .766702
  [87] mergesat/comba-cs+ripple/add_chain_32 = .765546
  [81] cryptominisat/comba+g-only/add_chain_32 = 1.879994
  [85] cryptominisat/comba-cs+ripple/add_chain_32 = 1.884586
  [86] minisat/comba-cs+ripple/add_chain_32 = 3.031210
  [82] minisat/comba+g-only/add_chain_32 = 3.034345
  [92] cadical/comba-cs+g-only/add_chain_32 = .336068
  [95] mergesat/comba-cs+g-only/add_chain_32 = .765806
  [88] cadical/comba-cs+brent-kung/add_chain_32 = 1.758966
  [93] cryptominisat/comba-cs+g-only/add_chain_32 = 1.898649
  [94] minisat/comba-cs+g-only/add_chain_32 = 3.036077
  [91] mergesat/comba-cs+brent-kung/add_chain_32 = 3.273727
  [90] minisat/comba-cs+brent-kung/add_chain_32 = 10.240476
  [89] cryptominisat/comba-cs+brent-kung/add_chain_32 = 11.304763
  [96] cadical/shift-add+ripple/add_overflow_16 = .006339
  [98] minisat/shift-add+ripple/add_overflow_16 = .006168
  [97] cryptominisat/shift-add+ripple/add_overflow_16 = .009237
  [99] mergesat/shift-add+ripple/add_overflow_16 = .009656
  [103] mergesat/shift-add+brent-kung/add_overflow_16 = T/O
  [101] cryptominisat/shift-add+brent-kung/add_overflow_16 = T/O
  [102] minisat/shift-add+brent-kung/add_overflow_16 = T/O
  [100] cadical/shift-add+brent-kung/add_overflow_16 = T/O
  [104] cadical/shift-add+g-only/add_overflow_16 = .006334
  [106] minisat/shift-add+g-only/add_overflow_16 = .006130
  [110] minisat/dadda+ripple/add_overflow_16 = .006099
  [108] cadical/dadda+ripple/add_overflow_16 = .006204
  [105] cryptominisat/shift-add+g-only/add_overflow_16 = .009364
  [109] cryptominisat/dadda+ripple/add_overflow_16 = .009362
  [107] mergesat/shift-add+g-only/add_overflow_16 = .009758
  [111] mergesat/dadda+ripple/add_overflow_16 = .009601
  [116] cadical/dadda+g-only/add_overflow_16 = .006242
  [118] minisat/dadda+g-only/add_overflow_16 = .006045
  [117] cryptominisat/dadda+g-only/add_overflow_16 = .009213
  [119] mergesat/dadda+g-only/add_overflow_16 = .009571
  [115] mergesat/dadda+brent-kung/add_overflow_16 = T/O
  [113] cryptominisat/dadda+brent-kung/add_overflow_16 = T/O
  [114] minisat/dadda+brent-kung/add_overflow_16 = T/O
  [112] cadical/dadda+brent-kung/add_overflow_16 = T/O
  [122] minisat/comba+ripple/add_overflow_16 = .006078
  [120] cadical/comba+ripple/add_overflow_16 = .006413
  [121] cryptominisat/comba+ripple/add_overflow_16 = .009239
  [123] mergesat/comba+ripple/add_overflow_16 = .009554
  [125] cryptominisat/comba+brent-kung/add_overflow_16 = T/O
  [126] minisat/comba+brent-kung/add_overflow_16 = T/O
  [124] cadical/comba+brent-kung/add_overflow_16 = T/O
  [127] mergesat/comba+brent-kung/add_overflow_16 = T/O
  [130] minisat/comba+g-only/add_overflow_16 = .006145
  [128] cadical/comba+g-only/add_overflow_16 = .006567
  [134] minisat/comba-cs+ripple/add_overflow_16 = .005932
  [132] cadical/comba-cs+ripple/add_overflow_16 = .006248
  [129] cryptominisat/comba+g-only/add_overflow_16 = .009252
  [133] cryptominisat/comba-cs+ripple/add_overflow_16 = .009199
  [131] mergesat/comba+g-only/add_overflow_16 = .009539
  [135] mergesat/comba-cs+ripple/add_overflow_16 = .009526
  [140] cadical/comba-cs+g-only/add_overflow_16 = .006298
  [142] minisat/comba-cs+g-only/add_overflow_16 = .006108
  [141] cryptominisat/comba-cs+g-only/add_overflow_16 = .009336
  [143] mergesat/comba-cs+g-only/add_overflow_16 = .009513
  [139] mergesat/comba-cs+brent-kung/add_overflow_16 = T/O
  [138] minisat/comba-cs+brent-kung/add_overflow_16 = T/O
  [137] cryptominisat/comba-cs+brent-kung/add_overflow_16 = T/O
  [136] cadical/comba-cs+brent-kung/add_overflow_16 = T/O
  [146] minisat/shift-add+ripple/add_sub_cancel_16 = .007397
  [144] cadical/shift-add+ripple/add_sub_cancel_16 = .008335
  [145] cryptominisat/shift-add+ripple/add_sub_cancel_16 = .008451
  [149] cryptominisat/shift-add+brent-kung/add_sub_cancel_16 = .010117
  [150] minisat/shift-add+brent-kung/add_sub_cancel_16 = .011129
  [147] mergesat/shift-add+ripple/add_sub_cancel_16 = .012630
  [148] cadical/shift-add+brent-kung/add_sub_cancel_16 = .015059
  [151] mergesat/shift-add+brent-kung/add_sub_cancel_16 = .016476
  [154] minisat/shift-add+g-only/add_sub_cancel_16 = .007564
  [158] minisat/dadda+ripple/add_sub_cancel_16 = .007452
  [152] cadical/shift-add+g-only/add_sub_cancel_16 = .008351
  [153] cryptominisat/shift-add+g-only/add_sub_cancel_16 = .008394
  [156] cadical/dadda+ripple/add_sub_cancel_16 = .008428
  [157] cryptominisat/dadda+ripple/add_sub_cancel_16 = .008478
  [155] mergesat/shift-add+g-only/add_sub_cancel_16 = .012583
  [159] mergesat/dadda+ripple/add_sub_cancel_16 = .012571
  [166] minisat/dadda+g-only/add_sub_cancel_16 = .007386
  [164] cadical/dadda+g-only/add_sub_cancel_16 = .008242
  [165] cryptominisat/dadda+g-only/add_sub_cancel_16 = .008230
  [161] cryptominisat/dadda+brent-kung/add_sub_cancel_16 = .010214
  [162] minisat/dadda+brent-kung/add_sub_cancel_16 = .011217
  [167] mergesat/dadda+g-only/add_sub_cancel_16 = .012642
  [160] cadical/dadda+brent-kung/add_sub_cancel_16 = .015448
  [163] mergesat/dadda+brent-kung/add_sub_cancel_16 = .016360
  [170] minisat/comba+ripple/add_sub_cancel_16 = .007490
  [168] cadical/comba+ripple/add_sub_cancel_16 = .008359
  [169] cryptominisat/comba+ripple/add_sub_cancel_16 = .008178
  [173] cryptominisat/comba+brent-kung/add_sub_cancel_16 = .010119
  [174] minisat/comba+brent-kung/add_sub_cancel_16 = .011141
  [171] mergesat/comba+ripple/add_sub_cancel_16 = .012449
  [172] cadical/comba+brent-kung/add_sub_cancel_16 = .015114
  [175] mergesat/comba+brent-kung/add_sub_cancel_16 = .016587
  [178] minisat/comba+g-only/add_sub_cancel_16 = .007435
  [182] minisat/comba-cs+ripple/add_sub_cancel_16 = .007491
  [176] cadical/comba+g-only/add_sub_cancel_16 = .008361
  [177] cryptominisat/comba+g-only/add_sub_cancel_16 = .008420
  [180] cadical/comba-cs+ripple/add_sub_cancel_16 = .008259
  [181] cryptominisat/comba-cs+ripple/add_sub_cancel_16 = .008390
  [179] mergesat/comba+g-only/add_sub_cancel_16 = .012602
  [183] mergesat/comba-cs+ripple/add_sub_cancel_16 = .012533
  [190] minisat/comba-cs+g-only/add_sub_cancel_16 = .007519
  [188] cadical/comba-cs+g-only/add_sub_cancel_16 = .008440
  [189] cryptominisat/comba-cs+g-only/add_sub_cancel_16 = .008509
  [185] cryptominisat/comba-cs+brent-kung/add_sub_cancel_16 = .010335
  [186] minisat/comba-cs+brent-kung/add_sub_cancel_16 = .011140
  [191] mergesat/comba-cs+g-only/add_sub_cancel_16 = .012869
  [184] cadical/comba-cs+brent-kung/add_sub_cancel_16 = .015487
  [187] mergesat/comba-cs+brent-kung/add_sub_cancel_16 = .016349
  [194] minisat/shift-add+ripple/assoc_8 = .009509
  [192] cadical/shift-add+ripple/assoc_8 = .009762
  [196] cadical/shift-add+brent-kung/assoc_8 = .009685
  [198] minisat/shift-add+brent-kung/assoc_8 = .009510
  [197] cryptominisat/shift-add+brent-kung/assoc_8 = 88.639887
  [193] cryptominisat/shift-add+ripple/assoc_8 = 88.603937
  [195] mergesat/shift-add+ripple/assoc_8 = 103.434394
  [199] mergesat/shift-add+brent-kung/assoc_8 = 103.628200
  [202] minisat/shift-add+g-only/assoc_8 = .009451
  [200] cadical/shift-add+g-only/assoc_8 = .009762
  [204] cadical/dadda+ripple/assoc_8 = .009686
  [206] minisat/dadda+ripple/assoc_8 = .009324
  [201] cryptominisat/shift-add+g-only/assoc_8 = 88.889775
  [203] mergesat/shift-add+g-only/assoc_8 = 104.871775
  [205] cryptominisat/dadda+ripple/assoc_8 = T/O
  [207] mergesat/dadda+ripple/assoc_8 = T/O
  [210] minisat/dadda+brent-kung/assoc_8 = .009713
  [212] cadical/dadda+g-only/assoc_8 = .009776
  [208] cadical/dadda+brent-kung/assoc_8 = .010000
  [214] minisat/dadda+g-only/assoc_8 = .009578
  [213] cryptominisat/dadda+g-only/assoc_8 = T/O
  [209] cryptominisat/dadda+brent-kung/assoc_8 = T/O
  [215] mergesat/dadda+g-only/assoc_8 = T/O
  [211] mergesat/dadda+brent-kung/assoc_8 = T/O
  [216] cadical/comba+ripple/assoc_8 = .011278
  [218] minisat/comba+ripple/assoc_8 = .010803
  [220] cadical/comba+brent-kung/assoc_8 = T/O
  [222] minisat/comba+brent-kung/assoc_8 = T/O
  [221] cryptominisat/comba+brent-kung/assoc_8 = T/O
  [223] mergesat/comba+brent-kung/assoc_8 = T/O
  [217] cryptominisat/comba+ripple/assoc_8 = T/O
  [219] mergesat/comba+ripple/assoc_8 = T/O
  [230] minisat/comba-cs+ripple/assoc_8 = .009507
  [228] cadical/comba-cs+ripple/assoc_8 = .009823
  [226] minisat/comba+g-only/assoc_8 = .010397
  [224] cadical/comba+g-only/assoc_8 = .010785
  [229] cryptominisat/comba-cs+ripple/assoc_8 = 89.175080
  [231] mergesat/comba-cs+ripple/assoc_8 = 104.449623
  [225] cryptominisat/comba+g-only/assoc_8 = T/O
  [227] mergesat/comba+g-only/assoc_8 = T/O
  [234] minisat/comba-cs+brent-kung/assoc_8 = .009471
  [232] cadical/comba-cs+brent-kung/assoc_8 = .009849
  [238] minisat/comba-cs+g-only/assoc_8 = .009486
  [236] cadical/comba-cs+g-only/assoc_8 = .009649
  [237] cryptominisat/comba-cs+g-only/assoc_8 = 88.668730
  [233] cryptominisat/comba-cs+brent-kung/assoc_8 = 88.957457
  [235] mergesat/comba-cs+brent-kung/assoc_8 = 103.940256
  [239] mergesat/comba-cs+g-only/assoc_8 = 103.754140
  [242] minisat/shift-add+ripple/barrett_red_8 = .006616
  [246] minisat/shift-add+brent-kung/barrett_red_8 = .006781
  [241] cryptominisat/shift-add+ripple/barrett_red_8 = .007320
  [245] cryptominisat/shift-add+brent-kung/barrett_red_8 = .007608
  [243] mergesat/shift-add+ripple/barrett_red_8 = .008026
  [247] mergesat/shift-add+brent-kung/barrett_red_8 = .008934
  [240] cadical/shift-add+ripple/barrett_red_8 = .012548
  [244] cadical/shift-add+brent-kung/barrett_red_8 = .012822
  [250] minisat/shift-add+g-only/barrett_red_8 = .006825
  [249] cryptominisat/shift-add+g-only/barrett_red_8 = .007343
  [254] minisat/dadda+ripple/barrett_red_8 = .006669
  [251] mergesat/shift-add+g-only/barrett_red_8 = .007997
  [253] cryptominisat/dadda+ripple/barrett_red_8 = .007898
  [255] mergesat/dadda+ripple/barrett_red_8 = .009086
  [248] cadical/shift-add+g-only/barrett_red_8 = .012976
  [252] cadical/dadda+ripple/barrett_red_8 = .012559
  [258] minisat/dadda+brent-kung/barrett_red_8 = .007067
  [262] minisat/dadda+g-only/barrett_red_8 = .006706
  [257] cryptominisat/dadda+brent-kung/barrett_red_8 = .007641
  [261] cryptominisat/dadda+g-only/barrett_red_8 = .007820
  [259] mergesat/dadda+brent-kung/barrett_red_8 = .008447
  [263] mergesat/dadda+g-only/barrett_red_8 = .009075
  [260] cadical/dadda+g-only/barrett_red_8 = .012693
  [256] cadical/dadda+brent-kung/barrett_red_8 = .013674
  [266] minisat/comba+ripple/barrett_red_8 = .008985
  [267] mergesat/comba+ripple/barrett_red_8 = .014139
  [264] cadical/comba+ripple/barrett_red_8 = .017574
  [265] cryptominisat/comba+ripple/barrett_red_8 = .020731
  [269] cryptominisat/comba+brent-kung/barrett_red_8 = T/O
  [271] mergesat/comba+brent-kung/barrett_red_8 = T/O
  [270] minisat/comba+brent-kung/barrett_red_8 = T/O
  [268] cadical/comba+brent-kung/barrett_red_8 = T/O
  [278] minisat/comba-cs+ripple/barrett_red_8 = .006565
  [277] cryptominisat/comba-cs+ripple/barrett_red_8 = .007285
  [279] mergesat/comba-cs+ripple/barrett_red_8 = .007871
  [274] minisat/comba+g-only/barrett_red_8 = .009075
  [276] cadical/comba-cs+ripple/barrett_red_8 = .012312
  [275] mergesat/comba+g-only/barrett_red_8 = .014135
  [272] cadical/comba+g-only/barrett_red_8 = .017643
  [273] cryptominisat/comba+g-only/barrett_red_8 = .020734
  [282] minisat/comba-cs+brent-kung/barrett_red_8 = .007135
  [286] minisat/comba-cs+g-only/barrett_red_8 = .006715
  [285] cryptominisat/comba-cs+g-only/barrett_red_8 = .007326
  [281] cryptominisat/comba-cs+brent-kung/barrett_red_8 = .007764
  [287] mergesat/comba-cs+g-only/barrett_red_8 = .008144
  [283] mergesat/comba-cs+brent-kung/barrett_red_8 = .008938
  [280] cadical/comba-cs+brent-kung/barrett_red_8 = .012924
  [284] cadical/comba-cs+g-only/barrett_red_8 = .012433
  [288] cadical/shift-add+ripple/bf16_mul_comm = .008819
  [292] cadical/shift-add+brent-kung/bf16_mul_comm = .008654
  [291] mergesat/shift-add+ripple/bf16_mul_comm = .042937
  [295] mergesat/shift-add+brent-kung/bf16_mul_comm = .042589
  [290] minisat/shift-add+ripple/bf16_mul_comm = .044849
  [294] minisat/shift-add+brent-kung/bf16_mul_comm = .044766
  [289] cryptominisat/shift-add+ripple/bf16_mul_comm = .277226
  [293] cryptominisat/shift-add+brent-kung/bf16_mul_comm = .278303
  [296] cadical/shift-add+g-only/bf16_mul_comm = .008772
  [300] cadical/dadda+ripple/bf16_mul_comm = .008760
  [303] mergesat/dadda+ripple/bf16_mul_comm = .030943
  [302] minisat/dadda+ripple/bf16_mul_comm = .031488
  [299] mergesat/shift-add+g-only/bf16_mul_comm = .042852
  [298] minisat/shift-add+g-only/bf16_mul_comm = .044668
  [301] cryptominisat/dadda+ripple/bf16_mul_comm = .044373
  [297] cryptominisat/shift-add+g-only/bf16_mul_comm = .277299
  [304] cadical/dadda+brent-kung/bf16_mul_comm = .009001
  [308] cadical/dadda+g-only/bf16_mul_comm = .008891
  [307] mergesat/dadda+brent-kung/bf16_mul_comm = .031179
  [306] minisat/dadda+brent-kung/bf16_mul_comm = .031521
  [311] mergesat/dadda+g-only/bf16_mul_comm = .031458
  [310] minisat/dadda+g-only/bf16_mul_comm = .031733
  [305] cryptominisat/dadda+brent-kung/bf16_mul_comm = .044433
  [309] cryptominisat/dadda+g-only/bf16_mul_comm = .044271
  [312] cadical/comba+ripple/bf16_mul_comm = .009744
  [316] cadical/comba+brent-kung/bf16_mul_comm = .009603
  [314] minisat/comba+ripple/bf16_mul_comm = .025213
  [318] minisat/comba+brent-kung/bf16_mul_comm = .025261
  [313] cryptominisat/comba+ripple/bf16_mul_comm = .044503
  [317] cryptominisat/comba+brent-kung/bf16_mul_comm = .044326
  [315] mergesat/comba+ripple/bf16_mul_comm = .057764
  [319] mergesat/comba+brent-kung/bf16_mul_comm = .057884
  [324] cadical/comba-cs+ripple/bf16_mul_comm = .008818
  [320] cadical/comba+g-only/bf16_mul_comm = .009671
  [322] minisat/comba+g-only/bf16_mul_comm = .025079
  [327] mergesat/comba-cs+ripple/bf16_mul_comm = .032626
  [326] minisat/comba-cs+ripple/bf16_mul_comm = .039804
  [321] cryptominisat/comba+g-only/bf16_mul_comm = .044540
  [323] mergesat/comba+g-only/bf16_mul_comm = .057546
  [325] cryptominisat/comba-cs+ripple/bf16_mul_comm = .237046
  [328] cadical/comba-cs+brent-kung/bf16_mul_comm = .009045
  [332] cadical/comba-cs+g-only/bf16_mul_comm = .008965
  [331] mergesat/comba-cs+brent-kung/bf16_mul_comm = .032097
  [335] mergesat/comba-cs+g-only/bf16_mul_comm = .032077
  [334] minisat/comba-cs+g-only/bf16_mul_comm = .039704
  [330] minisat/comba-cs+brent-kung/bf16_mul_comm = .040483
  [329] cryptominisat/comba-cs+brent-kung/bf16_mul_comm = .237707
  [333] cryptominisat/comba-cs+g-only/bf16_mul_comm = .237471
  [336] cadical/shift-add+ripple/bf16_mul_comm_v2 = 24.252157
  [340] cadical/shift-add+brent-kung/bf16_mul_comm_v2 = 24.233503
  [341] cryptominisat/shift-add+brent-kung/bf16_mul_comm_v2 = 51.828730
  [337] cryptominisat/shift-add+ripple/bf16_mul_comm_v2 = 52.386798
  [339] mergesat/shift-add+ripple/bf16_mul_comm_v2 = 86.369878
  [343] mergesat/shift-add+brent-kung/bf16_mul_comm_v2 = 88.054817
  [338] minisat/shift-add+ripple/bf16_mul_comm_v2 = T/O
  [342] minisat/shift-add+brent-kung/bf16_mul_comm_v2 = T/O
  [344] cadical/shift-add+g-only/bf16_mul_comm_v2 = 24.281844
  [348] cadical/dadda+ripple/bf16_mul_comm_v2 = 29.518747
  [345] cryptominisat/shift-add+g-only/bf16_mul_comm_v2 = 52.305203
  [349] cryptominisat/dadda+ripple/bf16_mul_comm_v2 = 59.276061
  [347] mergesat/shift-add+g-only/bf16_mul_comm_v2 = 88.339513
  [350] minisat/dadda+ripple/bf16_mul_comm_v2 = 90.617525
  [351] mergesat/dadda+ripple/bf16_mul_comm_v2 = 111.286027
  [346] minisat/shift-add+g-only/bf16_mul_comm_v2 = T/O
  [356] cadical/dadda+g-only/bf16_mul_comm_v2 = 29.617412
  [352] cadical/dadda+brent-kung/bf16_mul_comm_v2 = 29.689912
  [353] cryptominisat/dadda+brent-kung/bf16_mul_comm_v2 = 60.394029
  [357] cryptominisat/dadda+g-only/bf16_mul_comm_v2 = 60.905725
  [354] minisat/dadda+brent-kung/bf16_mul_comm_v2 = 90.673875
  [358] minisat/dadda+g-only/bf16_mul_comm_v2 = 91.010363
  [355] mergesat/dadda+brent-kung/bf16_mul_comm_v2 = 112.860794
  [359] mergesat/dadda+g-only/bf16_mul_comm_v2 = 112.574061
  [364] cadical/comba+brent-kung/bf16_mul_comm_v2 = 11.105312
  [360] cadical/comba+ripple/bf16_mul_comm_v2 = 11.133286
  [361] cryptominisat/comba+ripple/bf16_mul_comm_v2 = 43.262255
  [365] cryptominisat/comba+brent-kung/bf16_mul_comm_v2 = 43.177486
  [362] minisat/comba+ripple/bf16_mul_comm_v2 = T/O
  [366] minisat/comba+brent-kung/bf16_mul_comm_v2 = T/O
  [363] mergesat/comba+ripple/bf16_mul_comm_v2 = T/O
  [367] mergesat/comba+brent-kung/bf16_mul_comm_v2 = T/O
  [368] cadical/comba+g-only/bf16_mul_comm_v2 = 11.080142
  [372] cadical/comba-cs+ripple/bf16_mul_comm_v2 = 11.677707
  [369] cryptominisat/comba+g-only/bf16_mul_comm_v2 = 42.744156
  [373] cryptominisat/comba-cs+ripple/bf16_mul_comm_v2 = 49.849758
  [375] mergesat/comba-cs+ripple/bf16_mul_comm_v2 = 119.650442
  [370] minisat/comba+g-only/bf16_mul_comm_v2 = T/O
  [374] minisat/comba-cs+ripple/bf16_mul_comm_v2 = T/O
  [371] mergesat/comba+g-only/bf16_mul_comm_v2 = T/O
  [380] cadical/comba-cs+g-only/bf16_mul_comm_v2 = 11.711008
  [376] cadical/comba-cs+brent-kung/bf16_mul_comm_v2 = 11.672735
  [381] cryptominisat/comba-cs+g-only/bf16_mul_comm_v2 = 49.257563
  [377] cryptominisat/comba-cs+brent-kung/bf16_mul_comm_v2 = 49.620840
  [379] mergesat/comba-cs+brent-kung/bf16_mul_comm_v2 = 119.344935
  [383] mergesat/comba-cs+g-only/bf16_mul_comm_v2 = T/O
  [378] minisat/comba-cs+brent-kung/bf16_mul_comm_v2 = T/O
  [382] minisat/comba-cs+g-only/bf16_mul_comm_v2 = T/O
  [386] minisat/shift-add+ripple/bf16_mul_const = .019870
  [390] minisat/shift-add+brent-kung/bf16_mul_const = .019858
  [384] cadical/shift-add+ripple/bf16_mul_const = .030457
  [388] cadical/shift-add+brent-kung/bf16_mul_const = .030451
  [387] mergesat/shift-add+ripple/bf16_mul_const = .038146
  [391] mergesat/shift-add+brent-kung/bf16_mul_const = .038175
  [385] cryptominisat/shift-add+ripple/bf16_mul_const = .048878
  [389] cryptominisat/shift-add+brent-kung/bf16_mul_const = .048868
  [394] minisat/shift-add+g-only/bf16_mul_const = .019969
  [398] minisat/dadda+ripple/bf16_mul_const = .022906
  [396] cadical/dadda+ripple/bf16_mul_const = .028424
  [392] cadical/shift-add+g-only/bf16_mul_const = .030524
  [397] cryptominisat/dadda+ripple/bf16_mul_const = .037384
  [399] mergesat/dadda+ripple/bf16_mul_const = .037433
  [395] mergesat/shift-add+g-only/bf16_mul_const = .038084
  [393] cryptominisat/shift-add+g-only/bf16_mul_const = .048829
  [402] minisat/dadda+brent-kung/bf16_mul_const = .022809
  [406] minisat/dadda+g-only/bf16_mul_const = .022826
  [400] cadical/dadda+brent-kung/bf16_mul_const = .028682
  [404] cadical/dadda+g-only/bf16_mul_const = .028485
  [401] cryptominisat/dadda+brent-kung/bf16_mul_const = .037768
  [403] mergesat/dadda+brent-kung/bf16_mul_const = .037623
  [405] cryptominisat/dadda+g-only/bf16_mul_const = .037656
  [407] mergesat/dadda+g-only/bf16_mul_const = .037681
  [410] minisat/comba+ripple/bf16_mul_const = .022397
  [414] minisat/comba+brent-kung/bf16_mul_const = .022253
  [408] cadical/comba+ripple/bf16_mul_const = .032605
  [412] cadical/comba+brent-kung/bf16_mul_const = .032903
  [409] cryptominisat/comba+ripple/bf16_mul_const = .041444
  [413] cryptominisat/comba+brent-kung/bf16_mul_const = .041283
  [411] mergesat/comba+ripple/bf16_mul_const = .089048
  [415] mergesat/comba+brent-kung/bf16_mul_const = .088926
  [422] minisat/comba-cs+ripple/bf16_mul_const = .021214
  [418] minisat/comba+g-only/bf16_mul_const = .022579
  [420] cadical/comba-cs+ripple/bf16_mul_const = .028577
  [416] cadical/comba+g-only/bf16_mul_const = .032526
  [421] cryptominisat/comba-cs+ripple/bf16_mul_const = .032765
  [417] cryptominisat/comba+g-only/bf16_mul_const = .041148
  [423] mergesat/comba-cs+ripple/bf16_mul_const = .047939
  [419] mergesat/comba+g-only/bf16_mul_const = .088416
  [426] minisat/comba-cs+brent-kung/bf16_mul_const = .021431
  [430] minisat/comba-cs+g-only/bf16_mul_const = .021286
  [424] cadical/comba-cs+brent-kung/bf16_mul_const = .028577
  [428] cadical/comba-cs+g-only/bf16_mul_const = .028446
  [425] cryptominisat/comba-cs+brent-kung/bf16_mul_const = .032920
  [429] cryptominisat/comba-cs+g-only/bf16_mul_const = .033108
  [427] mergesat/comba-cs+brent-kung/bf16_mul_const = .048033
  [431] mergesat/comba-cs+g-only/bf16_mul_const = .048003
  [436] cadical/shift-add+brent-kung/bf16_mul_mono = 30.897206
  [432] cadical/shift-add+ripple/bf16_mul_mono = 30.956124
  [433] cryptominisat/shift-add+ripple/bf16_mul_mono = 53.860342
  [437] cryptominisat/shift-add+brent-kung/bf16_mul_mono = 53.955554
  [439] mergesat/shift-add+brent-kung/bf16_mul_mono = 96.631223
  [435] mergesat/shift-add+ripple/bf16_mul_mono = 96.005165
  [434] minisat/shift-add+ripple/bf16_mul_mono = T/O
  [438] minisat/shift-add+brent-kung/bf16_mul_mono = T/O
  [440] cadical/shift-add+g-only/bf16_mul_mono = 30.884130
  [444] cadical/dadda+ripple/bf16_mul_mono = 34.393929
  [441] cryptominisat/shift-add+g-only/bf16_mul_mono = 54.037019
  [447] mergesat/dadda+ripple/bf16_mul_mono = 95.484418
  [445] cryptominisat/dadda+ripple/bf16_mul_mono = 97.380738
  [443] mergesat/shift-add+g-only/bf16_mul_mono = 96.536463
  [442] minisat/shift-add+g-only/bf16_mul_mono = T/O
  [446] minisat/dadda+ripple/bf16_mul_mono = T/O
  [448] cadical/dadda+brent-kung/bf16_mul_mono = 34.308814
  [452] cadical/dadda+g-only/bf16_mul_mono = 34.483536
  [451] mergesat/dadda+brent-kung/bf16_mul_mono = 97.596775
  [455] mergesat/dadda+g-only/bf16_mul_mono = 98.196508
  [453] cryptominisat/dadda+g-only/bf16_mul_mono = 98.703894
  [449] cryptominisat/dadda+brent-kung/bf16_mul_mono = 98.906542
  [450] minisat/dadda+brent-kung/bf16_mul_mono = T/O
  [454] minisat/dadda+g-only/bf16_mul_mono = T/O
  [456] cadical/comba+ripple/bf16_mul_mono = 29.295843
  [460] cadical/comba+brent-kung/bf16_mul_mono = 29.364845
  [457] cryptominisat/comba+ripple/bf16_mul_mono = 89.494248
  [461] cryptominisat/comba+brent-kung/bf16_mul_mono = 89.622121
  [463] mergesat/comba+brent-kung/bf16_mul_mono = 101.511405
  [459] mergesat/comba+ripple/bf16_mul_mono = 102.780652
  [458] minisat/comba+ripple/bf16_mul_mono = T/O
  [462] minisat/comba+brent-kung/bf16_mul_mono = T/O
  [464] cadical/comba+g-only/bf16_mul_mono = 29.263705
  [468] cadical/comba-cs+ripple/bf16_mul_mono = 30.662497
  [469] cryptominisat/comba-cs+ripple/bf16_mul_mono = 73.187334
  [465] cryptominisat/comba+g-only/bf16_mul_mono = 88.628349
  [467] mergesat/comba+g-only/bf16_mul_mono = 103.138974
  [471] mergesat/comba-cs+ripple/bf16_mul_mono = 111.974126
  [466] minisat/comba+g-only/bf16_mul_mono = T/O
  [470] minisat/comba-cs+ripple/bf16_mul_mono = T/O
  [472] cadical/comba-cs+brent-kung/bf16_mul_mono = 30.574347
  [476] cadical/comba-cs+g-only/bf16_mul_mono = 30.725845
  [473] cryptominisat/comba-cs+brent-kung/bf16_mul_mono = 72.491637
  [477] cryptominisat/comba-cs+g-only/bf16_mul_mono = 73.062099
  [475] mergesat/comba-cs+brent-kung/bf16_mul_mono = 113.001598
  [479] mergesat/comba-cs+g-only/bf16_mul_mono = 114.282376
  [474] minisat/comba-cs+brent-kung/bf16_mul_mono = T/O
  [478] minisat/comba-cs+g-only/bf16_mul_mono = T/O
  [482] minisat/shift-add+ripple/checked_mul_16 = .007833
  [486] minisat/shift-add+brent-kung/checked_mul_16 = .007903
  [480] cadical/shift-add+ripple/checked_mul_16 = .008565
  [484] cadical/shift-add+brent-kung/checked_mul_16 = .008427
  [487] mergesat/shift-add+brent-kung/checked_mul_16 = 9.121037
  [483] mergesat/shift-add+ripple/checked_mul_16 = 9.178660
  [485] cryptominisat/shift-add+brent-kung/checked_mul_16 = 42.956591
  [481] cryptominisat/shift-add+ripple/checked_mul_16 = 43.417277
  [490] minisat/shift-add+g-only/checked_mul_16 = .007901
  [488] cadical/shift-add+g-only/checked_mul_16 = .008392
  [494] minisat/dadda+ripple/checked_mul_16 = .008059
  [492] cadical/dadda+ripple/checked_mul_16 = .008546
  [495] mergesat/dadda+ripple/checked_mul_16 = 5.620784
  [491] mergesat/shift-add+g-only/checked_mul_16 = 9.115835
  [493] cryptominisat/dadda+ripple/checked_mul_16 = 19.440962
  [489] cryptominisat/shift-add+g-only/checked_mul_16 = 42.426288
  [498] minisat/dadda+brent-kung/checked_mul_16 = .008105
  [502] minisat/dadda+g-only/checked_mul_16 = .008011
  [496] cadical/dadda+brent-kung/checked_mul_16 = .008812
  [500] cadical/dadda+g-only/checked_mul_16 = .008481
  [503] mergesat/dadda+g-only/checked_mul_16 = 5.645899
  [499] mergesat/dadda+brent-kung/checked_mul_16 = 6.770522
  [501] cryptominisat/dadda+g-only/checked_mul_16 = 19.451859
  [497] cryptominisat/dadda+brent-kung/checked_mul_16 = 23.384661
  [506] minisat/comba+ripple/checked_mul_16 = .010848
  [504] cadical/comba+ripple/checked_mul_16 = .011802
  [510] minisat/comba+brent-kung/checked_mul_16 = T/O
  [511] mergesat/comba+brent-kung/checked_mul_16 = T/O
  [508] cadical/comba+brent-kung/checked_mul_16 = T/O
  [509] cryptominisat/comba+brent-kung/checked_mul_16 = T/O
  [507] mergesat/comba+ripple/checked_mul_16 = 11.884622
  [505] cryptominisat/comba+ripple/checked_mul_16 = 47.291665
  [518] minisat/comba-cs+ripple/checked_mul_16 = .007940
  [516] cadical/comba-cs+ripple/checked_mul_16 = .008600
  [514] minisat/comba+g-only/checked_mul_16 = .010602
  [512] cadical/comba+g-only/checked_mul_16 = .011701
  [519] mergesat/comba-cs+ripple/checked_mul_16 = 9.104887
  [515] mergesat/comba+g-only/checked_mul_16 = 12.010986
  [517] cryptominisat/comba-cs+ripple/checked_mul_16 = 43.411445
  [513] cryptominisat/comba+g-only/checked_mul_16 = 48.215767
  [522] minisat/comba-cs+brent-kung/checked_mul_16 = .007968
  [526] minisat/comba-cs+g-only/checked_mul_16 = .007864
  [520] cadical/comba-cs+brent-kung/checked_mul_16 = .008737
  [524] cadical/comba-cs+g-only/checked_mul_16 = .008555
  [527] mergesat/comba-cs+g-only/checked_mul_16 = 9.148886
  [523] mergesat/comba-cs+brent-kung/checked_mul_16 = 9.195226
  [521] cryptominisat/comba-cs+brent-kung/checked_mul_16 = 42.912750
  [525] cryptominisat/comba-cs+g-only/checked_mul_16 = 43.046877
  [530] minisat/shift-add+ripple/comm_16 = .006915
  [528] cadical/shift-add+ripple/comm_16 = .007439
  [534] minisat/shift-add+brent-kung/comm_16 = .006894
  [532] cadical/shift-add+brent-kung/comm_16 = .007361
  [529] cryptominisat/shift-add+ripple/comm_16 = T/O
  [533] cryptominisat/shift-add+brent-kung/comm_16 = T/O
  [531] mergesat/shift-add+ripple/comm_16 = T/O
  [535] mergesat/shift-add+brent-kung/comm_16 = T/O
  [538] minisat/shift-add+g-only/comm_16 = .006883
  [536] cadical/shift-add+g-only/comm_16 = .007334
  [542] minisat/dadda+ripple/comm_16 = .007098
  [540] cadical/dadda+ripple/comm_16 = .007454
  [537] cryptominisat/shift-add+g-only/comm_16 = T/O
  [541] cryptominisat/dadda+ripple/comm_16 = T/O
  [539] mergesat/shift-add+g-only/comm_16 = T/O
  [543] mergesat/dadda+ripple/comm_16 = T/O
  [546] minisat/dadda+brent-kung/comm_16 = .007360
  [544] cadical/dadda+brent-kung/comm_16 = .007688
  [550] minisat/dadda+g-only/comm_16 = .007088
  [548] cadical/dadda+g-only/comm_16 = .007477
  [545] cryptominisat/dadda+brent-kung/comm_16 = T/O
  [549] cryptominisat/dadda+g-only/comm_16 = T/O
  [547] mergesat/dadda+brent-kung/comm_16 = T/O
  [551] mergesat/dadda+g-only/comm_16 = T/O
  [554] minisat/comba+ripple/comm_16 = .008871
  [552] cadical/comba+ripple/comm_16 = .009530
  [557] cryptominisat/comba+brent-kung/comm_16 = T/O
  [556] cadical/comba+brent-kung/comm_16 = T/O
  [558] minisat/comba+brent-kung/comm_16 = T/O
  [559] mergesat/comba+brent-kung/comm_16 = T/O
  [553] cryptominisat/comba+ripple/comm_16 = T/O
  [555] mergesat/comba+ripple/comm_16 = T/O
  [562] minisat/comba+g-only/comm_16 = .008752
  [566] minisat/comba-cs+ripple/comm_16 = .008451
  [564] cadical/comba-cs+ripple/comm_16 = .008870
  [560] cadical/comba+g-only/comm_16 = .009518
  [567] mergesat/comba-cs+ripple/comm_16 = 12.488162
  [561] cryptominisat/comba+g-only/comm_16 = T/O
  [565] cryptominisat/comba-cs+ripple/comm_16 = T/O
  [563] mergesat/comba+g-only/comm_16 = T/O
  [570] minisat/comba-cs+brent-kung/comm_16 = .008377
  [568] cadical/comba-cs+brent-kung/comm_16 = .009108
  [574] minisat/comba-cs+g-only/comm_16 = .008388
  [572] cadical/comba-cs+g-only/comm_16 = .008973
  [575] mergesat/comba-cs+g-only/comm_16 = 12.417348
  [571] mergesat/comba-cs+brent-kung/comm_16 = 12.472520
  [569] cryptominisat/comba-cs+brent-kung/comm_16 = T/O
  [573] cryptominisat/comba-cs+g-only/comm_16 = T/O
  [578] minisat/shift-add+ripple/comm_20 = .007816
  [582] minisat/shift-add+brent-kung/comm_20 = .007777
  [576] cadical/shift-add+ripple/comm_20 = .008631
  [580] cadical/shift-add+brent-kung/comm_20 = .008399
  [577] cryptominisat/shift-add+ripple/comm_20 = T/O
  [581] cryptominisat/shift-add+brent-kung/comm_20 = T/O
  [579] mergesat/shift-add+ripple/comm_20 = T/O
  [583] mergesat/shift-add+brent-kung/comm_20 = T/O
  [586] minisat/shift-add+g-only/comm_20 = .007863
  [584] cadical/shift-add+g-only/comm_20 = .008586
  [590] minisat/dadda+ripple/comm_20 = .007936
  [588] cadical/dadda+ripple/comm_20 = .008691
  [585] cryptominisat/shift-add+g-only/comm_20 = T/O
  [589] cryptominisat/dadda+ripple/comm_20 = T/O
  [587] mergesat/shift-add+g-only/comm_20 = T/O
  [591] mergesat/dadda+ripple/comm_20 = T/O
  [594] minisat/dadda+brent-kung/comm_20 = .008091
  [598] minisat/dadda+g-only/comm_20 = .007886
  [596] cadical/dadda+g-only/comm_20 = .008635
  [592] cadical/dadda+brent-kung/comm_20 = .008927
  [593] cryptominisat/dadda+brent-kung/comm_20 = T/O
  [597] cryptominisat/dadda+g-only/comm_20 = T/O
  [595] mergesat/dadda+brent-kung/comm_20 = T/O
  [599] mergesat/dadda+g-only/comm_20 = T/O
  [602] minisat/comba+ripple/comm_20 = .010743
  [600] cadical/comba+ripple/comm_20 = .012100
  [607] mergesat/comba+brent-kung/comm_20 = T/O
  [604] cadical/comba+brent-kung/comm_20 = T/O
  [605] cryptominisat/comba+brent-kung/comm_20 = T/O
  [606] minisat/comba+brent-kung/comm_20 = T/O
  [601] cryptominisat/comba+ripple/comm_20 = T/O
  [603] mergesat/comba+ripple/comm_20 = T/O
  [614] minisat/comba-cs+ripple/comm_20 = .009898
  [610] minisat/comba+g-only/comm_20 = .010526
  [612] cadical/comba-cs+ripple/comm_20 = .010809
  [608] cadical/comba+g-only/comm_20 = .011944
  [615] mergesat/comba-cs+ripple/comm_20 = 46.597737
  [609] cryptominisat/comba+g-only/comm_20 = T/O
  [613] cryptominisat/comba-cs+ripple/comm_20 = T/O
  [611] mergesat/comba+g-only/comm_20 = T/O
  [618] minisat/comba-cs+brent-kung/comm_20 = .009895
  [622] minisat/comba-cs+g-only/comm_20 = .009862
  [616] cadical/comba-cs+brent-kung/comm_20 = .010792
  [620] cadical/comba-cs+g-only/comm_20 = .010697
  [623] mergesat/comba-cs+g-only/comm_20 = 46.633193
  [619] mergesat/comba-cs+brent-kung/comm_20 = 46.773353
  [617] cryptominisat/comba-cs+brent-kung/comm_20 = T/O
  [621] cryptominisat/comba-cs+g-only/comm_20 = T/O
  [626] minisat/shift-add+ripple/comm_32 = .011565
  [630] minisat/shift-add+brent-kung/comm_32 = .011222
  [624] cadical/shift-add+ripple/comm_32 = .013095
  [628] cadical/shift-add+brent-kung/comm_32 = .012994
  [625] cryptominisat/shift-add+ripple/comm_32 = T/O
  [629] cryptominisat/shift-add+brent-kung/comm_32 = T/O
  [627] mergesat/shift-add+ripple/comm_32 = T/O
  [631] mergesat/shift-add+brent-kung/comm_32 = T/O
  [634] minisat/shift-add+g-only/comm_32 = .011362
  [638] minisat/dadda+ripple/comm_32 = .011534
  [632] cadical/shift-add+g-only/comm_32 = .013461
  [636] cadical/dadda+ripple/comm_32 = .013133
  [633] cryptominisat/shift-add+g-only/comm_32 = T/O
  [637] cryptominisat/dadda+ripple/comm_32 = T/O
  [635] mergesat/shift-add+g-only/comm_32 = T/O
  [639] mergesat/dadda+ripple/comm_32 = T/O
  [642] minisat/dadda+brent-kung/comm_32 = .012078
  [646] minisat/dadda+g-only/comm_32 = .011720
  [644] cadical/dadda+g-only/comm_32 = .013255
  [640] cadical/dadda+brent-kung/comm_32 = .013750
  [641] cryptominisat/dadda+brent-kung/comm_32 = T/O
  [645] cryptominisat/dadda+g-only/comm_32 = T/O
  [643] mergesat/dadda+brent-kung/comm_32 = T/O
  [647] mergesat/dadda+g-only/comm_32 = T/O
  [650] minisat/comba+ripple/comm_32 = .018748
  [648] cadical/comba+ripple/comm_32 = .023028
  [652] cadical/comba+brent-kung/comm_32 = T/O
  [653] cryptominisat/comba+brent-kung/comm_32 = T/O
  [654] minisat/comba+brent-kung/comm_32 = T/O
  [655] mergesat/comba+brent-kung/comm_32 = T/O
  [649] cryptominisat/comba+ripple/comm_32 = T/O
  [651] mergesat/comba+ripple/comm_32 = T/O
  [662] minisat/comba-cs+ripple/comm_32 = .011387
  [660] cadical/comba-cs+ripple/comm_32 = .013203
  [658] minisat/comba+g-only/comm_32 = .018450
  [656] cadical/comba+g-only/comm_32 = .022885
  [661] cryptominisat/comba-cs+ripple/comm_32 = T/O
  [657] cryptominisat/comba+g-only/comm_32 = T/O
  [663] mergesat/comba-cs+ripple/comm_32 = T/O
  [659] mergesat/comba+g-only/comm_32 = T/O
  [666] minisat/comba-cs+brent-kung/comm_32 = .011418
  [670] minisat/comba-cs+g-only/comm_32 = .011382
  [664] cadical/comba-cs+brent-kung/comm_32 = .013162
  [668] cadical/comba-cs+g-only/comm_32 = .013041
  [665] cryptominisat/comba-cs+brent-kung/comm_32 = T/O
  [669] cryptominisat/comba-cs+g-only/comm_32 = T/O
  [667] mergesat/comba-cs+brent-kung/comm_32 = T/O
  [671] mergesat/comba-cs+g-only/comm_32 = T/O
  [672] cadical/shift-add+ripple/comm_8 = .005955
  [674] minisat/shift-add+ripple/comm_8 = .005999
  [676] cadical/shift-add+brent-kung/comm_8 = .005964
  [678] minisat/shift-add+brent-kung/comm_8 = .005767
  [677] cryptominisat/shift-add+brent-kung/comm_8 = 1.641592
  [673] cryptominisat/shift-add+ripple/comm_8 = 1.646664
  [679] mergesat/shift-add+brent-kung/comm_8 = 2.661464
  [675] mergesat/shift-add+ripple/comm_8 = 2.661765
  [682] minisat/shift-add+g-only/comm_8 = .005864
  [680] cadical/shift-add+g-only/comm_8 = .006140
  [684] cadical/dadda+ripple/comm_8 = .006035
  [686] minisat/dadda+ripple/comm_8 = .005830
  [687] mergesat/dadda+ripple/comm_8 = 1.013819
  [685] cryptominisat/dadda+ripple/comm_8 = 1.048331
  [681] cryptominisat/shift-add+g-only/comm_8 = 1.647832
  [683] mergesat/shift-add+g-only/comm_8 = 2.631551
  [688] cadical/dadda+brent-kung/comm_8 = .006134
  [690] minisat/dadda+brent-kung/comm_8 = .005952
  [692] cadical/dadda+g-only/comm_8 = .005988
  [694] minisat/dadda+g-only/comm_8 = .005876
  [691] mergesat/dadda+brent-kung/comm_8 = .695816
  [695] mergesat/dadda+g-only/comm_8 = 1.013719
  [693] cryptominisat/dadda+g-only/comm_8 = 1.051249
  [689] cryptominisat/dadda+brent-kung/comm_8 = 1.172246
  [698] minisat/comba+ripple/comm_8 = .006372
  [696] cadical/comba+ripple/comm_8 = .006640
  [699] mergesat/comba+ripple/comm_8 = .239794
  [697] cryptominisat/comba+ripple/comm_8 = .533594
  [701] cryptominisat/comba+brent-kung/comm_8 = T/O
  [702] minisat/comba+brent-kung/comm_8 = T/O
  [700] cadical/comba+brent-kung/comm_8 = T/O
  [703] mergesat/comba+brent-kung/comm_8 = T/O
  [706] minisat/comba+g-only/comm_8 = .006730
  [704] cadical/comba+g-only/comm_8 = .007031
  [708] cadical/comba-cs+ripple/comm_8 = .006866
  [710] minisat/comba-cs+ripple/comm_8 = .006723
  [707] mergesat/comba+g-only/comm_8 = .239847
  [711] mergesat/comba-cs+ripple/comm_8 = .400998
  [705] cryptominisat/comba+g-only/comm_8 = .541181
  [709] cryptominisat/comba-cs+ripple/comm_8 = 1.393644
  [712] cadical/comba-cs+brent-kung/comm_8 = .006518
  [714] minisat/comba-cs+brent-kung/comm_8 = .006351
  [718] minisat/comba-cs+g-only/comm_8 = .006228
  [716] cadical/comba-cs+g-only/comm_8 = .006372
  [715] mergesat/comba-cs+brent-kung/comm_8 = .399283
  [719] mergesat/comba-cs+g-only/comm_8 = .399985
  [713] cryptominisat/comba-cs+brent-kung/comm_8 = 1.403062
  [717] cryptominisat/comba-cs+g-only/comm_8 = 1.401616
  [720] cadical/shift-add+ripple/crypto_square_mod = .018348
  [724] cadical/shift-add+brent-kung/crypto_square_mod = .021479
  [722] minisat/shift-add+ripple/crypto_square_mod = .035604
  [725] cryptominisat/shift-add+brent-kung/crypto_square_mod = .037936
  [726] minisat/shift-add+brent-kung/crypto_square_mod = .039253
  [723] mergesat/shift-add+ripple/crypto_square_mod = .058332
  [727] mergesat/shift-add+brent-kung/crypto_square_mod = .166068
  [721] cryptominisat/shift-add+ripple/crypto_square_mod = .190798
  [728] cadical/shift-add+g-only/crypto_square_mod = .018192
  [732] cadical/dadda+ripple/crypto_square_mod = .018295
  [733] cryptominisat/dadda+ripple/crypto_square_mod = .033670
  [730] minisat/shift-add+g-only/crypto_square_mod = .035251
  [734] minisat/dadda+ripple/crypto_square_mod = .035495
  [731] mergesat/shift-add+g-only/crypto_square_mod = .058849
  [735] mergesat/dadda+ripple/crypto_square_mod = .102747
  [729] cryptominisat/shift-add+g-only/crypto_square_mod = .189713
  [740] cadical/dadda+g-only/crypto_square_mod = .018636
  [736] cadical/dadda+brent-kung/crypto_square_mod = .021418
  [741] cryptominisat/dadda+g-only/crypto_square_mod = .033689
  [742] minisat/dadda+g-only/crypto_square_mod = .035858
  [738] minisat/dadda+brent-kung/crypto_square_mod = .040779
  [739] mergesat/dadda+brent-kung/crypto_square_mod = .067869
  [743] mergesat/dadda+g-only/crypto_square_mod = .103048
  [737] cryptominisat/dadda+brent-kung/crypto_square_mod = .210558
  [744] cadical/comba+ripple/crypto_square_mod = .020509
  [746] minisat/comba+ripple/crypto_square_mod = .039631
  [745] cryptominisat/comba+ripple/crypto_square_mod = .065063
  [747] mergesat/comba+ripple/crypto_square_mod = .068479
  [750] minisat/comba+brent-kung/crypto_square_mod = T/O
  [749] cryptominisat/comba+brent-kung/crypto_square_mod = T/O
  [751] mergesat/comba+brent-kung/crypto_square_mod = T/O
  [748] cadical/comba+brent-kung/crypto_square_mod = T/O
  [752] cadical/comba+g-only/crypto_square_mod = .021343
  [756] cadical/comba-cs+ripple/crypto_square_mod = .021041
  [758] minisat/comba-cs+ripple/crypto_square_mod = .039597
  [754] minisat/comba+g-only/crypto_square_mod = .040220
  [759] mergesat/comba-cs+ripple/crypto_square_mod = .062304
  [753] cryptominisat/comba+g-only/crypto_square_mod = .066396
  [755] mergesat/comba+g-only/crypto_square_mod = .068246
  [757] cryptominisat/comba-cs+ripple/crypto_square_mod = .114099
  [764] cadical/comba-cs+g-only/crypto_square_mod = .020732
  [760] cadical/comba-cs+brent-kung/crypto_square_mod = .024529
  [766] minisat/comba-cs+g-only/crypto_square_mod = .039158
  [762] minisat/comba-cs+brent-kung/crypto_square_mod = .042398
  [767] mergesat/comba-cs+g-only/crypto_square_mod = .062566
  [763] mergesat/comba-cs+brent-kung/crypto_square_mod = .062872
  [765] cryptominisat/comba-cs+g-only/crypto_square_mod = .113710
  [761] cryptominisat/comba-cs+brent-kung/crypto_square_mod = .117652
  [770] minisat/shift-add+ripple/distrib_16 = .008317
  [774] minisat/shift-add+brent-kung/distrib_16 = .008406
  [768] cadical/shift-add+ripple/distrib_16 = .008952
  [772] cadical/shift-add+brent-kung/distrib_16 = .008984
  [773] cryptominisat/shift-add+brent-kung/distrib_16 = T/O
  [769] cryptominisat/shift-add+ripple/distrib_16 = T/O
  [771] mergesat/shift-add+ripple/distrib_16 = T/O
  [775] mergesat/shift-add+brent-kung/distrib_16 = T/O
  [778] minisat/shift-add+g-only/distrib_16 = .008383
  [776] cadical/shift-add+g-only/distrib_16 = .009127
  [782] minisat/dadda+ripple/distrib_16 = .008523
  [780] cadical/dadda+ripple/distrib_16 = .009065
  [777] cryptominisat/shift-add+g-only/distrib_16 = T/O
  [781] cryptominisat/dadda+ripple/distrib_16 = T/O
  [783] mergesat/dadda+ripple/distrib_16 = T/O
  [779] mergesat/shift-add+g-only/distrib_16 = T/O
  [786] minisat/dadda+brent-kung/distrib_16 = .008676
  [790] minisat/dadda+g-only/distrib_16 = .008577
  [784] cadical/dadda+brent-kung/distrib_16 = .009317
  [788] cadical/dadda+g-only/distrib_16 = .009051
  [785] cryptominisat/dadda+brent-kung/distrib_16 = T/O
  [789] cryptominisat/dadda+g-only/distrib_16 = T/O
  [791] mergesat/dadda+g-only/distrib_16 = T/O
  [787] mergesat/dadda+brent-kung/distrib_16 = T/O
  [794] minisat/comba+ripple/distrib_16 = .011114
  [792] cadical/comba+ripple/distrib_16 = .012143
  [798] minisat/comba+brent-kung/distrib_16 = T/O
  [796] cadical/comba+brent-kung/distrib_16 = T/O
  [797] cryptominisat/comba+brent-kung/distrib_16 = T/O
  [799] mergesat/comba+brent-kung/distrib_16 = T/O
  [793] cryptominisat/comba+ripple/distrib_16 = T/O
  [795] mergesat/comba+ripple/distrib_16 = T/O
  [806] minisat/comba-cs+ripple/distrib_16 = .008309
  [804] cadical/comba-cs+ripple/distrib_16 = .009087
  [802] minisat/comba+g-only/distrib_16 = .010804
  [800] cadical/comba+g-only/distrib_16 = .012162
  [801] cryptominisat/comba+g-only/distrib_16 = T/O
  [805] cryptominisat/comba-cs+ripple/distrib_16 = T/O
  [803] mergesat/comba+g-only/distrib_16 = T/O
  [807] mergesat/comba-cs+ripple/distrib_16 = T/O
  [810] minisat/comba-cs+brent-kung/distrib_16 = .008424
  [814] minisat/comba-cs+g-only/distrib_16 = .008364
  [808] cadical/comba-cs+brent-kung/distrib_16 = .009205
  [812] cadical/comba-cs+g-only/distrib_16 = .009047
  [809] cryptominisat/comba-cs+brent-kung/distrib_16 = T/O
  [813] cryptominisat/comba-cs+g-only/distrib_16 = T/O
  [811] mergesat/comba-cs+brent-kung/distrib_16 = T/O
  [815] mergesat/comba-cs+g-only/distrib_16 = T/O
  [816] cadical/shift-add+ripple/distrib_8 = .006872
  [818] minisat/shift-add+ripple/distrib_8 = .006517
  [820] cadical/shift-add+brent-kung/distrib_8 = .006743
  [822] minisat/shift-add+brent-kung/distrib_8 = .006656
  [817] cryptominisat/shift-add+ripple/distrib_8 = T/O
  [821] cryptominisat/shift-add+brent-kung/distrib_8 = T/O
  [819] mergesat/shift-add+ripple/distrib_8 = T/O
  [823] mergesat/shift-add+brent-kung/distrib_8 = T/O
  [826] minisat/shift-add+g-only/distrib_8 = .006663
  [824] cadical/shift-add+g-only/distrib_8 = .006791
  [830] minisat/dadda+ripple/distrib_8 = .006480
  [828] cadical/dadda+ripple/distrib_8 = .006847
  [825] cryptominisat/shift-add+g-only/distrib_8 = T/O
  [829] cryptominisat/dadda+ripple/distrib_8 = T/O
  [827] mergesat/shift-add+g-only/distrib_8 = T/O
  [831] mergesat/dadda+ripple/distrib_8 = T/O
  [834] minisat/dadda+brent-kung/distrib_8 = .006545
  [832] cadical/dadda+brent-kung/distrib_8 = .007027
  [836] cadical/dadda+g-only/distrib_8 = .006827
  [838] minisat/dadda+g-only/distrib_8 = .006642
  [833] cryptominisat/dadda+brent-kung/distrib_8 = T/O
  [837] cryptominisat/dadda+g-only/distrib_8 = T/O
  [835] mergesat/dadda+brent-kung/distrib_8 = T/O
  [839] mergesat/dadda+g-only/distrib_8 = T/O
  [842] minisat/comba+ripple/distrib_8 = .007280
  [840] cadical/comba+ripple/distrib_8 = .007741
  [846] minisat/comba+brent-kung/distrib_8 = T/O
  [847] mergesat/comba+brent-kung/distrib_8 = T/O
  [844] cadical/comba+brent-kung/distrib_8 = T/O
  [845] cryptominisat/comba+brent-kung/distrib_8 = T/O
  [841] cryptominisat/comba+ripple/distrib_8 = T/O
  [843] mergesat/comba+ripple/distrib_8 = T/O
  [852] cadical/comba-cs+ripple/distrib_8 = .006720
  [854] minisat/comba-cs+ripple/distrib_8 = .006655
  [850] minisat/comba+g-only/distrib_8 = .007235
  [848] cadical/comba+g-only/distrib_8 = .007519
  [849] cryptominisat/comba+g-only/distrib_8 = T/O
  [853] cryptominisat/comba-cs+ripple/distrib_8 = T/O
  [855] mergesat/comba-cs+ripple/distrib_8 = T/O
  [851] mergesat/comba+g-only/distrib_8 = T/O
  [858] minisat/comba-cs+brent-kung/distrib_8 = .006607
  [856] cadical/comba-cs+brent-kung/distrib_8 = .006944
  [862] minisat/comba-cs+g-only/distrib_8 = .006663
  [860] cadical/comba-cs+g-only/distrib_8 = .006857
  [857] cryptominisat/comba-cs+brent-kung/distrib_8 = T/O
  [861] cryptominisat/comba-cs+g-only/distrib_8 = T/O
  [859] mergesat/comba-cs+brent-kung/distrib_8 = T/O
  [863] mergesat/comba-cs+g-only/distrib_8 = T/O
  [864] cadical/shift-add+ripple/div_mul_roundtrip_12 = 4.090578
  [868] cadical/shift-add+brent-kung/div_mul_roundtrip_12 = 6.256156
  [865] cryptominisat/shift-add+ripple/div_mul_roundtrip_12 = 9.624653
  [867] mergesat/shift-add+ripple/div_mul_roundtrip_12 = 10.315280
  [866] minisat/shift-add+ripple/div_mul_roundtrip_12 = 11.920045
  [869] cryptominisat/shift-add+brent-kung/div_mul_roundtrip_12 = 13.975358
  [871] mergesat/shift-add+brent-kung/div_mul_roundtrip_12 = 15.275629
  [870] minisat/shift-add+brent-kung/div_mul_roundtrip_12 = 18.164331
  [872] cadical/shift-add+g-only/div_mul_roundtrip_12 = 4.089051
  [876] cadical/dadda+ripple/div_mul_roundtrip_12 = 4.327246
  [873] cryptominisat/shift-add+g-only/div_mul_roundtrip_12 = 9.653025
  [877] cryptominisat/dadda+ripple/div_mul_roundtrip_12 = 10.229203
  [875] mergesat/shift-add+g-only/div_mul_roundtrip_12 = 10.248026
  [874] minisat/shift-add+g-only/div_mul_roundtrip_12 = 11.923827
  [879] mergesat/dadda+ripple/div_mul_roundtrip_12 = 12.071332
  [878] minisat/dadda+ripple/div_mul_roundtrip_12 = 13.410827
  [884] cadical/dadda+g-only/div_mul_roundtrip_12 = 4.325619
  [880] cadical/dadda+brent-kung/div_mul_roundtrip_12 = 5.916203
  [885] cryptominisat/dadda+g-only/div_mul_roundtrip_12 = 10.183240
  [887] mergesat/dadda+g-only/div_mul_roundtrip_12 = 12.115438
  [886] minisat/dadda+g-only/div_mul_roundtrip_12 = 13.459012
  [881] cryptominisat/dadda+brent-kung/div_mul_roundtrip_12 = 14.085778
  [883] mergesat/dadda+brent-kung/div_mul_roundtrip_12 = 15.563604
  [882] minisat/dadda+brent-kung/div_mul_roundtrip_12 = 20.798969
  [893] cryptominisat/comba+brent-kung/div_mul_roundtrip_12 = T/O
  [892] cadical/comba+brent-kung/div_mul_roundtrip_12 = T/O
  [895] mergesat/comba+brent-kung/div_mul_roundtrip_12 = T/O
  [888] cadical/comba+ripple/div_mul_roundtrip_12 = 3.960983
  [894] minisat/comba+brent-kung/div_mul_roundtrip_12 = T/O
  [889] cryptominisat/comba+ripple/div_mul_roundtrip_12 = 10.067786
  [891] mergesat/comba+ripple/div_mul_roundtrip_12 = 11.918882
  [890] minisat/comba+ripple/div_mul_roundtrip_12 = 12.807779
  [896] cadical/comba+g-only/div_mul_roundtrip_12 = 3.959076
  [900] cadical/comba-cs+ripple/div_mul_roundtrip_12 = 4.129646
  [901] cryptominisat/comba-cs+ripple/div_mul_roundtrip_12 = 9.865514
  [897] cryptominisat/comba+g-only/div_mul_roundtrip_12 = 10.141381
  [902] minisat/comba-cs+ripple/div_mul_roundtrip_12 = 10.861907
  [903] mergesat/comba-cs+ripple/div_mul_roundtrip_12 = 11.364525
  [899] mergesat/comba+g-only/div_mul_roundtrip_12 = 12.014691
  [898] minisat/comba+g-only/div_mul_roundtrip_12 = 12.812805
  [908] cadical/comba-cs+g-only/div_mul_roundtrip_12 = 4.122918
  [904] cadical/comba-cs+brent-kung/div_mul_roundtrip_12 = 6.304735
  [909] cryptominisat/comba-cs+g-only/div_mul_roundtrip_12 = 9.811712
  [910] minisat/comba-cs+g-only/div_mul_roundtrip_12 = 10.861237
  [911] mergesat/comba-cs+g-only/div_mul_roundtrip_12 = 11.321614
  [905] cryptominisat/comba-cs+brent-kung/div_mul_roundtrip_12 = 13.723861
  [907] mergesat/comba-cs+brent-kung/div_mul_roundtrip_12 = 16.412315
  [906] minisat/comba-cs+brent-kung/div_mul_roundtrip_12 = 18.645208
  [914] minisat/shift-add+ripple/equiv_unsat_8add_16 = .007578
  [912] cadical/shift-add+ripple/equiv_unsat_8add_16 = .007919
  [918] minisat/shift-add+brent-kung/equiv_unsat_8add_16 = .008162
  [916] cadical/shift-add+brent-kung/equiv_unsat_8add_16 = .008673
  [915] mergesat/shift-add+ripple/equiv_unsat_8add_16 = .080454
  [919] mergesat/shift-add+brent-kung/equiv_unsat_8add_16 = .142810
  [913] cryptominisat/shift-add+ripple/equiv_unsat_8add_16 = .188710
  [917] cryptominisat/shift-add+brent-kung/equiv_unsat_8add_16 = .483909
  [922] minisat/shift-add+g-only/equiv_unsat_8add_16 = .007437
  [926] minisat/dadda+ripple/equiv_unsat_8add_16 = .007392
  [920] cadical/shift-add+g-only/equiv_unsat_8add_16 = .007982
  [924] cadical/dadda+ripple/equiv_unsat_8add_16 = .007939
  [923] mergesat/shift-add+g-only/equiv_unsat_8add_16 = .080238
  [927] mergesat/dadda+ripple/equiv_unsat_8add_16 = .080712
  [921] cryptominisat/shift-add+g-only/equiv_unsat_8add_16 = .189043
  [925] cryptominisat/dadda+ripple/equiv_unsat_8add_16 = .189128
  [934] minisat/dadda+g-only/equiv_unsat_8add_16 = .007358
  [930] minisat/dadda+brent-kung/equiv_unsat_8add_16 = .008152
  [932] cadical/dadda+g-only/equiv_unsat_8add_16 = .007983
  [928] cadical/dadda+brent-kung/equiv_unsat_8add_16 = .008806
  [935] mergesat/dadda+g-only/equiv_unsat_8add_16 = .080394
  [931] mergesat/dadda+brent-kung/equiv_unsat_8add_16 = .142530
  [933] cryptominisat/dadda+g-only/equiv_unsat_8add_16 = .188856
  [929] cryptominisat/dadda+brent-kung/equiv_unsat_8add_16 = .483235
  [938] minisat/comba+ripple/equiv_unsat_8add_16 = .007452
  [936] cadical/comba+ripple/equiv_unsat_8add_16 = .007943
  [942] minisat/comba+brent-kung/equiv_unsat_8add_16 = .008156
  [940] cadical/comba+brent-kung/equiv_unsat_8add_16 = .008664
  [939] mergesat/comba+ripple/equiv_unsat_8add_16 = .080488
  [943] mergesat/comba+brent-kung/equiv_unsat_8add_16 = .142753
  [937] cryptominisat/comba+ripple/equiv_unsat_8add_16 = .188815
  [941] cryptominisat/comba+brent-kung/equiv_unsat_8add_16 = .483721
  [946] minisat/comba+g-only/equiv_unsat_8add_16 = .007424
  [950] minisat/comba-cs+ripple/equiv_unsat_8add_16 = .007400
  [944] cadical/comba+g-only/equiv_unsat_8add_16 = .008055
  [948] cadical/comba-cs+ripple/equiv_unsat_8add_16 = .007900
  [947] mergesat/comba+g-only/equiv_unsat_8add_16 = .080675
  [951] mergesat/comba-cs+ripple/equiv_unsat_8add_16 = .080411
  [945] cryptominisat/comba+g-only/equiv_unsat_8add_16 = .188681
  [949] cryptominisat/comba-cs+ripple/equiv_unsat_8add_16 = .188679
  [958] minisat/comba-cs+g-only/equiv_unsat_8add_16 = .007307
  [956] cadical/comba-cs+g-only/equiv_unsat_8add_16 = .007912
  [954] minisat/comba-cs+brent-kung/equiv_unsat_8add_16 = .008177
  [952] cadical/comba-cs+brent-kung/equiv_unsat_8add_16 = .008634
  [959] mergesat/comba-cs+g-only/equiv_unsat_8add_16 = .080308
  [955] mergesat/comba-cs+brent-kung/equiv_unsat_8add_16 = .142237
  [957] cryptominisat/comba-cs+g-only/equiv_unsat_8add_16 = .188724
  [953] cryptominisat/comba-cs+brent-kung/equiv_unsat_8add_16 = .483330
  [960] cadical/shift-add+ripple/factor_12 = .006197
  [961] cryptominisat/shift-add+ripple/factor_12 = .006656
  [964] cadical/shift-add+brent-kung/factor_12 = .006206
  [965] cryptominisat/shift-add+brent-kung/factor_12 = .006571
  [962] minisat/shift-add+ripple/factor_12 = .007070
  [966] minisat/shift-add+brent-kung/factor_12 = .007068
  [963] mergesat/shift-add+ripple/factor_12 = .011692
  [967] mergesat/shift-add+brent-kung/factor_12 = .011642
  [968] cadical/shift-add+g-only/factor_12 = .006327
  [972] cadical/dadda+ripple/factor_12 = .006081
  [969] cryptominisat/shift-add+g-only/factor_12 = .006780
  [973] cryptominisat/dadda+ripple/factor_12 = .006874
  [970] minisat/shift-add+g-only/factor_12 = .007138
  [974] minisat/dadda+ripple/factor_12 = .007247
  [975] mergesat/dadda+ripple/factor_12 = .009728
  [971] mergesat/shift-add+g-only/factor_12 = .011557
  [980] cadical/dadda+g-only/factor_12 = .006089
  [976] cadical/dadda+brent-kung/factor_12 = .006353
  [977] cryptominisat/dadda+brent-kung/factor_12 = .006943
  [981] cryptominisat/dadda+g-only/factor_12 = .006905
  [978] minisat/dadda+brent-kung/factor_12 = .007360
  [982] minisat/dadda+g-only/factor_12 = .007404
  [979] mergesat/dadda+brent-kung/factor_12 = .009823
  [983] mergesat/dadda+g-only/factor_12 = .009552
  [984] cadical/comba+ripple/factor_12 = .006885
  [986] minisat/comba+ripple/factor_12 = .008105
  [985] cryptominisat/comba+ripple/factor_12 = .008475
  [987] mergesat/comba+ripple/factor_12 = .009004
  [988] cadical/comba+brent-kung/factor_12 = T/O
  [990] minisat/comba+brent-kung/factor_12 = T/O
  [989] cryptominisat/comba+brent-kung/factor_12 = T/O
  [991] mergesat/comba+brent-kung/factor_12 = T/O
  [992] cadical/comba+g-only/factor_12 = .007342
  [996] cadical/comba-cs+ripple/factor_12 = .007184
  [994] minisat/comba+g-only/factor_12 = .008584
  [998] minisat/comba-cs+ripple/factor_12 = .008426
  [997] cryptominisat/comba-cs+ripple/factor_12 = .008389
  [993] cryptominisat/comba+g-only/factor_12 = .008908
  [995] mergesat/comba+g-only/factor_12 = .009475
  [999] mergesat/comba-cs+ripple/factor_12 = .010122
  [1000] cadical/comba-cs+brent-kung/factor_12 = .006796
  [1004] cadical/comba-cs+g-only/factor_12 = .006688
  [1001] cryptominisat/comba-cs+brent-kung/factor_12 = .008071
  [1002] minisat/comba-cs+brent-kung/factor_12 = .008060
  [1005] cryptominisat/comba-cs+g-only/factor_12 = .007952
  [1006] minisat/comba-cs+g-only/factor_12 = .008121
  [1003] mergesat/comba-cs+brent-kung/factor_12 = .009454
  [1007] mergesat/comba-cs+g-only/factor_12 = .009403
  [1008] cadical/shift-add+ripple/factor_16 = .006814
  [1012] cadical/shift-add+brent-kung/factor_16 = .006676
  [1009] cryptominisat/shift-add+ripple/factor_16 = .007527
  [1013] cryptominisat/shift-add+brent-kung/factor_16 = .007570
  [1010] minisat/shift-add+ripple/factor_16 = .008974
  [1014] minisat/shift-add+brent-kung/factor_16 = .008950
  [1011] mergesat/shift-add+ripple/factor_16 = .017258
  [1015] mergesat/shift-add+brent-kung/factor_16 = .017022
  [1016] cadical/shift-add+g-only/factor_16 = .006792
  [1020] cadical/dadda+ripple/factor_16 = .006687
  [1017] cryptominisat/shift-add+g-only/factor_16 = .007666
  [1022] minisat/dadda+ripple/factor_16 = .008328
  [1018] minisat/shift-add+g-only/factor_16 = .008810
  [1021] cryptominisat/dadda+ripple/factor_16 = .009289
  [1023] mergesat/dadda+ripple/factor_16 = .010243
  [1019] mergesat/shift-add+g-only/factor_16 = .017088
  [1024] cadical/dadda+brent-kung/factor_16 = .006828
  [1028] cadical/dadda+g-only/factor_16 = .006613
  [1030] minisat/dadda+g-only/factor_16 = .008336
  [1026] minisat/dadda+brent-kung/factor_16 = .008612
  [1025] cryptominisat/dadda+brent-kung/factor_16 = .009422
  [1029] cryptominisat/dadda+g-only/factor_16 = .009257
  [1027] mergesat/dadda+brent-kung/factor_16 = .010173
  [1031] mergesat/dadda+g-only/factor_16 = .010247
  [1032] cadical/comba+ripple/factor_16 = .007867
  [1034] minisat/comba+ripple/factor_16 = .010560
  [1035] mergesat/comba+ripple/factor_16 = .011137
  [1033] cryptominisat/comba+ripple/factor_16 = .012090
  [1039] mergesat/comba+brent-kung/factor_16 = T/O
  [1038] minisat/comba+brent-kung/factor_16 = T/O
  [1037] cryptominisat/comba+brent-kung/factor_16 = T/O
  [1036] cadical/comba+brent-kung/factor_16 = T/O
  [1040] cadical/comba+g-only/factor_16 = .008484
  [1044] cadical/comba-cs+ripple/factor_16 = .008086
  [1046] minisat/comba-cs+ripple/factor_16 = .010061
  [1042] minisat/comba+g-only/factor_16 = .011232
  [1045] cryptominisat/comba-cs+ripple/factor_16 = .011115
  [1043] mergesat/comba+g-only/factor_16 = .011710
  [1041] cryptominisat/comba+g-only/factor_16 = .012791
  [1047] mergesat/comba-cs+ripple/factor_16 = .013208
  [1048] cadical/comba-cs+brent-kung/factor_16 = .007549
  [1052] cadical/comba-cs+g-only/factor_16 = .007471
  [1050] minisat/comba-cs+brent-kung/factor_16 = .009658
  [1054] minisat/comba-cs+g-only/factor_16 = .009692
  [1049] cryptominisat/comba-cs+brent-kung/factor_16 = .010729
  [1053] cryptominisat/comba-cs+g-only/factor_16 = .010655
  [1051] mergesat/comba-cs+brent-kung/factor_16 = .012901
  [1055] mergesat/comba-cs+g-only/factor_16 = .012758
  [1056] cadical/shift-add+ripple/factor_20 = .007320
  [1060] cadical/shift-add+brent-kung/factor_20 = .007231
  [1057] cryptominisat/shift-add+ripple/factor_20 = .008381
  [1061] cryptominisat/shift-add+brent-kung/factor_20 = .008323
  [1058] minisat/shift-add+ripple/factor_20 = .009316
  [1062] minisat/shift-add+brent-kung/factor_20 = .009252
  [1059] mergesat/shift-add+ripple/factor_20 = .010465
  [1063] mergesat/shift-add+brent-kung/factor_20 = .010377
  [1064] cadical/shift-add+g-only/factor_20 = .007513
  [1068] cadical/dadda+ripple/factor_20 = .007341
  [1065] cryptominisat/shift-add+g-only/factor_20 = .008428
  [1066] minisat/shift-add+g-only/factor_20 = .009279
  [1069] cryptominisat/dadda+ripple/factor_20 = .009821
  [1070] minisat/dadda+ripple/factor_20 = .010221
  [1067] mergesat/shift-add+g-only/factor_20 = .010342
  [1071] mergesat/dadda+ripple/factor_20 = .010689
  [1072] cadical/dadda+brent-kung/factor_20 = .007478
  [1076] cadical/dadda+g-only/factor_20 = .007278
  [1077] cryptominisat/dadda+g-only/factor_20 = .009851
  [1074] minisat/dadda+brent-kung/factor_20 = .010324
  [1073] cryptominisat/dadda+brent-kung/factor_20 = .010442
  [1078] minisat/dadda+g-only/factor_20 = .010162
  [1079] mergesat/dadda+g-only/factor_20 = .010717
  [1075] mergesat/dadda+brent-kung/factor_20 = .011526
  [1080] cadical/comba+ripple/factor_20 = .009119
  [1082] minisat/comba+ripple/factor_20 = .012574
  [1083] mergesat/comba+ripple/factor_20 = .014550
  [1081] cryptominisat/comba+ripple/factor_20 = .015741
  [1087] mergesat/comba+brent-kung/factor_20 = T/O
  [1086] minisat/comba+brent-kung/factor_20 = T/O
  [1085] cryptominisat/comba+brent-kung/factor_20 = T/O
  [1084] cadical/comba+brent-kung/factor_20 = T/O
  [1088] cadical/comba+g-only/factor_20 = .009700
  [1092] cadical/comba-cs+ripple/factor_20 = .009340
  [1090] minisat/comba+g-only/factor_20 = .012973
  [1093] cryptominisat/comba-cs+ripple/factor_20 = .013333
  [1094] minisat/comba-cs+ripple/factor_20 = .013556
  [1091] mergesat/comba+g-only/factor_20 = .014937
  [1095] mergesat/comba-cs+ripple/factor_20 = .014933
  [1089] cryptominisat/comba+g-only/factor_20 = .016824
  [1096] cadical/comba-cs+brent-kung/factor_20 = .008889
  [1100] cadical/comba-cs+g-only/factor_20 = .008720
  [1097] cryptominisat/comba-cs+brent-kung/factor_20 = .012753
  [1098] minisat/comba-cs+brent-kung/factor_20 = .013231
  [1101] cryptominisat/comba-cs+g-only/factor_20 = .012803
  [1102] minisat/comba-cs+g-only/factor_20 = .013139
  [1099] mergesat/comba-cs+brent-kung/factor_20 = .014372
  [1103] mergesat/comba-cs+g-only/factor_20 = .014486
  [1106] minisat/shift-add+ripple/fixedpoint_mul_16 = .008268
  [1104] cadical/shift-add+ripple/fixedpoint_mul_16 = .008813
  [1110] minisat/shift-add+brent-kung/fixedpoint_mul_16 = .008148
  [1108] cadical/shift-add+brent-kung/fixedpoint_mul_16 = .008981
  [1105] cryptominisat/shift-add+ripple/fixedpoint_mul_16 = .012195
  [1109] cryptominisat/shift-add+brent-kung/fixedpoint_mul_16 = .012334
  [1107] mergesat/shift-add+ripple/fixedpoint_mul_16 = .014180
  [1111] mergesat/shift-add+brent-kung/fixedpoint_mul_16 = .014247
  [1114] minisat/shift-add+g-only/fixedpoint_mul_16 = .008090
  [1112] cadical/shift-add+g-only/fixedpoint_mul_16 = .009017
  [1118] minisat/dadda+ripple/fixedpoint_mul_16 = .008313
  [1116] cadical/dadda+ripple/fixedpoint_mul_16 = .008906
  [1113] cryptominisat/shift-add+g-only/fixedpoint_mul_16 = .012350
  [1117] cryptominisat/dadda+ripple/fixedpoint_mul_16 = .012922
  [1115] mergesat/shift-add+g-only/fixedpoint_mul_16 = .014269
  [1119] mergesat/dadda+ripple/fixedpoint_mul_16 = .015043
  [1122] minisat/dadda+brent-kung/fixedpoint_mul_16 = .008481
  [1126] minisat/dadda+g-only/fixedpoint_mul_16 = .008113
  [1120] cadical/dadda+brent-kung/fixedpoint_mul_16 = .008987
  [1124] cadical/dadda+g-only/fixedpoint_mul_16 = .008849
  [1125] cryptominisat/dadda+g-only/fixedpoint_mul_16 = .013223
  [1127] mergesat/dadda+g-only/fixedpoint_mul_16 = .015075
  [1123] mergesat/dadda+brent-kung/fixedpoint_mul_16 = .017548
  [1121] cryptominisat/dadda+brent-kung/fixedpoint_mul_16 = .020535
  [1130] minisat/comba+ripple/fixedpoint_mul_16 = .010894
  [1128] cadical/comba+ripple/fixedpoint_mul_16 = .012025
  [1129] cryptominisat/comba+ripple/fixedpoint_mul_16 = .020037
  [1131] mergesat/comba+ripple/fixedpoint_mul_16 = .024242
  [1132] cadical/comba+brent-kung/fixedpoint_mul_16 = T/O
  [1133] cryptominisat/comba+brent-kung/fixedpoint_mul_16 = T/O
  [1135] mergesat/comba+brent-kung/fixedpoint_mul_16 = T/O
  [1134] minisat/comba+brent-kung/fixedpoint_mul_16 = T/O
  [1142] minisat/comba-cs+ripple/fixedpoint_mul_16 = .008738
  [1140] cadical/comba-cs+ripple/fixedpoint_mul_16 = .009498
  [1138] minisat/comba+g-only/fixedpoint_mul_16 = .011471
  [1136] cadical/comba+g-only/fixedpoint_mul_16 = .012610
  [1141] cryptominisat/comba-cs+ripple/fixedpoint_mul_16 = .012803
  [1143] mergesat/comba-cs+ripple/fixedpoint_mul_16 = .014757
  [1137] cryptominisat/comba+g-only/fixedpoint_mul_16 = .020404
  [1139] mergesat/comba+g-only/fixedpoint_mul_16 = .024782
  [1146] minisat/comba-cs+brent-kung/fixedpoint_mul_16 = .008127
  [1144] cadical/comba-cs+brent-kung/fixedpoint_mul_16 = .008970
  [1150] minisat/comba-cs+g-only/fixedpoint_mul_16 = .008256
  [1148] cadical/comba-cs+g-only/fixedpoint_mul_16 = .008807
  [1145] cryptominisat/comba-cs+brent-kung/fixedpoint_mul_16 = .012317
  [1149] cryptominisat/comba-cs+g-only/fixedpoint_mul_16 = .012378
  [1147] mergesat/comba-cs+brent-kung/fixedpoint_mul_16 = .014615
  [1151] mergesat/comba-cs+g-only/fixedpoint_mul_16 = .014401
  [1152] cadical/shift-add+ripple/float_mul_comm = .021730
  [1156] cadical/shift-add+brent-kung/float_mul_comm = .021285
  [1154] minisat/shift-add+ripple/float_mul_comm = .051388
  [1158] minisat/shift-add+brent-kung/float_mul_comm = .051573
  [1155] mergesat/shift-add+ripple/float_mul_comm = .109144
  [1159] mergesat/shift-add+brent-kung/float_mul_comm = .109782
  [1157] cryptominisat/shift-add+brent-kung/float_mul_comm = .244937
  [1153] cryptominisat/shift-add+ripple/float_mul_comm = .243115
  [1160] cadical/shift-add+g-only/float_mul_comm = .021456
  [1164] cadical/dadda+ripple/float_mul_comm = .021768
  [1166] minisat/dadda+ripple/float_mul_comm = .048290
  [1162] minisat/shift-add+g-only/float_mul_comm = .051546
  [1163] mergesat/shift-add+g-only/float_mul_comm = .108530
  [1165] cryptominisat/dadda+ripple/float_mul_comm = .122341
  [1167] mergesat/dadda+ripple/float_mul_comm = .191261
  [1161] cryptominisat/shift-add+g-only/float_mul_comm = .245694
  [1168] cadical/dadda+brent-kung/float_mul_comm = .021790
  [1172] cadical/dadda+g-only/float_mul_comm = .021599
  [1170] minisat/dadda+brent-kung/float_mul_comm = .048005
  [1174] minisat/dadda+g-only/float_mul_comm = .047852
  [1169] cryptominisat/dadda+brent-kung/float_mul_comm = .121053
  [1173] cryptominisat/dadda+g-only/float_mul_comm = .121288
  [1171] mergesat/dadda+brent-kung/float_mul_comm = .190444
  [1175] mergesat/dadda+g-only/float_mul_comm = .193712
  [1176] cadical/comba+ripple/float_mul_comm = .029806
  [1180] cadical/comba+brent-kung/float_mul_comm = .030044
  [1181] cryptominisat/comba+brent-kung/float_mul_comm = .058597
  [1177] cryptominisat/comba+ripple/float_mul_comm = .059399
  [1182] minisat/comba+brent-kung/float_mul_comm = .092293
  [1178] minisat/comba+ripple/float_mul_comm = .093024
  [1183] mergesat/comba+brent-kung/float_mul_comm = .110310
  [1179] mergesat/comba+ripple/float_mul_comm = .110784
  [1188] cadical/comba-cs+ripple/float_mul_comm = .021463
  [1184] cadical/comba+g-only/float_mul_comm = .029298
  [1190] minisat/comba-cs+ripple/float_mul_comm = .051610
  [1185] cryptominisat/comba+g-only/float_mul_comm = .058284
  [1186] minisat/comba+g-only/float_mul_comm = .091803
  [1187] mergesat/comba+g-only/float_mul_comm = .108707
  [1191] mergesat/comba-cs+ripple/float_mul_comm = .109742
  [1189] cryptominisat/comba-cs+ripple/float_mul_comm = .239785
  [1196] cadical/comba-cs+g-only/float_mul_comm = .021495
  [1192] cadical/comba-cs+brent-kung/float_mul_comm = .021801
  [1194] minisat/comba-cs+brent-kung/float_mul_comm = .051180
  [1198] minisat/comba-cs+g-only/float_mul_comm = .051390
  [1199] mergesat/comba-cs+g-only/float_mul_comm = .109477
  [1195] mergesat/comba-cs+brent-kung/float_mul_comm = .109516
  [1193] cryptominisat/comba-cs+brent-kung/float_mul_comm = .241315
  [1197] cryptominisat/comba-cs+g-only/float_mul_comm = .243252
  [1200] cadical/shift-add+ripple/float_mul_comm_v2 = T/O
  [1204] cadical/shift-add+brent-kung/float_mul_comm_v2 = T/O
  [1201] cryptominisat/shift-add+ripple/float_mul_comm_v2 = T/O
  [1205] cryptominisat/shift-add+brent-kung/float_mul_comm_v2 = T/O
  [1202] minisat/shift-add+ripple/float_mul_comm_v2 = T/O
  [1206] minisat/shift-add+brent-kung/float_mul_comm_v2 = T/O
  [1203] mergesat/shift-add+ripple/float_mul_comm_v2 = T/O
  [1207] mergesat/shift-add+brent-kung/float_mul_comm_v2 = T/O
  [1208] cadical/shift-add+g-only/float_mul_comm_v2 = T/O
  [1212] cadical/dadda+ripple/float_mul_comm_v2 = T/O
  [1209] cryptominisat/shift-add+g-only/float_mul_comm_v2 = T/O
  [1214] minisat/dadda+ripple/float_mul_comm_v2 = T/O
  [1210] minisat/shift-add+g-only/float_mul_comm_v2 = T/O
  [1213] cryptominisat/dadda+ripple/float_mul_comm_v2 = T/O
  [1215] mergesat/dadda+ripple/float_mul_comm_v2 = T/O
  [1211] mergesat/shift-add+g-only/float_mul_comm_v2 = T/O
  [1216] cadical/dadda+brent-kung/float_mul_comm_v2 = T/O
  [1220] cadical/dadda+g-only/float_mul_comm_v2 = T/O
  [1218] minisat/dadda+brent-kung/float_mul_comm_v2 = T/O
  [1222] minisat/dadda+g-only/float_mul_comm_v2 = T/O
  [1221] cryptominisat/dadda+g-only/float_mul_comm_v2 = T/O
  [1217] cryptominisat/dadda+brent-kung/float_mul_comm_v2 = T/O
  [1219] mergesat/dadda+brent-kung/float_mul_comm_v2 = T/O
  [1223] mergesat/dadda+g-only/float_mul_comm_v2 = T/O
  [1224] cadical/comba+ripple/float_mul_comm_v2 = T/O
  [1228] cadical/comba+brent-kung/float_mul_comm_v2 = T/O
  [1226] minisat/comba+ripple/float_mul_comm_v2 = T/O
  [1225] cryptominisat/comba+ripple/float_mul_comm_v2 = T/O
  [1230] minisat/comba+brent-kung/float_mul_comm_v2 = T/O
  [1229] cryptominisat/comba+brent-kung/float_mul_comm_v2 = T/O
  [1227] mergesat/comba+ripple/float_mul_comm_v2 = T/O
  [1231] mergesat/comba+brent-kung/float_mul_comm_v2 = T/O
  [1232] cadical/comba+g-only/float_mul_comm_v2 = T/O
  [1236] cadical/comba-cs+ripple/float_mul_comm_v2 = T/O
  [1237] cryptominisat/comba-cs+ripple/float_mul_comm_v2 = T/O
  [1234] minisat/comba+g-only/float_mul_comm_v2 = T/O
  [1238] minisat/comba-cs+ripple/float_mul_comm_v2 = T/O
  [1233] cryptominisat/comba+g-only/float_mul_comm_v2 = T/O
  [1235] mergesat/comba+g-only/float_mul_comm_v2 = T/O
  [1239] mergesat/comba-cs+ripple/float_mul_comm_v2 = T/O
  [1240] cadical/comba-cs+brent-kung/float_mul_comm_v2 = T/O
  [1244] cadical/comba-cs+g-only/float_mul_comm_v2 = T/O
  [1241] cryptominisat/comba-cs+brent-kung/float_mul_comm_v2 = T/O
  [1245] cryptominisat/comba-cs+g-only/float_mul_comm_v2 = T/O
  [1242] minisat/comba-cs+brent-kung/float_mul_comm_v2 = T/O
  [1246] minisat/comba-cs+g-only/float_mul_comm_v2 = T/O
  [1243] mergesat/comba-cs+brent-kung/float_mul_comm_v2 = T/O
  [1247] mergesat/comba-cs+g-only/float_mul_comm_v2 = T/O
  [1249] cryptominisat/shift-add+ripple/gf256_mul_assoc = .032114
  [1250] minisat/shift-add+ripple/gf256_mul_assoc = .032599
  [1251] mergesat/shift-add+ripple/gf256_mul_assoc = .034401
  [1254] minisat/shift-add+brent-kung/gf256_mul_assoc = .036057
  [1248] cadical/shift-add+ripple/gf256_mul_assoc = .054290
  [1253] cryptominisat/shift-add+brent-kung/gf256_mul_assoc = .057958
  [1252] cadical/shift-add+brent-kung/gf256_mul_assoc = .062023
  [1255] mergesat/shift-add+brent-kung/gf256_mul_assoc = .596141
  [1261] cryptominisat/dadda+ripple/gf256_mul_assoc = .022617
  [1262] minisat/dadda+ripple/gf256_mul_assoc = .026469
  [1257] cryptominisat/shift-add+g-only/gf256_mul_assoc = .031983
  [1258] minisat/shift-add+g-only/gf256_mul_assoc = .032520
  [1259] mergesat/shift-add+g-only/gf256_mul_assoc = .034140
  [1263] mergesat/dadda+ripple/gf256_mul_assoc = .053181
  [1256] cadical/shift-add+g-only/gf256_mul_assoc = .054457
  [1260] cadical/dadda+ripple/gf256_mul_assoc = .056013
  [1269] cryptominisat/dadda+g-only/gf256_mul_assoc = .022542
  [1270] minisat/dadda+g-only/gf256_mul_assoc = .026353
  [1266] minisat/dadda+brent-kung/gf256_mul_assoc = .047030
  [1271] mergesat/dadda+g-only/gf256_mul_assoc = .053289
  [1268] cadical/dadda+g-only/gf256_mul_assoc = .055783
  [1265] cryptominisat/dadda+brent-kung/gf256_mul_assoc = .061514
  [1264] cadical/dadda+brent-kung/gf256_mul_assoc = .066808
  [1267] mergesat/dadda+brent-kung/gf256_mul_assoc = 1.159862
  [1274] minisat/comba+ripple/gf256_mul_assoc = .026497
  [1273] cryptominisat/comba+ripple/gf256_mul_assoc = .061258
  [1275] mergesat/comba+ripple/gf256_mul_assoc = .066364
  [1272] cadical/comba+ripple/gf256_mul_assoc = .084941
  [1276] cadical/comba+brent-kung/gf256_mul_assoc = T/O
  [1277] cryptominisat/comba+brent-kung/gf256_mul_assoc = T/O
  [1279] mergesat/comba+brent-kung/gf256_mul_assoc = T/O
  [1278] minisat/comba+brent-kung/gf256_mul_assoc = T/O
  [1282] minisat/comba+g-only/gf256_mul_assoc = .026940
  [1285] cryptominisat/comba-cs+ripple/gf256_mul_assoc = .032408
  [1286] minisat/comba-cs+ripple/gf256_mul_assoc = .032815
  [1287] mergesat/comba-cs+ripple/gf256_mul_assoc = .034413
  [1284] cadical/comba-cs+ripple/gf256_mul_assoc = .054787
  [1281] cryptominisat/comba+g-only/gf256_mul_assoc = .060824
  [1283] mergesat/comba+g-only/gf256_mul_assoc = .066739
  [1280] cadical/comba+g-only/gf256_mul_assoc = .084635
  [1293] cryptominisat/comba-cs+g-only/gf256_mul_assoc = .032171
  [1294] minisat/comba-cs+g-only/gf256_mul_assoc = .032672
  [1295] mergesat/comba-cs+g-only/gf256_mul_assoc = .034034
  [1290] minisat/comba-cs+brent-kung/gf256_mul_assoc = .036022
  [1292] cadical/comba-cs+g-only/gf256_mul_assoc = .053526
  [1289] cryptominisat/comba-cs+brent-kung/gf256_mul_assoc = .057676
  [1288] cadical/comba-cs+brent-kung/gf256_mul_assoc = .061665
  [1291] mergesat/comba-cs+brent-kung/gf256_mul_assoc = .595343
  [1300] cadical/shift-add+brent-kung/half_mul_comm = .009733
  [1296] cadical/shift-add+ripple/half_mul_comm = .009899
  [1298] minisat/shift-add+ripple/half_mul_comm = .018432
  [1302] minisat/shift-add+brent-kung/half_mul_comm = .018509
  [1299] mergesat/shift-add+ripple/half_mul_comm = .029186
  [1303] mergesat/shift-add+brent-kung/half_mul_comm = .028694
  [1297] cryptominisat/shift-add+ripple/half_mul_comm = .043940
  [1301] cryptominisat/shift-add+brent-kung/half_mul_comm = .043774
  [1304] cadical/shift-add+g-only/half_mul_comm = .009813
  [1308] cadical/dadda+ripple/half_mul_comm = .009863
  [1309] cryptominisat/dadda+ripple/half_mul_comm = .017303
  [1310] minisat/dadda+ripple/half_mul_comm = .018008
  [1306] minisat/shift-add+g-only/half_mul_comm = .018588
  [1307] mergesat/shift-add+g-only/half_mul_comm = .028826
  [1311] mergesat/dadda+ripple/half_mul_comm = .032303
  [1305] cryptominisat/shift-add+g-only/half_mul_comm = .043872
  [1312] cadical/dadda+brent-kung/half_mul_comm = .009935
  [1316] cadical/dadda+g-only/half_mul_comm = .009847
  [1313] cryptominisat/dadda+brent-kung/half_mul_comm = .017305
  [1317] cryptominisat/dadda+g-only/half_mul_comm = .017336
  [1314] minisat/dadda+brent-kung/half_mul_comm = .017980
  [1318] minisat/dadda+g-only/half_mul_comm = .017997
  [1315] mergesat/dadda+brent-kung/half_mul_comm = .032275
  [1319] mergesat/dadda+g-only/half_mul_comm = .031912
  [1320] cadical/comba+ripple/half_mul_comm = .011593
  [1324] cadical/comba+brent-kung/half_mul_comm = .011383
  [1321] cryptominisat/comba+ripple/half_mul_comm = .019298
  [1325] cryptominisat/comba+brent-kung/half_mul_comm = .019643
  [1322] minisat/comba+ripple/half_mul_comm = .020504
  [1326] minisat/comba+brent-kung/half_mul_comm = .020820
  [1323] mergesat/comba+ripple/half_mul_comm = .029704
  [1327] mergesat/comba+brent-kung/half_mul_comm = .029686
  [1332] cadical/comba-cs+ripple/half_mul_comm = .009910
  [1328] cadical/comba+g-only/half_mul_comm = .011448
  [1333] cryptominisat/comba-cs+ripple/half_mul_comm = .016847
  [1329] cryptominisat/comba+g-only/half_mul_comm = .019218
  [1330] minisat/comba+g-only/half_mul_comm = .020490
  [1334] minisat/comba-cs+ripple/half_mul_comm = .023562
  [1331] mergesat/comba+g-only/half_mul_comm = .029765
  [1335] mergesat/comba-cs+ripple/half_mul_comm = .034709
  [1336] cadical/comba-cs+brent-kung/half_mul_comm = .010029
  [1340] cadical/comba-cs+g-only/half_mul_comm = .009848
  [1337] cryptominisat/comba-cs+brent-kung/half_mul_comm = .016729
  [1341] cryptominisat/comba-cs+g-only/half_mul_comm = .016644
  [1338] minisat/comba-cs+brent-kung/half_mul_comm = .023475
  [1342] minisat/comba-cs+g-only/half_mul_comm = .023228
  [1339] mergesat/comba-cs+brent-kung/half_mul_comm = .034774
  [1343] mergesat/comba-cs+g-only/half_mul_comm = .034460
  [1344] cadical/shift-add+ripple/half_mul_comm_v2 = T/O
  [1346] minisat/shift-add+ripple/half_mul_comm_v2 = T/O
  [1350] minisat/shift-add+brent-kung/half_mul_comm_v2 = T/O
  [1348] cadical/shift-add+brent-kung/half_mul_comm_v2 = T/O
  [1345] cryptominisat/shift-add+ripple/half_mul_comm_v2 = T/O
  [1349] cryptominisat/shift-add+brent-kung/half_mul_comm_v2 = T/O
  [1347] mergesat/shift-add+ripple/half_mul_comm_v2 = T/O
  [1351] mergesat/shift-add+brent-kung/half_mul_comm_v2 = T/O
  [1352] cadical/shift-add+g-only/half_mul_comm_v2 = T/O
  [1354] minisat/shift-add+g-only/half_mul_comm_v2 = T/O
  [1356] cadical/dadda+ripple/half_mul_comm_v2 = T/O
  [1358] minisat/dadda+ripple/half_mul_comm_v2 = T/O
  [1353] cryptominisat/shift-add+g-only/half_mul_comm_v2 = T/O
  [1357] cryptominisat/dadda+ripple/half_mul_comm_v2 = T/O
  [1359] mergesat/dadda+ripple/half_mul_comm_v2 = T/O
  [1355] mergesat/shift-add+g-only/half_mul_comm_v2 = T/O
  [1362] minisat/dadda+brent-kung/half_mul_comm_v2 = T/O
  [1360] cadical/dadda+brent-kung/half_mul_comm_v2 = T/O
  [1364] cadical/dadda+g-only/half_mul_comm_v2 = T/O
  [1366] minisat/dadda+g-only/half_mul_comm_v2 = T/O
  [1361] cryptominisat/dadda+brent-kung/half_mul_comm_v2 = T/O
  [1365] cryptominisat/dadda+g-only/half_mul_comm_v2 = T/O
  [1367] mergesat/dadda+g-only/half_mul_comm_v2 = T/O
  [1363] mergesat/dadda+brent-kung/half_mul_comm_v2 = T/O
  [1372] cadical/comba+brent-kung/half_mul_comm_v2 = T/O
  [1368] cadical/comba+ripple/half_mul_comm_v2 = T/O
  [1370] minisat/comba+ripple/half_mul_comm_v2 = T/O
  [1374] minisat/comba+brent-kung/half_mul_comm_v2 = T/O
  [1369] cryptominisat/comba+ripple/half_mul_comm_v2 = T/O
  [1373] cryptominisat/comba+brent-kung/half_mul_comm_v2 = T/O
  [1371] mergesat/comba+ripple/half_mul_comm_v2 = T/O
  [1375] mergesat/comba+brent-kung/half_mul_comm_v2 = T/O
  [1376] cadical/comba+g-only/half_mul_comm_v2 = T/O
  [1380] cadical/comba-cs+ripple/half_mul_comm_v2 = T/O
  [1382] minisat/comba-cs+ripple/half_mul_comm_v2 = T/O
  [1378] minisat/comba+g-only/half_mul_comm_v2 = T/O
  [1377] cryptominisat/comba+g-only/half_mul_comm_v2 = T/O
  [1381] cryptominisat/comba-cs+ripple/half_mul_comm_v2 = T/O
  [1379] mergesat/comba+g-only/half_mul_comm_v2 = T/O
  [1383] mergesat/comba-cs+ripple/half_mul_comm_v2 = T/O
  [1384] cadical/comba-cs+brent-kung/half_mul_comm_v2 = T/O
  [1386] minisat/comba-cs+brent-kung/half_mul_comm_v2 = T/O
  [1388] cadical/comba-cs+g-only/half_mul_comm_v2 = T/O
  [1390] minisat/comba-cs+g-only/half_mul_comm_v2 = T/O
  [1385] cryptominisat/comba-cs+brent-kung/half_mul_comm_v2 = T/O
  [1389] cryptominisat/comba-cs+g-only/half_mul_comm_v2 = T/O
  [1387] mergesat/comba-cs+brent-kung/half_mul_comm_v2 = T/O
  [1391] mergesat/comba-cs+g-only/half_mul_comm_v2 = T/O
  [1392] cadical/shift-add+ripple/hw_mul_equiv_12 = 18.443523
  [1396] cadical/shift-add+brent-kung/hw_mul_equiv_12 = 21.191273
  [1395] mergesat/shift-add+ripple/hw_mul_equiv_12 = 34.677712
  [1399] mergesat/shift-add+brent-kung/hw_mul_equiv_12 = 64.152071
  [1393] cryptominisat/shift-add+ripple/hw_mul_equiv_12 = 77.315856
  [1397] cryptominisat/shift-add+brent-kung/hw_mul_equiv_12 = 116.138322
  [1394] minisat/shift-add+ripple/hw_mul_equiv_12 = 119.425909
  [1398] minisat/shift-add+brent-kung/hw_mul_equiv_12 = T/O
  [1400] cadical/shift-add+g-only/hw_mul_equiv_12 = 18.363486
  [1403] mergesat/shift-add+g-only/hw_mul_equiv_12 = 34.883860
  [1401] cryptominisat/shift-add+g-only/hw_mul_equiv_12 = 78.519831
  [1402] minisat/shift-add+g-only/hw_mul_equiv_12 = T/O
  [1406] minisat/dadda+ripple/hw_mul_equiv_12 = T/O
  [1404] cadical/dadda+ripple/hw_mul_equiv_12 = T/O
  [1405] cryptominisat/dadda+ripple/hw_mul_equiv_12 = T/O
  [1407] mergesat/dadda+ripple/hw_mul_equiv_12 = T/O
  [1408] cadical/dadda+brent-kung/hw_mul_equiv_12 = T/O
  [1410] minisat/dadda+brent-kung/hw_mul_equiv_12 = T/O
  [1412] cadical/dadda+g-only/hw_mul_equiv_12 = T/O
  [1414] minisat/dadda+g-only/hw_mul_equiv_12 = T/O
  [1409] cryptominisat/dadda+brent-kung/hw_mul_equiv_12 = T/O
  [1413] cryptominisat/dadda+g-only/hw_mul_equiv_12 = T/O
  [1411] mergesat/dadda+brent-kung/hw_mul_equiv_12 = T/O
  [1415] mergesat/dadda+g-only/hw_mul_equiv_12 = T/O
  [1421] cryptominisat/comba+brent-kung/hw_mul_equiv_12 = T/O
  [1422] minisat/comba+brent-kung/hw_mul_equiv_12 = T/O
  [1420] cadical/comba+brent-kung/hw_mul_equiv_12 = T/O
  [1423] mergesat/comba+brent-kung/hw_mul_equiv_12 = T/O
  [1418] minisat/comba+ripple/hw_mul_equiv_12 = T/O
  [1416] cadical/comba+ripple/hw_mul_equiv_12 = T/O
  [1417] cryptominisat/comba+ripple/hw_mul_equiv_12 = T/O
  [1419] mergesat/comba+ripple/hw_mul_equiv_12 = T/O
  [1426] minisat/comba+g-only/hw_mul_equiv_12 = T/O
  [1430] minisat/comba-cs+ripple/hw_mul_equiv_12 = T/O
  [1424] cadical/comba+g-only/hw_mul_equiv_12 = T/O
  [1428] cadical/comba-cs+ripple/hw_mul_equiv_12 = T/O
  [1425] cryptominisat/comba+g-only/hw_mul_equiv_12 = T/O
  [1429] cryptominisat/comba-cs+ripple/hw_mul_equiv_12 = T/O
  [1427] mergesat/comba+g-only/hw_mul_equiv_12 = T/O
  [1431] mergesat/comba-cs+ripple/hw_mul_equiv_12 = T/O
  [1434] minisat/comba-cs+brent-kung/hw_mul_equiv_12 = T/O
  [1432] cadical/comba-cs+brent-kung/hw_mul_equiv_12 = T/O
  [1438] minisat/comba-cs+g-only/hw_mul_equiv_12 = T/O
  [1436] cadical/comba-cs+g-only/hw_mul_equiv_12 = T/O
  [1433] cryptominisat/comba-cs+brent-kung/hw_mul_equiv_12 = T/O
  [1437] cryptominisat/comba-cs+g-only/hw_mul_equiv_12 = T/O
  [1435] mergesat/comba-cs+brent-kung/hw_mul_equiv_12 = T/O
  [1439] mergesat/comba-cs+g-only/hw_mul_equiv_12 = T/O
  [1442] minisat/shift-add+ripple/mixed_arith_8 = .010450
  [1440] cadical/shift-add+ripple/mixed_arith_8 = .011051
  [1446] minisat/shift-add+brent-kung/mixed_arith_8 = .010782
  [1444] cadical/shift-add+brent-kung/mixed_arith_8 = .011139
  [1441] cryptominisat/shift-add+ripple/mixed_arith_8 = T/O
  [1445] cryptominisat/shift-add+brent-kung/mixed_arith_8 = T/O
  [1443] mergesat/shift-add+ripple/mixed_arith_8 = T/O
  [1447] mergesat/shift-add+brent-kung/mixed_arith_8 = T/O
  [1450] minisat/shift-add+g-only/mixed_arith_8 = .010594
  [1448] cadical/shift-add+g-only/mixed_arith_8 = .010965
  [1452] cadical/dadda+ripple/mixed_arith_8 = .010966
  [1454] minisat/dadda+ripple/mixed_arith_8 = .010655
  [1449] cryptominisat/shift-add+g-only/mixed_arith_8 = T/O
  [1453] cryptominisat/dadda+ripple/mixed_arith_8 = T/O
  [1455] mergesat/dadda+ripple/mixed_arith_8 = T/O
  [1451] mergesat/shift-add+g-only/mixed_arith_8 = T/O
  [1458] minisat/dadda+brent-kung/mixed_arith_8 = .010752
  [1462] minisat/dadda+g-only/mixed_arith_8 = .010635
  [1456] cadical/dadda+brent-kung/mixed_arith_8 = .011411
  [1460] cadical/dadda+g-only/mixed_arith_8 = .011045
  [1457] cryptominisat/dadda+brent-kung/mixed_arith_8 = T/O
  [1461] cryptominisat/dadda+g-only/mixed_arith_8 = T/O
  [1463] mergesat/dadda+g-only/mixed_arith_8 = T/O
  [1459] mergesat/dadda+brent-kung/mixed_arith_8 = T/O
  [1466] minisat/comba+ripple/mixed_arith_8 = .011737
  [1464] cadical/comba+ripple/mixed_arith_8 = .012239
  [1470] minisat/comba+brent-kung/mixed_arith_8 = T/O
  [1468] cadical/comba+brent-kung/mixed_arith_8 = T/O
  [1471] mergesat/comba+brent-kung/mixed_arith_8 = T/O
  [1469] cryptominisat/comba+brent-kung/mixed_arith_8 = T/O
  [1465] cryptominisat/comba+ripple/mixed_arith_8 = T/O
  [1467] mergesat/comba+ripple/mixed_arith_8 = T/O
  [1478] minisat/comba-cs+ripple/mixed_arith_8 = .010658
  [1476] cadical/comba-cs+ripple/mixed_arith_8 = .010929
  [1474] minisat/comba+g-only/mixed_arith_8 = .011522
  [1472] cadical/comba+g-only/mixed_arith_8 = .012049
  [1473] cryptominisat/comba+g-only/mixed_arith_8 = T/O
  [1477] cryptominisat/comba-cs+ripple/mixed_arith_8 = T/O
  [1475] mergesat/comba+g-only/mixed_arith_8 = T/O
  [1479] mergesat/comba-cs+ripple/mixed_arith_8 = T/O
  [1482] minisat/comba-cs+brent-kung/mixed_arith_8 = .010704
  [1480] cadical/comba-cs+brent-kung/mixed_arith_8 = .011105
  [1486] minisat/comba-cs+g-only/mixed_arith_8 = .010522
  [1484] cadical/comba-cs+g-only/mixed_arith_8 = .010936
  [1481] cryptominisat/comba-cs+brent-kung/mixed_arith_8 = T/O
  [1485] cryptominisat/comba-cs+g-only/mixed_arith_8 = T/O
  [1483] mergesat/comba-cs+brent-kung/mixed_arith_8 = T/O
  [1487] mergesat/comba-cs+g-only/mixed_arith_8 = T/O
  [1491] mergesat/shift-add+ripple/mul_ineq_12 = .845505
  [1495] mergesat/shift-add+brent-kung/mul_ineq_12 = .846164
  [1494] minisat/shift-add+brent-kung/mul_ineq_12 = T/O
  [1488] cadical/shift-add+ripple/mul_ineq_12 = T/O
  [1489] cryptominisat/shift-add+ripple/mul_ineq_12 = T/O
  [1490] minisat/shift-add+ripple/mul_ineq_12 = T/O
  [1493] cryptominisat/shift-add+brent-kung/mul_ineq_12 = T/O
  [1492] cadical/shift-add+brent-kung/mul_ineq_12 = T/O
  [1499] mergesat/shift-add+g-only/mul_ineq_12 = .845648
  [1503] mergesat/dadda+ripple/mul_ineq_12 = .851158
  [1498] minisat/shift-add+g-only/mul_ineq_12 = T/O
  [1501] cryptominisat/dadda+ripple/mul_ineq_12 = T/O
  [1496] cadical/shift-add+g-only/mul_ineq_12 = T/O
  [1497] cryptominisat/shift-add+g-only/mul_ineq_12 = T/O
  [1500] cadical/dadda+ripple/mul_ineq_12 = T/O
  [1502] minisat/dadda+ripple/mul_ineq_12 = T/O
  [1511] mergesat/dadda+g-only/mul_ineq_12 = .850820
  [1507] mergesat/dadda+brent-kung/mul_ineq_12 = .955778
  [1509] cryptominisat/dadda+g-only/mul_ineq_12 = T/O
  [1508] cadical/dadda+g-only/mul_ineq_12 = T/O
  [1504] cadical/dadda+brent-kung/mul_ineq_12 = T/O
  [1510] minisat/dadda+g-only/mul_ineq_12 = T/O
  [1506] minisat/dadda+brent-kung/mul_ineq_12 = T/O
  [1505] cryptominisat/dadda+brent-kung/mul_ineq_12 = T/O
  [1515] mergesat/comba+ripple/mul_ineq_12 = .958643
  [1516] cadical/comba+brent-kung/mul_ineq_12 = T/O
  [1517] cryptominisat/comba+brent-kung/mul_ineq_12 = T/O
  [1519] mergesat/comba+brent-kung/mul_ineq_12 = T/O
  [1518] minisat/comba+brent-kung/mul_ineq_12 = T/O
  [1512] cadical/comba+ripple/mul_ineq_12 = T/O
  [1514] minisat/comba+ripple/mul_ineq_12 = T/O
  [1513] cryptominisat/comba+ripple/mul_ineq_12 = T/O
  [1527] mergesat/comba-cs+ripple/mul_ineq_12 = .845493
  [1523] mergesat/comba+g-only/mul_ineq_12 = .971808
  [1525] cryptominisat/comba-cs+ripple/mul_ineq_12 = T/O
  [1526] minisat/comba-cs+ripple/mul_ineq_12 = T/O
  [1524] cadical/comba-cs+ripple/mul_ineq_12 = T/O
  [1522] minisat/comba+g-only/mul_ineq_12 = T/O
  [1520] cadical/comba+g-only/mul_ineq_12 = T/O
  [1521] cryptominisat/comba+g-only/mul_ineq_12 = T/O
  [1531] mergesat/comba-cs+brent-kung/mul_ineq_12 = .847841
  [1535] mergesat/comba-cs+g-only/mul_ineq_12 = .848131
  [1534] minisat/comba-cs+g-only/mul_ineq_12 = T/O
  [1530] minisat/comba-cs+brent-kung/mul_ineq_12 = T/O
  [1528] cadical/comba-cs+brent-kung/mul_ineq_12 = T/O
  [1529] cryptominisat/comba-cs+brent-kung/mul_ineq_12 = T/O
  [1533] cryptominisat/comba-cs+g-only/mul_ineq_12 = T/O
  [1532] cadical/comba-cs+g-only/mul_ineq_12 = T/O
  [1536] cadical/shift-add+ripple/mul_no_overflow_16 = .010921
  [1540] cadical/shift-add+brent-kung/mul_no_overflow_16 = .012230
  [1538] minisat/shift-add+ripple/mul_no_overflow_16 = .016090
  [1542] minisat/shift-add+brent-kung/mul_no_overflow_16 = .017664
  [1537] cryptominisat/shift-add+ripple/mul_no_overflow_16 = .018781
  [1541] cryptominisat/shift-add+brent-kung/mul_no_overflow_16 = .019831
  [1543] mergesat/shift-add+brent-kung/mul_no_overflow_16 = .020244
  [1539] mergesat/shift-add+ripple/mul_no_overflow_16 = .021222
  [1544] cadical/shift-add+g-only/mul_no_overflow_16 = .010131
  [1548] cadical/dadda+ripple/mul_no_overflow_16 = .010199
  [1546] minisat/shift-add+g-only/mul_no_overflow_16 = .015571
  [1550] minisat/dadda+ripple/mul_no_overflow_16 = .015757
  [1545] cryptominisat/shift-add+g-only/mul_no_overflow_16 = .018041
  [1547] mergesat/shift-add+g-only/mul_no_overflow_16 = .020909
  [1551] mergesat/dadda+ripple/mul_no_overflow_16 = .020549
  [1549] cryptominisat/dadda+ripple/mul_no_overflow_16 = .027077
  [1556] cadical/dadda+g-only/mul_no_overflow_16 = .010142
  [1552] cadical/dadda+brent-kung/mul_no_overflow_16 = .011527
  [1558] minisat/dadda+g-only/mul_no_overflow_16 = .015837
  [1554] minisat/dadda+brent-kung/mul_no_overflow_16 = .017409
  [1555] mergesat/dadda+brent-kung/mul_no_overflow_16 = .019898
  [1559] mergesat/dadda+g-only/mul_no_overflow_16 = .020463
  [1553] cryptominisat/dadda+brent-kung/mul_no_overflow_16 = .023375
  [1557] cryptominisat/dadda+g-only/mul_no_overflow_16 = .027090
  [1560] cadical/comba+ripple/mul_no_overflow_16 = .011558
  [1562] minisat/comba+ripple/mul_no_overflow_16 = .017230
  [1563] mergesat/comba+ripple/mul_no_overflow_16 = .023963
  [1561] cryptominisat/comba+ripple/mul_no_overflow_16 = .027260
  [1565] cryptominisat/comba+brent-kung/mul_no_overflow_16 = T/O
  [1567] mergesat/comba+brent-kung/mul_no_overflow_16 = T/O
  [1564] cadical/comba+brent-kung/mul_no_overflow_16 = T/O
  [1566] minisat/comba+brent-kung/mul_no_overflow_16 = T/O
  [1568] cadical/comba+g-only/mul_no_overflow_16 = .011628
  [1572] cadical/comba-cs+ripple/mul_no_overflow_16 = .011403
  [1574] minisat/comba-cs+ripple/mul_no_overflow_16 = .017049
  [1570] minisat/comba+g-only/mul_no_overflow_16 = .017499
  [1575] mergesat/comba-cs+ripple/mul_no_overflow_16 = .022813
  [1571] mergesat/comba+g-only/mul_no_overflow_16 = .024455
  [1569] cryptominisat/comba+g-only/mul_no_overflow_16 = .027168
  [1573] cryptominisat/comba-cs+ripple/mul_no_overflow_16 = .032497
  [1580] cadical/comba-cs+g-only/mul_no_overflow_16 = .011257
  [1576] cadical/comba-cs+brent-kung/mul_no_overflow_16 = .012321
  [1582] minisat/comba-cs+g-only/mul_no_overflow_16 = .016999
  [1578] minisat/comba-cs+brent-kung/mul_no_overflow_16 = .018659
  [1583] mergesat/comba-cs+g-only/mul_no_overflow_16 = .022847
  [1579] mergesat/comba-cs+brent-kung/mul_no_overflow_16 = .023413
  [1577] cryptominisat/comba-cs+brent-kung/mul_no_overflow_16 = .030935
  [1581] cryptominisat/comba-cs+g-only/mul_no_overflow_16 = .032459
  [1586] minisat/shift-add+ripple/overflow_detect_16 = .008215
  [1590] minisat/shift-add+brent-kung/overflow_detect_16 = .008085
  [1588] cadical/shift-add+brent-kung/overflow_detect_16 = .008693
  [1584] cadical/shift-add+ripple/overflow_detect_16 = .008793
  [1587] mergesat/shift-add+ripple/overflow_detect_16 = 84.731624
  [1591] mergesat/shift-add+brent-kung/overflow_detect_16 = 85.356023
  [1585] cryptominisat/shift-add+ripple/overflow_detect_16 = T/O
  [1589] cryptominisat/shift-add+brent-kung/overflow_detect_16 = T/O
  [1594] minisat/shift-add+g-only/overflow_detect_16 = .007926
  [1592] cadical/shift-add+g-only/overflow_detect_16 = .008516
  [1598] minisat/dadda+ripple/overflow_detect_16 = .007909
  [1596] cadical/dadda+ripple/overflow_detect_16 = .008539
  [1599] mergesat/dadda+ripple/overflow_detect_16 = 2.985828
  [1597] cryptominisat/dadda+ripple/overflow_detect_16 = 6.522870
  [1595] mergesat/shift-add+g-only/overflow_detect_16 = 82.036236
  [1593] cryptominisat/shift-add+g-only/overflow_detect_16 = T/O
  [1602] minisat/dadda+brent-kung/overflow_detect_16 = .008348
  [1606] minisat/dadda+g-only/overflow_detect_16 = .008027
  [1600] cadical/dadda+brent-kung/overflow_detect_16 = .008829
  [1604] cadical/dadda+g-only/overflow_detect_16 = .008594
  [1603] mergesat/dadda+brent-kung/overflow_detect_16 = 1.836025
  [1607] mergesat/dadda+g-only/overflow_detect_16 = 2.968551
  [1605] cryptominisat/dadda+g-only/overflow_detect_16 = 6.482889
  [1601] cryptominisat/dadda+brent-kung/overflow_detect_16 = 7.676390
  [1610] minisat/comba+ripple/overflow_detect_16 = .010902
  [1608] cadical/comba+ripple/overflow_detect_16 = .011833
  [1614] minisat/comba+brent-kung/overflow_detect_16 = T/O
  [1612] cadical/comba+brent-kung/overflow_detect_16 = T/O
  [1615] mergesat/comba+brent-kung/overflow_detect_16 = T/O
  [1613] cryptominisat/comba+brent-kung/overflow_detect_16 = T/O
  [1611] mergesat/comba+ripple/overflow_detect_16 = 27.318642
  [1609] cryptominisat/comba+ripple/overflow_detect_16 = T/O
  [1622] minisat/comba-cs+ripple/overflow_detect_16 = .007935
  [1620] cadical/comba-cs+ripple/overflow_detect_16 = .008587
  [1618] minisat/comba+g-only/overflow_detect_16 = .010496
  [1616] cadical/comba+g-only/overflow_detect_16 = .011687
  [1619] mergesat/comba+g-only/overflow_detect_16 = 27.865745
  [1623] mergesat/comba-cs+ripple/overflow_detect_16 = 83.341936
  [1621] cryptominisat/comba-cs+ripple/overflow_detect_16 = T/O
  [1617] cryptominisat/comba+g-only/overflow_detect_16 = T/O
  [1626] minisat/comba-cs+brent-kung/overflow_detect_16 = .007891
  [1630] minisat/comba-cs+g-only/overflow_detect_16 = .007861
  [1624] cadical/comba-cs+brent-kung/overflow_detect_16 = .008601
  [1628] cadical/comba-cs+g-only/overflow_detect_16 = .008590
  [1631] mergesat/comba-cs+g-only/overflow_detect_16 = 84.575964
  [1627] mergesat/comba-cs+brent-kung/overflow_detect_16 = 85.178371
  [1625] cryptominisat/comba-cs+brent-kung/overflow_detect_16 = T/O
  [1629] cryptominisat/comba-cs+g-only/overflow_detect_16 = T/O
  [1632] cadical/shift-add+ripple/strength_chain_16 = 1.080662
  [1634] minisat/shift-add+ripple/strength_chain_16 = 1.317504
  [1636] cadical/shift-add+brent-kung/strength_chain_16 = 1.429033
  [1638] minisat/shift-add+brent-kung/strength_chain_16 = 1.602700
  [1635] mergesat/shift-add+ripple/strength_chain_16 = 2.086219
  [1633] cryptominisat/shift-add+ripple/strength_chain_16 = 2.321516
  [1637] cryptominisat/shift-add+brent-kung/strength_chain_16 = 3.358320
  [1639] mergesat/shift-add+brent-kung/strength_chain_16 = 3.378741
  [1644] cadical/dadda+ripple/strength_chain_16 = .738130
  [1640] cadical/shift-add+g-only/strength_chain_16 = 1.080395
  [1642] minisat/shift-add+g-only/strength_chain_16 = 1.312048
  [1646] minisat/dadda+ripple/strength_chain_16 = 1.480018
  [1645] cryptominisat/dadda+ripple/strength_chain_16 = 1.888940
  [1647] mergesat/dadda+ripple/strength_chain_16 = 2.058615
  [1643] mergesat/shift-add+g-only/strength_chain_16 = 2.074398
  [1641] cryptominisat/shift-add+g-only/strength_chain_16 = 2.318390
  [1652] cadical/dadda+g-only/strength_chain_16 = .737506
  [1648] cadical/dadda+brent-kung/strength_chain_16 = .880294
  [1654] minisat/dadda+g-only/strength_chain_16 = 1.480157
  [1653] cryptominisat/dadda+g-only/strength_chain_16 = 1.885463
  [1650] minisat/dadda+brent-kung/strength_chain_16 = 2.029054
  [1655] mergesat/dadda+g-only/strength_chain_16 = 2.056637
  [1649] cryptominisat/dadda+brent-kung/strength_chain_16 = 3.111194
  [1651] mergesat/dadda+brent-kung/strength_chain_16 = 5.857944
  [1656] cadical/comba+ripple/strength_chain_16 = 1.509434
  [1658] minisat/comba+ripple/strength_chain_16 = 2.577201
  [1660] cadical/comba+brent-kung/strength_chain_16 = T/O
  [1661] cryptominisat/comba+brent-kung/strength_chain_16 = T/O
  [1662] minisat/comba+brent-kung/strength_chain_16 = T/O
  [1663] mergesat/comba+brent-kung/strength_chain_16 = T/O
  [1657] cryptominisat/comba+ripple/strength_chain_16 = 5.549703
  [1659] mergesat/comba+ripple/strength_chain_16 = 6.624414
  [1668] cadical/comba-cs+ripple/strength_chain_16 = 1.502928
  [1664] cadical/comba+g-only/strength_chain_16 = 1.507897
  [1669] cryptominisat/comba-cs+ripple/strength_chain_16 = 1.766016
  [1666] minisat/comba+g-only/strength_chain_16 = 2.580264
  [1670] minisat/comba-cs+ripple/strength_chain_16 = 3.130528
  [1671] mergesat/comba-cs+ripple/strength_chain_16 = 3.908297
  [1665] cryptominisat/comba+g-only/strength_chain_16 = 5.525651
  [1667] mergesat/comba+g-only/strength_chain_16 = 6.613243
  [1674] minisat/comba-cs+brent-kung/strength_chain_16 = 1.287327
  [1672] cadical/comba-cs+brent-kung/strength_chain_16 = 1.308746
  [1676] cadical/comba-cs+g-only/strength_chain_16 = 1.502074
  [1677] cryptominisat/comba-cs+g-only/strength_chain_16 = 1.770584
  [1673] cryptominisat/comba-cs+brent-kung/strength_chain_16 = 2.678627
  [1675] mergesat/comba-cs+brent-kung/strength_chain_16 = 3.101267
  [1678] minisat/comba-cs+g-only/strength_chain_16 = 3.132506
  [1679] mergesat/comba-cs+g-only/strength_chain_16 = 3.906175
  [1682] minisat/shift-add+ripple/strength_red_16 = .013099
  [1681] cryptominisat/shift-add+ripple/strength_red_16 = .019327
  [1680] cadical/shift-add+ripple/strength_red_16 = .021985
  [1685] cryptominisat/shift-add+brent-kung/strength_red_16 = .024812
  [1686] minisat/shift-add+brent-kung/strength_red_16 = .028197
  [1684] cadical/shift-add+brent-kung/strength_red_16 = .035096
  [1687] mergesat/shift-add+brent-kung/strength_red_16 = .049656
  [1683] mergesat/shift-add+ripple/strength_red_16 = .068445
  [1694] minisat/dadda+ripple/strength_red_16 = .011095
  [1690] minisat/shift-add+g-only/strength_red_16 = .013142
  [1692] cadical/dadda+ripple/strength_red_16 = .019102
  [1689] cryptominisat/shift-add+g-only/strength_red_16 = .019367
  [1693] cryptominisat/dadda+ripple/strength_red_16 = .019789
  [1688] cadical/shift-add+g-only/strength_red_16 = .021855
  [1695] mergesat/dadda+ripple/strength_red_16 = .053197
  [1691] mergesat/shift-add+g-only/strength_red_16 = .068230
  [1702] minisat/dadda+g-only/strength_red_16 = .010974
  [1700] cadical/dadda+g-only/strength_red_16 = .019010
  [1701] cryptominisat/dadda+g-only/strength_red_16 = .019713
  [1697] cryptominisat/dadda+brent-kung/strength_red_16 = .028407
  [1696] cadical/dadda+brent-kung/strength_red_16 = .032734
  [1698] minisat/dadda+brent-kung/strength_red_16 = .035088
  [1703] mergesat/dadda+g-only/strength_red_16 = .053273
  [1699] mergesat/dadda+brent-kung/strength_red_16 = .093605
  [1706] minisat/comba+ripple/strength_red_16 = .034811
  [1705] cryptominisat/comba+ripple/strength_red_16 = .038382
  [1704] cadical/comba+ripple/strength_red_16 = .045308
  [1707] mergesat/comba+ripple/strength_red_16 = .078832
  [1708] cadical/comba+brent-kung/strength_red_16 = T/O
  [1711] mergesat/comba+brent-kung/strength_red_16 = T/O
  [1710] minisat/comba+brent-kung/strength_red_16 = T/O
  [1709] cryptominisat/comba+brent-kung/strength_red_16 = T/O
  [1718] minisat/comba-cs+ripple/strength_red_16 = .012303
  [1717] cryptominisat/comba-cs+ripple/strength_red_16 = .015750
  [1716] cadical/comba-cs+ripple/strength_red_16 = .016933
  [1714] minisat/comba+g-only/strength_red_16 = .034670
  [1713] cryptominisat/comba+g-only/strength_red_16 = .038284
  [1712] cadical/comba+g-only/strength_red_16 = .045227
  [1715] mergesat/comba+g-only/strength_red_16 = .078806
  [1719] mergesat/comba-cs+ripple/strength_red_16 = .105147
  [1726] minisat/comba-cs+g-only/strength_red_16 = .012047
  [1725] cryptominisat/comba-cs+g-only/strength_red_16 = .015567
  [1724] cadical/comba-cs+g-only/strength_red_16 = .016520
  [1722] minisat/comba-cs+brent-kung/strength_red_16 = .019450
  [1721] cryptominisat/comba-cs+brent-kung/strength_red_16 = .020056
  [1720] cadical/comba-cs+brent-kung/strength_red_16 = .027710
  [1723] mergesat/comba-cs+brent-kung/strength_red_16 = .077996
  [1727] mergesat/comba-cs+g-only/strength_red_16 = .104686
All 1728 jobs complete.
